Product: MDK-ARM Standard 5.10
Component: ARM Compiler 5.04 update 1 (build 49)
Tool: armlink [5040049]

==============================================================================

Section Cross References

    arduino.o(.text) refers to gpio.o(.text) for GPIO_begin
    arduino.o(.text) refers to pwm.o(.text) for PWM_Init
    arduino.o(.text) refers to adc.o(.text) for Get_ADC
    arduino.o(.text) refers to delay.o(.text) for millis
    arduino.o(.text) refers to dadd.o(.text) for __aeabi_dsub
    arduino.o(.text) refers to dmul.o(.text) for __aeabi_dmul
    arduino.o(.text) refers to ddiv.o(.text) for __aeabi_ddiv
    arduino.o(.text) refers to gpio.o(.constdata) for PIN_MAP
    dtostrf.o(.text) refers to printfa.o(i.__0sprintf) for __2sprintf
    print.o(.text) refers to uldiv.o(.text) for __aeabi_uldivmod
    print.o(.text) refers to cdrcmple.o(.text) for __aeabi_cdrcmple
    print.o(.text) refers to cdcmple.o(.text) for __aeabi_cdcmple
    print.o(.text) refers to ddiv.o(.text) for __aeabi_ddiv
    print.o(.text) refers to dadd.o(.text) for __aeabi_dadd
    print.o(.text) refers to dfixl.o(.text) for __aeabi_d2lz
    print.o(.text) refers to dfltl.o(.text) for __aeabi_l2d
    print.o(.text) refers to dmul.o(.text) for __aeabi_dmul
    print.o(.text) refers to dfixi.o(.text) for __aeabi_d2iz
    print.o(.text) refers to dflti.o(.text) for __aeabi_i2d
    print.o(.text) refers to printfa.o(i.__0vsprintf) for __c89vsprintf
    print.o(.ARM.exidx) refers to print.o(.text) for .text
    hardwareserial.o(.text) refers to usart.o(.text) for usart_init
    hardwareserial.o(.text) refers to stm32f10x_usart.o(.text) for USART_Cmd
    hardwareserial.o(.text) refers to print.o(.constdata__ZTV5Print) for vtable for Print
    hardwareserial.o(.text) refers to hardwareserial.o(.constdata__ZTV6Stream) for vtable for Stream
    hardwareserial.o(.text) refers to hardwareserial.o(.constdata__ZTV14HardwareSerial) for vtable for HardwareSerial
    hardwareserial.o(.text) refers to usart.o(.data) for _rx_buffer_head
    hardwareserial.o(.text) refers to usart.o(.bss) for _rx_buffer
    hardwareserial.o(.text) refers to hardwareserial.o(.bss) for Serial
    hardwareserial.o(.ARM.exidx) refers to hardwareserial.o(.text) for .text
    hardwareserial.o(.init_array) refers to hardwareserial.o(.text) for __sti___18_HardwareSerial_cpp_cfa1b6a6
    hardwareserial.o(.init_array) refers to cpp_init.o(.text) for __cpp_initialize__aeabi_
    stream.o(.text) refers to delay.o(.text) for millis
    stream.o(.text) refers to strlen.o(.text) for strlen
    stream.o(.text) refers to f2d.o(.text) for __aeabi_f2d
    stream.o(.text) refers to dmul.o(.text) for __aeabi_dmul
    stream.o(.text) refers to d2f.o(.text) for __aeabi_d2f
    stream.o(.text) refers to fflti.o(.text) for __aeabi_i2f
    stream.o(.text) refers to fmul.o(.text) for __aeabi_fmul
    stream.o(.text) refers to wstring.o(.text) for String::String(const char*)
    stream.o(.text) refers to stream.o(i._ZN6StringpLEc) for String::operator +=(char)
    stream.o(.ARM.exidx) refers to stream.o(.text) for .text
    wstring.o(.text) refers to mallocr.o(i.__free$realloc) for free
    wstring.o(.text) refers to mallocr.o(i.realloc) for realloc
    wstring.o(.text) refers to strcpy.o(.text) for strcpy
    wstring.o(.text) refers to strlen.o(.text) for strlen
    wstring.o(.text) refers to itoa.o(.text) for itoa
    wstring.o(.text) refers to f2d.o(.text) for __aeabi_f2d
    wstring.o(.text) refers to dtostrf.o(.text) for dtostrf
    wstring.o(.text) refers to wstring.o(i._ZN6String4initEv) for String::init()
    wstring.o(.text) refers to strcmp.o(.text) for strcmp
    wstring.o(.text) refers to tolower.o(.text) for tolower
    wstring.o(.text) refers to strncmp.o(.text) for strncmp
    wstring.o(.text) refers to strncpy.o(.text) for strncpy
    wstring.o(.text) refers to strchr.o(.text) for strchr
    wstring.o(.text) refers to wstring.o(i._ZSt6strstrPcPKc) for std::strstr(char*, const char*)
    wstring.o(.text) refers to strrchr.o(.text) for strrchr
    wstring.o(.text) refers to memmovea.o(.text) for __aeabi_memcpy
    wstring.o(.text) refers to wstring.o(.data) for dummy_writable_char
    wstring.o(.text) refers to toupper.o(.text) for toupper
    wstring.o(.text) refers to wstring.o(i.isspace) for isspace
    wstring.o(.text) refers to atol.o(.text) for atol
    wstring.o(.text) refers to atof.o(i.atof) for atof
    wstring.o(.text) refers to d2f.o(.text) for __aeabi_d2f
    wstring.o(.ARM.exidx) refers to wstring.o(.text) for .text
    wire.o(.text) refers to delay.o(.text) for delay_us
    wire.o(.text) refers to arduino.o(.text) for digitalWrite
    wire.o(.text) refers to aeabi_atexit.o(i.__aeabi_atexit) for __aeabi_atexit
    wire.o(.text) refers to wirebase.o(.constdata__ZTV8WireBase) for vtable for WireBase
    wire.o(.text) refers to wire.o(.constdata__ZTV7TwoWire) for vtable for TwoWire
    wire.o(.text) refers to wire.o(.bss) for Wire
[...]
    ../clib/microlib/string/memcpy.c         0x00000000   Number         0  memcpya.o ABSOLUTE
    ../clib/microlib/string/memcpy.c         0x00000000   Number         0  memmoveb.o ABSOLUTE
    ../clib/microlib/string/memcpy.c         0x00000000   Number         0  memcpyb.o ABSOLUTE
    ../clib/microlib/string/strchr.c         0x00000000   Number         0  strchr.o ABSOLUTE
    ../clib/microlib/string/strcmp.c         0x00000000   Number         0  strcmp.o ABSOLUTE
    ../clib/microlib/string/strcpy.c         0x00000000   Number         0  strcpy.o ABSOLUTE
    ../clib/microlib/string/strlen.c         0x00000000   Number         0  strlen.o ABSOLUTE
    ../clib/microlib/string/strncmp.c        0x00000000   Number         0  strncmp.o ABSOLUTE
    ../clib/microlib/string/strncpy.c        0x00000000   Number         0  strncpy.o ABSOLUTE
    ../clib/microlib/string/strrchr.c        0x00000000   Number         0  strrchr.o ABSOLUTE
    ../clib/microlib/string/strstr.c         0x00000000   Number         0  strstr.o ABSOLUTE
    ../clib/microlib/stubs.s                 0x00000000   Number         0  iusefp.o ABSOLUTE
    ../clib/microlib/stubs.s                 0x00000000   Number         0  iusesemip.o ABSOLUTE
    ../clib/scanf.c                          0x00000000   Number         0  scanf_fp.o ABSOLUTE
    ../clib/scanf.c                          0x00000000   Number         0  strtod.o ABSOLUTE
    ../clib/scanf.c                          0x00000000   Number         0  strtol.o ABSOLUTE
    ../clib/scanf.c                          0x00000000   Number         0  _strtoul.o ABSOLUTE
    ../clib/scanf.c                          0x00000000   Number         0  _chval.o ABSOLUTE
    ../clib/scanf.c                          0x00000000   Number         0  atol.o ABSOLUTE
    ../clib/scanf.c                          0x00000000   Number         0  _sgetc.o ABSOLUTE
    ../fplib/microlib/d2f.c                  0x00000000   Number         0  d2f.o ABSOLUTE
    ../fplib/microlib/f2d.c                  0x00000000   Number         0  f2d.o ABSOLUTE
    ../fplib/microlib/fpadd.c                0x00000000   Number         0  dadd.o ABSOLUTE
    ../fplib/microlib/fpdiv.c                0x00000000   Number         0  ddiv.o ABSOLUTE
    ../fplib/microlib/fpepilogue.c           0x00000000   Number         0  fepilogue.o ABSOLUTE
    ../fplib/microlib/fpepilogue.c           0x00000000   Number         0  depilogue.o ABSOLUTE
    ../fplib/microlib/fpfix.c                0x00000000   Number         0  dfixl.o ABSOLUTE
    ../fplib/microlib/fpfix.c                0x00000000   Number         0  dfixul.o ABSOLUTE
    ../fplib/microlib/fpfix.c                0x00000000   Number         0  dfixi.o ABSOLUTE
    ../fplib/microlib/fpflt.c                0x00000000   Number         0  dflti.o ABSOLUTE
    ../fplib/microlib/fpflt.c                0x00000000   Number         0  fflti.o ABSOLUTE
    ../fplib/microlib/fpflt.c                0x00000000   Number         0  dfltul.o ABSOLUTE
    ../fplib/microlib/fpflt.c                0x00000000   Number         0  dfltl.o ABSOLUTE
    ../fplib/microlib/fpmul.c                0x00000000   Number         0  fmul.o ABSOLUTE
    ../fplib/microlib/fpmul.c                0x00000000   Number         0  dmul.o ABSOLUTE
    ../mathlib/atof.c                        0x00000000   Number         0  atof.o ABSOLUTE
    ..\ArduinoAPI\Arduino.c                  0x00000000   Number         0  arduino.o ABSOLUTE
    ..\ArduinoAPI\HardwareSerial.cpp         0x00000000   Number         0  hardwareserial.o ABSOLUTE
    ..\ArduinoAPI\Print.cpp                  0x00000000   Number         0  print.o ABSOLUTE
    ..\ArduinoAPI\SPI.cpp                    0x00000000   Number         0  spi.o ABSOLUTE
    ..\ArduinoAPI\Stream.cpp                 0x00000000   Number         0  stream.o ABSOLUTE
    ..\ArduinoAPI\WString.cpp                0x00000000   Number         0  wstring.o ABSOLUTE
    ..\ArduinoAPI\Wire.cpp                   0x00000000   Number         0  wire.o ABSOLUTE
    ..\ArduinoAPI\WireBase.cpp               0x00000000   Number         0  wirebase.o ABSOLUTE
    ..\ArduinoAPI\dtostrf.c                  0x00000000   Number         0  dtostrf.o ABSOLUTE
    ..\ArduinoAPI\itoa.c                     0x00000000   Number         0  itoa.o ABSOLUTE
    ..\CORE\delay.c                          0x00000000   Number         0  delay.o ABSOLUTE
    ..\Core\adc.c                            0x00000000   Number         0  adc.o ABSOLUTE
    ..\Core\exti.c                           0x00000000   Number         0  exti.o ABSOLUTE
    ..\Core\gpio.c                           0x00000000   Number         0  gpio.o ABSOLUTE
    ..\Core\pwm.c                            0x00000000   Number         0  pwm.o ABSOLUTE
    ..\Core\time_exti.c                      0x00000000   Number         0  time_exti.o ABSOLUTE
    ..\Core\usart.c                          0x00000000   Number         0  usart.o ABSOLUTE
    ..\\ArduinoAPI\\Arduino.c                0x00000000   Number         0  arduino.o ABSOLUTE
    ..\\ArduinoAPI\\HardwareSerial.cpp       0x00000000   Number         0  hardwareserial.o ABSOLUTE
    ..\\ArduinoAPI\\SPI.cpp                  0x00000000   Number         0  spi.o ABSOLUTE
    ..\\ArduinoAPI\\Stream.cpp               0x00000000   Number         0  stream.o ABSOLUTE
    ..\\ArduinoAPI\\Wire.cpp                 0x00000000   Number         0  wire.o ABSOLUTE
    ..\\ArduinoAPI\\WireBase.cpp             0x00000000   Number         0  wirebase.o ABSOLUTE
    ..\\CORE\\delay.c                        0x00000000   Number         0  delay.o ABSOLUTE
    ..\\Core\\adc.c                          0x00000000   Number         0  adc.o ABSOLUTE
    ..\\Core\\exti.c                         0x00000000   Number         0  exti.o ABSOLUTE
    ..\\Core\\gpio.c                         0x00000000   Number         0  gpio.o ABSOLUTE
    ..\\Core\\pwm.c                          0x00000000   Number         0  pwm.o ABSOLUTE
    ..\\Core\\time_exti.c                    0x00000000   Number         0  time_exti.o ABSOLUTE
    ..\\Core\\usart.c                        0x00000000   Number         0  usart.o ABSOLUTE
    D:\Keil_v5\ARM\PACK\Keil\STM32F1xx_DFP\1.1.0\Device\StdPeriph_Driver\src\misc.c 0x00000000   Number         0  misc.o ABSOLUTE
    D:\Keil_v5\ARM\PACK\Keil\STM32F1xx_DFP\1.1.0\Device\StdPeriph_Driver\src\stm32f10x_adc.c 0x00000000   Number         0  stm32f10x_adc.o ABSOLUTE
    D:\Keil_v5\ARM\PACK\Keil\STM32F1xx_DFP\1.1.0\Device\StdPeriph_Driver\src\stm32f10x_dma.c 0x00000000   Number         0  stm32f10x_dma.o ABSOLUTE
    D:\Keil_v5\ARM\PACK\Keil\STM32F1xx_DFP\1.1.0\Device\StdPeriph_Driver\src\stm32f10x_exti.c 0x00000000   Number         0  stm32f10x_exti.o ABSOLUTE
    D:\Keil_v5\ARM\PACK\Keil\STM32F1xx_DFP\1.1.0\Device\StdPeriph_Driver\src\stm32f10x_gpio.c 0x00000000   Number         0  stm32f10x_gpio.o ABSOLUTE
    D:\Keil_v5\ARM\PACK\Keil\STM32F1xx_DFP\1.1.0\Device\StdPeriph_Driver\src\stm32f10x_rcc.c 0x00000000   Number         0  stm32f10x_rcc.o ABSOLUTE
    D:\Keil_v5\ARM\PACK\Keil\STM32F1xx_DFP\1.1.0\Device\StdPeriph_Driver\src\stm32f10x_spi.c 0x00000000   Number         0  stm32f10x_spi.o ABSOLUTE
    D:\Keil_v5\ARM\PACK\Keil\STM32F1xx_DFP\1.1.0\Device\StdPeriph_Driver\src\stm32f10x_tim.c 0x00000000   Number         0  stm32f10x_tim.o ABSOLUTE
    D:\Keil_v5\ARM\PACK\Keil\STM32F1xx_DFP\1.1.0\Device\StdPeriph_Driver\src\stm32f10x_usart.c 0x00000000   Number         0  stm32f10x_usart.o ABSOLUTE
    D:\\Keil_v5\\ARM\\PACK\\Keil\\STM32F1xx_DFP\\1.1.0\\Device\\StdPeriph_Driver\\src\\misc.c 0x00000000   Number         0  misc.o ABSOLUTE
    D:\\Keil_v5\\ARM\\PACK\\Keil\\STM32F1xx_DFP\\1.1.0\\Device\\StdPeriph_Driver\\src\\stm32f10x_adc.c 0x00000000   Number         0  stm32f10x_adc.o ABSOLUTE
    D:\\Keil_v5\\ARM\\PACK\\Keil\\STM32F1xx_DFP\\1.1.0\\Device\\StdPeriph_Driver\\src\\stm32f10x_dma.c 0x00000000   Number         0  stm32f10x_dma.o ABSOLUTE
    D:\\Keil_v5\\ARM\\PACK\\Keil\\STM32F1xx_DFP\\1.1.0\\Device\\StdPeriph_Driver\\src\\stm32f10x_exti.c 0x00000000   Number         0  stm32f10x_exti.o ABSOLUTE
    D:\\Keil_v5\\ARM\\PACK\\Keil\\STM32F1xx_DFP\\1.1.0\\Device\\StdPeriph_Driver\\src\\stm32f10x_gpio.c 0x00000000   Number         0  stm32f10x_gpio.o ABSOLUTE
    D:\\Keil_v5\\ARM\\PACK\\Keil\\STM32F1xx_DFP\\1.1.0\\Device\\StdPeriph_Driver\\src\\stm32f10x_rcc.c 0x00000000   Number         0  stm32f10x_rcc.o ABSOLUTE
    D:\\Keil_v5\\ARM\\PACK\\Keil\\STM32F1xx_DFP\\1.1.0\\Device\\StdPeriph_Driver\\src\\stm32f10x_spi.c 0x00000000   Number         0  stm32f10x_spi.o ABSOLUTE
    D:\\Keil_v5\\ARM\\PACK\\Keil\\STM32F1xx_DFP\\1.1.0\\Device\\StdPeriph_Driver\\src\\stm32f10x_tim.c 0x00000000   Number         0  stm32f10x_tim.o ABSOLUTE
    D:\\Keil_v5\\ARM\\PACK\\Keil\\STM32F1xx_DFP\\1.1.0\\Device\\StdPeriph_Driver\\src\\stm32f10x_usart.c 0x00000000   Number         0  stm32f10x_usart.o ABSOLUTE
    RTE\Device\STM32F103C8\startup_stm32f10x_md.s 0x00000000   Number         0  startup_stm32f10x_md.o ABSOLUTE
    RTE\Device\STM32F103C8\system_stm32f10x.c 0x00000000   Number         0  system_stm32f10x.o ABSOLUTE
    RTE\\Device\\STM32F103C8\\system_stm32f10x.c 0x00000000   Number         0  system_stm32f10x.o ABSOLUTE
    cdcmple.s                                0x00000000   Number         0  cdcmple.o ABSOLUTE
    cdrcmple.s                               0x00000000   Number         0  cdrcmple.o ABSOLUTE
    dc.s                                     0x00000000   Number         0  dc.o ABSOLUTE
    handlers.s                               0x00000000   Number         0  handlers.o ABSOLUTE
    init.s                                   0x00000000   Number         0  init.o ABSOLUTE
    main.cpp                                 0x00000000   Number         0  main.o ABSOLUTE
    main.cpp                                 0x00000000   Number         0  main.o ABSOLUTE
    RESET                                    0x08000000   Section      236  startup_stm32f10x_md.o(RESET)
    .ARM.Collect$$$$00000000                 0x080000ec   Section        0  entry.o(.ARM.Collect$$$$00000000)
    .ARM.Collect$$$$00000001                 0x080000ec   Section        4  entry2.o(.ARM.Collect$$$$00000001)
    .ARM.Collect$$$$00000004                 0x080000f0   Section        4  entry5.o(.ARM.Collect$$$$00000004)
    .ARM.Collect$$$$00000008                 0x080000f4   Section        0  entry7b.o(.ARM.Collect$$$$00000008)
    .ARM.Collect$$$$00000009                 0x080000f4   Section        4  entry8a.o(.ARM.Collect$$$$00000009)
    .ARM.Collect$$$$0000000A                 0x080000f8   Section        0  entry8b.o(.ARM.Collect$$$$0000000A)
    .ARM.Collect$$$$0000000B                 0x080000f8   Section        8  entry9a.o(.ARM.Collect$$$$0000000B)
    .ARM.Collect$$$$0000000D                 0x08000100   Section        0  entry10a.o(.ARM.Collect$$$$0000000D)
    .ARM.Collect$$$$0000000F                 0x08000100   Section        0  entry11a.o(.ARM.Collect$$$$0000000F)
    .ARM.Collect$$$$00002712                 0x08000100   Section        4  entry2.o(.ARM.Collect$$$$00002712)
    __lit__00000000                          0x08000100   Data           4  entry2.o(.ARM.Collect$$$$00002712)
    .text                                    0x08000104   Section        0  arduino.o(.text)
    .text                                    0x080004a4   Section        0  print.o(.text)
    .text                                    0x08000a70   Section        0  hardwareserial.o(.text)
    __sti___18_HardwareSerial_cpp_cfa1b6a6   0x08000ba7   Thumb Code    28  hardwareserial.o(.text)
    .text                                    0x08000bf4   Section        0  wire.o(.text)
    __sti___8_Wire_cpp_928ee5ff              0x08000e73   Thumb Code    28  wire.o(.text)
    .text                                    0x08000ea0   Section        0  spi.o(.text)
    __sti___7_SPI_cpp_ce5662b4               0x0800123d   Thumb Code    22  spi.o(.text)
    .text                                    0x08001270   Section        0  delay.o(.text)
    .text                                    0x08001304   Section        0  exti.o(.text)
    .text                                    0x08001554   Section        0  gpio.o(.text)
    .text                                    0x080016a4   Section        0  adc.o(.text)
    .text                                    0x08001964   Section        0  pwm.o(.text)
    .text                                    0x08001bb4   Section        0  usart.o(.text)
    .text                                    0x08001e10   Section        0  time_exti.o(.text)
    .text                                    0x08002064   Section        0  main.o(.text)
    .text                                    0x08002250   Section        0  misc.o(.text)
    .text                                    0x0800232c   Section        0  stm32f10x_adc.o(.text)
    .text                                    0x0800277c   Section        0  stm32f10x_dma.o(.text)
    .text                                    0x080029d0   Section        0  stm32f10x_exti.o(.text)
    .text                                    0x08002aec   Section        0  stm32f10x_gpio.o(.text)
    .text                                    0x08002e48   Section        0  stm32f10x_rcc.o(.text)
    .text                                    0x080031ec   Section        0  stm32f10x_spi.o(.text)
    .text                                    0x080034f8   Section        0  stm32f10x_tim.o(.text)
    TI4_Config                               0x0800399f   Thumb Code   130  stm32f10x_tim.o(.text)
    TI3_Config                               0x08003a33   Thumb Code   122  stm32f10x_tim.o(.text)
    TI2_Config                               0x08003ac7   Thumb Code   130  stm32f10x_tim.o(.text)
    TI1_Config                               0x08003b5b   Thumb Code   108  stm32f10x_tim.o(.text)
    .text                                    0x08004314   Section        0  stm32f10x_usart.o(.text)
    .text                                    0x0800471c   Section       36  startup_stm32f10x_md.o(.text)
    .text                                    0x08004740   Section        0  system_stm32f10x.o(.text)
    SetSysClockTo72                          0x08004741   Thumb Code   214  system_stm32f10x.o(.text)
    SetSysClock                              0x08004817   Thumb Code     8  system_stm32f10x.o(.text)
    .text                                    0x08004920   Section        0  uldiv.o(.text)
    .text                                    0x08004982   Section        0  memmovea.o(.text)
    .text                                    0x080049c4   Section        0  cpp_init.o(.text)
    .text                                    0x080049e4   Section        0  dadd.o(.text)
    .text                                    0x08004b32   Section        0  dmul.o(.text)
    .text                                    0x08004c16   Section        0  ddiv.o(.text)
    .text                                    0x08004cf4   Section        0  dflti.o(.text)
    .text                                    0x08004d16   Section        0  dfltl.o(.text)
    .text                                    0x08004d3e   Section        0  dfixi.o(.text)
    .text                                    0x08004d7c   Section        0  dfixl.o(.text)
    .text                                    0x08004dc8   Section       40  cdcmple.o(.text)
    .text                                    0x08004df0   Section       40  cdrcmple.o(.text)
    .text                                    0x08004e18   Section        0  uidiv.o(.text)
    .text                                    0x08004e44   Section        0  llshl.o(.text)
    .text                                    0x08004e62   Section        0  llushr.o(.text)
    .text                                    0x08004e82   Section        0  llsshr.o(.text)
    .text                                    0x08004ea6   Section        0  iusefp.o(.text)
    .text                                    0x08004ea8   Section        0  cpp_dtor.o(.text)
    .text                                    0x08004eb0   Section        0  cpp_final.o(.text)
    .text                                    0x08004eb2   Section        0  cpp_signal.o(.text)
    .text                                    0x08004eb4   Section        0  depilogue.o(.text)
    .text                                    0x08004f6a   Section        0  dfixul.o(.text)
    .text                                    0x08004f9c   Section       36  init.o(.text)
    i.__0vsprintf                            0x08004fc0   Section        0  printfa.o(i.__0vsprintf)
    i.__aeabi_atexit                         0x08004fe4   Section        0  aeabi_atexit.o(i.__aeabi_atexit)
    i.__cxa_finalize                         0x08005016   Section        0  cxa_finalize.o(i.__cxa_finalize)
    i.__cxa_pure_virtual                     0x08005058   Section        0  pure_virt.o(i.__cxa_pure_virtual)
    i.__free$realloc                         0x08005060   Section        0  mallocr.o(i.__free$realloc)
    i.__malloc$realloc                       0x080050bc   Section        0  mallocr.o(i.__malloc$realloc)
    i.__scatterload_copy                     0x0800510c   Section       14  handlers.o(i.__scatterload_copy)
    i.__scatterload_null                     0x0800511a   Section        2  handlers.o(i.__scatterload_null)
    i.__scatterload_zeroinit                 0x0800511c   Section       14  handlers.o(i.__scatterload_zeroinit)
    i._fp_digits                             0x0800512c   Section        0  printfa.o(i._fp_digits)
    _fp_digits                               0x0800512d   Thumb Code   334  printfa.o(i._fp_digits)
    i._printf_core                           0x08005290   Section        0  printfa.o(i._printf_core)
    _printf_core                             0x08005291   Thumb Code  1744  printfa.o(i._printf_core)
    i._printf_post_padding                   0x0800596c   Section        0  printfa.o(i._printf_post_padding)
    _printf_post_padding                     0x0800596d   Thumb Code    36  printfa.o(i._printf_post_padding)
    i._printf_pre_padding                    0x08005990   Section        0  printfa.o(i._printf_pre_padding)
    _printf_pre_padding                      0x08005991   Thumb Code    46  printfa.o(i._printf_pre_padding)
    i._sputc                                 0x080059be   Section        0  printfa.o(i._sputc)
    _sputc                                   0x080059bf   Thumb Code    10  printfa.o(i._sputc)
    i.internal_alloc                         0x080059c8   Section        0  mallocr.o(i.internal_alloc)
    internal_alloc                           0x080059c9   Thumb Code    76  mallocr.o(i.internal_alloc)
    .constdata                               0x08005a18   Section     1792  gpio.o(.constdata)
    .constdata__ZTV14HardwareSerial          0x08006118   Section       36  hardwareserial.o(.constdata__ZTV14HardwareSerial)
    .constdata__ZTV5Print                    0x0800613c   Section       20  print.o(.constdata__ZTV5Print)
    .constdata__ZTV6Stream                   0x08006150   Section       36  hardwareserial.o(.constdata__ZTV6Stream)
    .constdata__ZTV7TwoWire                  0x08006174   Section       16  wire.o(.constdata__ZTV7TwoWire)
    .constdata__ZTV8WireBase                 0x08006184   Section       16  wirebase.o(.constdata__ZTV8WireBase)
    .init_array                              0x080061b4   Section        4  hardwareserial.o(.init_array)
    .init_array                              0x080061b8   Section        4  wire.o(.init_array)
    .init_array                              0x080061bc   Section        4  spi.o(.init_array)
    .init_array                              0x080061c0   Section        0  cpp_init.o(.init_array)
    .data                                    0x20000000   Section        4  delay.o(.data)
    System_ms                                0x20000000   Data           4  delay.o(.data)
    .data                                    0x20000004   Section       64  exti.o(.data)
    .data                                    0x20000044   Section       24  usart.o(.data)
    .data                                    0x2000005c   Section       32  time_exti.o(.data)
    .data                                    0x2000007c   Section       20  stm32f10x_rcc.o(.data)
    APBAHBPrescTable                         0x2000007c   Data          16  stm32f10x_rcc.o(.data)
    ADCPrescTable                            0x2000008c   Data           4  stm32f10x_rcc.o(.data)
    .data                                    0x20000090   Section       20  system_stm32f10x.o(.data)
    .data                                    0x200000a4   Section        4  mvars.o(.data)
    .data                                    0x200000a8   Section        4  mvars.o(.data)
    .data                                    0x200000ac   Section        4  cpp_dtor.o(.data)
    ddtor_pointer                            0x200000ac   Data           4  cpp_dtor.o(.data)
    .bss                                     0x200000b0   Section       72  hardwareserial.o(.bss)
    .bss                                     0x200000f8   Section       88  wire.o(.bss)
    .bss                                     0x20000150   Section       48  spi.o(.bss)
    .bss                                     0x20000180   Section       16  adc.o(.bss)
    .bss                                     0x20000190   Section      384  usart.o(.bss)
    HEAP                                     0x20000310   Section      512  startup_stm32f10x_md.o(HEAP)
    STACK                                    0x20000510   Section     1024  startup_stm32f10x_md.o(STACK)

    Global Symbols

    Symbol Name                              Value     Ov Type        Size  Object(Section)

    BuildAttributes$$THM_ISAv4$P$D$K$B$S$PE$A:L22UL41UL21$X:L11$S22US41US21$IEEE1$IW$USESV6$~STKCKD$USESV7$~SHL$OTIME$ROPI$IEEEJ$EBA8$UX$MICROLIB$REQ8$PRES8$EABIv2 0x00000000   Number         0  anon$$obj.o ABSOLUTE
    __ARM_use_no_argv                        0x00000000   Number         0  main.o ABSOLUTE
    _printf_a                                0x00000000   Number         0  stubs.o ABSOLUTE
    _printf_c                                0x00000000   Number         0  stubs.o ABSOLUTE
    _printf_charcount                        0x00000000   Number         0  stubs.o ABSOLUTE
    _printf_d                                0x00000000   Number         0  stubs.o ABSOLUTE
    _printf_e                                0x00000000   Number         0  stubs.o ABSOLUTE
    _printf_f                                0x00000000   Number         0  stubs.o ABSOLUTE
    _printf_flags                            0x00000000   Number         0  stubs.o ABSOLUTE
    _printf_fp_dec                           0x00000000   Number         0  stubs.o ABSOLUTE
    _printf_fp_hex                           0x00000000   Number         0  stubs.o ABSOLUTE
    _printf_g                                0x00000000   Number         0  stubs.o ABSOLUTE
    _printf_i                                0x00000000   Number         0  stubs.o ABSOLUTE
    _printf_int_dec                          0x00000000   Number         0  stubs.o ABSOLUTE
    _printf_l                                0x00000000   Number         0  stubs.o ABSOLUTE
    _printf_lc                               0x00000000   Number         0  stubs.o ABSOLUTE
    _printf_ll                               0x00000000   Number         0  stubs.o ABSOLUTE
    _printf_lld                              0x00000000   Number         0  stubs.o ABSOLUTE
    _printf_lli                              0x00000000   Number         0  stubs.o ABSOLUTE
    _printf_llo                              0x00000000   Number         0  stubs.o ABSOLUTE
    _printf_llu                              0x00000000   Number         0  stubs.o ABSOLUTE
    _printf_llx                              0x00000000   Number         0  stubs.o ABSOLUTE
    _printf_longlong_dec                     0x00000000   Number         0  stubs.o ABSOLUTE
    _printf_longlong_hex                     0x00000000   Number         0  stubs.o ABSOLUTE
    _printf_longlong_oct                     0x00000000   Number         0  stubs.o ABSOLUTE
    _printf_ls                               0x00000000   Number         0  stubs.o ABSOLUTE
    _printf_mbtowc                           0x00000000   Number         0  stubs.o ABSOLUTE
    _printf_n                                0x00000000   Number         0  stubs.o ABSOLUTE
    _printf_o                                0x00000000   Number         0  stubs.o ABSOLUTE
    _printf_p                                0x00000000   Number         0  stubs.o ABSOLUTE
    _printf_percent                          0x00000000   Number         0  stubs.o ABSOLUTE
    _printf_pre_padding                      0x00000000   Number         0  stubs.o ABSOLUTE
    _printf_return_value                     0x00000000   Number         0  stubs.o ABSOLUTE
    _printf_s                                0x00000000   Number         0  stubs.o ABSOLUTE
    _printf_sizespec                         0x00000000   Number         0  stubs.o ABSOLUTE
    _printf_str                              0x00000000   Number         0  stubs.o ABSOLUTE
    _printf_truncate_signed                  0x00000000   Number         0  stubs.o ABSOLUTE
    _printf_truncate_unsigned                0x00000000   Number         0  stubs.o ABSOLUTE
    _printf_u                                0x00000000   Number         0  stubs.o ABSOLUTE
    _printf_wc                               0x00000000   Number         0  stubs.o ABSOLUTE
    _printf_wctomb                           0x00000000   Number         0  stubs.o ABSOLUTE
    _printf_widthprec                        0x00000000   Number         0  stubs.o ABSOLUTE
    _printf_x                                0x00000000   Number         0  stubs.o ABSOLUTE
    typeinfo for Printable                    - Undefined Weak Reference
    __decompress                              - Undefined Weak Reference
    _clock_init                               - Undefined Weak Reference
    _microlib_exit                            - Undefined Weak Reference
    __Vectors_Size                           0x000000ec   Number         0  startup_stm32f10x_md.o ABSOLUTE
    __Vectors                                0x08000000   Data           4  startup_stm32f10x_md.o(RESET)
    __dso_handle                             0x08000000   Number         0  startup_stm32f10x_md.o(RESET)
    __Vectors_End                            0x080000ec   Data           0  startup_stm32f10x_md.o(RESET)
    __main                                   0x080000ed   Thumb Code     0  entry.o(.ARM.Collect$$$$00000000)
    _main_stk                                0x080000ed   Thumb Code     0  entry2.o(.ARM.Collect$$$$00000001)
    _main_scatterload                        0x080000f1   Thumb Code     0  entry5.o(.ARM.Collect$$$$00000004)
    __main_after_scatterload                 0x080000f5   Thumb Code     0  entry5.o(.ARM.Collect$$$$00000004)
    _main_clock                              0x080000f5   Thumb Code     0  entry7b.o(.ARM.Collect$$$$00000008)
    _main_cpp_init$empty                     0x080000f5   Thumb Code     0  entry8a.o(.ARM.Collect$$$$00000009)
    _main_cpp_init                           0x080000f9   Thumb Code     0  entry8b.o(.ARM.Collect$$$$0000000A)
    _main_init                               0x080000f9   Thumb Code     0  entry9a.o(.ARM.Collect$$$$0000000B)
    __rt_final_cpp                           0x08000101   Thumb Code     0  entry10a.o(.ARM.Collect$$$$0000000D)
    __rt_final_exit                          0x08000101   Thumb Code     0  entry11a.o(.ARM.Collect$$$$0000000F)
    null_func                                0x08000105   Thumb Code     2  arduino.o(.text)
    pinMode                                  0x08000107   Thumb Code    88  arduino.o(.text)
    digitalWrite                             0x0800015f   Thumb Code    42  arduino.o(.text)
    digitalRead                              0x08000189   Thumb Code    34  arduino.o(.text)
    analogWrite                              0x080001ab   Thumb Code    16  arduino.o(.text)
    analogRead                               0x080001bb   Thumb Code   112  arduino.o(.text)
    analogRead_DMA                           0x0800022b   Thumb Code   104  arduino.o(.text)
    togglePin                                0x08000293   Thumb Code    32  arduino.o(.text)
    shiftOut                                 0x080002b3   Thumb Code    72  arduino.o(.text)
    shiftIn                                  0x080002fb   Thumb Code    78  arduino.o(.text)
    tone                                     0x08000349   Thumb Code    72  arduino.o(.text)
    map                                      0x08000391   Thumb Code    22  arduino.o(.text)
    fmap                                     0x080003a7   Thumb Code   104  arduino.o(.text)
    pulseIn                                  0x0800040f   Thumb Code   140  arduino.o(.text)
    Print::write(const char*)                0x080004a5   Thumb Code    34  print.o(.text)
    Print::write(const void*, unsigned)      0x080004c7   Thumb Code    48  print.o(.text)
    Print::print(const String&)              0x080004f7   Thumb Code    34  print.o(.text)
    Print::print(char)                       0x08000519   Thumb Code    18  print.o(.text)
    Print::print(const char*)                0x0800052b   Thumb Code    18  print.o(.text)
    Print::printNumber(unsigned long long, unsigned char) 0x0800053d   Thumb Code   144  print.o(.text)
    Print::print(unsigned long long, int)    0x080005cd   Thumb Code    54  print.o(.text)
    Print::print(unsigned char, int)         0x08000603   Thumb Code    22  print.o(.text)
    Print::print(long long, int)             0x08000619   Thumb Code    68  print.o(.text)
    Print::print(int, int)                   0x0800065d   Thumb Code    22  print.o(.text)
    Print::print(unsigned, int)              0x08000673   Thumb Code    22  print.o(.text)
    Print::print(long, int)                  0x08000689   Thumb Code    22  print.o(.text)
    Print::print(unsigned long, int)         0x0800069f   Thumb Code    22  print.o(.text)
    Print::printFloat(double, unsigned char) 0x080006b5   Thumb Code   334  print.o(.text)
    Print::print(double, int)                0x08000803   Thumb Code    26  print.o(.text)
    Print::print(const __FlashStringHelper*) 0x0800081d   Thumb Code    16  print.o(.text)
    Print::print(const Printable&)           0x0800082d   Thumb Code    18  print.o(.text)
    Print::println()                         0x0800083f   Thumb Code    28  print.o(.text)
    Print::println(const String&)            0x0800085b   Thumb Code    28  print.o(.text)
    Print::println(char)                     0x08000877   Thumb Code    28  print.o(.text)
    Print::println(const char*)              0x08000893   Thumb Code    28  print.o(.text)
    Print::println(unsigned char, int)       0x080008af   Thumb Code    36  print.o(.text)
    Print::println(int, int)                 0x080008d3   Thumb Code    36  print.o(.text)
    Print::println(unsigned, int)            0x080008f7   Thumb Code    36  print.o(.text)
    Print::println(long, int)                0x0800091b   Thumb Code    34  print.o(.text)
    Print::println(unsigned long, int)       0x0800093d   Thumb Code    34  print.o(.text)
    Print::println(long long, int)           0x0800095f   Thumb Code    44  print.o(.text)
    Print::println(unsigned long long, int)  0x0800098b   Thumb Code    44  print.o(.text)
    Print::println(double, int)              0x080009b7   Thumb Code    44  print.o(.text)
    Print::println(const __FlashStringHelper*) 0x080009e3   Thumb Code    28  print.o(.text)
    Print::println(const Printable&)         0x080009ff   Thumb Code    28  print.o(.text)
    Print::printf(const char*, ...)          0x08000a1b   Thumb Code    48  print.o(.text)
    HardwareSerial::HardwareSerial(USART_TypeDef*) 0x08000a71   Thumb Code    66  hardwareserial.o(.text)
    HardwareSerial::HardwareSerial__sub_object(USART_TypeDef*) 0x08000a71   Thumb Code     0  hardwareserial.o(.text)
    HardwareSerial::begin(unsigned)          0x08000ab3   Thumb Code    20  hardwareserial.o(.text)
    HardwareSerial::end()                    0x08000ac7   Thumb Code    14  hardwareserial.o(.text)
    HardwareSerial::attachInterrupt(void(*)()) 0x08000ad5   Thumb Code    16  hardwareserial.o(.text)
    HardwareSerial::available()              0x08000ae5   Thumb Code    26  hardwareserial.o(.text)
    HardwareSerial::peek()                   0x08000aff   Thumb Code    48  hardwareserial.o(.text)
    HardwareSerial::read()                   0x08000b2f   Thumb Code    82  hardwareserial.o(.text)
    HardwareSerial::flush()                  0x08000b81   Thumb Code    20  hardwareserial.o(.text)
    HardwareSerial::write(unsigned char)     0x08000b95   Thumb Code    18  hardwareserial.o(.text)
    TwoWire::set_scl(bool)                   0x08000bf5   Thumb Code    44  wire.o(.text)
    TwoWire::set_sda(bool)                   0x08000c21   Thumb Code    26  wire.o(.text)
    TwoWire::i2c_start()                     0x08000c3b   Thumb Code    22  wire.o(.text)
    TwoWire::i2c_stop()                      0x08000c51   Thumb Code    30  wire.o(.text)
    TwoWire::i2c_get_ack()                   0x08000c6f   Thumb Code    58  wire.o(.text)
    TwoWire::i2c_send_ack()                  0x08000ca9   Thumb Code    30  wire.o(.text)
    TwoWire::i2c_send_nack()                 0x08000cc7   Thumb Code    30  wire.o(.text)
    TwoWire::i2c_shift_in()                  0x08000ce5   Thumb Code    62  wire.o(.text)
    TwoWire::i2c_shift_out(unsigned char)    0x08000d23   Thumb Code    60  wire.o(.text)
    TwoWire::process()                       0x08000d5f   Thumb Code   170  wire.o(.text)
    TwoWire::TwoWire(unsigned char, unsigned char, unsigned char) 0x08000e09   Thumb Code    26  wire.o(.text)
    TwoWire::TwoWire__sub_object(unsigned char, unsigned char, unsigned char) 0x08000e09   Thumb Code     0  wire.o(.text)
    TwoWire::begin(unsigned char)            0x08000e23   Thumb Code    58  wire.o(.text)
    TwoWire::~TwoWire()                      0x08000e5d   Thumb Code    22  wire.o(.text)
    TwoWire::~TwoWire__sub_object()          0x08000e5d   Thumb Code     0  wire.o(.text)
    SPIClass::SPIClass(SPI_TypeDef*)         0x08000ea1   Thumb Code     4  spi.o(.text)
    SPIClass::SPIClass__sub_object(SPI_TypeDef*) 0x08000ea1   Thumb Code     0  spi.o(.text)
    SPIClass::SPI_Settings(SPI_TypeDef*, unsigned short, unsigned short, unsigned short, unsigned short, unsigned short, unsigned short) 0x08000ea5   Thumb Code   128  spi.o(.text)
    SPIClass::begin()                        0x08000f25   Thumb Code   140  spi.o(.text)
    SPIClass::setDataMode(unsigned char)     0x08000fb1   Thumb Code    74  spi.o(.text)
    SPIClass::setBitOrder(unsigned short)    0x08000ffb   Thumb Code    28  spi.o(.text)
    SPIClass::setClock(unsigned short)       0x08001017   Thumb Code    88  spi.o(.text)
    SPIClass::begin(unsigned, unsigned short, unsigned short) 0x0800106f   Thumb Code    46  spi.o(.text)
    SPIClass::beginSlave()                   0x0800109d   Thumb Code    36  spi.o(.text)
    SPIClass::beginTransactionSlave()        0x080010c1   Thumb Code    12  spi.o(.text)
    SPIClass::beginTransaction(SPISettings)  0x080010cd   Thumb Code     2  spi.o(.text)
    SPIClass::endTransaction()               0x080010cf   Thumb Code     2  spi.o(.text)
    SPIClass::end()                          0x080010d1   Thumb Code    14  spi.o(.text)
    SPIClass::setDataSize(unsigned short)    0x080010df   Thumb Code    18  spi.o(.text)
    SPIClass::read(unsigned char*, unsigned) 0x080010f1   Thumb Code    50  spi.o(.text)
    SPIClass::read()                         0x08001123   Thumb Code    20  spi.o(.text)
    SPIClass::write(unsigned short)          0x08001137   Thumb Code    30  spi.o(.text)
    SPIClass::write(const unsigned char*, unsigned) 0x08001155   Thumb Code    46  spi.o(.text)
    SPIClass::transfer(unsigned char) const  0x08001183   Thumb Code    54  spi.o(.text)
    SPIClass::transfer16(unsigned short) const 0x080011b9   Thumb Code    54  spi.o(.text)
    SPIClass::send(unsigned char*, unsigned) 0x080011ef   Thumb Code    46  spi.o(.text)
    SPIClass::send(unsigned char)            0x0800121d   Thumb Code    20  spi.o(.text)
    SPIClass::recv()                         0x08001231   Thumb Code    12  spi.o(.text)
    Delay_Init                               0x08001271   Thumb Code    44  delay.o(.text)
    SysTick_Handler                          0x0800129d   Thumb Code    12  delay.o(.text)
    millis                                   0x080012a9   Thumb Code     6  delay.o(.text)
    micros                                   0x080012af   Thumb Code    34  delay.o(.text)
    delay_ms                                 0x080012d1   Thumb Code    18  delay.o(.text)
    delay_us                                 0x080012e3   Thumb Code    24  delay.o(.text)
    attach_EXTI                              0x08001305   Thumb Code   180  exti.o(.text)
    attachInterrupt                          0x080013b9   Thumb Code    26  exti.o(.text)
    EXTI0_IRQHandler                         0x080013d3   Thumb Code    24  exti.o(.text)
    EXTI1_IRQHandler                         0x080013eb   Thumb Code    24  exti.o(.text)
    EXTI2_IRQHandler                         0x08001403   Thumb Code    24  exti.o(.text)
    EXTI3_IRQHandler                         0x0800141b   Thumb Code    24  exti.o(.text)
    EXTI4_IRQHandler                         0x08001433   Thumb Code    24  exti.o(.text)
    EXTI9_5_IRQHandler                       0x0800144b   Thumb Code   112  exti.o(.text)
    EXTI15_10_IRQHandler                     0x080014bb   Thumb Code   148  exti.o(.text)
    GPIO_begin                               0x08001555   Thumb Code   138  gpio.o(.text)
    GPIO_ToggleBits                          0x080015df   Thumb Code     8  gpio.o(.text)
    Get_GPIOx                                0x080015e7   Thumb Code   132  gpio.o(.text)
    Get_Pinx                                 0x0800166b   Thumb Code    26  gpio.o(.text)
    ADCx_GPIO_Config                         0x080016a5   Thumb Code    68  adc.o(.text)
    ADCx_DMA_Config                          0x080016e9   Thumb Code   352  adc.o(.text)
    ADCx_DMA_Init                            0x08001849   Thumb Code    12  adc.o(.text)
    Get_DMA_ADC                              0x08001855   Thumb Code    10  adc.o(.text)
    ADCx_Init                                0x0800185f   Thumb Code   166  adc.o(.text)
    Get_ADC                                  0x08001905   Thumb Code    72  adc.o(.text)
    TIMx_Init                                0x08001965   Thumb Code   242  pwm.o(.text)
    PWM_Init                                 0x08001a57   Thumb Code   182  pwm.o(.text)
    pwmWrite                                 0x08001b0d   Thumb Code    84  pwm.o(.text)
    timer_get_compare                        0x08001b61   Thumb Code    44  pwm.o(.text)
    timer_set_prescaler                      0x08001b8d   Thumb Code     4  pwm.o(.text)
    timer_set_reload                         0x08001b91   Thumb Code     4  pwm.o(.text)
    timer_generate_update                    0x08001b95   Thumb Code     6  pwm.o(.text)
    usart_init                               0x08001bb5   Thumb Code   244  usart.o(.text)
    usart_putc                               0x08001ca9   Thumb Code    16  usart.o(.text)
    usart_attachInterrupt                    0x08001cb9   Thumb Code     8  usart.o(.text)
    USART1_IRQHandler                        0x08001cc1   Thumb Code    94  usart.o(.text)
    USART2_IRQHandler                        0x08001d1f   Thumb Code   102  usart.o(.text)
    USART3_IRQHandler                        0x08001d85   Thumb Code    94  usart.o(.text)
    TimerSet_NVIC                            0x08001e11   Thumb Code   384  time_exti.o(.text)
    TimerSet                                 0x08001f91   Thumb Code    26  time_exti.o(.text)
    TIM1_UP_IRQHandler                       0x08001fab   Thumb Code    28  time_exti.o(.text)
    TIM2_IRQHandler                          0x08001fc7   Thumb Code    28  time_exti.o(.text)
    TIM3_IRQHandler                          0x08001fe3   Thumb Code    28  time_exti.o(.text)
    TIM4_IRQHandler                          0x08001fff   Thumb Code    28  time_exti.o(.text)
    setup()                                  0x08002065   Thumb Code    42  main.o(.text)
    loop()                                   0x0800208f   Thumb Code   228  main.o(.text)
    main                                     0x08002173   Thumb Code    22  main.o(.text)
    NVIC_PriorityGroupConfig                 0x08002251   Thumb Code    10  misc.o(.text)
    NVIC_Init                                0x0800225b   Thumb Code   100  misc.o(.text)
    NVIC_SetVectorTable                      0x080022bf   Thumb Code    14  misc.o(.text)
    NVIC_SystemLPConfig                      0x080022cd   Thumb Code    34  misc.o(.text)
    SysTick_CLKSourceConfig                  0x080022ef   Thumb Code    40  misc.o(.text)
    ADC_DeInit                               0x0800232d   Thumb Code    78  stm32f10x_adc.o(.text)
    ADC_Init                                 0x0800237b   Thumb Code    70  stm32f10x_adc.o(.text)
    ADC_StructInit                           0x080023c1   Thumb Code    18  stm32f10x_adc.o(.text)
    ADC_Cmd                                  0x080023d3   Thumb Code    22  stm32f10x_adc.o(.text)
    ADC_DMACmd                               0x080023e9   Thumb Code    22  stm32f10x_adc.o(.text)
    ADC_ITConfig                             0x080023ff   Thumb Code    24  stm32f10x_adc.o(.text)
    ADC_ResetCalibration                     0x08002417   Thumb Code    10  stm32f10x_adc.o(.text)
    ADC_GetResetCalibrationStatus            0x08002421   Thumb Code    20  stm32f10x_adc.o(.text)
    ADC_StartCalibration                     0x08002435   Thumb Code    10  stm32f10x_adc.o(.text)
    ADC_GetCalibrationStatus                 0x0800243f   Thumb Code    20  stm32f10x_adc.o(.text)
    ADC_SoftwareStartConvCmd                 0x08002453   Thumb Code    22  stm32f10x_adc.o(.text)
    ADC_GetSoftwareStartConvStatus           0x08002469   Thumb Code    20  stm32f10x_adc.o(.text)
    ADC_DiscModeChannelCountConfig           0x0800247d   Thumb Code    24  stm32f10x_adc.o(.text)
    ADC_DiscModeCmd                          0x08002495   Thumb Code    22  stm32f10x_adc.o(.text)
    ADC_RegularChannelConfig                 0x080024ab   Thumb Code   184  stm32f10x_adc.o(.text)
    ADC_ExternalTrigConvCmd                  0x08002563   Thumb Code    22  stm32f10x_adc.o(.text)
    ADC_GetConversionValue                   0x08002579   Thumb Code     8  stm32f10x_adc.o(.text)
    ADC_GetDualModeConversionValue           0x08002581   Thumb Code     8  stm32f10x_adc.o(.text)
    ADC_AutoInjectedConvCmd                  0x08002589   Thumb Code    22  stm32f10x_adc.o(.text)
    ADC_InjectedDiscModeCmd                  0x0800259f   Thumb Code    22  stm32f10x_adc.o(.text)
    ADC_ExternalTrigInjectedConvConfig       0x080025b5   Thumb Code    16  stm32f10x_adc.o(.text)
    ADC_ExternalTrigInjectedConvCmd          0x080025c5   Thumb Code    22  stm32f10x_adc.o(.text)
    ADC_SoftwareStartInjectedConvCmd         0x080025db   Thumb Code    22  stm32f10x_adc.o(.text)
    ADC_GetSoftwareStartInjectedConvCmdStatus 0x080025f1   Thumb Code    20  stm32f10x_adc.o(.text)
    ADC_InjectedChannelConfig                0x08002605   Thumb Code   130  stm32f10x_adc.o(.text)
    ADC_InjectedSequencerLengthConfig        0x08002687   Thumb Code    24  stm32f10x_adc.o(.text)
    ADC_SetInjectedOffset                    0x0800269f   Thumb Code    20  stm32f10x_adc.o(.text)
    ADC_GetInjectedConversionValue           0x080026b3   Thumb Code    28  stm32f10x_adc.o(.text)
    ADC_AnalogWatchdogCmd                    0x080026cf   Thumb Code    16  stm32f10x_adc.o(.text)
    ADC_AnalogWatchdogThresholdsConfig       0x080026df   Thumb Code     6  stm32f10x_adc.o(.text)
    ADC_AnalogWatchdogSingleChannelConfig    0x080026e5   Thumb Code    16  stm32f10x_adc.o(.text)
    ADC_TempSensorVrefintCmd                 0x080026f5   Thumb Code    64  stm32f10x_adc.o(.text)
    ADC_GetFlagStatus                        0x08002735   Thumb Code    18  stm32f10x_adc.o(.text)
    ADC_ClearFlag                            0x08002747   Thumb Code     6  stm32f10x_adc.o(.text)
    ADC_GetITStatus                          0x0800274d   Thumb Code    36  stm32f10x_adc.o(.text)
    ADC_ClearITPendingBit                    0x08002771   Thumb Code    10  stm32f10x_adc.o(.text)
    DMA_DeInit                               0x0800277d   Thumb Code   324  stm32f10x_dma.o(.text)
    DMA_Init                                 0x080028c1   Thumb Code    60  stm32f10x_dma.o(.text)
    DMA_StructInit                           0x080028fd   Thumb Code    26  stm32f10x_dma.o(.text)
    DMA_Cmd                                  0x08002917   Thumb Code    24  stm32f10x_dma.o(.text)
    DMA_ITConfig                             0x0800292f   Thumb Code    18  stm32f10x_dma.o(.text)
    DMA_SetCurrDataCounter                   0x08002941   Thumb Code     4  stm32f10x_dma.o(.text)
    DMA_GetCurrDataCounter                   0x08002945   Thumb Code     8  stm32f10x_dma.o(.text)
    DMA_GetFlagStatus                        0x0800294d   Thumb Code    40  stm32f10x_dma.o(.text)
    DMA_ClearFlag                            0x08002975   Thumb Code    22  stm32f10x_dma.o(.text)
    DMA_GetITStatus                          0x0800298b   Thumb Code    40  stm32f10x_dma.o(.text)
    DMA_ClearITPendingBit                    0x080029b3   Thumb Code    22  stm32f10x_dma.o(.text)
    EXTI_DeInit                              0x080029d1   Thumb Code    28  stm32f10x_exti.o(.text)
    EXTI_Init                                0x080029ed   Thumb Code   142  stm32f10x_exti.o(.text)
    EXTI_StructInit                          0x08002a7b   Thumb Code    16  stm32f10x_exti.o(.text)
    EXTI_GenerateSWInterrupt                 0x08002a8b   Thumb Code    16  stm32f10x_exti.o(.text)
    EXTI_GetFlagStatus                       0x08002a9b   Thumb Code    22  stm32f10x_exti.o(.text)
    EXTI_ClearFlag                           0x08002ab1   Thumb Code     8  stm32f10x_exti.o(.text)
    EXTI_GetITStatus                         0x08002ab9   Thumb Code    34  stm32f10x_exti.o(.text)
    EXTI_ClearITPendingBit                   0x08002adb   Thumb Code     8  stm32f10x_exti.o(.text)
    GPIO_DeInit                              0x08002aed   Thumb Code   172  stm32f10x_gpio.o(.text)
    GPIO_AFIODeInit                          0x08002b99   Thumb Code    20  stm32f10x_gpio.o(.text)
    GPIO_Init                                0x08002bad   Thumb Code   278  stm32f10x_gpio.o(.text)
    GPIO_StructInit                          0x08002cc3   Thumb Code    16  stm32f10x_gpio.o(.text)
    GPIO_ReadInputDataBit                    0x08002cd3   Thumb Code    18  stm32f10x_gpio.o(.text)
    GPIO_ReadInputData                       0x08002ce5   Thumb Code     8  stm32f10x_gpio.o(.text)
    GPIO_ReadOutputDataBit                   0x08002ced   Thumb Code    18  stm32f10x_gpio.o(.text)
    GPIO_ReadOutputData                      0x08002cff   Thumb Code     8  stm32f10x_gpio.o(.text)
    GPIO_SetBits                             0x08002d07   Thumb Code     4  stm32f10x_gpio.o(.text)
    GPIO_ResetBits                           0x08002d0b   Thumb Code     4  stm32f10x_gpio.o(.text)
    GPIO_WriteBit                            0x08002d0f   Thumb Code    10  stm32f10x_gpio.o(.text)
    GPIO_Write                               0x08002d19   Thumb Code     4  stm32f10x_gpio.o(.text)
    GPIO_PinLockConfig                       0x08002d1d   Thumb Code    18  stm32f10x_gpio.o(.text)
    GPIO_EventOutputConfig                   0x08002d2f   Thumb Code    26  stm32f10x_gpio.o(.text)
    GPIO_EventOutputCmd                      0x08002d49   Thumb Code     6  stm32f10x_gpio.o(.text)
    GPIO_PinRemapConfig                      0x08002d4f   Thumb Code   138  stm32f10x_gpio.o(.text)
    GPIO_EXTILineConfig                      0x08002dd9   Thumb Code    66  stm32f10x_gpio.o(.text)
    GPIO_ETH_MediaInterfaceConfig            0x08002e1b   Thumb Code     8  stm32f10x_gpio.o(.text)
    RCC_DeInit                               0x08002e49   Thumb Code    64  stm32f10x_rcc.o(.text)
    RCC_HSEConfig                            0x08002e89   Thumb Code    70  stm32f10x_rcc.o(.text)
    RCC_GetFlagStatus                        0x08002ecf   Thumb Code    56  stm32f10x_rcc.o(.text)
    RCC_WaitForHSEStartUp                    0x08002f07   Thumb Code    56  stm32f10x_rcc.o(.text)
    RCC_AdjustHSICalibrationValue            0x08002f3f   Thumb Code    20  stm32f10x_rcc.o(.text)
    RCC_HSICmd                               0x08002f53   Thumb Code     6  stm32f10x_rcc.o(.text)
    RCC_PLLConfig                            0x08002f59   Thumb Code    24  stm32f10x_rcc.o(.text)
    RCC_PLLCmd                               0x08002f71   Thumb Code     6  stm32f10x_rcc.o(.text)
    RCC_SYSCLKConfig                         0x08002f77   Thumb Code    18  stm32f10x_rcc.o(.text)
    RCC_GetSYSCLKSource                      0x08002f89   Thumb Code    10  stm32f10x_rcc.o(.text)
    RCC_HCLKConfig                           0x08002f93   Thumb Code    18  stm32f10x_rcc.o(.text)
    RCC_PCLK1Config                          0x08002fa5   Thumb Code    18  stm32f10x_rcc.o(.text)
    RCC_PCLK2Config                          0x08002fb7   Thumb Code    20  stm32f10x_rcc.o(.text)
    RCC_ITConfig                             0x08002fcb   Thumb Code    26  stm32f10x_rcc.o(.text)
    RCC_USBCLKConfig                         0x08002fe5   Thumb Code     8  stm32f10x_rcc.o(.text)
    RCC_ADCCLKConfig                         0x08002fed   Thumb Code    18  stm32f10x_rcc.o(.text)
    RCC_LSEConfig                            0x08002fff   Thumb Code    50  stm32f10x_rcc.o(.text)
    RCC_LSICmd                               0x08003031   Thumb Code     6  stm32f10x_rcc.o(.text)
    RCC_RTCCLKConfig                         0x08003037   Thumb Code    12  stm32f10x_rcc.o(.text)
    RCC_RTCCLKCmd                            0x08003043   Thumb Code     8  stm32f10x_rcc.o(.text)
    RCC_GetClocksFreq                        0x0800304b   Thumb Code   192  stm32f10x_rcc.o(.text)
    RCC_AHBPeriphClockCmd                    0x0800310b   Thumb Code    26  stm32f10x_rcc.o(.text)
    RCC_APB2PeriphClockCmd                   0x08003125   Thumb Code    26  stm32f10x_rcc.o(.text)
    RCC_APB1PeriphClockCmd                   0x0800313f   Thumb Code    26  stm32f10x_rcc.o(.text)
    RCC_APB2PeriphResetCmd                   0x08003159   Thumb Code    26  stm32f10x_rcc.o(.text)
    RCC_APB1PeriphResetCmd                   0x08003173   Thumb Code    26  stm32f10x_rcc.o(.text)
    RCC_BackupResetCmd                       0x0800318d   Thumb Code     8  stm32f10x_rcc.o(.text)
    RCC_ClockSecuritySystemCmd               0x08003195   Thumb Code     6  stm32f10x_rcc.o(.text)
    RCC_MCOConfig                            0x0800319b   Thumb Code     6  stm32f10x_rcc.o(.text)
    RCC_ClearFlag                            0x080031a1   Thumb Code    14  stm32f10x_rcc.o(.text)
    RCC_GetITStatus                          0x080031af   Thumb Code    20  stm32f10x_rcc.o(.text)
    RCC_ClearITPendingBit                    0x080031c3   Thumb Code     6  stm32f10x_rcc.o(.text)
    SPI_I2S_DeInit                           0x080031ed   Thumb Code    76  stm32f10x_spi.o(.text)
    SPI_Init                                 0x08003239   Thumb Code    60  stm32f10x_spi.o(.text)
    I2S_Init                                 0x08003275   Thumb Code   226  stm32f10x_spi.o(.text)
    SPI_StructInit                           0x08003357   Thumb Code    24  stm32f10x_spi.o(.text)
    I2S_StructInit                           0x0800336f   Thumb Code    20  stm32f10x_spi.o(.text)
    SPI_Cmd                                  0x08003383   Thumb Code    24  stm32f10x_spi.o(.text)
    I2S_Cmd                                  0x0800339b   Thumb Code    24  stm32f10x_spi.o(.text)
    SPI_I2S_ITConfig                         0x080033b3   Thumb Code    32  stm32f10x_spi.o(.text)
    SPI_I2S_DMACmd                           0x080033d3   Thumb Code    18  stm32f10x_spi.o(.text)
    SPI_I2S_SendData                         0x080033e5   Thumb Code     4  stm32f10x_spi.o(.text)
    SPI_I2S_ReceiveData                      0x080033e9   Thumb Code     6  stm32f10x_spi.o(.text)
    SPI_NSSInternalSoftwareConfig            0x080033ef   Thumb Code    30  stm32f10x_spi.o(.text)
    SPI_SSOutputCmd                          0x0800340d   Thumb Code    24  stm32f10x_spi.o(.text)
    SPI_DataSizeConfig                       0x08003425   Thumb Code    18  stm32f10x_spi.o(.text)
    SPI_TransmitCRC                          0x08003437   Thumb Code    10  stm32f10x_spi.o(.text)
    SPI_CalculateCRC                         0x08003441   Thumb Code    24  stm32f10x_spi.o(.text)
    SPI_GetCRC                               0x08003459   Thumb Code    16  stm32f10x_spi.o(.text)
    SPI_GetCRCPolynomial                     0x08003469   Thumb Code     6  stm32f10x_spi.o(.text)
    SPI_BiDirectionalLineConfig              0x0800346f   Thumb Code    28  stm32f10x_spi.o(.text)
    SPI_I2S_GetFlagStatus                    0x0800348b   Thumb Code    18  stm32f10x_spi.o(.text)
    SPI_I2S_ClearFlag                        0x0800349d   Thumb Code     6  stm32f10x_spi.o(.text)
    SPI_I2S_GetITStatus                      0x080034a3   Thumb Code    52  stm32f10x_spi.o(.text)
    SPI_I2S_ClearITPendingBit                0x080034d7   Thumb Code    20  stm32f10x_spi.o(.text)
    TIM_DeInit                               0x080034f9   Thumb Code   424  stm32f10x_tim.o(.text)
    TIM_TimeBaseInit                         0x080036a1   Thumb Code   122  stm32f10x_tim.o(.text)
    TIM_OC1Init                              0x0800371b   Thumb Code   132  stm32f10x_tim.o(.text)
    TIM_OC2Init                              0x0800379f   Thumb Code   154  stm32f10x_tim.o(.text)
    TIM_OC3Init                              0x08003839   Thumb Code   150  stm32f10x_tim.o(.text)
    TIM_OC4Init                              0x080038cf   Thumb Code   182  stm32f10x_tim.o(.text)
    TIM_SetIC4Prescaler                      0x08003985   Thumb Code    26  stm32f10x_tim.o(.text)
    TIM_SetIC3Prescaler                      0x08003a21   Thumb Code    18  stm32f10x_tim.o(.text)
    TIM_SetIC2Prescaler                      0x08003aad   Thumb Code    26  stm32f10x_tim.o(.text)
    TIM_SetIC1Prescaler                      0x08003b49   Thumb Code    18  stm32f10x_tim.o(.text)
    TIM_ICInit                               0x08003bc7   Thumb Code   150  stm32f10x_tim.o(.text)
    TIM_PWMIConfig                           0x08003c5d   Thumb Code   124  stm32f10x_tim.o(.text)
    TIM_BDTRConfig                           0x08003cd9   Thumb Code    32  stm32f10x_tim.o(.text)
    TIM_TimeBaseStructInit                   0x08003cf9   Thumb Code    18  stm32f10x_tim.o(.text)
    TIM_OCStructInit                         0x08003d0b   Thumb Code    20  stm32f10x_tim.o(.text)
    TIM_ICStructInit                         0x08003d1f   Thumb Code    18  stm32f10x_tim.o(.text)
    TIM_BDTRStructInit                       0x08003d31   Thumb Code    40  stm32f10x_tim.o(.text)
    TIM_Cmd                                  0x08003d59   Thumb Code    24  stm32f10x_tim.o(.text)
    TIM_CtrlPWMOutputs                       0x08003d71   Thumb Code    30  stm32f10x_tim.o(.text)
    TIM_ITConfig                             0x08003d8f   Thumb Code    18  stm32f10x_tim.o(.text)
    TIM_GenerateEvent                        0x08003da1   Thumb Code     4  stm32f10x_tim.o(.text)
    TIM_DMAConfig                            0x08003da5   Thumb Code    10  stm32f10x_tim.o(.text)
    TIM_DMACmd                               0x08003daf   Thumb Code    18  stm32f10x_tim.o(.text)
    TIM_InternalClockConfig                  0x08003dc1   Thumb Code    12  stm32f10x_tim.o(.text)
    TIM_SelectInputTrigger                   0x08003dcd   Thumb Code    18  stm32f10x_tim.o(.text)
    TIM_ITRxExternalClockConfig              0x08003ddf   Thumb Code    24  stm32f10x_tim.o(.text)
    TIM_TIxExternalClockConfig               0x08003df7   Thumb Code    62  stm32f10x_tim.o(.text)
    TIM_ETRConfig                            0x08003e35   Thumb Code    28  stm32f10x_tim.o(.text)
    TIM_ETRClockMode1Config                  0x08003e51   Thumb Code    54  stm32f10x_tim.o(.text)
    TIM_ETRClockMode2Config                  0x08003e87   Thumb Code    32  stm32f10x_tim.o(.text)
    TIM_PrescalerConfig                      0x08003ea7   Thumb Code     6  stm32f10x_tim.o(.text)
    TIM_CounterModeConfig                    0x08003ead   Thumb Code    18  stm32f10x_tim.o(.text)
    TIM_EncoderInterfaceConfig               0x08003ebf   Thumb Code    66  stm32f10x_tim.o(.text)
    TIM_ForcedOC1Config                      0x08003f01   Thumb Code    18  stm32f10x_tim.o(.text)
    TIM_ForcedOC2Config                      0x08003f13   Thumb Code    26  stm32f10x_tim.o(.text)
    TIM_ForcedOC3Config                      0x08003f2d   Thumb Code    18  stm32f10x_tim.o(.text)
    TIM_ForcedOC4Config                      0x08003f3f   Thumb Code    26  stm32f10x_tim.o(.text)
    TIM_ARRPreloadConfig                     0x08003f59   Thumb Code    24  stm32f10x_tim.o(.text)
    TIM_SelectCOM                            0x08003f71   Thumb Code    24  stm32f10x_tim.o(.text)
    TIM_SelectCCDMA                          0x08003f89   Thumb Code    24  stm32f10x_tim.o(.text)
    TIM_CCPreloadControl                     0x08003fa1   Thumb Code    24  stm32f10x_tim.o(.text)
    TIM_OC1PreloadConfig                     0x08003fb9   Thumb Code    18  stm32f10x_tim.o(.text)
    TIM_OC2PreloadConfig                     0x08003fcb   Thumb Code    26  stm32f10x_tim.o(.text)
    TIM_OC3PreloadConfig                     0x08003fe5   Thumb Code    18  stm32f10x_tim.o(.text)
    TIM_OC4PreloadConfig                     0x08003ff7   Thumb Code    26  stm32f10x_tim.o(.text)
    TIM_OC1FastConfig                        0x08004011   Thumb Code    18  stm32f10x_tim.o(.text)
    TIM_OC2FastConfig                        0x08004023   Thumb Code    26  stm32f10x_tim.o(.text)
    TIM_OC3FastConfig                        0x0800403d   Thumb Code    18  stm32f10x_tim.o(.text)
    TIM_OC4FastConfig                        0x0800404f   Thumb Code    26  stm32f10x_tim.o(.text)
    TIM_ClearOC1Ref                          0x08004069   Thumb Code    18  stm32f10x_tim.o(.text)
    TIM_ClearOC2Ref                          0x0800407b   Thumb Code    24  stm32f10x_tim.o(.text)
    TIM_ClearOC3Ref                          0x08004093   Thumb Code    18  stm32f10x_tim.o(.text)
    TIM_ClearOC4Ref                          0x080040a5   Thumb Code    24  stm32f10x_tim.o(.text)
    TIM_OC1PolarityConfig                    0x080040bd   Thumb Code    18  stm32f10x_tim.o(.text)
    TIM_OC1NPolarityConfig                   0x080040cf   Thumb Code    18  stm32f10x_tim.o(.text)
    TIM_OC2PolarityConfig                    0x080040e1   Thumb Code    26  stm32f10x_tim.o(.text)
    TIM_OC2NPolarityConfig                   0x080040fb   Thumb Code    26  stm32f10x_tim.o(.text)
    TIM_OC3PolarityConfig                    0x08004115   Thumb Code    26  stm32f10x_tim.o(.text)
    TIM_OC3NPolarityConfig                   0x0800412f   Thumb Code    26  stm32f10x_tim.o(.text)
    TIM_OC4PolarityConfig                    0x08004149   Thumb Code    26  stm32f10x_tim.o(.text)
    TIM_CCxCmd                               0x08004163   Thumb Code    30  stm32f10x_tim.o(.text)
    TIM_CCxNCmd                              0x08004181   Thumb Code    30  stm32f10x_tim.o(.text)
    TIM_SelectOCxM                           0x0800419f   Thumb Code    82  stm32f10x_tim.o(.text)
    TIM_UpdateDisableConfig                  0x080041f1   Thumb Code    24  stm32f10x_tim.o(.text)
    TIM_UpdateRequestConfig                  0x08004209   Thumb Code    24  stm32f10x_tim.o(.text)
    TIM_SelectHallSensor                     0x08004221   Thumb Code    24  stm32f10x_tim.o(.text)
    TIM_SelectOnePulseMode                   0x08004239   Thumb Code    18  stm32f10x_tim.o(.text)
    TIM_SelectOutputTrigger                  0x0800424b   Thumb Code    18  stm32f10x_tim.o(.text)
    TIM_SelectSlaveMode                      0x0800425d   Thumb Code    18  stm32f10x_tim.o(.text)
    TIM_SelectMasterSlaveMode                0x0800426f   Thumb Code    18  stm32f10x_tim.o(.text)
    TIM_SetCounter                           0x08004281   Thumb Code     4  stm32f10x_tim.o(.text)
    TIM_SetAutoreload                        0x08004285   Thumb Code     4  stm32f10x_tim.o(.text)
    TIM_SetCompare1                          0x08004289   Thumb Code     4  stm32f10x_tim.o(.text)
    TIM_SetCompare2                          0x0800428d   Thumb Code     4  stm32f10x_tim.o(.text)
    TIM_SetCompare3                          0x08004291   Thumb Code     4  stm32f10x_tim.o(.text)
    TIM_SetCompare4                          0x08004295   Thumb Code     6  stm32f10x_tim.o(.text)
    TIM_SetClockDivision                     0x0800429b   Thumb Code    18  stm32f10x_tim.o(.text)
    TIM_GetCapture1                          0x080042ad   Thumb Code     6  stm32f10x_tim.o(.text)
    TIM_GetCapture2                          0x080042b3   Thumb Code     6  stm32f10x_tim.o(.text)
    TIM_GetCapture3                          0x080042b9   Thumb Code     6  stm32f10x_tim.o(.text)
    TIM_GetCapture4                          0x080042bf   Thumb Code     8  stm32f10x_tim.o(.text)
    TIM_GetCounter                           0x080042c7   Thumb Code     6  stm32f10x_tim.o(.text)
    TIM_GetPrescaler                         0x080042cd   Thumb Code     6  stm32f10x_tim.o(.text)
    TIM_GetFlagStatus                        0x080042d3   Thumb Code    18  stm32f10x_tim.o(.text)
    TIM_ClearFlag                            0x080042e5   Thumb Code     6  stm32f10x_tim.o(.text)
    TIM_GetITStatus                          0x080042eb   Thumb Code    34  stm32f10x_tim.o(.text)
    TIM_ClearITPendingBit                    0x0800430d   Thumb Code     6  stm32f10x_tim.o(.text)
    USART_DeInit                             0x08004315   Thumb Code   134  stm32f10x_usart.o(.text)
    USART_Init                               0x0800439b   Thumb Code   210  stm32f10x_usart.o(.text)
    USART_StructInit                         0x0800446d   Thumb Code    24  stm32f10x_usart.o(.text)
    USART_ClockInit                          0x08004485   Thumb Code    34  stm32f10x_usart.o(.text)
    USART_ClockStructInit                    0x080044a7   Thumb Code    12  stm32f10x_usart.o(.text)
    USART_Cmd                                0x080044b3   Thumb Code    24  stm32f10x_usart.o(.text)
    USART_ITConfig                           0x080044cb   Thumb Code    74  stm32f10x_usart.o(.text)
    USART_DMACmd                             0x08004515   Thumb Code    18  stm32f10x_usart.o(.text)
    USART_SetAddress                         0x08004527   Thumb Code    18  stm32f10x_usart.o(.text)
    USART_WakeUpConfig                       0x08004539   Thumb Code    18  stm32f10x_usart.o(.text)
    USART_ReceiverWakeUpCmd                  0x0800454b   Thumb Code    24  stm32f10x_usart.o(.text)
    USART_LINBreakDetectLengthConfig         0x08004563   Thumb Code    18  stm32f10x_usart.o(.text)
    USART_LINCmd                             0x08004575   Thumb Code    24  stm32f10x_usart.o(.text)
    USART_SendData                           0x0800458d   Thumb Code     8  stm32f10x_usart.o(.text)
    USART_ReceiveData                        0x08004595   Thumb Code    10  stm32f10x_usart.o(.text)
    USART_SendBreak                          0x0800459f   Thumb Code    10  stm32f10x_usart.o(.text)
    USART_SetGuardTime                       0x080045a9   Thumb Code    16  stm32f10x_usart.o(.text)
    USART_SetPrescaler                       0x080045b9   Thumb Code    16  stm32f10x_usart.o(.text)
    USART_SmartCardCmd                       0x080045c9   Thumb Code    24  stm32f10x_usart.o(.text)
    USART_SmartCardNACKCmd                   0x080045e1   Thumb Code    24  stm32f10x_usart.o(.text)
    USART_HalfDuplexCmd                      0x080045f9   Thumb Code    24  stm32f10x_usart.o(.text)
    USART_OverSampling8Cmd                   0x08004611   Thumb Code    22  stm32f10x_usart.o(.text)
    USART_OneBitMethodCmd                    0x08004627   Thumb Code    24  stm32f10x_usart.o(.text)
    USART_IrDAConfig                         0x0800463f   Thumb Code    18  stm32f10x_usart.o(.text)
    USART_IrDACmd                            0x08004651   Thumb Code    24  stm32f10x_usart.o(.text)
    USART_GetFlagStatus                      0x08004669   Thumb Code    26  stm32f10x_usart.o(.text)
    USART_ClearFlag                          0x08004683   Thumb Code    18  stm32f10x_usart.o(.text)
    USART_GetITStatus                        0x08004695   Thumb Code    84  stm32f10x_usart.o(.text)
    USART_ClearITPendingBit                  0x080046e9   Thumb Code    52  stm32f10x_usart.o(.text)
    Reset_Handler                            0x0800471d   Thumb Code     8  startup_stm32f10x_md.o(.text)
    NMI_Handler                              0x08004725   Thumb Code     2  startup_stm32f10x_md.o(.text)
    HardFault_Handler                        0x08004727   Thumb Code     2  startup_stm32f10x_md.o(.text)
    MemManage_Handler                        0x08004729   Thumb Code     2  startup_stm32f10x_md.o(.text)
    BusFault_Handler                         0x0800472b   Thumb Code     2  startup_stm32f10x_md.o(.text)
    UsageFault_Handler                       0x0800472d   Thumb Code     2  startup_stm32f10x_md.o(.text)
    SVC_Handler                              0x0800472f   Thumb Code     2  startup_stm32f10x_md.o(.text)
    DebugMon_Handler                         0x08004731   Thumb Code     2  startup_stm32f10x_md.o(.text)
    PendSV_Handler                           0x08004733   Thumb Code     2  startup_stm32f10x_md.o(.text)
    ADC1_2_IRQHandler                        0x08004737   Thumb Code     0  startup_stm32f10x_md.o(.text)
    CAN1_RX1_IRQHandler                      0x08004737   Thumb Code     0  startup_stm32f10x_md.o(.text)
    CAN1_SCE_IRQHandler                      0x08004737   Thumb Code     0  startup_stm32f10x_md.o(.text)
    DMA1_Channel1_IRQHandler                 0x08004737   Thumb Code     0  startup_stm32f10x_md.o(.text)
    DMA1_Channel2_IRQHandler                 0x08004737   Thumb Code     0  startup_stm32f10x_md.o(.text)
    DMA1_Channel3_IRQHandler                 0x08004737   Thumb Code     0  startup_stm32f10x_md.o(.text)
    DMA1_Channel4_IRQHandler                 0x08004737   Thumb Code     0  startup_stm32f10x_md.o(.text)
    DMA1_Channel5_IRQHandler                 0x08004737   Thumb Code     0  startup_stm32f10x_md.o(.text)
    DMA1_Channel6_IRQHandler                 0x08004737   Thumb Code     0  startup_stm32f10x_md.o(.text)
    DMA1_Channel7_IRQHandler                 0x08004737   Thumb Code     0  startup_stm32f10x_md.o(.text)
    FLASH_IRQHandler                         0x08004737   Thumb Code     0  startup_stm32f10x_md.o(.text)
    I2C1_ER_IRQHandler                       0x08004737   Thumb Code     0  startup_stm32f10x_md.o(.text)
    I2C1_EV_IRQHandler                       0x08004737   Thumb Code     0  startup_stm32f10x_md.o(.text)
    I2C2_ER_IRQHandler                       0x08004737   Thumb Code     0  startup_stm32f10x_md.o(.text)
    I2C2_EV_IRQHandler                       0x08004737   Thumb Code     0  startup_stm32f10x_md.o(.text)
    PVD_IRQHandler                           0x08004737   Thumb Code     0  startup_stm32f10x_md.o(.text)
    RCC_IRQHandler                           0x08004737   Thumb Code     0  startup_stm32f10x_md.o(.text)
    RTCAlarm_IRQHandler                      0x08004737   Thumb Code     0  startup_stm32f10x_md.o(.text)
    RTC_IRQHandler                           0x08004737   Thumb Code     0  startup_stm32f10x_md.o(.text)
    SPI1_IRQHandler                          0x08004737   Thumb Code     0  startup_stm32f10x_md.o(.text)
    SPI2_IRQHandler                          0x08004737   Thumb Code     0  startup_stm32f10x_md.o(.text)
    TAMPER_IRQHandler                        0x08004737   Thumb Code     0  startup_stm32f10x_md.o(.text)
    TIM1_BRK_IRQHandler                      0x08004737   Thumb Code     0  startup_stm32f10x_md.o(.text)
    TIM1_CC_IRQHandler                       0x08004737   Thumb Code     0  startup_stm32f10x_md.o(.text)
    TIM1_TRG_COM_IRQHandler                  0x08004737   Thumb Code     0  startup_stm32f10x_md.o(.text)
    USBWakeUp_IRQHandler                     0x08004737   Thumb Code     0  startup_stm32f10x_md.o(.text)
    USB_HP_CAN1_TX_IRQHandler                0x08004737   Thumb Code     0  startup_stm32f10x_md.o(.text)
    USB_LP_CAN1_RX0_IRQHandler               0x08004737   Thumb Code     0  startup_stm32f10x_md.o(.text)
    WWDG_IRQHandler                          0x08004737   Thumb Code     0  startup_stm32f10x_md.o(.text)
    SystemInit                               0x0800481f   Thumb Code    78  system_stm32f10x.o(.text)
    SystemCoreClockUpdate                    0x0800486d   Thumb Code   142  system_stm32f10x.o(.text)
    __aeabi_uldivmod                         0x08004921   Thumb Code    98  uldiv.o(.text)
    ___aeabi_memcpy4$move                    0x08004983   Thumb Code     0  memmovea.o(.text)
    ___aeabi_memcpy8$move                    0x08004983   Thumb Code     0  memmovea.o(.text)
    __aeabi_memcpy                           0x08004983   Thumb Code    64  memmovea.o(.text)
    __aeabi_memmove                          0x08004983   Thumb Code     0  memmovea.o(.text)
    __aeabi_memmove4                         0x08004983   Thumb Code     0  memmovea.o(.text)
    __aeabi_memmove8                         0x08004983   Thumb Code     0  memmovea.o(.text)
    __cpp_initialize__aeabi_                 0x080049c5   Thumb Code    22  cpp_init.o(.text)
    __aeabi_dadd                             0x080049e5   Thumb Code   322  dadd.o(.text)
    __aeabi_dsub                             0x08004b27   Thumb Code     6  dadd.o(.text)
    __aeabi_drsub                            0x08004b2d   Thumb Code     6  dadd.o(.text)
    __aeabi_dmul                             0x08004b33   Thumb Code   228  dmul.o(.text)
    __aeabi_ddiv                             0x08004c17   Thumb Code   222  ddiv.o(.text)
    __aeabi_i2d                              0x08004cf5   Thumb Code    34  dflti.o(.text)
    __aeabi_l2d                              0x08004d17   Thumb Code    40  dfltl.o(.text)
    __aeabi_d2iz                             0x08004d3f   Thumb Code    62  dfixi.o(.text)
    __aeabi_d2lz                             0x08004d7d   Thumb Code    74  dfixl.o(.text)
    __aeabi_cdcmpeq                          0x08004dc9   Thumb Code     0  cdcmple.o(.text)
    __aeabi_cdcmple                          0x08004dc9   Thumb Code    38  cdcmple.o(.text)
    __aeabi_cdrcmple                         0x08004df1   Thumb Code    38  cdrcmple.o(.text)
    __aeabi_uidiv                            0x08004e19   Thumb Code     0  uidiv.o(.text)
    __aeabi_uidivmod                         0x08004e19   Thumb Code    44  uidiv.o(.text)
    __aeabi_llsl                             0x08004e45   Thumb Code    30  llshl.o(.text)
    _ll_shift_l                              0x08004e45   Thumb Code     0  llshl.o(.text)
    __aeabi_llsr                             0x08004e63   Thumb Code    32  llushr.o(.text)
    _ll_ushift_r                             0x08004e63   Thumb Code     0  llushr.o(.text)
    __aeabi_lasr                             0x08004e83   Thumb Code    36  llsshr.o(.text)
    _ll_sshift_r                             0x08004e83   Thumb Code     0  llsshr.o(.text)
    __I$use$fp                               0x08004ea7   Thumb Code     0  iusefp.o(.text)
    __rt_ddtor_pointer_addr                  0x08004ea9   Thumb Code     4  cpp_dtor.o(.text)
    __rt_lib_shutdown_cpp_1                  0x08004eb1   Thumb Code     2  cpp_final.o(.text)
    __rt_SIGPVFN                             0x08004eb3   Thumb Code     2  cpp_signal.o(.text)
    _double_round                            0x08004eb5   Thumb Code    26  depilogue.o(.text)
    _double_epilogue                         0x08004ecf   Thumb Code   156  depilogue.o(.text)
    __aeabi_d2ulz                            0x08004f6b   Thumb Code    48  dfixul.o(.text)
    __scatterload                            0x08004f9d   Thumb Code    28  init.o(.text)
    __scatterload_rt2                        0x08004f9d   Thumb Code     0  init.o(.text)
    __0vsprintf                              0x08004fc1   Thumb Code    30  printfa.o(i.__0vsprintf)
    __1vsprintf                              0x08004fc1   Thumb Code     0  printfa.o(i.__0vsprintf)
    __2vsprintf                              0x08004fc1   Thumb Code     0  printfa.o(i.__0vsprintf)
    __c89vsprintf                            0x08004fc1   Thumb Code     0  printfa.o(i.__0vsprintf)
    vsprintf                                 0x08004fc1   Thumb Code     0  printfa.o(i.__0vsprintf)
    __aeabi_atexit                           0x08004fe5   Thumb Code    50  aeabi_atexit.o(i.__aeabi_atexit)
    __cxa_finalize                           0x08005017   Thumb Code    66  cxa_finalize.o(i.__cxa_finalize)
    __cxa_pure_virtual                       0x08005059   Thumb Code     6  pure_virt.o(i.__cxa_pure_virtual)
    free                                     0x08005061   Thumb Code    88  mallocr.o(i.__free$realloc)
    malloc                                   0x080050bd   Thumb Code    64  mallocr.o(i.__malloc$realloc)
    __scatterload_copy                       0x0800510d   Thumb Code    14  handlers.o(i.__scatterload_copy)
    __scatterload_null                       0x0800511b   Thumb Code     2  handlers.o(i.__scatterload_null)
    __scatterload_zeroinit                   0x0800511d   Thumb Code    14  handlers.o(i.__scatterload_zeroinit)
    PIN_MAP                                  0x08005a18   Data        1792  gpio.o(.constdata)
    vtable for HardwareSerial                0x08006118   Data          36  hardwareserial.o(.constdata__ZTV14HardwareSerial)
    vtable for Print                         0x0800613c   Data          20  print.o(.constdata__ZTV5Print)
    vtable for Stream                        0x08006150   Data          36  hardwareserial.o(.constdata__ZTV6Stream)
    vtable for TwoWire                       0x08006174   Data          16  wire.o(.constdata__ZTV7TwoWire)
    vtable for WireBase                      0x08006184   Data          16  wirebase.o(.constdata__ZTV8WireBase)
    Region$$Table$$Base                      0x08006194   Number         0  anon$$obj.o(Region$$Table)
    Region$$Table$$Limit                     0x080061b4   Number         0  anon$$obj.o(Region$$Table)
    SHT$$INIT_ARRAY$$Base                    0x080061b4   Number         0  hardwareserial.o(.init_array)
    SHT$$INIT_ARRAY$$Limit                   0x080061c0   Number         0  cpp_init.o(.init_array)
    EXIT_func                                0x20000004   Data          64  exti.o(.data)
    _rx_buffer_head                          0x20000044   Data           6  usart.o(.data)
    _rx_buffer_tail                          0x2000004a   Data           6  usart.o(.data)
    USART_func                               0x20000050   Data          12  usart.o(.data)
    TIM_func                                 0x2000005c   Data          32  time_exti.o(.data)
    SystemCoreClock                          0x20000090   Data           4  system_stm32f10x.o(.data)
    AHBPrescTable                            0x20000094   Data          16  system_stm32f10x.o(.data)
    __microlib_freelist                      0x200000a4   Data           4  mvars.o(.data)
    __microlib_freelist_initialised          0x200000a8   Data           4  mvars.o(.data)
    Serial                                   0x200000b0   Data          24  hardwareserial.o(.bss)
    Serial2                                  0x200000c8   Data          24  hardwareserial.o(.bss)
    Serial3                                  0x200000e0   Data          24  hardwareserial.o(.bss)
    Wire                                     0x200000f8   Data          88  wire.o(.bss)
    SPI                                      0x20000150   Data          24  spi.o(.bss)
    SPI_2                                    0x20000168   Data          24  spi.o(.bss)
    ADC_ConvertedValue                       0x20000180   Data          16  adc.o(.bss)
    _rx_buffer                               0x20000190   Data         384  usart.o(.bss)
    __heap_base                              0x20000310   Data           0  startup_stm32f10x_md.o(HEAP)
    __heap_limit                             0x20000510   Data           0  startup_stm32f10x_md.o(HEAP)
    __initial_sp                             0x20000910   Data           0  startup_stm32f10x_md.o(STACK)



==============================================================================

Memory Map of the image

  Image Entry point : 0x080000ed

  Load Region LR_IROM1 (Base: 0x08000000, Size: 0x00006270, Max: 0x00010000, ABSOLUTE)

    Execution Region ER_IROM1 (Base: 0x08000000, Size: 0x000061c0, Max: 0x00010000, ABSOLUTE)

    Base Addr    Size         Type   Attr      Idx    E Section Name        Object

    0x08000000   0x000000ec   Data   RO          950    RESET               startup_stm32f10x_md.o
    0x080000ec   0x00000000   Code   RO         1091  * .ARM.Collect$$$$00000000  mc_w.l(entry.o)
    0x080000ec   0x00000004   Code   RO         1487    .ARM.Collect$$$$00000001  mc_w.l(entry2.o)
    0x080000f0   0x00000004   Code   RO         1490    .ARM.Collect$$$$00000004  mc_w.l(entry5.o)
    0x080000f4   0x00000000   Code   RO         1492    .ARM.Collect$$$$00000008  mc_w.l(entry7b.o)
    0x080000f4   0x00000004   Code   RO         1493    .ARM.Collect$$$$00000009  mc_w.l(entry8a.o)
    0x080000f8   0x00000000   Code   RO         1494    .ARM.Collect$$$$0000000A  mc_w.l(entry8b.o)
    0x080000f8   0x00000008   Code   RO         1495    .ARM.Collect$$$$0000000B  mc_w.l(entry9a.o)
    0x08000100   0x00000000   Code   RO         1497    .ARM.Collect$$$$0000000D  mc_w.l(entry10a.o)
    0x08000100   0x00000000   Code   RO         1499    .ARM.Collect$$$$0000000F  mc_w.l(entry11a.o)
    0x08000100   0x00000004   Code   RO         1488    .ARM.Collect$$$$00002712  mc_w.l(entry2.o)
    0x08000104   0x000003a0   Code   RO            3    .text               arduino.o
    0x080004a4   0x000005cc   Code   RO          134    .text               print.o
    0x08000a70   0x00000184   Code   RO          205    .text               hardwareserial.o
    0x08000bf4   0x000002ac   Code   RO          440    .text               wire.o
    0x08000ea0   0x000003d0   Code   RO          507    .text               spi.o
    0x08001270   0x00000094   Code   RO          534    .text               delay.o
    0x08001304   0x00000250   Code   RO          559    .text               exti.o
    0x08001554   0x00000150   Code   RO          585    .text               gpio.o
    0x080016a4   0x000002c0   Code   RO          611    .text               adc.o
    0x08001964   0x00000250   Code   RO          637    .text               pwm.o
    0x08001bb4   0x0000025c   Code   RO          657    .text               usart.o
    0x08001e10   0x00000254   Code   RO          684    .text               time_exti.o
    0x08002064   0x000001ec   Code   RO          710    .text               main.o
    0x08002250   0x000000dc   Code   RO          768    .text               misc.o
    0x0800232c   0x0000044e   Code   RO          788    .text               stm32f10x_adc.o
    0x0800277a   0x00000002   PAD
    0x0800277c   0x00000254   Code   RO          808    .text               stm32f10x_dma.o
    0x080029d0   0x0000011c   Code   RO          828    .text               stm32f10x_exti.o
    0x08002aec   0x0000035c   Code   RO          848    .text               stm32f10x_gpio.o
    0x08002e48   0x000003a4   Code   RO          868    .text               stm32f10x_rcc.o
    0x080031ec   0x0000030c   Code   RO          890    .text               stm32f10x_spi.o
    0x080034f8   0x00000e1a   Code   RO          910    .text               stm32f10x_tim.o
    0x08004312   0x00000002   PAD
    0x08004314   0x00000408   Code   RO          930    .text               stm32f10x_usart.o
    0x0800471c   0x00000024   Code   RO          951    .text               startup_stm32f10x_md.o
    0x08004740   0x000001e0   Code   RO          957    .text               system_stm32f10x.o
    0x08004920   0x00000062   Code   RO         1094    .text               mc_w.l(uldiv.o)
    0x08004982   0x00000040   Code   RO         1130    .text               mc_w.l(memmovea.o)
    0x080049c2   0x00000002   PAD
    0x080049c4   0x00000020   Code   RO         1446    .text               mc_w.l(cpp_init.o)
    0x080049e4   0x0000014e   Code   RO         1450    .text               mf_w.l(dadd.o)
    0x08004b32   0x000000e4   Code   RO         1452    .text               mf_w.l(dmul.o)
    0x08004c16   0x000000de   Code   RO         1454    .text               mf_w.l(ddiv.o)
    0x08004cf4   0x00000022   Code   RO         1458    .text               mf_w.l(dflti.o)
    0x08004d16   0x00000028   Code   RO         1460    .text               mf_w.l(dfltl.o)
    0x08004d3e   0x0000003e   Code   RO         1462    .text               mf_w.l(dfixi.o)
    0x08004d7c   0x0000004a   Code   RO         1464    .text               mf_w.l(dfixl.o)
    0x08004dc6   0x00000002   PAD
    0x08004dc8   0x00000028   Code   RO         1468    .text               mf_w.l(cdcmple.o)
    0x08004df0   0x00000028   Code   RO         1470    .text               mf_w.l(cdrcmple.o)
    0x08004e18   0x0000002c   Code   RO         1504    .text               mc_w.l(uidiv.o)
    0x08004e44   0x0000001e   Code   RO         1506    .text               mc_w.l(llshl.o)
    0x08004e62   0x00000020   Code   RO         1508    .text               mc_w.l(llushr.o)
    0x08004e82   0x00000024   Code   RO         1510    .text               mc_w.l(llsshr.o)
    0x08004ea6   0x00000000   Code   RO         1525    .text               mc_w.l(iusefp.o)
    0x08004ea6   0x00000002   PAD
    0x08004ea8   0x00000008   Code   RO         1526    .text               mc_w.l(cpp_dtor.o)
    0x08004eb0   0x00000002   Code   RO         1529    .text               mc_w.l(cpp_final.o)
    0x08004eb2   0x00000002   Code   RO         1531    .text               mc_w.l(cpp_signal.o)
    0x08004eb4   0x000000b6   Code   RO         1535    .text               mf_w.l(depilogue.o)
    0x08004f6a   0x00000030   Code   RO         1537    .text               mf_w.l(dfixul.o)
    0x08004f9a   0x00000002   PAD
    0x08004f9c   0x00000024   Code   RO         1539    .text               mc_w.l(init.o)
    0x08004fc0   0x00000024   Code   RO         1391    i.__0vsprintf       mc_w.l(printfa.o)
    0x08004fe4   0x00000032   Code   RO          984    i.__aeabi_atexit    cpprt_w.l(aeabi_atexit.o)
    0x08005016   0x00000042   Code   RO         1474    i.__cxa_finalize    cpprt_w.l(cxa_finalize.o)
    0x08005058   0x00000006   Code   RO          981    i.__cxa_pure_virtual  cpprt_w.l(pure_virt.o)
    0x0800505e   0x00000002   PAD
    0x08005060   0x0000005c   Code   RO         1417    i.__free$realloc    mc_w.l(mallocr.o)
    0x080050bc   0x00000050   Code   RO         1418    i.__malloc$realloc  mc_w.l(mallocr.o)
    0x0800510c   0x0000000e   Code   RO         1557    i.__scatterload_copy  mc_w.l(handlers.o)
    0x0800511a   0x00000002   Code   RO         1558    i.__scatterload_null  mc_w.l(handlers.o)
    0x0800511c   0x0000000e   Code   RO         1559    i.__scatterload_zeroinit  mc_w.l(handlers.o)
    0x0800512a   0x00000002   PAD
    0x0800512c   0x00000164   Code   RO         1392    i._fp_digits        mc_w.l(printfa.o)
    0x08005290   0x000006dc   Code   RO         1393    i._printf_core      mc_w.l(printfa.o)
    0x0800596c   0x00000024   Code   RO         1394    i._printf_post_padding  mc_w.l(printfa.o)
    0x08005990   0x0000002e   Code   RO         1395    i._printf_pre_padding  mc_w.l(printfa.o)
    0x080059be   0x0000000a   Code   RO         1397    i._sputc            mc_w.l(printfa.o)
    0x080059c8   0x00000050   Code   RO         1419    i.internal_alloc    mc_w.l(mallocr.o)
    0x08005a18   0x00000700   Data   RO          586    .constdata          gpio.o
    0x08006118   0x00000024   Data   RO          226    .constdata__ZTV14HardwareSerial  hardwareserial.o
    0x0800613c   0x00000014   Data   RO          145    .constdata__ZTV5Print  print.o
    0x08006150   0x00000024   Data   RO          228    .constdata__ZTV6Stream  hardwareserial.o
    0x08006174   0x00000010   Data   RO          460    .constdata__ZTV7TwoWire  wire.o
    0x08006184   0x00000010   Data   RO          496    .constdata__ZTV8WireBase  wirebase.o
    0x08006194   0x00000020   Data   RO         1555    Region$$Table       anon$$obj.o
    0x080061b4   0x00000004   Data   RO          208    .init_array         hardwareserial.o
    0x080061b8   0x00000004   Data   RO          443    .init_array         wire.o
    0x080061bc   0x00000004   Data   RO          510    .init_array         spi.o
    0x080061c0   0x00000000   Data   RO         1444    .init_array         mc_w.l(cpp_init.o)


    Execution Region RW_IRAM1 (Base: 0x20000000, Size: 0x00000910, Max: 0x00005000, ABSOLUTE)

    Base Addr    Size         Type   Attr      Idx    E Section Name        Object

    0x20000000   0x00000004   Data   RW          535    .data               delay.o
    0x20000004   0x00000040   Data   RW          560    .data               exti.o
    0x20000044   0x00000018   Data   RW          659    .data               usart.o
    0x2000005c   0x00000020   Data   RW          685    .data               time_exti.o
    0x2000007c   0x00000014   Data   RW          869    .data               stm32f10x_rcc.o
    0x20000090   0x00000014   Data   RW          958    .data               system_stm32f10x.o
    0x200000a4   0x00000004   Data   RW         1512    .data               mc_w.l(mvars.o)
    0x200000a8   0x00000004   Data   RW         1513    .data               mc_w.l(mvars.o)
    0x200000ac   0x00000004   Data   RW         1527    .data               mc_w.l(cpp_dtor.o)
    0x200000b0   0x00000048   Zero   RW          207    .bss                hardwareserial.o
    0x200000f8   0x00000058   Zero   RW          442    .bss                wire.o
    0x20000150   0x00000030   Zero   RW          509    .bss                spi.o
    0x20000180   0x00000010   Zero   RW          612    .bss                adc.o
    0x20000190   0x00000180   Zero   RW          658    .bss                usart.o
    0x20000310   0x00000200   Zero   RW          949    HEAP                startup_stm32f10x_md.o
    0x20000510   0x00000400   Zero   RW          948    STACK               startup_stm32f10x_md.o


==============================================================================

Image component sizes


      Code (inc. data)   RO Data    RW Data    ZI Data      Debug   Object Name

       704         24          0          0         16       2308   adc.o
       928         10          0          0          0     286084   arduino.o
       148         10          0          4          0       1349   delay.o
       592         12          0         64          0       2691   exti.o
       336         32       1792          0          0       4030   gpio.o
       388         50         76          0         72     234357   hardwareserial.o
       492        200          0          0          0        994   main.o
       220         22          0          0          0       1925   misc.o
      1484         38         20          0          0      24972   print.o
       592         26          0          0          0       2467   pwm.o
       976         30          4          0         48       8356   spi.o
        36          8        236          0       1536        804   startup_stm32f10x_md.o
      1102         26          0          0          0      10957   stm32f10x_adc.o
       596          8          0          0          0       4454   stm32f10x_dma.o
       284         10          0          0          0       2359   stm32f10x_exti.o
       860         38          0          0          0       5773   stm32f10x_gpio.o
       932         36          0         20          0       8928   stm32f10x_rcc.o
       780         14          0          0          0       6650   stm32f10x_spi.o
      3610         88          0          0          0      22256   stm32f10x_tim.o
      1032         22          0          0          0       8492   stm32f10x_usart.o
       480         38          0         20          0       1851   system_stm32f10x.o
       596         74          0         32          0       2499   time_exti.o
       604         46          0         24        384       2716   usart.o
       684         18         20          0         88       5679   wire.o
         0          0         16          0          0          0   wirebase.o

    ----------------------------------------------------------------------
     18460        880       2196        164       2144     652951   Object Totals
         0          0         32          0          0          0   (incl. Generated)
         4          0          0          0          0          0   (incl. Padding)

    ----------------------------------------------------------------------

      Code (inc. data)   RO Data    RW Data    ZI Data      Debug   Library Member Name

        50          0          0          0          0         84   aeabi_atexit.o
        66          0          0          0          0         84   cxa_finalize.o
         6          0          0          0          0         68   pure_virt.o
         8          4          0          4          0         68   cpp_dtor.o
         2          0          0          0          0         68   cpp_final.o
        32         10          0          0          0         80   cpp_init.o
         2          0          0          0          0         68   cpp_signal.o
         0          0          0          0          0          0   entry.o
         0          0          0          0          0          0   entry10a.o
         0          0          0          0          0          0   entry11a.o
         8          4          0          0          0          0   entry2.o
         4          0          0          0          0          0   entry5.o
         0          0          0          0          0          0   entry7b.o
         4          0          0          0          0          0   entry8a.o
         0          0          0          0          0          0   entry8b.o
         8          4          0          0          0          0   entry9a.o
        30          0          0          0          0          0   handlers.o
        36          8          0          0          0         68   init.o
         0          0          0          0          0          0   iusefp.o
        30          0          0          0          0         68   llshl.o
        36          0          0          0          0         68   llsshr.o
        32          0          0          0          0         68   llushr.o
       252         24          0          0          0        252   mallocr.o
        64          0          0          0          0         76   memmovea.o
         0          0          0          8          0          0   mvars.o
      2240         86          0          0          0        508   printfa.o
        44          0          0          0          0         80   uidiv.o
        98          0          0          0          0         92   uldiv.o
        40          2          0          0          0         68   cdcmple.o
        40          2          0          0          0         68   cdrcmple.o
       334          0          0          0          0        148   dadd.o
       222          0          0          0          0        100   ddiv.o
       182          0          0          0          0        176   depilogue.o
        62          0          0          0          0         80   dfixi.o
        74          0          0          0          0         80   dfixl.o
        48          0          0          0          0         68   dfixul.o
        34          0          0          0          0         76   dflti.o
        40          0          0          0          0         80   dfltl.o
       228          0          0          0          0         96   dmul.o

    ----------------------------------------------------------------------
      4368        144          0         12          0       2840   Library Totals
        12          0          0          0          0          0   (incl. Padding)

    ----------------------------------------------------------------------

      Code (inc. data)   RO Data    RW Data    ZI Data      Debug   Library Name

       122          0          0          0          0        236   cpprt_w.l
      2930        140          0         12          0       1564   mc_w.l
      1304          4          0          0          0       1040   mf_w.l

    ----------------------------------------------------------------------
      4368        144          0         12          0       2840   Library Totals

    ----------------------------------------------------------------------

==============================================================================


      Code (inc. data)   RO Data    RW Data    ZI Data      Debug   

     22828       1024       2196        176       2144     651679   Grand Totals
     22828       1024       2196        176       2144     651679   ELF Image Totals
     22828       1024       2196        176          0          0   ROM Totals

==============================================================================

    Total RO  Size (Code + RO Data)                25024 (  24.44kB)
    Total RW  Size (RW Data + ZI Data)              2320 (   2.27kB)
    Total ROM Size (Code + RO Data + RW Data)      25200 (  24.61kB)

==============================================================================

