Product: MDK-ARM Standard 5.10
Component: ARM Compiler 5.04 update 1 (build 49)
Tool: armlink [5040049]

==============================================================================

Section Cross References

    arduino.o(.text) refers to gpio.o(.text) for GPIO_begin
    arduino.o(.text) refers to pwm.o(.text) for PWM_Init
    arduino.o(.text) refers to adc.o(.text) for Get_ADC
    arduino.o(.text) refers to delay.o(.text) for millis
    arduino.o(.text) refers to dadd.o(.text) for __aeabi_dsub
    arduino.o(.text) refers to dmul.o(.text) for __aeabi_dmul
    arduino.o(.text) refers to ddiv.o(.text) for __aeabi_ddiv
    arduino.o(.text) refers to cdcmple.o(.text) for __aeabi_cdcmple
    arduino.o(.text) refers to cdrcmple.o(.text) for __aeabi_cdrcmple
    arduino.o(.text) refers to gpio.o(.constdata) for PIN_MAP
    dtostrf.o(.text) refers to printfa.o(i.__0sprintf) for __2sprintf
    print.o(.text) refers to uldiv.o(.text) for __aeabi_uldivmod
    print.o(.text) refers to cdrcmple.o(.text) for __aeabi_cdrcmple
    print.o(.text) refers to cdcmple.o(.text) for __aeabi_cdcmple
    print.o(.text) refers to ddiv.o(.text) for __aeabi_ddiv
    print.o(.text) refers to dadd.o(.text) for __aeabi_dadd
    print.o(.text) refers to dfixl.o(.text) for __aeabi_d2lz
    print.o(.text) refers to dfltl.o(.text) for __aeabi_l2d
    print.o(.text) refers to dmul.o(.text) for __aeabi_dmul
    print.o(.text) refers to dfixi.o(.text) for __aeabi_d2iz
    print.o(.text) refers to dflti.o(.text) for __aeabi_i2d
    print.o(.text) refers to printfa.o(i.__0vsprintf) for __c89vsprintf
    print.o(.ARM.exidx) refers to print.o(.text) for .text
    hardwareserial.o(.text) refers to usart.o(.text) for usart_init
    hardwareserial.o(.text) refers to stm32f10x_usart.o(.text) for USART_Cmd
    hardwareserial.o(.text) refers to print.o(.constdata__ZTV5Print) for vtable for Print
    hardwareserial.o(.text) refers to hardwareserial.o(.constdata__ZTV6Stream) for vtable for Stream
    hardwareserial.o(.text) refers to hardwareserial.o(.constdata__ZTV14HardwareSerial) for vtable for HardwareSerial
    hardwareserial.o(.text) refers to usart.o(.data) for _rx_buffer_head
    hardwareserial.o(.text) refers to usart.o(.bss) for _rx_buffer
    hardwareserial.o(.ARM.exidx) refers to hardwareserial.o(.text) for .text
    stream.o(.text) refers to delay.o(.text) for millis
    stream.o(.text) refers to strlen.o(.text) for strlen
    stream.o(.text) refers to f2d.o(.text) for __aeabi_f2d
    stream.o(.text) refers to dmul.o(.text) for __aeabi_dmul
    stream.o(.text) refers to d2f.o(.text) for __aeabi_d2f
    stream.o(.text) refers to fflti.o(.text) for __aeabi_i2f
    stream.o(.text) refers to fmul.o(.text) for __aeabi_fmul
    stream.o(.text) refers to wstring.o(.text) for String::String(const char*)
    stream.o(.text) refers to stream.o(i._ZN6StringpLEc) for String::operator +=(char)
    stream.o(.ARM.exidx) refers to stream.o(.text) for .text
    wstring.o(.text) refers to mallocr.o(i.__free$realloc) for free
    wstring.o(.text) refers to mallocr.o(i.realloc) for realloc
    wstring.o(.text) refers to strcpy.o(.text) for strcpy
    wstring.o(.text) refers to strlen.o(.text) for strlen
    wstring.o(.text) refers to itoa.o(.text) for itoa
    wstring.o(.text) refers to f2d.o(.text) for __aeabi_f2d
    wstring.o(.text) refers to dtostrf.o(.text) for dtostrf
    wstring.o(.text) refers to wstring.o(i._ZN6String4initEv) for String::init()
    wstring.o(.text) refers to strcmp.o(.text) for strcmp
    wstring.o(.text) refers to tolower.o(.text) for tolower
    wstring.o(.text) refers to strncmp.o(.text) for strncmp
    wstring.o(.text) refers to strncpy.o(.text) for strncpy
    wstring.o(.text) refers to strchr.o(.text) for strchr
    wstring.o(.text) refers to wstring.o(i._ZSt6strstrPcPKc) for std::strstr(char*, const char*)
    wstring.o(.text) refers to strrchr.o(.text) for strrchr
    wstring.o(.text) refers to memmovea.o(.text) for __aeabi_memcpy
    wstring.o(.text) refers to wstring.o(.data) for dummy_writable_char
    wstring.o(.text) refers to toupper.o(.text) for toupper
    wstring.o(.text) refers to wstring.o(i.isspace) for isspace
    wstring.o(.text) refers to atol.o(.text) for atol
    wstring.o(.text) refers to atof.o(i.atof) for atof
    wstring.o(.text) refers to d2f.o(.text) for __aeabi_d2f
    wstring.o(.ARM.exidx) refers to wstring.o(.text) for .text
    hardwarespi.o(.text) refers to spi.o(.text) for SPI_begin
    hardwarespi.o(.text) refers to stm32f10x_spi.o(.text) for SPI_Cmd
    hardwarespi.o(.ARM.exidx) refers to hardwarespi.o(.text) for .text
    wire.o(.text) refers to delay.o(.text) for delay_us
    wire.o(.text) refers to arduino.o(.text) for digitalWrite
    wire.o(.text) refers to wirebase.o(.constdata__ZTV8WireBase) for vtable for WireBase
    wire.o(.text) refers to wire.o(.constdata__ZTV7TwoWire) for vtable for TwoWire
[...]
    Removing hardwareserial.o(.constdata__ZTI14HardwareSerial), (12 bytes).
    Removing hardwareserial.o(.constdata__ZTI6Stream), (12 bytes).
    Removing hardwareserial.o(.constdata__ZTS14HardwareSerial), (17 bytes).
    Removing hardwareserial.o(.constdata__ZTS6Stream), (8 bytes).
    Removing stream.o(i._ZN6StringpLEc), (18 bytes).
    Removing stream.o(.ARM.exidx), (8 bytes).
    Removing wstring.o(i.isspace), (18 bytes).
    Removing wstring.o(.ARM.exidx), (8 bytes).
    Removing wstring.o(i._ZN6String4initEv), (10 bytes).
    Removing wstring.o(.ARM.exidx), (8 bytes).
    Removing wstring.o(i._ZSt6strstrPcPKc), (16 bytes).
    Removing wstring.o(.ARM.exidx), (8 bytes).
    Removing wire.o(.constdata__ZTI7TwoWire), (12 bytes).
    Removing wire.o(.constdata__ZTS7TwoWire), (9 bytes).
    Removing wirebase.o(.constdata__ZTI8WireBase), (8 bytes).
    Removing wirebase.o(.constdata__ZTS8WireBase), (10 bytes).

95 unused section(s) (total 7748 bytes) removed from the image.

==============================================================================

Image Symbol Table

    Local Symbols

    Symbol Name                              Value     Ov Type        Size  Object(Section)

    ../../../edgfe/lib_src/dtor_list.c       0x00000000   Number         0  cxa_finalize.o ABSOLUTE
    ../../../edgfe/lib_src/dtor_list.c       0x00000000   Number         0  aeabi_atexit.o ABSOLUTE
    ../../../edgfe/lib_src/pure_virt.c       0x00000000   Number         0  pure_virt.o ABSOLUTE
    ../../../edgfe/lib_src/typeinfo.c        0x00000000   Number         0  lib_rtti_impl.o ABSOLUTE
    ../../../edgfe/lib_src/typeinfo.c        0x00000000   Number         0  type_info_dtor.o ABSOLUTE
    ../clib/microlib/cpp/cpp_dtor.c          0x00000000   Number         0  cpp_dtor.o ABSOLUTE
    ../clib/microlib/cpp/cpp_final.c         0x00000000   Number         0  cpp_final.o ABSOLUTE
    ../clib/microlib/cpp/cpp_init.c          0x00000000   Number         0  cpp_init.o ABSOLUTE
    ../clib/microlib/cpp/cpp_init.c          0x00000000   Number         0  cpp_init.o ABSOLUTE
    ../clib/microlib/cpp/cpp_signal.c        0x00000000   Number         0  cpp_signal.o ABSOLUTE
    ../clib/microlib/ctype/ctype.c           0x00000000   Number         0  iscntrl_o.o ABSOLUTE
    ../clib/microlib/ctype/ctype.c           0x00000000   Number         0  ispunct_o.o ABSOLUTE
    ../clib/microlib/ctype/ctype.c           0x00000000   Number         0  islower_o.o ABSOLUTE
    ../clib/microlib/ctype/ctype.c           0x00000000   Number         0  ctype_o.o ABSOLUTE
    ../clib/microlib/ctype/ctype.c           0x00000000   Number         0  isalnum_o.o ABSOLUTE
    ../clib/microlib/ctype/ctype.c           0x00000000   Number         0  isalpha_o.o ABSOLUTE
    ../clib/microlib/ctype/ctype.c           0x00000000   Number         0  isblank_o.o ABSOLUTE
    ../clib/microlib/ctype/ctype.c           0x00000000   Number         0  isspace_o.o ABSOLUTE
    ../clib/microlib/ctype/ctype.c           0x00000000   Number         0  isprint_o.o ABSOLUTE
    ../clib/microlib/ctype/ctype.c           0x00000000   Number         0  isdigit_o.o ABSOLUTE
    ../clib/microlib/ctype/ctype.c           0x00000000   Number         0  isgraph_o.o ABSOLUTE
    ../clib/microlib/ctype/ctype.c           0x00000000   Number         0  isxdigit_o.o ABSOLUTE
    ../clib/microlib/ctype/ctype.c           0x00000000   Number         0  isupper_o.o ABSOLUTE
    ../clib/microlib/ctype/tolower.c         0x00000000   Number         0  tolower.o ABSOLUTE
    ../clib/microlib/ctype/toupper.c         0x00000000   Number         0  toupper.o ABSOLUTE
    ../clib/microlib/division.c              0x00000000   Number         0  uldiv.o ABSOLUTE
    ../clib/microlib/division.c              0x00000000   Number         0  uidiv.o ABSOLUTE
    ../clib/microlib/errno.c                 0x00000000   Number         0  errno.o ABSOLUTE
    ../clib/microlib/init/entry.s            0x00000000   Number         0  entry8a.o ABSOLUTE
    ../clib/microlib/init/entry.s            0x00000000   Number         0  entry9b.o ABSOLUTE
    ../clib/microlib/init/entry.s            0x00000000   Number         0  entry10a.o ABSOLUTE
    ../clib/microlib/init/entry.s            0x00000000   Number         0  entry5.o ABSOLUTE
    ../clib/microlib/init/entry.s            0x00000000   Number         0  entry10b.o ABSOLUTE
    ../clib/microlib/init/entry.s            0x00000000   Number         0  entry7b.o ABSOLUTE
    ../clib/microlib/init/entry.s            0x00000000   Number         0  entry2.o ABSOLUTE
    ../clib/microlib/init/entry.s            0x00000000   Number         0  entry11a.o ABSOLUTE
    ../clib/microlib/init/entry.s            0x00000000   Number         0  entry11b.o ABSOLUTE
    ../clib/microlib/init/entry.s            0x00000000   Number         0  entry7a.o ABSOLUTE
    ../clib/microlib/init/entry.s            0x00000000   Number         0  entry8b.o ABSOLUTE
    ../clib/microlib/init/entry.s            0x00000000   Number         0  entry.o ABSOLUTE
    ../clib/microlib/init/entry.s            0x00000000   Number         0  entry9a.o ABSOLUTE
    ../clib/microlib/longlong.c              0x00000000   Number         0  llshl.o ABSOLUTE
    ../clib/microlib/longlong.c              0x00000000   Number         0  llsshr.o ABSOLUTE
    ../clib/microlib/longlong.c              0x00000000   Number         0  llushr.o ABSOLUTE
    ../clib/microlib/malloc/malloc.c         0x00000000   Number         0  mallocr.o ABSOLUTE
    ../clib/microlib/malloc/malloc.c         0x00000000   Number         0  malloc.o ABSOLUTE
    ../clib/microlib/malloc/malloc.c         0x00000000   Number         0  mallocra.o ABSOLUTE
    ../clib/microlib/malloc/malloc.c         0x00000000   Number         0  malloca.o ABSOLUTE
    ../clib/microlib/malloc/mvars.c          0x00000000   Number         0  mvars.o ABSOLUTE
    ../clib/microlib/printf/printf.c         0x00000000   Number         0  printfa.o ABSOLUTE
    ../clib/microlib/printf/printf.c         0x00000000   Number         0  printf8.o ABSOLUTE
    ../clib/microlib/printf/printf.c         0x00000000   Number         0  printf7.o ABSOLUTE
    ../clib/microlib/printf/printf.c         0x00000000   Number         0  printf6.o ABSOLUTE
    ../clib/microlib/printf/printf.c         0x00000000   Number         0  printf5.o ABSOLUTE
    ../clib/microlib/printf/printf.c         0x00000000   Number         0  printf3.o ABSOLUTE
    ../clib/microlib/printf/printf.c         0x00000000   Number         0  printf2.o ABSOLUTE
    ../clib/microlib/printf/printf.c         0x00000000   Number         0  printf1.o ABSOLUTE
    ../clib/microlib/printf/printf.c         0x00000000   Number         0  printf0.o ABSOLUTE
    ../clib/microlib/printf/printf.c         0x00000000   Number         0  printfb.o ABSOLUTE
    ../clib/microlib/printf/printf.c         0x00000000   Number         0  printf4.o ABSOLUTE
    ../clib/microlib/printf/stubs.s          0x00000000   Number         0  stubs.o ABSOLUTE
    ../clib/microlib/stdio/fputc.c           0x00000000   Number         0  fputc.o ABSOLUTE
    ../clib/microlib/stdio/semi.s            0x00000000   Number         0  semi.o ABSOLUTE
    ../clib/microlib/stdio/streams.c         0x00000000   Number         0  stdout.o ABSOLUTE
    ../clib/microlib/string/memcpy.c         0x00000000   Number         0  memmoveb.o ABSOLUTE
    ../clib/microlib/string/memcpy.c         0x00000000   Number         0  memcpya.o ABSOLUTE
    ../clib/microlib/string/memcpy.c         0x00000000   Number         0  memmovea.o ABSOLUTE
    ../clib/microlib/string/memcpy.c         0x00000000   Number         0  memcpyb.o ABSOLUTE
    ../clib/microlib/string/strchr.c         0x00000000   Number         0  strchr.o ABSOLUTE
    ../clib/microlib/string/strcmp.c         0x00000000   Number         0  strcmp.o ABSOLUTE
    ../clib/microlib/string/strcpy.c         0x00000000   Number         0  strcpy.o ABSOLUTE
    ../clib/microlib/string/strlen.c         0x00000000   Number         0  strlen.o ABSOLUTE
    ../clib/microlib/string/strncmp.c        0x00000000   Number         0  strncmp.o ABSOLUTE
    ../clib/microlib/string/strncpy.c        0x00000000   Number         0  strncpy.o ABSOLUTE
    ../clib/microlib/string/strrchr.c        0x00000000   Number         0  strrchr.o ABSOLUTE
    ../clib/microlib/string/strstr.c         0x00000000   Number         0  strstr.o ABSOLUTE
    ../clib/microlib/stubs.s                 0x00000000   Number         0  iusesemip.o ABSOLUTE
    ../clib/microlib/stubs.s                 0x00000000   Number         0  iusefp.o ABSOLUTE
    ../clib/scanf.c                          0x00000000   Number         0  _chval.o ABSOLUTE
    ../clib/scanf.c                          0x00000000   Number         0  _strtoul.o ABSOLUTE
    ../clib/scanf.c                          0x00000000   Number         0  _sgetc.o ABSOLUTE
    ../clib/scanf.c                          0x00000000   Number         0  scanf_fp.o ABSOLUTE
    ../clib/scanf.c                          0x00000000   Number         0  strtod.o ABSOLUTE
    ../clib/scanf.c                          0x00000000   Number         0  atol.o ABSOLUTE
    ../clib/scanf.c                          0x00000000   Number         0  strtol.o ABSOLUTE
    ../fplib/microlib/d2f.c                  0x00000000   Number         0  d2f.o ABSOLUTE
    ../fplib/microlib/f2d.c                  0x00000000   Number         0  f2d.o ABSOLUTE
    ../fplib/microlib/fpadd.c                0x00000000   Number         0  dadd.o ABSOLUTE
    ../fplib/microlib/fpdiv.c                0x00000000   Number         0  ddiv.o ABSOLUTE
    ../fplib/microlib/fpepilogue.c           0x00000000   Number         0  depilogue.o ABSOLUTE
    ../fplib/microlib/fpepilogue.c           0x00000000   Number         0  fepilogue.o ABSOLUTE
    ../fplib/microlib/fpfix.c                0x00000000   Number         0  dfixl.o ABSOLUTE
    ../fplib/microlib/fpfix.c                0x00000000   Number         0  dfixul.o ABSOLUTE
    ../fplib/microlib/fpfix.c                0x00000000   Number         0  dfixi.o ABSOLUTE
    ../fplib/microlib/fpflt.c                0x00000000   Number         0  fflti.o ABSOLUTE
    ../fplib/microlib/fpflt.c                0x00000000   Number         0  dflti.o ABSOLUTE
    ../fplib/microlib/fpflt.c                0x00000000   Number         0  dfltl.o ABSOLUTE
    ../fplib/microlib/fpflt.c                0x00000000   Number         0  dfltul.o ABSOLUTE
    ../fplib/microlib/fpmul.c                0x00000000   Number         0  fmul.o ABSOLUTE
    ../fplib/microlib/fpmul.c                0x00000000   Number         0  dmul.o ABSOLUTE
    ../mathlib/atof.c                        0x00000000   Number         0  atof.o ABSOLUTE
    ..\ArduinoAPI\Arduino.c                  0x00000000   Number         0  arduino.o ABSOLUTE
    ..\ArduinoAPI\HardwareSPI.cpp            0x00000000   Number         0  hardwarespi.o ABSOLUTE
    ..\ArduinoAPI\HardwareSerial.cpp         0x00000000   Number         0  hardwareserial.o ABSOLUTE
    ..\ArduinoAPI\Print.cpp                  0x00000000   Number         0  print.o ABSOLUTE
    ..\ArduinoAPI\Stream.cpp                 0x00000000   Number         0  stream.o ABSOLUTE
    ..\ArduinoAPI\WString.cpp                0x00000000   Number         0  wstring.o ABSOLUTE
    ..\ArduinoAPI\Wire.cpp                   0x00000000   Number         0  wire.o ABSOLUTE
    ..\ArduinoAPI\WireBase.cpp               0x00000000   Number         0  wirebase.o ABSOLUTE
    ..\ArduinoAPI\dtostrf.c                  0x00000000   Number         0  dtostrf.o ABSOLUTE
    ..\ArduinoAPI\itoa.c                     0x00000000   Number         0  itoa.o ABSOLUTE
    ..\CORE\delay.c                          0x00000000   Number         0  delay.o ABSOLUTE
    ..\CORE\pwm.c                            0x00000000   Number         0  pwm.o ABSOLUTE
    ..\CORE\usart.c                          0x00000000   Number         0  usart.o ABSOLUTE
    ..\Core\adc.c                            0x00000000   Number         0  adc.o ABSOLUTE
    ..\Core\exti.c                           0x00000000   Number         0  exti.o ABSOLUTE
    ..\Core\gpio.c                           0x00000000   Number         0  gpio.o ABSOLUTE
    ..\Core\spi.c                            0x00000000   Number         0  spi.o ABSOLUTE
    ..\Core\time_exti.c                      0x00000000   Number         0  time_exti.o ABSOLUTE
    ..\\ArduinoAPI\\Arduino.c                0x00000000   Number         0  arduino.o ABSOLUTE
    ..\\ArduinoAPI\\HardwareSPI.cpp          0x00000000   Number         0  hardwarespi.o ABSOLUTE
    ..\\ArduinoAPI\\HardwareSerial.cpp       0x00000000   Number         0  hardwareserial.o ABSOLUTE
    ..\\ArduinoAPI\\Stream.cpp               0x00000000   Number         0  stream.o ABSOLUTE
    ..\\ArduinoAPI\\Wire.cpp                 0x00000000   Number         0  wire.o ABSOLUTE
    ..\\ArduinoAPI\\WireBase.cpp             0x00000000   Number         0  wirebase.o ABSOLUTE
    ..\\CORE\\delay.c                        0x00000000   Number         0  delay.o ABSOLUTE
    ..\\CORE\\pwm.c                          0x00000000   Number         0  pwm.o ABSOLUTE
    ..\\CORE\\usart.c                        0x00000000   Number         0  usart.o ABSOLUTE
    ..\\Core\\adc.c                          0x00000000   Number         0  adc.o ABSOLUTE
    ..\\Core\\exti.c                         0x00000000   Number         0  exti.o ABSOLUTE
    ..\\Core\\gpio.c                         0x00000000   Number         0  gpio.o ABSOLUTE
    ..\\Core\\spi.c                          0x00000000   Number         0  spi.o ABSOLUTE
    ..\\Core\\time_exti.c                    0x00000000   Number         0  time_exti.o ABSOLUTE
    D:\Keil_v5\ARM\PACK\Keil\STM32F1xx_DFP\1.1.0\Device\StdPeriph_Driver\src\misc.c 0x00000000   Number         0  misc.o ABSOLUTE
    D:\Keil_v5\ARM\PACK\Keil\STM32F1xx_DFP\1.1.0\Device\StdPeriph_Driver\src\stm32f10x_adc.c 0x00000000   Number         0  stm32f10x_adc.o ABSOLUTE
    D:\Keil_v5\ARM\PACK\Keil\STM32F1xx_DFP\1.1.0\Device\StdPeriph_Driver\src\stm32f10x_dma.c 0x00000000   Number         0  stm32f10x_dma.o ABSOLUTE
    D:\Keil_v5\ARM\PACK\Keil\STM32F1xx_DFP\1.1.0\Device\StdPeriph_Driver\src\stm32f10x_exti.c 0x00000000   Number         0  stm32f10x_exti.o ABSOLUTE
    D:\Keil_v5\ARM\PACK\Keil\STM32F1xx_DFP\1.1.0\Device\StdPeriph_Driver\src\stm32f10x_gpio.c 0x00000000   Number         0  stm32f10x_gpio.o ABSOLUTE
    D:\Keil_v5\ARM\PACK\Keil\STM32F1xx_DFP\1.1.0\Device\StdPeriph_Driver\src\stm32f10x_rcc.c 0x00000000   Number         0  stm32f10x_rcc.o ABSOLUTE
    D:\Keil_v5\ARM\PACK\Keil\STM32F1xx_DFP\1.1.0\Device\StdPeriph_Driver\src\stm32f10x_spi.c 0x00000000   Number         0  stm32f10x_spi.o ABSOLUTE
    D:\Keil_v5\ARM\PACK\Keil\STM32F1xx_DFP\1.1.0\Device\StdPeriph_Driver\src\stm32f10x_tim.c 0x00000000   Number         0  stm32f10x_tim.o ABSOLUTE
    D:\Keil_v5\ARM\PACK\Keil\STM32F1xx_DFP\1.1.0\Device\StdPeriph_Driver\src\stm32f10x_usart.c 0x00000000   Number         0  stm32f10x_usart.o ABSOLUTE
    D:\\Keil_v5\\ARM\\PACK\\Keil\\STM32F1xx_DFP\\1.1.0\\Device\\StdPeriph_Driver\\src\\misc.c 0x00000000   Number         0  misc.o ABSOLUTE
    D:\\Keil_v5\\ARM\\PACK\\Keil\\STM32F1xx_DFP\\1.1.0\\Device\\StdPeriph_Driver\\src\\stm32f10x_adc.c 0x00000000   Number         0  stm32f10x_adc.o ABSOLUTE
    D:\\Keil_v5\\ARM\\PACK\\Keil\\STM32F1xx_DFP\\1.1.0\\Device\\StdPeriph_Driver\\src\\stm32f10x_dma.c 0x00000000   Number         0  stm32f10x_dma.o ABSOLUTE
    D:\\Keil_v5\\ARM\\PACK\\Keil\\STM32F1xx_DFP\\1.1.0\\Device\\StdPeriph_Driver\\src\\stm32f10x_exti.c 0x00000000   Number         0  stm32f10x_exti.o ABSOLUTE
    D:\\Keil_v5\\ARM\\PACK\\Keil\\STM32F1xx_DFP\\1.1.0\\Device\\StdPeriph_Driver\\src\\stm32f10x_gpio.c 0x00000000   Number         0  stm32f10x_gpio.o ABSOLUTE
    D:\\Keil_v5\\ARM\\PACK\\Keil\\STM32F1xx_DFP\\1.1.0\\Device\\StdPeriph_Driver\\src\\stm32f10x_rcc.c 0x00000000   Number         0  stm32f10x_rcc.o ABSOLUTE
    D:\\Keil_v5\\ARM\\PACK\\Keil\\STM32F1xx_DFP\\1.1.0\\Device\\StdPeriph_Driver\\src\\stm32f10x_spi.c 0x00000000   Number         0  stm32f10x_spi.o ABSOLUTE
    D:\\Keil_v5\\ARM\\PACK\\Keil\\STM32F1xx_DFP\\1.1.0\\Device\\StdPeriph_Driver\\src\\stm32f10x_tim.c 0x00000000   Number         0  stm32f10x_tim.o ABSOLUTE
    D:\\Keil_v5\\ARM\\PACK\\Keil\\STM32F1xx_DFP\\1.1.0\\Device\\StdPeriph_Driver\\src\\stm32f10x_usart.c 0x00000000   Number         0  stm32f10x_usart.o ABSOLUTE
    RTE\Device\STM32F103C8\startup_stm32f10x_md.s 0x00000000   Number         0  startup_stm32f10x_md.o ABSOLUTE
    RTE\Device\STM32F103C8\system_stm32f10x.c 0x00000000   Number         0  system_stm32f10x.o ABSOLUTE
    RTE\\Device\\STM32F103C8\\system_stm32f10x.c 0x00000000   Number         0  system_stm32f10x.o ABSOLUTE
    cdcmple.s                                0x00000000   Number         0  cdcmple.o ABSOLUTE
    cdrcmple.s                               0x00000000   Number         0  cdrcmple.o ABSOLUTE
    dc.s                                     0x00000000   Number         0  dc.o ABSOLUTE
    handlers.s                               0x00000000   Number         0  handlers.o ABSOLUTE
    init.s                                   0x00000000   Number         0  init.o ABSOLUTE
    main.cpp                                 0x00000000   Number         0  main.o ABSOLUTE
    main.cpp                                 0x00000000   Number         0  main.o ABSOLUTE
    RESET                                    0x08000000   Section      236  startup_stm32f10x_md.o(RESET)
    .ARM.Collect$$$$00000000                 0x080000ec   Section        0  entry.o(.ARM.Collect$$$$00000000)
    .ARM.Collect$$$$00000001                 0x080000ec   Section        4  entry2.o(.ARM.Collect$$$$00000001)
    .ARM.Collect$$$$00000004                 0x080000f0   Section        4  entry5.o(.ARM.Collect$$$$00000004)
    .ARM.Collect$$$$00000008                 0x080000f4   Section        0  entry7b.o(.ARM.Collect$$$$00000008)
    .ARM.Collect$$$$00000009                 0x080000f4   Section        4  entry8a.o(.ARM.Collect$$$$00000009)
    .ARM.Collect$$$$0000000A                 0x080000f8   Section        0  entry8b.o(.ARM.Collect$$$$0000000A)
    .ARM.Collect$$$$0000000B                 0x080000f8   Section        8  entry9a.o(.ARM.Collect$$$$0000000B)
    .ARM.Collect$$$$0000000D                 0x08000100   Section        0  entry10a.o(.ARM.Collect$$$$0000000D)
    .ARM.Collect$$$$0000000F                 0x08000100   Section        0  entry11a.o(.ARM.Collect$$$$0000000F)
    .ARM.Collect$$$$00002712                 0x08000100   Section        4  entry2.o(.ARM.Collect$$$$00002712)
    __lit__00000000                          0x08000100   Data           4  entry2.o(.ARM.Collect$$$$00002712)
    .text                                    0x08000104   Section        0  arduino.o(.text)
    .text                                    0x080003c4   Section        0  hardwareserial.o(.text)
    .text                                    0x0800051c   Section        0  hardwarespi.o(.text)
    .text                                    0x08000844   Section        0  wire.o(.text)
    .text                                    0x08000acc   Section        0  adc.o(.text)
    ADCx_GPIO_Config                         0x08000acd   Thumb Code    32  adc.o(.text)
    ADCx_DMA_Config                          0x08000aed   Thumb Code   324  adc.o(.text)
    .text                                    0x08000d68   Section        0  delay.o(.text)
    .text                                    0x08000dfc   Section        0  usart.o(.text)
    .text                                    0x08001054   Section        0  pwm.o(.text)
    .text                                    0x08001284   Section        0  spi.o(.text)
    .text                                    0x080014b0   Section        0  exti.o(.text)
    .text                                    0x08001700   Section        0  time_exti.o(.text)
    .text                                    0x08001898   Section        0  gpio.o(.text)
    .text                                    0x080019e8   Section        0  main.o(.text)
    __sti___8_main_cpp_Serial                0x080019fd   Thumb Code    66  main.o(.text)
    .text                                    0x08001a74   Section        0  misc.o(.text)
    .text                                    0x08001b50   Section        0  stm32f10x_adc.o(.text)
    .text                                    0x08001fa0   Section        0  stm32f10x_dma.o(.text)
    .text                                    0x080021f4   Section        0  stm32f10x_exti.o(.text)
    .text                                    0x08002310   Section        0  stm32f10x_gpio.o(.text)
    .text                                    0x0800266c   Section        0  stm32f10x_rcc.o(.text)
    .text                                    0x08002a10   Section        0  stm32f10x_spi.o(.text)
    .text                                    0x08002d1c   Section        0  stm32f10x_tim.o(.text)
    TI4_Config                               0x080031c3   Thumb Code   130  stm32f10x_tim.o(.text)
    TI3_Config                               0x08003257   Thumb Code   122  stm32f10x_tim.o(.text)
    TI2_Config                               0x080032eb   Thumb Code   130  stm32f10x_tim.o(.text)
    TI1_Config                               0x0800337f   Thumb Code   108  stm32f10x_tim.o(.text)
    .text                                    0x08003b38   Section        0  stm32f10x_usart.o(.text)
    .text                                    0x08003f40   Section       36  startup_stm32f10x_md.o(.text)
    .text                                    0x08003f64   Section        0  system_stm32f10x.o(.text)
    SetSysClockTo72                          0x08003f65   Thumb Code   214  system_stm32f10x.o(.text)
    SetSysClock                              0x0800403b   Thumb Code     8  system_stm32f10x.o(.text)
    .text                                    0x08004144   Section        0  memmovea.o(.text)
    .text                                    0x08004184   Section        0  cpp_init.o(.text)
    .text                                    0x080041a4   Section        0  dadd.o(.text)
    .text                                    0x080042f2   Section        0  dmul.o(.text)
    .text                                    0x080043d6   Section        0  ddiv.o(.text)
    .text                                    0x080044b4   Section       40  cdcmple.o(.text)
    .text                                    0x080044dc   Section       40  cdrcmple.o(.text)
    .text                                    0x08004504   Section        0  llshl.o(.text)
    .text                                    0x08004522   Section        0  llushr.o(.text)
    .text                                    0x08004542   Section        0  llsshr.o(.text)
    .text                                    0x08004566   Section        0  iusefp.o(.text)
    .text                                    0x08004568   Section        0  cpp_dtor.o(.text)
    .text                                    0x08004570   Section        0  cpp_final.o(.text)
    .text                                    0x08004572   Section        0  depilogue.o(.text)
    .text                                    0x08004628   Section       36  init.o(.text)
    i.__aeabi_atexit                         0x0800464c   Section        0  aeabi_atexit.o(i.__aeabi_atexit)
    i.__cxa_finalize                         0x0800467e   Section        0  cxa_finalize.o(i.__cxa_finalize)
    i.__free$realloc                         0x080046c0   Section        0  mallocr.o(i.__free$realloc)
    i.__malloc$realloc                       0x0800471c   Section        0  mallocr.o(i.__malloc$realloc)
    i.__scatterload_copy                     0x0800476c   Section       14  handlers.o(i.__scatterload_copy)
    i.__scatterload_null                     0x0800477a   Section        2  handlers.o(i.__scatterload_null)
    i.__scatterload_zeroinit                 0x0800477c   Section       14  handlers.o(i.__scatterload_zeroinit)
    i.internal_alloc                         0x0800478c   Section        0  mallocr.o(i.internal_alloc)
    internal_alloc                           0x0800478d   Thumb Code    76  mallocr.o(i.internal_alloc)
    .constdata                               0x080047dc   Section      768  gpio.o(.constdata)
    .constdata__ZTV14HardwareSerial          0x08004adc   Section       36  hardwareserial.o(.constdata__ZTV14HardwareSerial)
    .constdata__ZTV5Print                    0x08004b00   Section       20  print.o(.constdata__ZTV5Print)
    .constdata__ZTV6Stream                   0x08004b14   Section       36  hardwareserial.o(.constdata__ZTV6Stream)
    .constdata__ZTV7TwoWire                  0x08004b38   Section       16  wire.o(.constdata__ZTV7TwoWire)
    .constdata__ZTV8WireBase                 0x08004b48   Section       16  wirebase.o(.constdata__ZTV8WireBase)
    .init_array                              0x08004b78   Section        4  main.o(.init_array)
    .init_array                              0x08004b7c   Section        0  cpp_init.o(.init_array)
    .data                                    0x20000000   Section        8  delay.o(.data)
    SYS_MS                                   0x20000000   Data           4  delay.o(.data)
    SYS_moom                                 0x20000004   Data           4  delay.o(.data)
    .data                                    0x20000008   Section       24  usart.o(.data)
    .data                                    0x20000020   Section       64  exti.o(.data)
    .data                                    0x20000060   Section       20  time_exti.o(.data)
    .data                                    0x20000074   Section        8  main.o(.data)
    .data                                    0x2000007c   Section       20  stm32f10x_rcc.o(.data)
    APBAHBPrescTable                         0x2000007c   Data          16  stm32f10x_rcc.o(.data)
    ADCPrescTable                            0x2000008c   Data           4  stm32f10x_rcc.o(.data)
    .data                                    0x20000090   Section       20  system_stm32f10x.o(.data)
    .data                                    0x200000a4   Section        4  mvars.o(.data)
    .data                                    0x200000a8   Section        4  mvars.o(.data)
    .data                                    0x200000ac   Section        4  cpp_dtor.o(.data)
    ddtor_pointer                            0x200000ac   Data           4  cpp_dtor.o(.data)
    .bss                                     0x200000b0   Section       16  adc.o(.bss)
    .bss                                     0x200000c0   Section      384  usart.o(.bss)
    .bss                                     0x20000240   Section      160  main.o(.bss)
    HEAP                                     0x200002e0   Section      512  startup_stm32f10x_md.o(HEAP)
    STACK                                    0x200004e0   Section     1024  startup_stm32f10x_md.o(STACK)

    Global Symbols

    Symbol Name                              Value     Ov Type        Size  Object(Section)

    BuildAttributes$$THM_ISAv4$P$D$K$B$S$PE$A:L22UL41UL21$X:L11$S22US41US21$IEEE1$IW$USESV6$~STKCKD$USESV7$~SHL$OTIME$ROPI$IEEEJ$EBA8$UX$MICROLIB$REQ8$PRES8$EABIv2 0x00000000   Number         0  anon$$obj.o ABSOLUTE
    __ARM_use_no_argv                        0x00000000   Number         0  main.o ABSOLUTE
    _printf_a                                0x00000000   Number         0  stubs.o ABSOLUTE
    _printf_c                                0x00000000   Number         0  stubs.o ABSOLUTE
    _printf_charcount                        0x00000000   Number         0  stubs.o ABSOLUTE
    _printf_d                                0x00000000   Number         0  stubs.o ABSOLUTE
    _printf_e                                0x00000000   Number         0  stubs.o ABSOLUTE
    _printf_f                                0x00000000   Number         0  stubs.o ABSOLUTE
    _printf_flags                            0x00000000   Number         0  stubs.o ABSOLUTE
    _printf_fp_dec                           0x00000000   Number         0  stubs.o ABSOLUTE
    _printf_fp_hex                           0x00000000   Number         0  stubs.o ABSOLUTE
    _printf_g                                0x00000000   Number         0  stubs.o ABSOLUTE
    _printf_i                                0x00000000   Number         0  stubs.o ABSOLUTE
    _printf_int_dec                          0x00000000   Number         0  stubs.o ABSOLUTE
    _printf_l                                0x00000000   Number         0  stubs.o ABSOLUTE
    _printf_lc                               0x00000000   Number         0  stubs.o ABSOLUTE
    _printf_ll                               0x00000000   Number         0  stubs.o ABSOLUTE
    _printf_lld                              0x00000000   Number         0  stubs.o ABSOLUTE
    _printf_lli                              0x00000000   Number         0  stubs.o ABSOLUTE
    _printf_llo                              0x00000000   Number         0  stubs.o ABSOLUTE
    _printf_llu                              0x00000000   Number         0  stubs.o ABSOLUTE
    _printf_llx                              0x00000000   Number         0  stubs.o ABSOLUTE
    _printf_longlong_dec                     0x00000000   Number         0  stubs.o ABSOLUTE
    _printf_longlong_hex                     0x00000000   Number         0  stubs.o ABSOLUTE
    _printf_longlong_oct                     0x00000000   Number         0  stubs.o ABSOLUTE
    _printf_ls                               0x00000000   Number         0  stubs.o ABSOLUTE
    _printf_mbtowc                           0x00000000   Number         0  stubs.o ABSOLUTE
    _printf_n                                0x00000000   Number         0  stubs.o ABSOLUTE
    _printf_o                                0x00000000   Number         0  stubs.o ABSOLUTE
    _printf_p                                0x00000000   Number         0  stubs.o ABSOLUTE
    _printf_percent                          0x00000000   Number         0  stubs.o ABSOLUTE
    _printf_pre_padding                      0x00000000   Number         0  stubs.o ABSOLUTE
    _printf_return_value                     0x00000000   Number         0  stubs.o ABSOLUTE
    _printf_s                                0x00000000   Number         0  stubs.o ABSOLUTE
    _printf_sizespec                         0x00000000   Number         0  stubs.o ABSOLUTE
    _printf_str                              0x00000000   Number         0  stubs.o ABSOLUTE
    _printf_truncate_signed                  0x00000000   Number         0  stubs.o ABSOLUTE
    _printf_truncate_unsigned                0x00000000   Number         0  stubs.o ABSOLUTE
    _printf_u                                0x00000000   Number         0  stubs.o ABSOLUTE
    _printf_wc                               0x00000000   Number         0  stubs.o ABSOLUTE
    _printf_wctomb                           0x00000000   Number         0  stubs.o ABSOLUTE
    _printf_widthprec                        0x00000000   Number         0  stubs.o ABSOLUTE
    _printf_x                                0x00000000   Number         0  stubs.o ABSOLUTE
    typeinfo for Printable                    - Undefined Weak Reference
    __decompress                              - Undefined Weak Reference
    _clock_init                               - Undefined Weak Reference
    _microlib_exit                            - Undefined Weak Reference
    __Vectors_Size                           0x000000ec   Number         0  startup_stm32f10x_md.o ABSOLUTE
    __Vectors                                0x08000000   Data           4  startup_stm32f10x_md.o(RESET)
    __dso_handle                             0x08000000   Number         0  startup_stm32f10x_md.o(RESET)
    __Vectors_End                            0x080000ec   Data           0  startup_stm32f10x_md.o(RESET)
    __main                                   0x080000ed   Thumb Code     0  entry.o(.ARM.Collect$$$$00000000)
    _main_stk                                0x080000ed   Thumb Code     0  entry2.o(.ARM.Collect$$$$00000001)
    _main_scatterload                        0x080000f1   Thumb Code     0  entry5.o(.ARM.Collect$$$$00000004)
    __main_after_scatterload                 0x080000f5   Thumb Code     0  entry5.o(.ARM.Collect$$$$00000004)
    _main_clock                              0x080000f5   Thumb Code     0  entry7b.o(.ARM.Collect$$$$00000008)
    _main_cpp_init$empty                     0x080000f5   Thumb Code     0  entry8a.o(.ARM.Collect$$$$00000009)
    _main_cpp_init                           0x080000f9   Thumb Code     0  entry8b.o(.ARM.Collect$$$$0000000A)
    _main_init                               0x080000f9   Thumb Code     0  entry9a.o(.ARM.Collect$$$$0000000B)
    __rt_final_cpp                           0x08000101   Thumb Code     0  entry10a.o(.ARM.Collect$$$$0000000D)
    __rt_final_exit                          0x08000101   Thumb Code     0  entry11a.o(.ARM.Collect$$$$0000000F)
    null_func                                0x08000105   Thumb Code     2  arduino.o(.text)
    pinMode                                  0x08000107   Thumb Code    80  arduino.o(.text)
    digitalWrite                             0x08000157   Thumb Code    42  arduino.o(.text)
    digitalRead                              0x08000181   Thumb Code    34  arduino.o(.text)
    analogWrite                              0x080001a3   Thumb Code    16  arduino.o(.text)
    analogRead                               0x080001b3   Thumb Code    60  arduino.o(.text)
    togglePin                                0x080001ef   Thumb Code    32  arduino.o(.text)
    shiftOut                                 0x0800020f   Thumb Code    72  arduino.o(.text)
    shiftIn                                  0x08000257   Thumb Code    78  arduino.o(.text)
    tone                                     0x080002a5   Thumb Code    72  arduino.o(.text)
    Map                                      0x080002ed   Thumb Code    22  arduino.o(.text)
    fmap                                     0x08000303   Thumb Code   104  arduino.o(.text)
    limit                                    0x0800036b   Thumb Code    20  arduino.o(.text)
    flimit                                   0x0800037f   Thumb Code    60  arduino.o(.text)
    HardwareSerial::HardwareSerial(USART_TypeDef*) 0x080003c5   Thumb Code    66  hardwareserial.o(.text)
    HardwareSerial::HardwareSerial__sub_object(USART_TypeDef*) 0x080003c5   Thumb Code     0  hardwareserial.o(.text)
    HardwareSerial::begin(unsigned)          0x08000407   Thumb Code    16  hardwareserial.o(.text)
    HardwareSerial::end()                    0x08000417   Thumb Code    14  hardwareserial.o(.text)
    HardwareSerial::attachInterrupt(void(*)()) 0x08000425   Thumb Code    16  hardwareserial.o(.text)
    HardwareSerial::available()              0x08000435   Thumb Code    26  hardwareserial.o(.text)
    HardwareSerial::peek()                   0x0800044f   Thumb Code    48  hardwareserial.o(.text)
    HardwareSerial::read()                   0x0800047f   Thumb Code    82  hardwareserial.o(.text)
    HardwareSerial::flush()                  0x080004d1   Thumb Code    20  hardwareserial.o(.text)
    HardwareSerial::write(unsigned char)     0x080004e5   Thumb Code    18  hardwareserial.o(.text)
    HardwareSPI::HardwareSPI(SPI_TypeDef*)   0x0800051d   Thumb Code     4  hardwarespi.o(.text)
    HardwareSPI::HardwareSPI__sub_object(SPI_TypeDef*) 0x0800051d   Thumb Code     0  hardwarespi.o(.text)
    HardwareSPI::begin()                     0x08000521   Thumb Code    38  hardwarespi.o(.text)
    HardwareSPI::setDataMode(unsigned char)  0x08000547   Thumb Code    16  hardwarespi.o(.text)
    HardwareSPI::setBitOrder(unsigned short) 0x08000557   Thumb Code    28  hardwarespi.o(.text)
    HardwareSPI::setClockDivider(unsigned short) 0x08000573   Thumb Code    16  hardwarespi.o(.text)
    HardwareSPI::Settings(unsigned, unsigned short, unsigned short) 0x08000583   Thumb Code   104  hardwarespi.o(.text)
    HardwareSPI::begin(unsigned, unsigned short, unsigned short) 0x080005eb   Thumb Code    34  hardwarespi.o(.text)
    HardwareSPI::beginSlave()                0x0800060d   Thumb Code    34  hardwarespi.o(.text)
    HardwareSPI::end()                       0x0800062f   Thumb Code    14  hardwarespi.o(.text)
    HardwareSPI::beginTransaction()          0x0800063d   Thumb Code    12  hardwarespi.o(.text)
    HardwareSPI::endTransaction()            0x08000649   Thumb Code    14  hardwarespi.o(.text)
    HardwareSPI::beginTransactionSlave()     0x08000657   Thumb Code    12  hardwarespi.o(.text)
    HardwareSPI::setDataSize(unsigned short) 0x08000663   Thumb Code    16  hardwarespi.o(.text)
    HardwareSPI::read(unsigned char*, unsigned) 0x08000673   Thumb Code    70  hardwarespi.o(.text)
    HardwareSPI::read()                      0x080006b9   Thumb Code    20  hardwarespi.o(.text)
    HardwareSPI::write(unsigned short)       0x080006cd   Thumb Code    46  hardwarespi.o(.text)
    HardwareSPI::write(const unsigned char*, unsigned) 0x080006fb   Thumb Code    66  hardwarespi.o(.text)
    HardwareSPI::transfer(unsigned char) const 0x0800073d   Thumb Code    90  hardwarespi.o(.text)
    HardwareSPI::transfer16(unsigned short) const 0x08000797   Thumb Code    90  hardwarespi.o(.text)
    HardwareSPI::send(unsigned char*, unsigned) 0x080007f1   Thumb Code    46  hardwarespi.o(.text)
    HardwareSPI::send(unsigned char)         0x0800081f   Thumb Code    20  hardwarespi.o(.text)
    HardwareSPI::recv()                      0x08000833   Thumb Code    12  hardwarespi.o(.text)
    TwoWire::set_scl(bool)                   0x08000845   Thumb Code    44  wire.o(.text)
    TwoWire::set_sda(bool)                   0x08000871   Thumb Code    26  wire.o(.text)
    TwoWire::i2c_start()                     0x0800088b   Thumb Code    22  wire.o(.text)
    TwoWire::i2c_stop()                      0x080008a1   Thumb Code    30  wire.o(.text)
    TwoWire::i2c_get_ack()                   0x080008bf   Thumb Code    58  wire.o(.text)
    TwoWire::i2c_send_ack()                  0x080008f9   Thumb Code    30  wire.o(.text)
    TwoWire::i2c_send_nack()                 0x08000917   Thumb Code    30  wire.o(.text)
    TwoWire::i2c_shift_in()                  0x08000935   Thumb Code    62  wire.o(.text)
    TwoWire::i2c_shift_out(unsigned char)    0x08000973   Thumb Code    60  wire.o(.text)
    TwoWire::process()                       0x080009af   Thumb Code   170  wire.o(.text)
    TwoWire::TwoWire(unsigned char, unsigned char, unsigned char) 0x08000a59   Thumb Code    26  wire.o(.text)
    TwoWire::TwoWire__sub_object(unsigned char, unsigned char, unsigned char) 0x08000a59   Thumb Code     0  wire.o(.text)
    TwoWire::begin(unsigned char)            0x08000a73   Thumb Code    58  wire.o(.text)
    TwoWire::~TwoWire()                      0x08000aad   Thumb Code    22  wire.o(.text)
    TwoWire::~TwoWire__sub_object()          0x08000aad   Thumb Code     0  wire.o(.text)
    ADCx_DMA_Init                            0x08000c31   Thumb Code    12  adc.o(.text)
    Get_DMA_ADC                              0x08000c3d   Thumb Code    10  adc.o(.text)
    ADCx_Init                                0x08000c47   Thumb Code   134  adc.o(.text)
    Get_ADC                                  0x08000ccd   Thumb Code    74  adc.o(.text)
    ADC_Pin_Read                             0x08000d17   Thumb Code    60  adc.o(.text)
    delay_init                               0x08000d69   Thumb Code    44  delay.o(.text)
    SysTick_Handler                          0x08000d95   Thumb Code    12  delay.o(.text)
    millis                                   0x08000da1   Thumb Code     6  delay.o(.text)
    micros                                   0x08000da7   Thumb Code    34  delay.o(.text)
    delay_ms                                 0x08000dc9   Thumb Code    18  delay.o(.text)
    delay_us                                 0x08000ddb   Thumb Code    24  delay.o(.text)
    usart_init                               0x08000dfd   Thumb Code   242  usart.o(.text)
    usart_putc                               0x08000eef   Thumb Code    16  usart.o(.text)
    usart_attachInterrupt                    0x08000eff   Thumb Code     8  usart.o(.text)
    USART1_IRQHandler                        0x08000f07   Thumb Code    94  usart.o(.text)
    USART2_IRQHandler                        0x08000f65   Thumb Code   102  usart.o(.text)
    USART3_IRQHandler                        0x08000fcb   Thumb Code    94  usart.o(.text)
    TIMx_Init                                0x08001055   Thumb Code   222  pwm.o(.text)
    PWM_Init                                 0x08001133   Thumb Code   134  pwm.o(.text)
    pwmWrite                                 0x080011b9   Thumb Code   186  pwm.o(.text)
    SPI_begin                                0x08001285   Thumb Code   112  spi.o(.text)
    SPI_Settings                             0x080012f5   Thumb Code   142  spi.o(.text)
    SPI_setBitOrder                          0x08001383   Thumb Code    40  spi.o(.text)
    SPI_setDataSize                          0x080013ab   Thumb Code    40  spi.o(.text)
    SPI_setDataMode                          0x080013d3   Thumb Code    86  spi.o(.text)
    SPI_setClockDivider                      0x08001429   Thumb Code    40  spi.o(.text)
    SPI_ReadWriteByte                        0x08001451   Thumb Code    86  spi.o(.text)
    attach_EXTI                              0x080014b1   Thumb Code   180  exti.o(.text)
    attachInterrupt                          0x08001565   Thumb Code    26  exti.o(.text)
    EXTI0_IRQHandler                         0x0800157f   Thumb Code    24  exti.o(.text)
    EXTI1_IRQHandler                         0x08001597   Thumb Code    24  exti.o(.text)
    EXTI2_IRQHandler                         0x080015af   Thumb Code    24  exti.o(.text)
    EXTI3_IRQHandler                         0x080015c7   Thumb Code    24  exti.o(.text)
    EXTI4_IRQHandler                         0x080015df   Thumb Code    24  exti.o(.text)
    EXTI9_5_IRQHandler                       0x080015f7   Thumb Code   112  exti.o(.text)
    EXTI15_10_IRQHandler                     0x08001667   Thumb Code   148  exti.o(.text)
    TIM3_Int_Init                            0x08001701   Thumb Code    90  time_exti.o(.text)
    TimerSet                                 0x0800175b   Thumb Code   218  time_exti.o(.text)
    TIM2_IRQHandler                          0x08001835   Thumb Code    28  time_exti.o(.text)
    TIM3_IRQHandler                          0x08001851   Thumb Code    28  time_exti.o(.text)
    TIM4_IRQHandler                          0x0800186d   Thumb Code    28  time_exti.o(.text)
    GPIO_begin                               0x08001899   Thumb Code   138  gpio.o(.text)
    GPIO_ToggleBits                          0x08001923   Thumb Code     8  gpio.o(.text)
    Get_GPIOx                                0x0800192b   Thumb Code   132  gpio.o(.text)
    Get_Pinx                                 0x080019af   Thumb Code    26  gpio.o(.text)
    setup()                                  0x080019e9   Thumb Code     2  main.o(.text)
    loop()                                   0x080019eb   Thumb Code     2  main.o(.text)
    main                                     0x080019ed   Thumb Code    16  main.o(.text)
    NVIC_PriorityGroupConfig                 0x08001a75   Thumb Code    10  misc.o(.text)
    NVIC_Init                                0x08001a7f   Thumb Code   100  misc.o(.text)
    NVIC_SetVectorTable                      0x08001ae3   Thumb Code    14  misc.o(.text)
    NVIC_SystemLPConfig                      0x08001af1   Thumb Code    34  misc.o(.text)
    SysTick_CLKSourceConfig                  0x08001b13   Thumb Code    40  misc.o(.text)
    ADC_DeInit                               0x08001b51   Thumb Code    78  stm32f10x_adc.o(.text)
    ADC_Init                                 0x08001b9f   Thumb Code    70  stm32f10x_adc.o(.text)
    ADC_StructInit                           0x08001be5   Thumb Code    18  stm32f10x_adc.o(.text)
    ADC_Cmd                                  0x08001bf7   Thumb Code    22  stm32f10x_adc.o(.text)
    ADC_DMACmd                               0x08001c0d   Thumb Code    22  stm32f10x_adc.o(.text)
    ADC_ITConfig                             0x08001c23   Thumb Code    24  stm32f10x_adc.o(.text)
    ADC_ResetCalibration                     0x08001c3b   Thumb Code    10  stm32f10x_adc.o(.text)
    ADC_GetResetCalibrationStatus            0x08001c45   Thumb Code    20  stm32f10x_adc.o(.text)
    ADC_StartCalibration                     0x08001c59   Thumb Code    10  stm32f10x_adc.o(.text)
    ADC_GetCalibrationStatus                 0x08001c63   Thumb Code    20  stm32f10x_adc.o(.text)
    ADC_SoftwareStartConvCmd                 0x08001c77   Thumb Code    22  stm32f10x_adc.o(.text)
    ADC_GetSoftwareStartConvStatus           0x08001c8d   Thumb Code    20  stm32f10x_adc.o(.text)
    ADC_DiscModeChannelCountConfig           0x08001ca1   Thumb Code    24  stm32f10x_adc.o(.text)
    ADC_DiscModeCmd                          0x08001cb9   Thumb Code    22  stm32f10x_adc.o(.text)
    ADC_RegularChannelConfig                 0x08001ccf   Thumb Code   184  stm32f10x_adc.o(.text)
    ADC_ExternalTrigConvCmd                  0x08001d87   Thumb Code    22  stm32f10x_adc.o(.text)
    ADC_GetConversionValue                   0x08001d9d   Thumb Code     8  stm32f10x_adc.o(.text)
    ADC_GetDualModeConversionValue           0x08001da5   Thumb Code     8  stm32f10x_adc.o(.text)
    ADC_AutoInjectedConvCmd                  0x08001dad   Thumb Code    22  stm32f10x_adc.o(.text)
    ADC_InjectedDiscModeCmd                  0x08001dc3   Thumb Code    22  stm32f10x_adc.o(.text)
    ADC_ExternalTrigInjectedConvConfig       0x08001dd9   Thumb Code    16  stm32f10x_adc.o(.text)
    ADC_ExternalTrigInjectedConvCmd          0x08001de9   Thumb Code    22  stm32f10x_adc.o(.text)
    ADC_SoftwareStartInjectedConvCmd         0x08001dff   Thumb Code    22  stm32f10x_adc.o(.text)
    ADC_GetSoftwareStartInjectedConvCmdStatus 0x08001e15   Thumb Code    20  stm32f10x_adc.o(.text)
    ADC_InjectedChannelConfig                0x08001e29   Thumb Code   130  stm32f10x_adc.o(.text)
    ADC_InjectedSequencerLengthConfig        0x08001eab   Thumb Code    24  stm32f10x_adc.o(.text)
    ADC_SetInjectedOffset                    0x08001ec3   Thumb Code    20  stm32f10x_adc.o(.text)
    ADC_GetInjectedConversionValue           0x08001ed7   Thumb Code    28  stm32f10x_adc.o(.text)
    ADC_AnalogWatchdogCmd                    0x08001ef3   Thumb Code    16  stm32f10x_adc.o(.text)
    ADC_AnalogWatchdogThresholdsConfig       0x08001f03   Thumb Code     6  stm32f10x_adc.o(.text)
    ADC_AnalogWatchdogSingleChannelConfig    0x08001f09   Thumb Code    16  stm32f10x_adc.o(.text)
    ADC_TempSensorVrefintCmd                 0x08001f19   Thumb Code    64  stm32f10x_adc.o(.text)
    ADC_GetFlagStatus                        0x08001f59   Thumb Code    18  stm32f10x_adc.o(.text)
    ADC_ClearFlag                            0x08001f6b   Thumb Code     6  stm32f10x_adc.o(.text)
    ADC_GetITStatus                          0x08001f71   Thumb Code    36  stm32f10x_adc.o(.text)
    ADC_ClearITPendingBit                    0x08001f95   Thumb Code    10  stm32f10x_adc.o(.text)
    DMA_DeInit                               0x08001fa1   Thumb Code   324  stm32f10x_dma.o(.text)
    DMA_Init                                 0x080020e5   Thumb Code    60  stm32f10x_dma.o(.text)
    DMA_StructInit                           0x08002121   Thumb Code    26  stm32f10x_dma.o(.text)
    DMA_Cmd                                  0x0800213b   Thumb Code    24  stm32f10x_dma.o(.text)
    DMA_ITConfig                             0x08002153   Thumb Code    18  stm32f10x_dma.o(.text)
    DMA_SetCurrDataCounter                   0x08002165   Thumb Code     4  stm32f10x_dma.o(.text)
    DMA_GetCurrDataCounter                   0x08002169   Thumb Code     8  stm32f10x_dma.o(.text)
    DMA_GetFlagStatus                        0x08002171   Thumb Code    40  stm32f10x_dma.o(.text)
    DMA_ClearFlag                            0x08002199   Thumb Code    22  stm32f10x_dma.o(.text)
    DMA_GetITStatus                          0x080021af   Thumb Code    40  stm32f10x_dma.o(.text)
    DMA_ClearITPendingBit                    0x080021d7   Thumb Code    22  stm32f10x_dma.o(.text)
    EXTI_DeInit                              0x080021f5   Thumb Code    28  stm32f10x_exti.o(.text)
    EXTI_Init                                0x08002211   Thumb Code   142  stm32f10x_exti.o(.text)
    EXTI_StructInit                          0x0800229f   Thumb Code    16  stm32f10x_exti.o(.text)
    EXTI_GenerateSWInterrupt                 0x080022af   Thumb Code    16  stm32f10x_exti.o(.text)
    EXTI_GetFlagStatus                       0x080022bf   Thumb Code    22  stm32f10x_exti.o(.text)
    EXTI_ClearFlag                           0x080022d5   Thumb Code     8  stm32f10x_exti.o(.text)
    EXTI_GetITStatus                         0x080022dd   Thumb Code    34  stm32f10x_exti.o(.text)
    EXTI_ClearITPendingBit                   0x080022ff   Thumb Code     8  stm32f10x_exti.o(.text)
    GPIO_DeInit                              0x08002311   Thumb Code   172  stm32f10x_gpio.o(.text)
    GPIO_AFIODeInit                          0x080023bd   Thumb Code    20  stm32f10x_gpio.o(.text)
    GPIO_Init                                0x080023d1   Thumb Code   278  stm32f10x_gpio.o(.text)
    GPIO_StructInit                          0x080024e7   Thumb Code    16  stm32f10x_gpio.o(.text)
    GPIO_ReadInputDataBit                    0x080024f7   Thumb Code    18  stm32f10x_gpio.o(.text)
    GPIO_ReadInputData                       0x08002509   Thumb Code     8  stm32f10x_gpio.o(.text)
    GPIO_ReadOutputDataBit                   0x08002511   Thumb Code    18  stm32f10x_gpio.o(.text)
    GPIO_ReadOutputData                      0x08002523   Thumb Code     8  stm32f10x_gpio.o(.text)
    GPIO_SetBits                             0x0800252b   Thumb Code     4  stm32f10x_gpio.o(.text)
    GPIO_ResetBits                           0x0800252f   Thumb Code     4  stm32f10x_gpio.o(.text)
    GPIO_WriteBit                            0x08002533   Thumb Code    10  stm32f10x_gpio.o(.text)
    GPIO_Write                               0x0800253d   Thumb Code     4  stm32f10x_gpio.o(.text)
    GPIO_PinLockConfig                       0x08002541   Thumb Code    18  stm32f10x_gpio.o(.text)
    GPIO_EventOutputConfig                   0x08002553   Thumb Code    26  stm32f10x_gpio.o(.text)
    GPIO_EventOutputCmd                      0x0800256d   Thumb Code     6  stm32f10x_gpio.o(.text)
    GPIO_PinRemapConfig                      0x08002573   Thumb Code   138  stm32f10x_gpio.o(.text)
    GPIO_EXTILineConfig                      0x080025fd   Thumb Code    66  stm32f10x_gpio.o(.text)
    GPIO_ETH_MediaInterfaceConfig            0x0800263f   Thumb Code     8  stm32f10x_gpio.o(.text)
    RCC_DeInit                               0x0800266d   Thumb Code    64  stm32f10x_rcc.o(.text)
    RCC_HSEConfig                            0x080026ad   Thumb Code    70  stm32f10x_rcc.o(.text)
    RCC_GetFlagStatus                        0x080026f3   Thumb Code    56  stm32f10x_rcc.o(.text)
    RCC_WaitForHSEStartUp                    0x0800272b   Thumb Code    56  stm32f10x_rcc.o(.text)
    RCC_AdjustHSICalibrationValue            0x08002763   Thumb Code    20  stm32f10x_rcc.o(.text)
    RCC_HSICmd                               0x08002777   Thumb Code     6  stm32f10x_rcc.o(.text)
    RCC_PLLConfig                            0x0800277d   Thumb Code    24  stm32f10x_rcc.o(.text)
    RCC_PLLCmd                               0x08002795   Thumb Code     6  stm32f10x_rcc.o(.text)
    RCC_SYSCLKConfig                         0x0800279b   Thumb Code    18  stm32f10x_rcc.o(.text)
    RCC_GetSYSCLKSource                      0x080027ad   Thumb Code    10  stm32f10x_rcc.o(.text)
    RCC_HCLKConfig                           0x080027b7   Thumb Code    18  stm32f10x_rcc.o(.text)
    RCC_PCLK1Config                          0x080027c9   Thumb Code    18  stm32f10x_rcc.o(.text)
    RCC_PCLK2Config                          0x080027db   Thumb Code    20  stm32f10x_rcc.o(.text)
    RCC_ITConfig                             0x080027ef   Thumb Code    26  stm32f10x_rcc.o(.text)
    RCC_USBCLKConfig                         0x08002809   Thumb Code     8  stm32f10x_rcc.o(.text)
    RCC_ADCCLKConfig                         0x08002811   Thumb Code    18  stm32f10x_rcc.o(.text)
    RCC_LSEConfig                            0x08002823   Thumb Code    50  stm32f10x_rcc.o(.text)
    RCC_LSICmd                               0x08002855   Thumb Code     6  stm32f10x_rcc.o(.text)
    RCC_RTCCLKConfig                         0x0800285b   Thumb Code    12  stm32f10x_rcc.o(.text)
    RCC_RTCCLKCmd                            0x08002867   Thumb Code     8  stm32f10x_rcc.o(.text)
    RCC_GetClocksFreq                        0x0800286f   Thumb Code   192  stm32f10x_rcc.o(.text)
    RCC_AHBPeriphClockCmd                    0x0800292f   Thumb Code    26  stm32f10x_rcc.o(.text)
    RCC_APB2PeriphClockCmd                   0x08002949   Thumb Code    26  stm32f10x_rcc.o(.text)
    RCC_APB1PeriphClockCmd                   0x08002963   Thumb Code    26  stm32f10x_rcc.o(.text)
    RCC_APB2PeriphResetCmd                   0x0800297d   Thumb Code    26  stm32f10x_rcc.o(.text)
    RCC_APB1PeriphResetCmd                   0x08002997   Thumb Code    26  stm32f10x_rcc.o(.text)
    RCC_BackupResetCmd                       0x080029b1   Thumb Code     8  stm32f10x_rcc.o(.text)
    RCC_ClockSecuritySystemCmd               0x080029b9   Thumb Code     6  stm32f10x_rcc.o(.text)
    RCC_MCOConfig                            0x080029bf   Thumb Code     6  stm32f10x_rcc.o(.text)
    RCC_ClearFlag                            0x080029c5   Thumb Code    14  stm32f10x_rcc.o(.text)
    RCC_GetITStatus                          0x080029d3   Thumb Code    20  stm32f10x_rcc.o(.text)
    RCC_ClearITPendingBit                    0x080029e7   Thumb Code     6  stm32f10x_rcc.o(.text)
    SPI_I2S_DeInit                           0x08002a11   Thumb Code    76  stm32f10x_spi.o(.text)
    SPI_Init                                 0x08002a5d   Thumb Code    60  stm32f10x_spi.o(.text)
    I2S_Init                                 0x08002a99   Thumb Code   226  stm32f10x_spi.o(.text)
    SPI_StructInit                           0x08002b7b   Thumb Code    24  stm32f10x_spi.o(.text)
    I2S_StructInit                           0x08002b93   Thumb Code    20  stm32f10x_spi.o(.text)
    SPI_Cmd                                  0x08002ba7   Thumb Code    24  stm32f10x_spi.o(.text)
    I2S_Cmd                                  0x08002bbf   Thumb Code    24  stm32f10x_spi.o(.text)
    SPI_I2S_ITConfig                         0x08002bd7   Thumb Code    32  stm32f10x_spi.o(.text)
    SPI_I2S_DMACmd                           0x08002bf7   Thumb Code    18  stm32f10x_spi.o(.text)
    SPI_I2S_SendData                         0x08002c09   Thumb Code     4  stm32f10x_spi.o(.text)
    SPI_I2S_ReceiveData                      0x08002c0d   Thumb Code     6  stm32f10x_spi.o(.text)
    SPI_NSSInternalSoftwareConfig            0x08002c13   Thumb Code    30  stm32f10x_spi.o(.text)
    SPI_SSOutputCmd                          0x08002c31   Thumb Code    24  stm32f10x_spi.o(.text)
    SPI_DataSizeConfig                       0x08002c49   Thumb Code    18  stm32f10x_spi.o(.text)
    SPI_TransmitCRC                          0x08002c5b   Thumb Code    10  stm32f10x_spi.o(.text)
    SPI_CalculateCRC                         0x08002c65   Thumb Code    24  stm32f10x_spi.o(.text)
    SPI_GetCRC                               0x08002c7d   Thumb Code    16  stm32f10x_spi.o(.text)
    SPI_GetCRCPolynomial                     0x08002c8d   Thumb Code     6  stm32f10x_spi.o(.text)
    SPI_BiDirectionalLineConfig              0x08002c93   Thumb Code    28  stm32f10x_spi.o(.text)
    SPI_I2S_GetFlagStatus                    0x08002caf   Thumb Code    18  stm32f10x_spi.o(.text)
    SPI_I2S_ClearFlag                        0x08002cc1   Thumb Code     6  stm32f10x_spi.o(.text)
    SPI_I2S_GetITStatus                      0x08002cc7   Thumb Code    52  stm32f10x_spi.o(.text)
    SPI_I2S_ClearITPendingBit                0x08002cfb   Thumb Code    20  stm32f10x_spi.o(.text)
    TIM_DeInit                               0x08002d1d   Thumb Code   424  stm32f10x_tim.o(.text)
    TIM_TimeBaseInit                         0x08002ec5   Thumb Code   122  stm32f10x_tim.o(.text)
    TIM_OC1Init                              0x08002f3f   Thumb Code   132  stm32f10x_tim.o(.text)
    TIM_OC2Init                              0x08002fc3   Thumb Code   154  stm32f10x_tim.o(.text)
    TIM_OC3Init                              0x0800305d   Thumb Code   150  stm32f10x_tim.o(.text)
    TIM_OC4Init                              0x080030f3   Thumb Code   182  stm32f10x_tim.o(.text)
    TIM_SetIC4Prescaler                      0x080031a9   Thumb Code    26  stm32f10x_tim.o(.text)
    TIM_SetIC3Prescaler                      0x08003245   Thumb Code    18  stm32f10x_tim.o(.text)
    TIM_SetIC2Prescaler                      0x080032d1   Thumb Code    26  stm32f10x_tim.o(.text)
    TIM_SetIC1Prescaler                      0x0800336d   Thumb Code    18  stm32f10x_tim.o(.text)
    TIM_ICInit                               0x080033eb   Thumb Code   150  stm32f10x_tim.o(.text)
    TIM_PWMIConfig                           0x08003481   Thumb Code   124  stm32f10x_tim.o(.text)
    TIM_BDTRConfig                           0x080034fd   Thumb Code    32  stm32f10x_tim.o(.text)
    TIM_TimeBaseStructInit                   0x0800351d   Thumb Code    18  stm32f10x_tim.o(.text)
    TIM_OCStructInit                         0x0800352f   Thumb Code    20  stm32f10x_tim.o(.text)
    TIM_ICStructInit                         0x08003543   Thumb Code    18  stm32f10x_tim.o(.text)
    TIM_BDTRStructInit                       0x08003555   Thumb Code    40  stm32f10x_tim.o(.text)
    TIM_Cmd                                  0x0800357d   Thumb Code    24  stm32f10x_tim.o(.text)
    TIM_CtrlPWMOutputs                       0x08003595   Thumb Code    30  stm32f10x_tim.o(.text)
    TIM_ITConfig                             0x080035b3   Thumb Code    18  stm32f10x_tim.o(.text)
    TIM_GenerateEvent                        0x080035c5   Thumb Code     4  stm32f10x_tim.o(.text)
    TIM_DMAConfig                            0x080035c9   Thumb Code    10  stm32f10x_tim.o(.text)
    TIM_DMACmd                               0x080035d3   Thumb Code    18  stm32f10x_tim.o(.text)
    TIM_InternalClockConfig                  0x080035e5   Thumb Code    12  stm32f10x_tim.o(.text)
    TIM_SelectInputTrigger                   0x080035f1   Thumb Code    18  stm32f10x_tim.o(.text)
    TIM_ITRxExternalClockConfig              0x08003603   Thumb Code    24  stm32f10x_tim.o(.text)
    TIM_TIxExternalClockConfig               0x0800361b   Thumb Code    62  stm32f10x_tim.o(.text)
    TIM_ETRConfig                            0x08003659   Thumb Code    28  stm32f10x_tim.o(.text)
    TIM_ETRClockMode1Config                  0x08003675   Thumb Code    54  stm32f10x_tim.o(.text)
    TIM_ETRClockMode2Config                  0x080036ab   Thumb Code    32  stm32f10x_tim.o(.text)
    TIM_PrescalerConfig                      0x080036cb   Thumb Code     6  stm32f10x_tim.o(.text)
    TIM_CounterModeConfig                    0x080036d1   Thumb Code    18  stm32f10x_tim.o(.text)
    TIM_EncoderInterfaceConfig               0x080036e3   Thumb Code    66  stm32f10x_tim.o(.text)
    TIM_ForcedOC1Config                      0x08003725   Thumb Code    18  stm32f10x_tim.o(.text)
    TIM_ForcedOC2Config                      0x08003737   Thumb Code    26  stm32f10x_tim.o(.text)
    TIM_ForcedOC3Config                      0x08003751   Thumb Code    18  stm32f10x_tim.o(.text)
    TIM_ForcedOC4Config                      0x08003763   Thumb Code    26  stm32f10x_tim.o(.text)
    TIM_ARRPreloadConfig                     0x0800377d   Thumb Code    24  stm32f10x_tim.o(.text)
    TIM_SelectCOM                            0x08003795   Thumb Code    24  stm32f10x_tim.o(.text)
    TIM_SelectCCDMA                          0x080037ad   Thumb Code    24  stm32f10x_tim.o(.text)
    TIM_CCPreloadControl                     0x080037c5   Thumb Code    24  stm32f10x_tim.o(.text)
    TIM_OC1PreloadConfig                     0x080037dd   Thumb Code    18  stm32f10x_tim.o(.text)
    TIM_OC2PreloadConfig                     0x080037ef   Thumb Code    26  stm32f10x_tim.o(.text)
    TIM_OC3PreloadConfig                     0x08003809   Thumb Code    18  stm32f10x_tim.o(.text)
    TIM_OC4PreloadConfig                     0x0800381b   Thumb Code    26  stm32f10x_tim.o(.text)
    TIM_OC1FastConfig                        0x08003835   Thumb Code    18  stm32f10x_tim.o(.text)
    TIM_OC2FastConfig                        0x08003847   Thumb Code    26  stm32f10x_tim.o(.text)
    TIM_OC3FastConfig                        0x08003861   Thumb Code    18  stm32f10x_tim.o(.text)
    TIM_OC4FastConfig                        0x08003873   Thumb Code    26  stm32f10x_tim.o(.text)
    TIM_ClearOC1Ref                          0x0800388d   Thumb Code    18  stm32f10x_tim.o(.text)
    TIM_ClearOC2Ref                          0x0800389f   Thumb Code    24  stm32f10x_tim.o(.text)
    TIM_ClearOC3Ref                          0x080038b7   Thumb Code    18  stm32f10x_tim.o(.text)
    TIM_ClearOC4Ref                          0x080038c9   Thumb Code    24  stm32f10x_tim.o(.text)
    TIM_OC1PolarityConfig                    0x080038e1   Thumb Code    18  stm32f10x_tim.o(.text)
    TIM_OC1NPolarityConfig                   0x080038f3   Thumb Code    18  stm32f10x_tim.o(.text)
    TIM_OC2PolarityConfig                    0x08003905   Thumb Code    26  stm32f10x_tim.o(.text)
    TIM_OC2NPolarityConfig                   0x0800391f   Thumb Code    26  stm32f10x_tim.o(.text)
    TIM_OC3PolarityConfig                    0x08003939   Thumb Code    26  stm32f10x_tim.o(.text)
    TIM_OC3NPolarityConfig                   0x08003953   Thumb Code    26  stm32f10x_tim.o(.text)
    TIM_OC4PolarityConfig                    0x0800396d   Thumb Code    26  stm32f10x_tim.o(.text)
    TIM_CCxCmd                               0x08003987   Thumb Code    30  stm32f10x_tim.o(.text)
    TIM_CCxNCmd                              0x080039a5   Thumb Code    30  stm32f10x_tim.o(.text)
    TIM_SelectOCxM                           0x080039c3   Thumb Code    82  stm32f10x_tim.o(.text)
    TIM_UpdateDisableConfig                  0x08003a15   Thumb Code    24  stm32f10x_tim.o(.text)
    TIM_UpdateRequestConfig                  0x08003a2d   Thumb Code    24  stm32f10x_tim.o(.text)
    TIM_SelectHallSensor                     0x08003a45   Thumb Code    24  stm32f10x_tim.o(.text)
    TIM_SelectOnePulseMode                   0x08003a5d   Thumb Code    18  stm32f10x_tim.o(.text)
    TIM_SelectOutputTrigger                  0x08003a6f   Thumb Code    18  stm32f10x_tim.o(.text)
    TIM_SelectSlaveMode                      0x08003a81   Thumb Code    18  stm32f10x_tim.o(.text)
    TIM_SelectMasterSlaveMode                0x08003a93   Thumb Code    18  stm32f10x_tim.o(.text)
    TIM_SetCounter                           0x08003aa5   Thumb Code     4  stm32f10x_tim.o(.text)
    TIM_SetAutoreload                        0x08003aa9   Thumb Code     4  stm32f10x_tim.o(.text)
    TIM_SetCompare1                          0x08003aad   Thumb Code     4  stm32f10x_tim.o(.text)
    TIM_SetCompare2                          0x08003ab1   Thumb Code     4  stm32f10x_tim.o(.text)
    TIM_SetCompare3                          0x08003ab5   Thumb Code     4  stm32f10x_tim.o(.text)
    TIM_SetCompare4                          0x08003ab9   Thumb Code     6  stm32f10x_tim.o(.text)
    TIM_SetClockDivision                     0x08003abf   Thumb Code    18  stm32f10x_tim.o(.text)
    TIM_GetCapture1                          0x08003ad1   Thumb Code     6  stm32f10x_tim.o(.text)
    TIM_GetCapture2                          0x08003ad7   Thumb Code     6  stm32f10x_tim.o(.text)
    TIM_GetCapture3                          0x08003add   Thumb Code     6  stm32f10x_tim.o(.text)
    TIM_GetCapture4                          0x08003ae3   Thumb Code     8  stm32f10x_tim.o(.text)
    TIM_GetCounter                           0x08003aeb   Thumb Code     6  stm32f10x_tim.o(.text)
    TIM_GetPrescaler                         0x08003af1   Thumb Code     6  stm32f10x_tim.o(.text)
    TIM_GetFlagStatus                        0x08003af7   Thumb Code    18  stm32f10x_tim.o(.text)
    TIM_ClearFlag                            0x08003b09   Thumb Code     6  stm32f10x_tim.o(.text)
    TIM_GetITStatus                          0x08003b0f   Thumb Code    34  stm32f10x_tim.o(.text)
    TIM_ClearITPendingBit                    0x08003b31   Thumb Code     6  stm32f10x_tim.o(.text)
    USART_DeInit                             0x08003b39   Thumb Code   134  stm32f10x_usart.o(.text)
    USART_Init                               0x08003bbf   Thumb Code   210  stm32f10x_usart.o(.text)
    USART_StructInit                         0x08003c91   Thumb Code    24  stm32f10x_usart.o(.text)
    USART_ClockInit                          0x08003ca9   Thumb Code    34  stm32f10x_usart.o(.text)
    USART_ClockStructInit                    0x08003ccb   Thumb Code    12  stm32f10x_usart.o(.text)
    USART_Cmd                                0x08003cd7   Thumb Code    24  stm32f10x_usart.o(.text)
    USART_ITConfig                           0x08003cef   Thumb Code    74  stm32f10x_usart.o(.text)
    USART_DMACmd                             0x08003d39   Thumb Code    18  stm32f10x_usart.o(.text)
    USART_SetAddress                         0x08003d4b   Thumb Code    18  stm32f10x_usart.o(.text)
    USART_WakeUpConfig                       0x08003d5d   Thumb Code    18  stm32f10x_usart.o(.text)
    USART_ReceiverWakeUpCmd                  0x08003d6f   Thumb Code    24  stm32f10x_usart.o(.text)
    USART_LINBreakDetectLengthConfig         0x08003d87   Thumb Code    18  stm32f10x_usart.o(.text)
    USART_LINCmd                             0x08003d99   Thumb Code    24  stm32f10x_usart.o(.text)
    USART_SendData                           0x08003db1   Thumb Code     8  stm32f10x_usart.o(.text)
    USART_ReceiveData                        0x08003db9   Thumb Code    10  stm32f10x_usart.o(.text)
    USART_SendBreak                          0x08003dc3   Thumb Code    10  stm32f10x_usart.o(.text)
    USART_SetGuardTime                       0x08003dcd   Thumb Code    16  stm32f10x_usart.o(.text)
    USART_SetPrescaler                       0x08003ddd   Thumb Code    16  stm32f10x_usart.o(.text)
    USART_SmartCardCmd                       0x08003ded   Thumb Code    24  stm32f10x_usart.o(.text)
    USART_SmartCardNACKCmd                   0x08003e05   Thumb Code    24  stm32f10x_usart.o(.text)
    USART_HalfDuplexCmd                      0x08003e1d   Thumb Code    24  stm32f10x_usart.o(.text)
    USART_OverSampling8Cmd                   0x08003e35   Thumb Code    22  stm32f10x_usart.o(.text)
    USART_OneBitMethodCmd                    0x08003e4b   Thumb Code    24  stm32f10x_usart.o(.text)
    USART_IrDAConfig                         0x08003e63   Thumb Code    18  stm32f10x_usart.o(.text)
    USART_IrDACmd                            0x08003e75   Thumb Code    24  stm32f10x_usart.o(.text)
    USART_GetFlagStatus                      0x08003e8d   Thumb Code    26  stm32f10x_usart.o(.text)
    USART_ClearFlag                          0x08003ea7   Thumb Code    18  stm32f10x_usart.o(.text)
    USART_GetITStatus                        0x08003eb9   Thumb Code    84  stm32f10x_usart.o(.text)
    USART_ClearITPendingBit                  0x08003f0d   Thumb Code    52  stm32f10x_usart.o(.text)
    Reset_Handler                            0x08003f41   Thumb Code     8  startup_stm32f10x_md.o(.text)
    NMI_Handler                              0x08003f49   Thumb Code     2  startup_stm32f10x_md.o(.text)
    HardFault_Handler                        0x08003f4b   Thumb Code     2  startup_stm32f10x_md.o(.text)
    MemManage_Handler                        0x08003f4d   Thumb Code     2  startup_stm32f10x_md.o(.text)
    BusFault_Handler                         0x08003f4f   Thumb Code     2  startup_stm32f10x_md.o(.text)
    UsageFault_Handler                       0x08003f51   Thumb Code     2  startup_stm32f10x_md.o(.text)
    SVC_Handler                              0x08003f53   Thumb Code     2  startup_stm32f10x_md.o(.text)
    DebugMon_Handler                         0x08003f55   Thumb Code     2  startup_stm32f10x_md.o(.text)
    PendSV_Handler                           0x08003f57   Thumb Code     2  startup_stm32f10x_md.o(.text)
    ADC1_2_IRQHandler                        0x08003f5b   Thumb Code     0  startup_stm32f10x_md.o(.text)
    CAN1_RX1_IRQHandler                      0x08003f5b   Thumb Code     0  startup_stm32f10x_md.o(.text)
    CAN1_SCE_IRQHandler                      0x08003f5b   Thumb Code     0  startup_stm32f10x_md.o(.text)
    DMA1_Channel1_IRQHandler                 0x08003f5b   Thumb Code     0  startup_stm32f10x_md.o(.text)
    DMA1_Channel2_IRQHandler                 0x08003f5b   Thumb Code     0  startup_stm32f10x_md.o(.text)
    DMA1_Channel3_IRQHandler                 0x08003f5b   Thumb Code     0  startup_stm32f10x_md.o(.text)
    DMA1_Channel4_IRQHandler                 0x08003f5b   Thumb Code     0  startup_stm32f10x_md.o(.text)
    DMA1_Channel5_IRQHandler                 0x08003f5b   Thumb Code     0  startup_stm32f10x_md.o(.text)
    DMA1_Channel6_IRQHandler                 0x08003f5b   Thumb Code     0  startup_stm32f10x_md.o(.text)
    DMA1_Channel7_IRQHandler                 0x08003f5b   Thumb Code     0  startup_stm32f10x_md.o(.text)
    FLASH_IRQHandler                         0x08003f5b   Thumb Code     0  startup_stm32f10x_md.o(.text)
    I2C1_ER_IRQHandler                       0x08003f5b   Thumb Code     0  startup_stm32f10x_md.o(.text)
    I2C1_EV_IRQHandler                       0x08003f5b   Thumb Code     0  startup_stm32f10x_md.o(.text)
    I2C2_ER_IRQHandler                       0x08003f5b   Thumb Code     0  startup_stm32f10x_md.o(.text)
    I2C2_EV_IRQHandler                       0x08003f5b   Thumb Code     0  startup_stm32f10x_md.o(.text)
    PVD_IRQHandler                           0x08003f5b   Thumb Code     0  startup_stm32f10x_md.o(.text)
    RCC_IRQHandler                           0x08003f5b   Thumb Code     0  startup_stm32f10x_md.o(.text)
    RTCAlarm_IRQHandler                      0x08003f5b   Thumb Code     0  startup_stm32f10x_md.o(.text)
    RTC_IRQHandler                           0x08003f5b   Thumb Code     0  startup_stm32f10x_md.o(.text)
    SPI1_IRQHandler                          0x08003f5b   Thumb Code     0  startup_stm32f10x_md.o(.text)
    SPI2_IRQHandler                          0x08003f5b   Thumb Code     0  startup_stm32f10x_md.o(.text)
    TAMPER_IRQHandler                        0x08003f5b   Thumb Code     0  startup_stm32f10x_md.o(.text)
    TIM1_BRK_IRQHandler                      0x08003f5b   Thumb Code     0  startup_stm32f10x_md.o(.text)
    TIM1_CC_IRQHandler                       0x08003f5b   Thumb Code     0  startup_stm32f10x_md.o(.text)
    TIM1_TRG_COM_IRQHandler                  0x08003f5b   Thumb Code     0  startup_stm32f10x_md.o(.text)
    TIM1_UP_IRQHandler                       0x08003f5b   Thumb Code     0  startup_stm32f10x_md.o(.text)
    USBWakeUp_IRQHandler                     0x08003f5b   Thumb Code     0  startup_stm32f10x_md.o(.text)
    USB_HP_CAN1_TX_IRQHandler                0x08003f5b   Thumb Code     0  startup_stm32f10x_md.o(.text)
    USB_LP_CAN1_RX0_IRQHandler               0x08003f5b   Thumb Code     0  startup_stm32f10x_md.o(.text)
    WWDG_IRQHandler                          0x08003f5b   Thumb Code     0  startup_stm32f10x_md.o(.text)
    SystemInit                               0x08004043   Thumb Code    78  system_stm32f10x.o(.text)
    SystemCoreClockUpdate                    0x08004091   Thumb Code   142  system_stm32f10x.o(.text)
    ___aeabi_memcpy4$move                    0x08004145   Thumb Code     0  memmovea.o(.text)
    ___aeabi_memcpy8$move                    0x08004145   Thumb Code     0  memmovea.o(.text)
    __aeabi_memcpy                           0x08004145   Thumb Code    64  memmovea.o(.text)
    __aeabi_memmove                          0x08004145   Thumb Code     0  memmovea.o(.text)
    __aeabi_memmove4                         0x08004145   Thumb Code     0  memmovea.o(.text)
    __aeabi_memmove8                         0x08004145   Thumb Code     0  memmovea.o(.text)
    __cpp_initialize__aeabi_                 0x08004185   Thumb Code    22  cpp_init.o(.text)
    __aeabi_dadd                             0x080041a5   Thumb Code   322  dadd.o(.text)
    __aeabi_dsub                             0x080042e7   Thumb Code     6  dadd.o(.text)
    __aeabi_drsub                            0x080042ed   Thumb Code     6  dadd.o(.text)
    __aeabi_dmul                             0x080042f3   Thumb Code   228  dmul.o(.text)
    __aeabi_ddiv                             0x080043d7   Thumb Code   222  ddiv.o(.text)
    __aeabi_cdcmpeq                          0x080044b5   Thumb Code     0  cdcmple.o(.text)
    __aeabi_cdcmple                          0x080044b5   Thumb Code    38  cdcmple.o(.text)
    __aeabi_cdrcmple                         0x080044dd   Thumb Code    38  cdrcmple.o(.text)
    __aeabi_llsl                             0x08004505   Thumb Code    30  llshl.o(.text)
    _ll_shift_l                              0x08004505   Thumb Code     0  llshl.o(.text)
    __aeabi_llsr                             0x08004523   Thumb Code    32  llushr.o(.text)
    _ll_ushift_r                             0x08004523   Thumb Code     0  llushr.o(.text)
    __aeabi_lasr                             0x08004543   Thumb Code    36  llsshr.o(.text)
    _ll_sshift_r                             0x08004543   Thumb Code     0  llsshr.o(.text)
    __I$use$fp                               0x08004567   Thumb Code     0  iusefp.o(.text)
    __rt_ddtor_pointer_addr                  0x08004569   Thumb Code     4  cpp_dtor.o(.text)
    __rt_lib_shutdown_cpp_1                  0x08004571   Thumb Code     2  cpp_final.o(.text)
    _double_round                            0x08004573   Thumb Code    26  depilogue.o(.text)
    _double_epilogue                         0x0800458d   Thumb Code   156  depilogue.o(.text)
    __scatterload                            0x08004629   Thumb Code    28  init.o(.text)
    __scatterload_rt2                        0x08004629   Thumb Code     0  init.o(.text)
    __aeabi_atexit                           0x0800464d   Thumb Code    50  aeabi_atexit.o(i.__aeabi_atexit)
    __cxa_finalize                           0x0800467f   Thumb Code    66  cxa_finalize.o(i.__cxa_finalize)
    free                                     0x080046c1   Thumb Code    88  mallocr.o(i.__free$realloc)
    malloc                                   0x0800471d   Thumb Code    64  mallocr.o(i.__malloc$realloc)
    __scatterload_copy                       0x0800476d   Thumb Code    14  handlers.o(i.__scatterload_copy)
    __scatterload_null                       0x0800477b   Thumb Code     2  handlers.o(i.__scatterload_null)
    __scatterload_zeroinit                   0x0800477d   Thumb Code    14  handlers.o(i.__scatterload_zeroinit)
    PIN_MAP                                  0x080047dc   Data         768  gpio.o(.constdata)
    vtable for HardwareSerial                0x08004adc   Data          36  hardwareserial.o(.constdata__ZTV14HardwareSerial)
    vtable for Print                         0x08004b00   Data          20  print.o(.constdata__ZTV5Print)
    vtable for Stream                        0x08004b14   Data          36  hardwareserial.o(.constdata__ZTV6Stream)
    vtable for TwoWire                       0x08004b38   Data          16  wire.o(.constdata__ZTV7TwoWire)
    vtable for WireBase                      0x08004b48   Data          16  wirebase.o(.constdata__ZTV8WireBase)
    Region$$Table$$Base                      0x08004b58   Number         0  anon$$obj.o(Region$$Table)
    Region$$Table$$Limit                     0x08004b78   Number         0  anon$$obj.o(Region$$Table)
    SHT$$INIT_ARRAY$$Base                    0x08004b78   Number         0  main.o(.init_array)
    SHT$$INIT_ARRAY$$Limit                   0x08004b7c   Number         0  cpp_init.o(.init_array)
    _rx_buffer_head                          0x20000008   Data           6  usart.o(.data)
    _rx_buffer_tail                          0x2000000e   Data           6  usart.o(.data)
    USART_func                               0x20000014   Data          12  usart.o(.data)
    EXIT_func                                0x20000020   Data          64  exti.o(.data)
    TIM_func                                 0x20000060   Data          20  time_exti.o(.data)
    SPI                                      0x20000074   Data           4  main.o(.data)
    SPI_2                                    0x20000078   Data           4  main.o(.data)
    SystemCoreClock                          0x20000090   Data           4  system_stm32f10x.o(.data)
    AHBPrescTable                            0x20000094   Data          16  system_stm32f10x.o(.data)
    __microlib_freelist                      0x200000a4   Data           4  mvars.o(.data)
    __microlib_freelist_initialised          0x200000a8   Data           4  mvars.o(.data)
    ADC_ConvertedValue                       0x200000b0   Data          16  adc.o(.bss)
    _rx_buffer                               0x200000c0   Data         384  usart.o(.bss)
    Serial                                   0x20000240   Data          24  main.o(.bss)
    Serial2                                  0x20000258   Data          24  main.o(.bss)
    Serial3                                  0x20000270   Data          24  main.o(.bss)
    Wire                                     0x20000288   Data          88  main.o(.bss)
    __heap_base                              0x200002e0   Data           0  startup_stm32f10x_md.o(HEAP)
    __heap_limit                             0x200004e0   Data           0  startup_stm32f10x_md.o(HEAP)
    __initial_sp                             0x200008e0   Data           0  startup_stm32f10x_md.o(STACK)



==============================================================================

Memory Map of the image

  Image Entry point : 0x080000ed

  Load Region LR_IROM1 (Base: 0x08000000, Size: 0x00004c2c, Max: 0x00010000, ABSOLUTE)

    Execution Region ER_IROM1 (Base: 0x08000000, Size: 0x00004b7c, Max: 0x00010000, ABSOLUTE)

    Base Addr    Size         Type   Attr      Idx    E Section Name        Object

    0x08000000   0x000000ec   Data   RO          968    RESET               startup_stm32f10x_md.o
    0x080000ec   0x00000000   Code   RO         1109  * .ARM.Collect$$$$00000000  mc_w.l(entry.o)
    0x080000ec   0x00000004   Code   RO         1505    .ARM.Collect$$$$00000001  mc_w.l(entry2.o)
    0x080000f0   0x00000004   Code   RO         1508    .ARM.Collect$$$$00000004  mc_w.l(entry5.o)
    0x080000f4   0x00000000   Code   RO         1510    .ARM.Collect$$$$00000008  mc_w.l(entry7b.o)
    0x080000f4   0x00000004   Code   RO         1511    .ARM.Collect$$$$00000009  mc_w.l(entry8a.o)
    0x080000f8   0x00000000   Code   RO         1512    .ARM.Collect$$$$0000000A  mc_w.l(entry8b.o)
    0x080000f8   0x00000008   Code   RO         1513    .ARM.Collect$$$$0000000B  mc_w.l(entry9a.o)
    0x08000100   0x00000000   Code   RO         1515    .ARM.Collect$$$$0000000D  mc_w.l(entry10a.o)
    0x08000100   0x00000000   Code   RO         1517    .ARM.Collect$$$$0000000F  mc_w.l(entry11a.o)
    0x08000100   0x00000004   Code   RO         1506    .ARM.Collect$$$$00002712  mc_w.l(entry2.o)
    0x08000104   0x000002c0   Code   RO            3    .text               arduino.o
    0x080003c4   0x00000158   Code   RO          204    .text               hardwareserial.o
    0x0800051c   0x00000328   Code   RO          431    .text               hardwarespi.o
    0x08000844   0x00000288   Code   RO          460    .text               wire.o
    0x08000acc   0x0000029c   Code   RO          523    .text               adc.o
    0x08000d68   0x00000094   Code   RO          549    .text               delay.o
    0x08000dfc   0x00000258   Code   RO          574    .text               usart.o
    0x08001054   0x00000230   Code   RO          601    .text               pwm.o
    0x08001284   0x0000022c   Code   RO          624    .text               spi.o
    0x080014b0   0x00000250   Code   RO          647    .text               exti.o
    0x08001700   0x00000198   Code   RO          673    .text               time_exti.o
    0x08001898   0x00000150   Code   RO          699    .text               gpio.o
    0x080019e8   0x0000008c   Code   RO          725    .text               main.o
    0x08001a74   0x000000dc   Code   RO          786    .text               misc.o
    0x08001b50   0x0000044e   Code   RO          806    .text               stm32f10x_adc.o
    0x08001f9e   0x00000002   PAD
    0x08001fa0   0x00000254   Code   RO          826    .text               stm32f10x_dma.o
    0x080021f4   0x0000011c   Code   RO          846    .text               stm32f10x_exti.o
    0x08002310   0x0000035c   Code   RO          866    .text               stm32f10x_gpio.o
    0x0800266c   0x000003a4   Code   RO          886    .text               stm32f10x_rcc.o
    0x08002a10   0x0000030c   Code   RO          908    .text               stm32f10x_spi.o
    0x08002d1c   0x00000e1a   Code   RO          928    .text               stm32f10x_tim.o
    0x08003b36   0x00000002   PAD
    0x08003b38   0x00000408   Code   RO          948    .text               stm32f10x_usart.o
    0x08003f40   0x00000024   Code   RO          969    .text               startup_stm32f10x_md.o
    0x08003f64   0x000001e0   Code   RO          975    .text               system_stm32f10x.o
    0x08004144   0x00000040   Code   RO         1148    .text               mc_w.l(memmovea.o)
    0x08004184   0x00000020   Code   RO         1464    .text               mc_w.l(cpp_init.o)
    0x080041a4   0x0000014e   Code   RO         1468    .text               mf_w.l(dadd.o)
    0x080042f2   0x000000e4   Code   RO         1470    .text               mf_w.l(dmul.o)
    0x080043d6   0x000000de   Code   RO         1472    .text               mf_w.l(ddiv.o)
    0x080044b4   0x00000028   Code   RO         1486    .text               mf_w.l(cdcmple.o)
    0x080044dc   0x00000028   Code   RO         1488    .text               mf_w.l(cdrcmple.o)
    0x08004504   0x0000001e   Code   RO         1524    .text               mc_w.l(llshl.o)
    0x08004522   0x00000020   Code   RO         1526    .text               mc_w.l(llushr.o)
    0x08004542   0x00000024   Code   RO         1528    .text               mc_w.l(llsshr.o)
    0x08004566   0x00000000   Code   RO         1543    .text               mc_w.l(iusefp.o)
    0x08004566   0x00000002   PAD
    0x08004568   0x00000008   Code   RO         1544    .text               mc_w.l(cpp_dtor.o)
    0x08004570   0x00000002   Code   RO         1547    .text               mc_w.l(cpp_final.o)
    0x08004572   0x000000b6   Code   RO         1553    .text               mf_w.l(depilogue.o)
    0x08004628   0x00000024   Code   RO         1557    .text               mc_w.l(init.o)
    0x0800464c   0x00000032   Code   RO         1002    i.__aeabi_atexit    cpprt_w.l(aeabi_atexit.o)
    0x0800467e   0x00000042   Code   RO         1492    i.__cxa_finalize    cpprt_w.l(cxa_finalize.o)
    0x080046c0   0x0000005c   Code   RO         1435    i.__free$realloc    mc_w.l(mallocr.o)
    0x0800471c   0x00000050   Code   RO         1436    i.__malloc$realloc  mc_w.l(mallocr.o)
    0x0800476c   0x0000000e   Code   RO         1575    i.__scatterload_copy  mc_w.l(handlers.o)
    0x0800477a   0x00000002   Code   RO         1576    i.__scatterload_null  mc_w.l(handlers.o)
    0x0800477c   0x0000000e   Code   RO         1577    i.__scatterload_zeroinit  mc_w.l(handlers.o)
    0x0800478a   0x00000002   PAD
    0x0800478c   0x00000050   Code   RO         1437    i.internal_alloc    mc_w.l(mallocr.o)
    0x080047dc   0x00000300   Data   RO          700    .constdata          gpio.o
    0x08004adc   0x00000024   Data   RO          221    .constdata__ZTV14HardwareSerial  hardwareserial.o
    0x08004b00   0x00000014   Data   RO          144    .constdata__ZTV5Print  print.o
    0x08004b14   0x00000024   Data   RO          223    .constdata__ZTV6Stream  hardwareserial.o
    0x08004b38   0x00000010   Data   RO          476    .constdata__ZTV7TwoWire  wire.o
    0x08004b48   0x00000010   Data   RO          512    .constdata__ZTV8WireBase  wirebase.o
    0x08004b58   0x00000020   Data   RO         1573    Region$$Table       anon$$obj.o
    0x08004b78   0x00000004   Data   RO          729    .init_array         main.o
    0x08004b7c   0x00000000   Data   RO         1462    .init_array         mc_w.l(cpp_init.o)


    Execution Region RW_IRAM1 (Base: 0x20000000, Size: 0x000008e0, Max: 0x00005000, ABSOLUTE)

    Base Addr    Size         Type   Attr      Idx    E Section Name        Object

    0x20000000   0x00000008   Data   RW          550    .data               delay.o
    0x20000008   0x00000018   Data   RW          576    .data               usart.o
    0x20000020   0x00000040   Data   RW          648    .data               exti.o
    0x20000060   0x00000014   Data   RW          674    .data               time_exti.o
    0x20000074   0x00000008   Data   RW          728    .data               main.o
    0x2000007c   0x00000014   Data   RW          887    .data               stm32f10x_rcc.o
    0x20000090   0x00000014   Data   RW          976    .data               system_stm32f10x.o
    0x200000a4   0x00000004   Data   RW         1530    .data               mc_w.l(mvars.o)
    0x200000a8   0x00000004   Data   RW         1531    .data               mc_w.l(mvars.o)
    0x200000ac   0x00000004   Data   RW         1545    .data               mc_w.l(cpp_dtor.o)
    0x200000b0   0x00000010   Zero   RW          524    .bss                adc.o
    0x200000c0   0x00000180   Zero   RW          575    .bss                usart.o
    0x20000240   0x000000a0   Zero   RW          727    .bss                main.o
    0x200002e0   0x00000200   Zero   RW          967    HEAP                startup_stm32f10x_md.o
    0x200004e0   0x00000400   Zero   RW          966    STACK               startup_stm32f10x_md.o


==============================================================================

Image component sizes


      Code (inc. data)   RO Data    RW Data    ZI Data      Debug   Object Name

       668         22          0          0         16       2468   adc.o
       704         10          0          0          0     285538   arduino.o
       148         10          0          8          0       1817   delay.o
       592         12          0         64          0       2739   exti.o
       336         32        768          0          0       3366   gpio.o
       344         38         72          0          0     217792   hardwareserial.o
       808          6          0          0          0       7180   hardwarespi.o
       140         54          4          8        160       7454   main.o
       220         22          0          0          0       1925   misc.o
         0          0         20          0          0       5012   print.o
       560         18          0          0          0       1670   pwm.o
       556         10          0          0          0       2959   spi.o
        36          8        236          0       1536        820   startup_stm32f10x_md.o
      1102         26          0          0          0      10957   stm32f10x_adc.o
       596          8          0          0          0       4454   stm32f10x_dma.o
       284         10          0          0          0       2359   stm32f10x_exti.o
       860         38          0          0          0       5773   stm32f10x_gpio.o
       932         36          0         20          0       8928   stm32f10x_rcc.o
       780         14          0          0          0       6650   stm32f10x_spi.o
      3610         88          0          0          0      22256   stm32f10x_tim.o
      1032         22          0          0          0       8492   stm32f10x_usart.o
         0          0          0          0          0        956   stream.o
       480         38          0         20          0       1899   system_stm32f10x.o
       408         16          0         20          0       2372   time_exti.o
       600         44          0         24        384       2696   usart.o
       648         10         16          0          0       5559   wire.o
         0          0         16          0          0       1316   wirebase.o

    ----------------------------------------------------------------------
     16448        592       1164        164       2096     625407   Object Totals
         0          0         32          0          0          0   (incl. Generated)
         4          0          0          0          0          0   (incl. Padding)

    ----------------------------------------------------------------------

      Code (inc. data)   RO Data    RW Data    ZI Data      Debug   Library Member Name

        50          0          0          0          0         84   aeabi_atexit.o
        66          0          0          0          0         84   cxa_finalize.o
         8          4          0          4          0         68   cpp_dtor.o
         2          0          0          0          0         68   cpp_final.o
        32         10          0          0          0         80   cpp_init.o
         0          0          0          0          0          0   entry.o
         0          0          0          0          0          0   entry10a.o
         0          0          0          0          0          0   entry11a.o
         8          4          0          0          0          0   entry2.o
         4          0          0          0          0          0   entry5.o
         0          0          0          0          0          0   entry7b.o
         4          0          0          0          0          0   entry8a.o
         0          0          0          0          0          0   entry8b.o
         8          4          0          0          0          0   entry9a.o
        30          0          0          0          0          0   handlers.o
        36          8          0          0          0         68   init.o
         0          0          0          0          0          0   iusefp.o
        30          0          0          0          0         68   llshl.o
        36          0          0          0          0         68   llsshr.o
        32          0          0          0          0         68   llushr.o
       252         24          0          0          0        252   mallocr.o
        64          0          0          0          0         76   memmovea.o
         0          0          0          8          0          0   mvars.o
        40          2          0          0          0         68   cdcmple.o
        40          2          0          0          0         68   cdrcmple.o
       334          0          0          0          0        148   dadd.o
       222          0          0          0          0        100   ddiv.o
       182          0          0          0          0        176   depilogue.o
       228          0          0          0          0         96   dmul.o

    ----------------------------------------------------------------------
      1712         58          0         12          0       1640   Library Totals
         4          0          0          0          0          0   (incl. Padding)

    ----------------------------------------------------------------------

      Code (inc. data)   RO Data    RW Data    ZI Data      Debug   Library Name

       116          0          0          0          0        168   cpprt_w.l
       546         54          0         12          0        816   mc_w.l
      1046          4          0          0          0        656   mf_w.l

    ----------------------------------------------------------------------
      1712         58          0         12          0       1640   Library Totals

    ----------------------------------------------------------------------

==============================================================================


      Code (inc. data)   RO Data    RW Data    ZI Data      Debug   

     18160        650       1164        176       2096     623819   Grand Totals
     18160        650       1164        176       2096     623819   ELF Image Totals
     18160        650       1164        176          0          0   ROM Totals

==============================================================================

    Total RO  Size (Code + RO Data)                19324 (  18.87kB)
    Total RW  Size (RW Data + ZI Data)              2272 (   2.22kB)
    Total ROM Size (Code + RO Data + RW Data)      19500 (  19.04kB)

==============================================================================

