Component: ARM Compiler 5.06 update 6 (build 750) Tool: armlink [4d35ed]

==============================================================================

Section Cross References

    arduino.o(i.analogRead) refers to adc.o(i.Get_ADC) for Get_ADC
    arduino.o(i.analogRead) refers to gpio.o(.constdata) for PIN_MAP
    arduino.o(i.analogRead_DMA) refers to gpio.o(i.Get_Pinx) for Get_Pinx
    arduino.o(i.analogRead_DMA) refers to adc.o(i.Get_DMA_ADC) for Get_DMA_ADC
    arduino.o(i.analogWrite) refers to pwm.o(i.pwmWrite) for pwmWrite
    arduino.o(i.analogWrite) refers to gpio.o(.constdata) for PIN_MAP
    arduino.o(i.digitalRead) refers to gpio.o(.constdata) for PIN_MAP
    arduino.o(i.digitalWrite) refers to gpio.o(.constdata) for PIN_MAP
    arduino.o(i.fmap) refers to daddsub.o(.text) for __aeabi_dsub
    arduino.o(i.fmap) refers to dmul.o(.text) for __aeabi_dmul
    arduino.o(i.fmap) refers to ddiv.o(.text) for __aeabi_ddiv
    arduino.o(i.map) refers to aeabi_sdiv.o(.text) for __aeabi_idivmod
    arduino.o(i.pinMode) refers to gpio.o(i.GPIO_begin) for GPIO_begin
    arduino.o(i.pinMode) refers to pwm.o(i.PWM_Init) for PWM_Init
    arduino.o(i.pinMode) refers to gpio.o(.constdata) for PIN_MAP
    arduino.o(i.pulseIn) refers to arduino.o(i.digitalRead) for digitalRead
    arduino.o(i.pulseIn) refers to delay.o(i.micros) for micros
    arduino.o(i.shiftIn) refers to arduino.o(i.digitalRead) for digitalRead
    arduino.o(i.shiftIn) refers to gpio.o(.constdata) for PIN_MAP
    arduino.o(i.shiftOut) refers to arduino.o(i.digitalWrite) for digitalWrite
    arduino.o(i.shiftOut) refers to gpio.o(.constdata) for PIN_MAP
    dtostrf.o(i.dtostrf) refers to _printf_percent.o(.ARM.Collect$$_printf_percent$$00000000) for _printf_percent
    dtostrf.o(i.dtostrf) refers to _printf_d.o(.ARM.Collect$$_printf_percent$$00000009) for _printf_d
    dtostrf.o(i.dtostrf) refers to _printf_dec.o(.text) for _printf_int_dec
    dtostrf.o(i.dtostrf) refers to _printf_pad.o(.text) for _printf_pre_padding
    dtostrf.o(i.dtostrf) refers to _printf_f.o(.ARM.Collect$$_printf_percent$$00000003) for _printf_f
    dtostrf.o(i.dtostrf) refers to _printf_e.o(.ARM.Collect$$_printf_percent$$00000004) for _printf_e
    dtostrf.o(i.dtostrf) refers to _printf_g.o(.ARM.Collect$$_printf_percent$$00000005) for _printf_g
    dtostrf.o(i.dtostrf) refers to _printf_a.o(.ARM.Collect$$_printf_percent$$00000006) for _printf_a
    dtostrf.o(i.dtostrf) refers to printf2.o(x$fpl$printf2) for _printf_fp_hex
    dtostrf.o(i.dtostrf) refers to printf1.o(x$fpl$printf1) for _printf_fp_dec
    dtostrf.o(i.dtostrf) refers to __2sprintf.o(.text) for __2sprintf
    print.o(i._ZN5Print10printFloatEdh) refers to drlef.o(x$fpl$drleqf) for __aeabi_cdrcmple
    print.o(i._ZN5Print10printFloatEdh) refers to dlef.o(x$fpl$dleqf) for __aeabi_cdcmple
    print.o(i._ZN5Print10printFloatEdh) refers to print.o(i._ZN5Print5printEc) for Print::print(char)
    print.o(i._ZN5Print10printFloatEdh) refers to print.o(i._ZN5Print5printEPKc) for Print::print(const char*)
    print.o(i._ZN5Print10printFloatEdh) refers to ddiv.o(.text) for __aeabi_ddiv
    print.o(i._ZN5Print10printFloatEdh) refers to daddsub.o(.text) for __aeabi_dadd
    print.o(i._ZN5Print10printFloatEdh) refers to dfixl.o(.text) for __aeabi_d2lz
    print.o(i._ZN5Print10printFloatEdh) refers to dfltl.o(.text) for __aeabi_l2d
    print.o(i._ZN5Print10printFloatEdh) refers to print.o(i._ZN5Print5printExi) for Print::print(long long, int)
    print.o(i._ZN5Print10printFloatEdh) refers to dmul.o(.text) for __aeabi_dmul
    print.o(i._ZN5Print10printFloatEdh) refers to dfixi.o(.text) for __aeabi_d2iz
    print.o(i._ZN5Print10printFloatEdh) refers to print.o(i._ZN5Print5printEii) for Print::print(int, int)
    print.o(i._ZN5Print10printFloatEdh) refers to dflti.o(.text) for __aeabi_i2d
    print.o(i._ZN5Print11printNumberEyh) refers to print.o(i._ZN5Print5printEc) for Print::print(char)
    print.o(i._ZN5Print11printNumberEyh) refers to lludiv.o(.text) for __aeabi_uldivmod
    print.o(i._ZN5Print5printEdi) refers to print.o(i._ZN5Print10printFloatEdh) for Print::printFloat(double, unsigned char)
    print.o(i._ZN5Print5printEhi) refers to print.o(i._ZN5Print5printEyi) for Print::print(unsigned long long, int)
    print.o(i._ZN5Print5printEii) refers to print.o(i._ZN5Print5printExi) for Print::print(long long, int)
    print.o(i._ZN5Print5printEji) refers to print.o(i._ZN5Print5printEyi) for Print::print(unsigned long long, int)
    print.o(i._ZN5Print5printEli) refers to print.o(i._ZN5Print5printExi) for Print::print(long long, int)
    print.o(i._ZN5Print5printEmi) refers to print.o(i._ZN5Print5printEyi) for Print::print(unsigned long long, int)
    print.o(i._ZN5Print5printExi) refers to print.o(i._ZN5Print5printEc) for Print::print(char)
[...]
    Removing stm32f0xx_wwdg.o(i.WWDG_GetFlagStatus), (20 bytes).
    Removing stm32f0xx_wwdg.o(i.WWDG_SetCounter), (16 bytes).
    Removing stm32f0xx_wwdg.o(i.WWDG_SetPrescaler), (20 bytes).
    Removing stm32f0xx_wwdg.o(i.WWDG_SetWindowValue), (28 bytes).
    Removing system_stm32f0xx.o(.rev16_text), (4 bytes).
    Removing system_stm32f0xx.o(.revsh_text), (4 bytes).
    Removing system_stm32f0xx.o(i.SystemCoreClockUpdate), (108 bytes).
    Removing system_stm32f0xx.o(.data), (20 bytes).
    Removing print.o(.constdata__ZTV5Print), (20 bytes).
    Removing print.o(.constdata__ZTI5Print), (8 bytes).
    Removing print.o(.constdata__ZTS5Print), (7 bytes).
    Removing hardwareserial.o(.constdata__ZTI14HardwareSerial), (12 bytes).
    Removing hardwareserial.o(.constdata__ZTI6Stream), (12 bytes).
    Removing hardwareserial.o(.constdata__ZTS14HardwareSerial), (17 bytes).
    Removing hardwareserial.o(.constdata__ZTS6Stream), (8 bytes).
    Removing wstring.o(i._ZN6String4initEv), (10 bytes).
    Removing wstring.o(.ARM.exidx), (8 bytes).
    Removing wstring.o(i._ZSt6strstrPcPKc), (8 bytes).
    Removing wstring.o(.ARM.exidx), (8 bytes).
    Removing wirebase.o(.constdata__ZTV8WireBase), (16 bytes).
    Removing wirebase.o(.constdata__ZTI8WireBase), (8 bytes).
    Removing wirebase.o(.constdata__ZTS8WireBase), (10 bytes).
    Removing wire.o(.constdata__ZTI7TwoWire), (12 bytes).
    Removing wire.o(.constdata__ZTS7TwoWire), (9 bytes).

1010 unused section(s) (total 27704 bytes) removed from the image.

==============================================================================

Image Symbol Table

    Local Symbols

    Symbol Name                              Value     Ov Type        Size  Object(Section)

    ../../../edgfe/lib_src/arm_exceptions.c  0x00000000   Number         0  arm_exceptions_terminate.o ABSOLUTE
    ../../../edgfe/lib_src/arm_exceptions.c  0x00000000   Number         0  arm_exceptions_globs.o ABSOLUTE
    ../../../edgfe/lib_src/arm_exceptions.c  0x00000000   Number         0  arm_exceptions_support.o ABSOLUTE
    ../../../edgfe/lib_src/arm_exceptions.c  0x00000000   Number         0  arm_exceptions_mem.o ABSOLUTE
    ../../../edgfe/lib_src/arm_exceptions.c  0x00000000   Number         0  arm_exceptions_callterm.o ABSOLUTE
    ../../../edgfe/lib_src/arm_noexceptions.c 0x00000000   Number         0  arm_begincatch_noexceptions.o ABSOLUTE
    ../../../edgfe/lib_src/pure_virt.c       0x00000000   Number         0  pure_virt.o ABSOLUTE
    ../../../edgfe/lib_src/typeinfo.c        0x00000000   Number         0  type_info_dtor.o ABSOLUTE
    ../../../edgfe/lib_src/typeinfo.c        0x00000000   Number         0  lib_rtti_impl.o ABSOLUTE
    ../clib/angel/boardlib.s                 0x00000000   Number         0  boardinit1.o ABSOLUTE
    ../clib/angel/boardlib.s                 0x00000000   Number         0  boardinit2.o ABSOLUTE
    ../clib/angel/boardlib.s                 0x00000000   Number         0  boardshut.o ABSOLUTE
    ../clib/angel/boardlib.s                 0x00000000   Number         0  boardinit3.o ABSOLUTE
    ../clib/angel/handlers.s                 0x00000000   Number         0  __scatter_copy.o ABSOLUTE
    ../clib/angel/handlers.s                 0x00000000   Number         0  __scatter_zi.o ABSOLUTE
    ../clib/angel/kernel.s                   0x00000000   Number         0  __rtentry.o ABSOLUTE
    ../clib/angel/kernel.s                   0x00000000   Number         0  rtexit2.o ABSOLUTE
    ../clib/angel/kernel.s                   0x00000000   Number         0  __rtentry2.o ABSOLUTE
    ../clib/angel/kernel.s                   0x00000000   Number         0  rtexit.o ABSOLUTE
    ../clib/angel/kernel.s                   0x00000000   Number         0  __rtentry4.o ABSOLUTE
    ../clib/angel/rt.s                       0x00000000   Number         0  rt_errno_addr.o ABSOLUTE
    ../clib/angel/rt.s                       0x00000000   Number         0  aeabi_ldiv0.o ABSOLUTE
    ../clib/angel/rt.s                       0x00000000   Number         0  rt_heap_descriptor_intlibspace.o ABSOLUTE
    ../clib/angel/rt.s                       0x00000000   Number         0  aeabi_idiv0.o ABSOLUTE
    ../clib/angel/rt.s                       0x00000000   Number         0  rt_locale_intlibspace.o ABSOLUTE
    ../clib/angel/rt.s                       0x00000000   Number         0  rt_ddtor_pointer_addr.o ABSOLUTE
    ../clib/angel/rt.s                       0x00000000   Number         0  rt_ddtor_pointer_addr_intlibspace.o ABSOLUTE
    ../clib/angel/rt.s                       0x00000000   Number         0  aeabi_idiv0_sigfpe.o ABSOLUTE
    ../clib/angel/rt.s                       0x00000000   Number         0  rt_ctype_table.o ABSOLUTE
    ../clib/angel/rt.s                       0x00000000   Number         0  rt_locale.o ABSOLUTE
    ../clib/angel/rt.s                       0x00000000   Number         0  rt_heap_descriptor.o ABSOLUTE
    ../clib/angel/rt.s                       0x00000000   Number         0  rt_eh_globals_addr.o ABSOLUTE
    ../clib/angel/rt.s                       0x00000000   Number         0  rt_raise.o ABSOLUTE
    ../clib/angel/rt.s                       0x00000000   Number         0  rt_div0.o ABSOLUTE
    ../clib/angel/rt.s                       0x00000000   Number         0  rt_eh_globals_addr_intlibspace.o ABSOLUTE
    ../clib/angel/rt.s                       0x00000000   Number         0  rt_errno_addr_intlibspace.o ABSOLUTE
    ../clib/angel/rt.s                       0x00000000   Number         0  aeabi_ldiv0_sigfpe.o ABSOLUTE
    ../clib/angel/scatterp.s                 0x00000000   Number         0  __scatter.o ABSOLUTE
    ../clib/angel/startup.s                  0x00000000   Number         0  __main.o ABSOLUTE
    ../clib/angel/sys.s                      0x00000000   Number         0  libspace.o ABSOLUTE
    ../clib/angel/sys.s                      0x00000000   Number         0  sys_stackheap_outer.o ABSOLUTE
    ../clib/angel/sys.s                      0x00000000   Number         0  tempstk.o ABSOLUTE
    ../clib/angel/sys.s                      0x00000000   Number         0  use_no_semi.o ABSOLUTE
    ../clib/angel/sys.s                      0x00000000   Number         0  indicate_semi.o ABSOLUTE
    ../clib/angel/sys.s                      0x00000000   Number         0  mutex_dummy.o ABSOLUTE
    ../clib/angel/sysapp.c                   0x00000000   Number         0  sys_command.o ABSOLUTE
    ../clib/angel/sysapp.c                   0x00000000   Number         0  sys_exit.o ABSOLUTE
    ../clib/angel/sysapp.c                   0x00000000   Number         0  sys_wrch.o ABSOLUTE
    ../clib/arm_runtime.c                    0x00000000   Number         0  init_aeabi.o ABSOLUTE
    ../clib/arm_runtime.c                    0x00000000   Number         0  init_aeabi.o ABSOLUTE
    ../clib/armsys.c                         0x00000000   Number         0  _get_argv.o ABSOLUTE
    ../clib/armsys.c                         0x00000000   Number         0  argv_veneer.o ABSOLUTE
    ../clib/armsys.c                         0x00000000   Number         0  no_argv.o ABSOLUTE
    ../clib/armsys.c                         0x00000000   Number         0  _get_argv_nomalloc.o ABSOLUTE
    ../clib/bigflt.c                         0x00000000   Number         0  bigflt0.o ABSOLUTE
    ../clib/btod.c                           0x00000000   Number         0  btod.o ABSOLUTE
    ../clib/ctype.c                          0x00000000   Number         0  toupper.o ABSOLUTE
    ../clib/ctype.c                          0x00000000   Number         0  tolower.o ABSOLUTE
    ../clib/ctype.c                          0x00000000   Number         0  isspace.o ABSOLUTE
    ../clib/division.c                       0x00000000   Number         0  rtudiv10.o ABSOLUTE
    ../clib/division.c                       0x00000000   Number         0  lludiv10.o ABSOLUTE
    ../clib/division.c                       0x00000000   Number         0  lludiv.o ABSOLUTE
    ../clib/division.s                       0x00000000   Number         0  aeabi_sdiv_div0.o ABSOLUTE
    ../clib/division.s                       0x00000000   Number         0  aeabi_sdiv.o ABSOLUTE
    ../clib/fenv.c                           0x00000000   Number         0  _rserrno.o ABSOLUTE
    ../clib/heap1.c                          0x00000000   Number         0  h1_alloc.o ABSOLUTE
    ../clib/heap1.c                          0x00000000   Number         0  h1_final.o ABSOLUTE
    ../clib/heap1.c                          0x00000000   Number         0  h1_realloc_mt.o ABSOLUTE
    ../clib/heap1.c                          0x00000000   Number         0  h1_free_mt.o ABSOLUTE
    ../clib/heap1.c                          0x00000000   Number         0  h1_extend_mt.o ABSOLUTE
    ../clib/heap1.c                          0x00000000   Number         0  h1_init_mt.o ABSOLUTE
    ../clib/heap1.c                          0x00000000   Number         0  h1_extend.o ABSOLUTE
    ../clib/heap1.c                          0x00000000   Number         0  h1_init.o ABSOLUTE
    ../clib/heap1.c                          0x00000000   Number         0  h1_free.o ABSOLUTE
    ../clib/heap1.c                          0x00000000   Number         0  h1_realloc.o ABSOLUTE
    ../clib/heap1.c                          0x00000000   Number         0  h1_final_mt.o ABSOLUTE
    ../clib/heap1.c                          0x00000000   Number         0  h1_alloc_mt.o ABSOLUTE
    ../clib/heap2.c                          0x00000000   Number         0  heap2.o ABSOLUTE
    ../clib/heap2.c                          0x00000000   Number         0  heap2mt.o ABSOLUTE
    ../clib/heap2.c                          0x00000000   Number         0  fdtree.o ABSOLUTE
    ../clib/heapalloc.c                      0x00000000   Number         0  maybetermalloc1.o ABSOLUTE
    ../clib/heapalloc.c                      0x00000000   Number         0  term_alloc.o ABSOLUTE
    ../clib/heapalloc.c                      0x00000000   Number         0  maybetermalloc1.o ABSOLUTE
    ../clib/heapalloc.c                      0x00000000   Number         0  maybetermalloc2.o ABSOLUTE
    ../clib/heapalloc.c                      0x00000000   Number         0  heapstubs.o ABSOLUTE
    ../clib/heapalloc.c                      0x00000000   Number         0  malloc.o ABSOLUTE
    ../clib/heapalloc.c                      0x00000000   Number         0  init_alloc.o ABSOLUTE
    ../clib/heapalloc.c                      0x00000000   Number         0  hguard.o ABSOLUTE
    ../clib/heapalloc.c                      0x00000000   Number         0  maybetermalloc2.o ABSOLUTE
    ../clib/heapalloc.c                      0x00000000   Number         0  free.o ABSOLUTE
    ../clib/heapalloc.c                      0x00000000   Number         0  hrguard.o ABSOLUTE
    ../clib/heapalloc.c                      0x00000000   Number         0  realloc.o ABSOLUTE
    ../clib/heapaux.c                        0x00000000   Number         0  heapauxi.o ABSOLUTE
    ../clib/heapaux.c                        0x00000000   Number         0  heapauxa.o ABSOLUTE
    ../clib/libinit.s                        0x00000000   Number         0  libshutdown.o ABSOLUTE
    ../clib/libinit.s                        0x00000000   Number         0  libinit2.o ABSOLUTE
    ../clib/libinit.s                        0x00000000   Number         0  libinit.o ABSOLUTE
    ../clib/libinit.s                        0x00000000   Number         0  libshutdown2.o ABSOLUTE
    ../clib/locale.c                         0x00000000   Number         0  _wcrtomb.o ABSOLUTE
    ../clib/locale.s                         0x00000000   Number         0  lc_numeric_c.o ABSOLUTE
    ../clib/locale.s                         0x00000000   Number         0  lc_ctype_c.o ABSOLUTE
    ../clib/longlong.c                       0x00000000   Number         0  llshl.o ABSOLUTE
    ../clib/longlong.c                       0x00000000   Number         0  llmul.o ABSOLUTE
    ../clib/memcpset.c                       0x00000000   Number         0  rt_memcpy.o ABSOLUTE
    ../clib/memcpset.c                       0x00000000   Number         0  rt_memclr.o ABSOLUTE
    ../clib/memcpset.c                       0x00000000   Number         0  rt_memcpy.o ABSOLUTE
    ../clib/memcpset.c                       0x00000000   Number         0  rt_memmove.o ABSOLUTE
    ../clib/misc.s                           0x00000000   Number         0  printf_stubs.o ABSOLUTE
    ../clib/printf.c                         0x00000000   Number         0  _printf_fp_hex.o ABSOLUTE
    ../clib/printf.c                         0x00000000   Number         0  _printf_fp_dec.o ABSOLUTE
    ../clib/printf.c                         0x00000000   Number         0  _printf_charcount.o ABSOLUTE
    ../clib/printf.c                         0x00000000   Number         0  _printf_intcommon.o ABSOLUTE
    ../clib/printf.c                         0x00000000   Number         0  _printf_truncate.o ABSOLUTE
    ../clib/printf.c                         0x00000000   Number         0  _printf_wctomb.o ABSOLUTE
    ../clib/printf.c                         0x00000000   Number         0  __printf_nopercent.o ABSOLUTE
    ../clib/printf.c                         0x00000000   Number         0  c89vsnprintf.o ABSOLUTE
    ../clib/printf.c                         0x00000000   Number         0  noretval__2sprintf.o ABSOLUTE
    ../clib/printf.c                         0x00000000   Number         0  __printf.o ABSOLUTE
    ../clib/printf.c                         0x00000000   Number         0  _printf_fp_infnan.o ABSOLUTE
    ../clib/printf.c                         0x00000000   Number         0  _printf_pad.o ABSOLUTE
    ../clib/printf.c                         0x00000000   Number         0  _printf_wchar.o ABSOLUTE
    ../clib/printf.c                         0x00000000   Number         0  _printf_char.o ABSOLUTE
    ../clib/printf.c                         0x00000000   Number         0  _printf_dec.o ABSOLUTE
    ../clib/printf.c                         0x00000000   Number         0  __printf_flags.o ABSOLUTE
    ../clib/printf.c                         0x00000000   Number         0  __2sprintf.o ABSOLUTE
    ../clib/printf.c                         0x00000000   Number         0  __printf_flags_ss.o ABSOLUTE
    ../clib/printf.c                         0x00000000   Number         0  __printf_wp.o ABSOLUTE
    ../clib/printf.c                         0x00000000   Number         0  __printf_ss_wp.o ABSOLUTE
    ../clib/printf.c                         0x00000000   Number         0  __printf_flags_ss_wp.o ABSOLUTE
    ../clib/printf.c                         0x00000000   Number         0  __printf_ss.o ABSOLUTE
    ../clib/printf.c                         0x00000000   Number         0  _printf_longlong_dec.o ABSOLUTE
    ../clib/printf.c                         0x00000000   Number         0  _printf_hex_int_ll_ptr.o ABSOLUTE
    ../clib/printf.c                         0x00000000   Number         0  _printf_hex_ll_ptr.o ABSOLUTE
    ../clib/printf.c                         0x00000000   Number         0  _printf_hex_int_ptr.o ABSOLUTE
    ../clib/printf.c                         0x00000000   Number         0  _printf_hex_int_ll.o ABSOLUTE
    ../clib/printf.c                         0x00000000   Number         0  _printf_hex_int.o ABSOLUTE
    ../clib/printf.c                         0x00000000   Number         0  _snputc.o ABSOLUTE
    ../clib/printf.c                         0x00000000   Number         0  _sputc.o ABSOLUTE
    ../clib/printf.c                         0x00000000   Number         0  _printf_char_common.o ABSOLUTE
    ../clib/printf.c                         0x00000000   Number         0  _printf_hex_ll.o ABSOLUTE
    ../clib/printf.c                         0x00000000   Number         0  _printf_oct_int_ll.o ABSOLUTE
    ../clib/printf.c                         0x00000000   Number         0  __printf_flags_wp.o ABSOLUTE
    ../clib/printf.c                         0x00000000   Number         0  _printf_oct_int.o ABSOLUTE
    ../clib/printf.c                         0x00000000   Number         0  _printf_str.o ABSOLUTE
    ../clib/printf.c                         0x00000000   Number         0  _printf_oct_ll.o ABSOLUTE
    ../clib/printf.c                         0x00000000   Number         0  _printf_hex_ptr.o ABSOLUTE
    ../clib/printf_percent.s                 0x00000000   Number         0  _printf_ls.o ABSOLUTE
    ../clib/printf_percent.s                 0x00000000   Number         0  _printf_f.o ABSOLUTE
    ../clib/printf_percent.s                 0x00000000   Number         0  _printf_e.o ABSOLUTE
    ../clib/printf_percent.s                 0x00000000   Number         0  _printf_g.o ABSOLUTE
    ../clib/printf_percent.s                 0x00000000   Number         0  _printf_a.o ABSOLUTE
    ../clib/printf_percent.s                 0x00000000   Number         0  _printf_lc.o ABSOLUTE
    ../clib/printf_percent.s                 0x00000000   Number         0  _printf_c.o ABSOLUTE
    ../clib/printf_percent.s                 0x00000000   Number         0  _printf_l.o ABSOLUTE
    ../clib/printf_percent.s                 0x00000000   Number         0  _printf_ll.o ABSOLUTE
    ../clib/printf_percent.s                 0x00000000   Number         0  _printf_llu.o ABSOLUTE
    ../clib/printf_percent.s                 0x00000000   Number         0  _printf_d.o ABSOLUTE
    ../clib/printf_percent.s                 0x00000000   Number         0  _printf_lld.o ABSOLUTE
    ../clib/printf_percent.s                 0x00000000   Number         0  _printf_lli.o ABSOLUTE
    ../clib/printf_percent.s                 0x00000000   Number         0  _printf_percent_end.o ABSOLUTE
    ../clib/printf_percent.s                 0x00000000   Number         0  _printf_u.o ABSOLUTE
    ../clib/printf_percent.s                 0x00000000   Number         0  _printf_i.o ABSOLUTE
    ../clib/printf_percent.s                 0x00000000   Number         0  _printf_o.o ABSOLUTE
    ../clib/printf_percent.s                 0x00000000   Number         0  _printf_p.o ABSOLUTE
    ../clib/printf_percent.s                 0x00000000   Number         0  _printf_x.o ABSOLUTE
    ../clib/printf_percent.s                 0x00000000   Number         0  _printf_n.o ABSOLUTE
    ../clib/printf_percent.s                 0x00000000   Number         0  _printf_s.o ABSOLUTE
    ../clib/printf_percent.s                 0x00000000   Number         0  _printf_llx.o ABSOLUTE
    ../clib/printf_percent.s                 0x00000000   Number         0  _printf_llo.o ABSOLUTE
    ../clib/printf_percent.s                 0x00000000   Number         0  _printf_percent.o ABSOLUTE
    ../clib/scanf.c                          0x00000000   Number         0  strtod.o ABSOLUTE
    ../clib/scanf.c                          0x00000000   Number         0  _strtoul.o ABSOLUTE
    ../clib/scanf.c                          0x00000000   Number         0  atol.o ABSOLUTE
    ../clib/scanf.c                          0x00000000   Number         0  scanf_fp.o ABSOLUTE
    ../clib/scanf.c                          0x00000000   Number         0  _sgetc.o ABSOLUTE
    ../clib/scanf.c                          0x00000000   Number         0  _chval.o ABSOLUTE
    ../clib/scanf.c                          0x00000000   Number         0  scanf_hexfp.o ABSOLUTE
    ../clib/scanf.c                          0x00000000   Number         0  scanf_infnan.o ABSOLUTE
    ../clib/scanf.c                          0x00000000   Number         0  strtol.o ABSOLUTE
    ../clib/signal.c                         0x00000000   Number         0  defsig_rtmem_formal.o ABSOLUTE
    ../clib/signal.c                         0x00000000   Number         0  defsig_rtmem_outer.o ABSOLUTE
    ../clib/signal.c                         0x00000000   Number         0  defsig_exit.o ABSOLUTE
    ../clib/signal.c                         0x00000000   Number         0  __raise.o ABSOLUTE
    ../clib/signal.c                         0x00000000   Number         0  defsig_general.o ABSOLUTE
    ../clib/signal.c                         0x00000000   Number         0  defsig_fpe_outer.o ABSOLUTE
    ../clib/signal.c                         0x00000000   Number         0  defsig_pvfn_outer.o ABSOLUTE
    ../clib/signal.c                         0x00000000   Number         0  defsig_abrt_outer.o ABSOLUTE
    ../clib/signal.c                         0x00000000   Number         0  defsig_abrt_formal.o ABSOLUTE
    ../clib/signal.c                         0x00000000   Number         0  defsig_fpe_inner.o ABSOLUTE
    ../clib/signal.c                         0x00000000   Number         0  defsig_abrt_inner.o ABSOLUTE
    ../clib/signal.c                         0x00000000   Number         0  defsig_rtred_inner.o ABSOLUTE
    ../clib/signal.c                         0x00000000   Number         0  defsig_stak_inner.o ABSOLUTE
    ../clib/signal.c                         0x00000000   Number         0  defsig_fpe_formal.o ABSOLUTE
    ../clib/signal.c                         0x00000000   Number         0  defsig_rtmem_inner.o ABSOLUTE
    ../clib/signal.c                         0x00000000   Number         0  defsig_cppl_inner.o ABSOLUTE
    ../clib/signal.c                         0x00000000   Number         0  defsig_segv_inner.o ABSOLUTE
    ../clib/signal.c                         0x00000000   Number         0  defsig_other.o ABSOLUTE
    ../clib/signal.c                         0x00000000   Number         0  defsig_pvfn_formal.o ABSOLUTE
    ../clib/signal.c                         0x00000000   Number         0  defsig_pvfn_inner.o ABSOLUTE
    ../clib/signal.s                         0x00000000   Number         0  defsig.o ABSOLUTE
    ../clib/stdlib.c                         0x00000000   Number         0  rand.o ABSOLUTE
    ../clib/stdlib.c                         0x00000000   Number         0  cxa_finalize.o ABSOLUTE
    ../clib/stdlib.c                         0x00000000   Number         0  exit.o ABSOLUTE
    ../clib/stdlib.c                         0x00000000   Number         0  abort.o ABSOLUTE
    ../clib/stdlib.c                         0x00000000   Number         0  rand.o ABSOLUTE
    ../clib/stdlib.c                         0x00000000   Number         0  atexit_aeabi.o ABSOLUTE
    ../clib/stdlib.c                         0x00000000   Number         0  aeabi_atexit.o ABSOLUTE
    ../clib/string.c                         0x00000000   Number         0  strcpy.o ABSOLUTE
    ../clib/string.c                         0x00000000   Number         0  strcmp.o ABSOLUTE
    ../clib/string.c                         0x00000000   Number         0  strncpy.o ABSOLUTE
    ../clib/string.c                         0x00000000   Number         0  strncmp.o ABSOLUTE
    ../clib/string.c                         0x00000000   Number         0  strrchr.o ABSOLUTE
    ../clib/string.c                         0x00000000   Number         0  strchr.o ABSOLUTE
    ../clib/string.c                         0x00000000   Number         0  strlen.o ABSOLUTE
    ../clib/string.c                         0x00000000   Number         0  strstr.o ABSOLUTE
    ../fplib/cfplib/cmpret.c                 0x00000000   Number         0  cmpret.o ABSOLUTE
    ../fplib/cfplib/d2f.c                    0x00000000   Number         0  d2f.o ABSOLUTE
    ../fplib/cfplib/daddsub.c                0x00000000   Number         0  daddsub.o ABSOLUTE
    ../fplib/cfplib/dcmpin.c                 0x00000000   Number         0  dcmpin.o ABSOLUTE
    ../fplib/cfplib/ddiv.c                   0x00000000   Number         0  ddiv.o ABSOLUTE
    ../fplib/cfplib/dmul.c                   0x00000000   Number         0  dmul.o ABSOLUTE
    ../fplib/cfplib/f2d.c                    0x00000000   Number         0  f2d.o ABSOLUTE
    ../fplib/cfplib/ffix.c                   0x00000000   Number         0  dfixi.o ABSOLUTE
    ../fplib/cfplib/ffix.c                   0x00000000   Number         0  dfixl.o ABSOLUTE
    ../fplib/cfplib/fflt.c                   0x00000000   Number         0  dflti.o ABSOLUTE
    ../fplib/cfplib/fflt.c                   0x00000000   Number         0  dfltl.o ABSOLUTE
    ../fplib/cfplib/fflt.c                   0x00000000   Number         0  fflti.o ABSOLUTE
    ../fplib/cfplib/fpinit.c                 0x00000000   Number         0  fpinit.o ABSOLUTE
    ../fplib/cfplib/ieee_status.c            0x00000000   Number         0  ieee_status.o ABSOLUTE
    ../fplib/cfplib/nan2.c                   0x00000000   Number         0  dnan2.o ABSOLUTE
    ../fplib/cfplib/retnan.c                 0x00000000   Number         0  retnan.o ABSOLUTE
    ../fplib/cfplib/scalbn.c                 0x00000000   Number         0  dscalbn.o ABSOLUTE
    ../fplib/deqf6m.s                        0x00000000   Number         0  deqf.o ABSOLUTE
    ../fplib/dleqf6m.s                       0x00000000   Number         0  dlef.o ABSOLUTE
    ../fplib/drleqf6m.s                      0x00000000   Number         0  drlef.o ABSOLUTE
    ../fplib/fmul6m.s                        0x00000000   Number         0  fmul.o ABSOLUTE
    ../fplib/fpconst.s                       0x00000000   Number         0  fpconst.o ABSOLUTE
    ../fplib/printf1.s                       0x00000000   Number         0  printf1.o ABSOLUTE
    ../fplib/printf2.s                       0x00000000   Number         0  printf2.o ABSOLUTE
    ../fplib/printf2a.s                      0x00000000   Number         0  printf2a.o ABSOLUTE
    ../fplib/printf2b.s                      0x00000000   Number         0  printf2b.o ABSOLUTE
    ../fplib/scanf1.s                        0x00000000   Number         0  scanf1.o ABSOLUTE
    ../fplib/scanf2.s                        0x00000000   Number         0  scanf2.o ABSOLUTE
    ../fplib/scanf2a.s                       0x00000000   Number         0  scanf2a.o ABSOLUTE
    ../fplib/scanf2b.s                       0x00000000   Number         0  scanf2b.o ABSOLUTE
    ../fplib/usenofp.s                       0x00000000   Number         0  usenofp.o ABSOLUTE
    ../mathlib/atof.c                        0x00000000   Number         0  atof.o ABSOLUTE
    ../mathlib/dunder.c                      0x00000000   Number         0  dunder.o ABSOLUTE
    ../mathlib/fpclassify.c                  0x00000000   Number         0  fpclassify.o ABSOLUTE
    ../mathlib/frexp.c                       0x00000000   Number         0  frexp.o ABSOLUTE
    ../mathlib/ldexp.c                       0x00000000   Number         0  ldexp_x.o ABSOLUTE
    ../mathlib/ldexp.c                       0x00000000   Number         0  ldexp.o ABSOLUTE
    ../mathlib/narrow.c                      0x00000000   Number         0  narrow.o ABSOLUTE
    ../mathlib/qnan.c                        0x00000000   Number         0  qnan.o ABSOLUTE
    ..\ArduinoAPI\Arduino.c                  0x00000000   Number         0  arduino.o ABSOLUTE
    ..\ArduinoAPI\HardwareSerial.cpp         0x00000000   Number         0  hardwareserial.o ABSOLUTE
    ..\ArduinoAPI\Print.cpp                  0x00000000   Number         0  print.o ABSOLUTE
    ..\ArduinoAPI\SPI.cpp                    0x00000000   Number         0  spi.o ABSOLUTE
    ..\ArduinoAPI\Stream.cpp                 0x00000000   Number         0  stream.o ABSOLUTE
    ..\ArduinoAPI\Tone.cpp                   0x00000000   Number         0  tone.o ABSOLUTE
    ..\ArduinoAPI\WMath.cpp                  0x00000000   Number         0  wmath.o ABSOLUTE
    ..\ArduinoAPI\WString.cpp                0x00000000   Number         0  wstring.o ABSOLUTE
    ..\ArduinoAPI\Wire.cpp                   0x00000000   Number         0  wire.o ABSOLUTE
    ..\ArduinoAPI\WireBase.cpp               0x00000000   Number         0  wirebase.o ABSOLUTE
    ..\ArduinoAPI\dtostrf.c                  0x00000000   Number         0  dtostrf.o ABSOLUTE
    ..\ArduinoAPI\itoa.c                     0x00000000   Number         0  itoa.o ABSOLUTE
    ..\CORE\delay.c                          0x00000000   Number         0  delay.o ABSOLUTE
    ..\Core\STM32F0xx_StdPeriph_Driver\src\stm32f0xx_adc.c 0x00000000   Number         0  stm32f0xx_adc.o ABSOLUTE
    ..\Core\STM32F0xx_StdPeriph_Driver\src\stm32f0xx_cec.c 0x00000000   Number         0  stm32f0xx_cec.o ABSOLUTE
    ..\Core\STM32F0xx_StdPeriph_Driver\src\stm32f0xx_comp.c 0x00000000   Number         0  stm32f0xx_comp.o ABSOLUTE
    ..\Core\STM32F0xx_StdPeriph_Driver\src\stm32f0xx_crc.c 0x00000000   Number         0  stm32f0xx_crc.o ABSOLUTE
    ..\Core\STM32F0xx_StdPeriph_Driver\src\stm32f0xx_dac.c 0x00000000   Number         0  stm32f0xx_dac.o ABSOLUTE
    ..\Core\STM32F0xx_StdPeriph_Driver\src\stm32f0xx_dbgmcu.c 0x00000000   Number         0  stm32f0xx_dbgmcu.o ABSOLUTE
    ..\Core\STM32F0xx_StdPeriph_Driver\src\stm32f0xx_dma.c 0x00000000   Number         0  stm32f0xx_dma.o ABSOLUTE
    ..\Core\STM32F0xx_StdPeriph_Driver\src\stm32f0xx_exti.c 0x00000000   Number         0  stm32f0xx_exti.o ABSOLUTE
    ..\Core\STM32F0xx_StdPeriph_Driver\src\stm32f0xx_flash.c 0x00000000   Number         0  stm32f0xx_flash.o ABSOLUTE
    ..\Core\STM32F0xx_StdPeriph_Driver\src\stm32f0xx_gpio.c 0x00000000   Number         0  stm32f0xx_gpio.o ABSOLUTE
    ..\Core\STM32F0xx_StdPeriph_Driver\src\stm32f0xx_i2c.c 0x00000000   Number         0  stm32f0xx_i2c.o ABSOLUTE
    ..\Core\STM32F0xx_StdPeriph_Driver\src\stm32f0xx_iwdg.c 0x00000000   Number         0  stm32f0xx_iwdg.o ABSOLUTE
    ..\Core\STM32F0xx_StdPeriph_Driver\src\stm32f0xx_misc.c 0x00000000   Number         0  stm32f0xx_misc.o ABSOLUTE
    ..\Core\STM32F0xx_StdPeriph_Driver\src\stm32f0xx_pwr.c 0x00000000   Number         0  stm32f0xx_pwr.o ABSOLUTE
    ..\Core\STM32F0xx_StdPeriph_Driver\src\stm32f0xx_rcc.c 0x00000000   Number         0  stm32f0xx_rcc.o ABSOLUTE
    ..\Core\STM32F0xx_StdPeriph_Driver\src\stm32f0xx_rtc.c 0x00000000   Number         0  stm32f0xx_rtc.o ABSOLUTE
    ..\Core\STM32F0xx_StdPeriph_Driver\src\stm32f0xx_spi.c 0x00000000   Number         0  stm32f0xx_spi.o ABSOLUTE
    ..\Core\STM32F0xx_StdPeriph_Driver\src\stm32f0xx_syscfg.c 0x00000000   Number         0  stm32f0xx_syscfg.o ABSOLUTE
    ..\Core\STM32F0xx_StdPeriph_Driver\src\stm32f0xx_tim.c 0x00000000   Number         0  stm32f0xx_tim.o ABSOLUTE
    ..\Core\STM32F0xx_StdPeriph_Driver\src\stm32f0xx_usart.c 0x00000000   Number         0  stm32f0xx_usart.o ABSOLUTE
    ..\Core\STM32F0xx_StdPeriph_Driver\src\stm32f0xx_wwdg.c 0x00000000   Number         0  stm32f0xx_wwdg.o ABSOLUTE
    ..\Core\adc.c                            0x00000000   Number         0  adc.o ABSOLUTE
    ..\Core\exti.c                           0x00000000   Number         0  exti.o ABSOLUTE
    ..\Core\gpio.c                           0x00000000   Number         0  gpio.o ABSOLUTE
    ..\Core\pwm.c                            0x00000000   Number         0  pwm.o ABSOLUTE
    ..\Core\time_exti.c                      0x00000000   Number         0  time_exti.o ABSOLUTE
    ..\Core\usart.c                          0x00000000   Number         0  usart.o ABSOLUTE
    ..\\ArduinoAPI\\Arduino.c                0x00000000   Number         0  arduino.o ABSOLUTE
    ..\\ArduinoAPI\\HardwareSerial.cpp       0x00000000   Number         0  hardwareserial.o ABSOLUTE
    ..\\ArduinoAPI\\SPI.cpp                  0x00000000   Number         0  spi.o ABSOLUTE
    ..\\ArduinoAPI\\Stream.cpp               0x00000000   Number         0  stream.o ABSOLUTE
    ..\\ArduinoAPI\\Tone.cpp                 0x00000000   Number         0  tone.o ABSOLUTE
    ..\\ArduinoAPI\\Wire.cpp                 0x00000000   Number         0  wire.o ABSOLUTE
    ..\\ArduinoAPI\\WireBase.cpp             0x00000000   Number         0  wirebase.o ABSOLUTE
    ..\\CORE\\delay.c                        0x00000000   Number         0  delay.o ABSOLUTE
    ..\\Core\\STM32F0xx_StdPeriph_Driver\\src\\stm32f0xx_adc.c 0x00000000   Number         0  stm32f0xx_adc.o ABSOLUTE
    ..\\Core\\STM32F0xx_StdPeriph_Driver\\src\\stm32f0xx_cec.c 0x00000000   Number         0  stm32f0xx_cec.o ABSOLUTE
    ..\\Core\\STM32F0xx_StdPeriph_Driver\\src\\stm32f0xx_comp.c 0x00000000   Number         0  stm32f0xx_comp.o ABSOLUTE
    ..\\Core\\STM32F0xx_StdPeriph_Driver\\src\\stm32f0xx_crc.c 0x00000000   Number         0  stm32f0xx_crc.o ABSOLUTE
    ..\\Core\\STM32F0xx_StdPeriph_Driver\\src\\stm32f0xx_dac.c 0x00000000   Number         0  stm32f0xx_dac.o ABSOLUTE
    ..\\Core\\STM32F0xx_StdPeriph_Driver\\src\\stm32f0xx_dbgmcu.c 0x00000000   Number         0  stm32f0xx_dbgmcu.o ABSOLUTE
    ..\\Core\\STM32F0xx_StdPeriph_Driver\\src\\stm32f0xx_dma.c 0x00000000   Number         0  stm32f0xx_dma.o ABSOLUTE
    ..\\Core\\STM32F0xx_StdPeriph_Driver\\src\\stm32f0xx_exti.c 0x00000000   Number         0  stm32f0xx_exti.o ABSOLUTE
    ..\\Core\\STM32F0xx_StdPeriph_Driver\\src\\stm32f0xx_flash.c 0x00000000   Number         0  stm32f0xx_flash.o ABSOLUTE
    ..\\Core\\STM32F0xx_StdPeriph_Driver\\src\\stm32f0xx_gpio.c 0x00000000   Number         0  stm32f0xx_gpio.o ABSOLUTE
    ..\\Core\\STM32F0xx_StdPeriph_Driver\\src\\stm32f0xx_i2c.c 0x00000000   Number         0  stm32f0xx_i2c.o ABSOLUTE
    ..\\Core\\STM32F0xx_StdPeriph_Driver\\src\\stm32f0xx_iwdg.c 0x00000000   Number         0  stm32f0xx_iwdg.o ABSOLUTE
    ..\\Core\\STM32F0xx_StdPeriph_Driver\\src\\stm32f0xx_misc.c 0x00000000   Number         0  stm32f0xx_misc.o ABSOLUTE
    ..\\Core\\STM32F0xx_StdPeriph_Driver\\src\\stm32f0xx_pwr.c 0x00000000   Number         0  stm32f0xx_pwr.o ABSOLUTE
    ..\\Core\\STM32F0xx_StdPeriph_Driver\\src\\stm32f0xx_rcc.c 0x00000000   Number         0  stm32f0xx_rcc.o ABSOLUTE
    ..\\Core\\STM32F0xx_StdPeriph_Driver\\src\\stm32f0xx_rtc.c 0x00000000   Number         0  stm32f0xx_rtc.o ABSOLUTE
    ..\\Core\\STM32F0xx_StdPeriph_Driver\\src\\stm32f0xx_spi.c 0x00000000   Number         0  stm32f0xx_spi.o ABSOLUTE
    ..\\Core\\STM32F0xx_StdPeriph_Driver\\src\\stm32f0xx_syscfg.c 0x00000000   Number         0  stm32f0xx_syscfg.o ABSOLUTE
    ..\\Core\\STM32F0xx_StdPeriph_Driver\\src\\stm32f0xx_tim.c 0x00000000   Number         0  stm32f0xx_tim.o ABSOLUTE
    ..\\Core\\STM32F0xx_StdPeriph_Driver\\src\\stm32f0xx_usart.c 0x00000000   Number         0  stm32f0xx_usart.o ABSOLUTE
    ..\\Core\\STM32F0xx_StdPeriph_Driver\\src\\stm32f0xx_wwdg.c 0x00000000   Number         0  stm32f0xx_wwdg.o ABSOLUTE
    ..\\Core\\adc.c                          0x00000000   Number         0  adc.o ABSOLUTE
    ..\\Core\\exti.c                         0x00000000   Number         0  exti.o ABSOLUTE
    ..\\Core\\gpio.c                         0x00000000   Number         0  gpio.o ABSOLUTE
    ..\\Core\\pwm.c                          0x00000000   Number         0  pwm.o ABSOLUTE
    ..\\Core\\time_exti.c                    0x00000000   Number         0  time_exti.o ABSOLUTE
    ..\\Core\\usart.c                        0x00000000   Number         0  usart.o ABSOLUTE
    CMSIS\Device\ST\STM32F0xx\Source\Templates\arm\startup_stm32f0xx.s 0x00000000   Number         0  startup_stm32f0xx.o ABSOLUTE
    dc.s                                     0x00000000   Number         0  dc.o ABSOLUTE
    main.cpp                                 0x00000000   Number         0  main.o ABSOLUTE
    main.cpp                                 0x00000000   Number         0  main.o ABSOLUTE
    system_stm32f0xx.c                       0x00000000   Number         0  system_stm32f0xx.o ABSOLUTE
    system_stm32f0xx.c                       0x00000000   Number         0  system_stm32f0xx.o ABSOLUTE
    RESET                                    0x08000000   Section      192  startup_stm32f0xx.o(RESET)
    !!!main                                  0x080000c0   Section        8  __main.o(!!!main)
    !!!scatter                               0x080000c8   Section       60  __scatter.o(!!!scatter)
    !!handler_copy                           0x08000104   Section       26  __scatter_copy.o(!!handler_copy)
    !!handler_zi                             0x08000120   Section       28  __scatter_zi.o(!!handler_zi)
    .ARM.Collect$$libinit$$00000000          0x0800013c   Section        2  libinit.o(.ARM.Collect$$libinit$$00000000)
    .ARM.Collect$$libinit$$00000002          0x0800013e   Section        0  libinit2.o(.ARM.Collect$$libinit$$00000002)
    .ARM.Collect$$libinit$$00000004          0x0800013e   Section        0  libinit2.o(.ARM.Collect$$libinit$$00000004)
    .ARM.Collect$$libinit$$00000005          0x0800013e   Section        8  libinit2.o(.ARM.Collect$$libinit$$00000005)
    .ARM.Collect$$libinit$$0000000A          0x08000146   Section        0  libinit2.o(.ARM.Collect$$libinit$$0000000A)
    .ARM.Collect$$libinit$$0000000C          0x08000146   Section        0  libinit2.o(.ARM.Collect$$libinit$$0000000C)
    .ARM.Collect$$libinit$$0000000E          0x08000146   Section        0  libinit2.o(.ARM.Collect$$libinit$$0000000E)
    .ARM.Collect$$libinit$$00000011          0x08000146   Section        0  libinit2.o(.ARM.Collect$$libinit$$00000011)
    .ARM.Collect$$libinit$$00000013          0x08000146   Section        0  libinit2.o(.ARM.Collect$$libinit$$00000013)
    .ARM.Collect$$libinit$$00000015          0x08000146   Section        0  libinit2.o(.ARM.Collect$$libinit$$00000015)
    .ARM.Collect$$libinit$$00000017          0x08000146   Section        0  libinit2.o(.ARM.Collect$$libinit$$00000017)
    .ARM.Collect$$libinit$$00000019          0x08000146   Section        0  libinit2.o(.ARM.Collect$$libinit$$00000019)
    .ARM.Collect$$libinit$$0000001B          0x08000146   Section        0  libinit2.o(.ARM.Collect$$libinit$$0000001B)
    .ARM.Collect$$libinit$$0000001D          0x08000146   Section        0  libinit2.o(.ARM.Collect$$libinit$$0000001D)
    .ARM.Collect$$libinit$$0000001F          0x08000146   Section        0  libinit2.o(.ARM.Collect$$libinit$$0000001F)
    .ARM.Collect$$libinit$$00000021          0x08000146   Section        0  libinit2.o(.ARM.Collect$$libinit$$00000021)
    .ARM.Collect$$libinit$$00000023          0x08000146   Section        0  libinit2.o(.ARM.Collect$$libinit$$00000023)
    .ARM.Collect$$libinit$$00000025          0x08000146   Section        0  libinit2.o(.ARM.Collect$$libinit$$00000025)
    .ARM.Collect$$libinit$$0000002C          0x08000146   Section        0  libinit2.o(.ARM.Collect$$libinit$$0000002C)
    .ARM.Collect$$libinit$$0000002E          0x08000146   Section        0  libinit2.o(.ARM.Collect$$libinit$$0000002E)
    .ARM.Collect$$libinit$$00000030          0x08000146   Section        0  libinit2.o(.ARM.Collect$$libinit$$00000030)
    .ARM.Collect$$libinit$$00000031          0x08000146   Section        4  libinit2.o(.ARM.Collect$$libinit$$00000031)
    .ARM.Collect$$libinit$$00000032          0x0800014a   Section        0  libinit2.o(.ARM.Collect$$libinit$$00000032)
    .ARM.Collect$$libinit$$00000033          0x0800014a   Section        2  libinit2.o(.ARM.Collect$$libinit$$00000033)
    .ARM.Collect$$libshutdown$$00000000      0x0800014c   Section        2  libshutdown.o(.ARM.Collect$$libshutdown$$00000000)
    .ARM.Collect$$libshutdown$$00000001      0x0800014e   Section        6  libshutdown2.o(.ARM.Collect$$libshutdown$$00000001)
    .ARM.Collect$$libshutdown$$00000002      0x08000154   Section        0  libshutdown2.o(.ARM.Collect$$libshutdown$$00000002)
    .ARM.Collect$$libshutdown$$00000004      0x08000154   Section        0  libshutdown2.o(.ARM.Collect$$libshutdown$$00000004)
    .ARM.Collect$$libshutdown$$00000007      0x08000154   Section        0  libshutdown2.o(.ARM.Collect$$libshutdown$$00000007)
    .ARM.Collect$$libshutdown$$0000000A      0x08000154   Section        0  libshutdown2.o(.ARM.Collect$$libshutdown$$0000000A)
    .ARM.Collect$$libshutdown$$0000000C      0x08000154   Section        0  libshutdown2.o(.ARM.Collect$$libshutdown$$0000000C)
    .ARM.Collect$$libshutdown$$0000000F      0x08000154   Section        0  libshutdown2.o(.ARM.Collect$$libshutdown$$0000000F)
    .ARM.Collect$$libshutdown$$00000010      0x08000154   Section        2  libshutdown2.o(.ARM.Collect$$libshutdown$$00000010)
    .ARM.Collect$$rtentry$$00000000          0x08000156   Section        0  __rtentry.o(.ARM.Collect$$rtentry$$00000000)
    .ARM.Collect$$rtentry$$00000002          0x08000156   Section        0  __rtentry2.o(.ARM.Collect$$rtentry$$00000002)
    .ARM.Collect$$rtentry$$00000004          0x08000156   Section        6  __rtentry4.o(.ARM.Collect$$rtentry$$00000004)
    .ARM.Collect$$rtentry$$00000009          0x0800015c   Section        0  __rtentry2.o(.ARM.Collect$$rtentry$$00000009)
    .ARM.Collect$$rtentry$$0000000A          0x0800015c   Section        4  __rtentry2.o(.ARM.Collect$$rtentry$$0000000A)
    .ARM.Collect$$rtentry$$0000000C          0x08000160   Section        0  __rtentry2.o(.ARM.Collect$$rtentry$$0000000C)
    .ARM.Collect$$rtentry$$0000000D          0x08000160   Section        8  __rtentry2.o(.ARM.Collect$$rtentry$$0000000D)
    .ARM.Collect$$rtexit$$00000000           0x08000168   Section        2  rtexit.o(.ARM.Collect$$rtexit$$00000000)
    .ARM.Collect$$rtexit$$00000002           0x0800016a   Section        0  rtexit2.o(.ARM.Collect$$rtexit$$00000002)
    .ARM.Collect$$rtexit$$00000003           0x0800016a   Section        4  rtexit2.o(.ARM.Collect$$rtexit$$00000003)
    .ARM.Collect$$rtexit$$00000004           0x0800016e   Section        6  rtexit2.o(.ARM.Collect$$rtexit$$00000004)
    .emb_text                                0x08000174   Section        0  maybetermalloc1.o(.emb_text)
    .text                                    0x08000174   Section       56  startup_stm32f0xx.o(.text)
    .text                                    0x080001ac   Section        0  h1_free.o(.text)
    .text                                    0x080001f8   Section        0  aeabi_atexit.o(.text)
    .text                                    0x08000222   Section        0  heapauxi.o(.text)
    .text                                    0x08000228   Section        0  init_aeabi.o(.text)
    .text                                    0x0800024c   Section        8  rt_heap_descriptor_intlibspace.o(.text)
    .text                                    0x08000254   Section        8  rt_ddtor_pointer_addr_intlibspace.o(.text)
    .text                                    0x0800025c   Section        0  hguard.o(.text)
    .text                                    0x08000260   Section        0  init_alloc.o(.text)
    .text                                    0x080002e8   Section        0  h1_alloc.o(.text)
    .text                                    0x0800034a   Section        0  cxa_finalize.o(.text)
    .text                                    0x0800038c   Section        8  libspace.o(.text)
    .text                                    0x08000394   Section        0  h1_init.o(.text)
    .text                                    0x080003a2   Section        0  h1_extend.o(.text)
    .text                                    0x080003d6   Section        0  defsig_exit.o(.text)
    .text                                    0x080003e2   Section        0  defsig_rtmem_outer.o(.text)
    .text                                    0x080003f0   Section        0  sys_exit.o(.text)
    .text                                    0x080003fc   Section       62  sys_stackheap_outer.o(.text)
    .text                                    0x0800043a   Section        0  exit.o(.text)
    .text                                    0x0800044a   Section        0  defsig_general.o(.text)
    .text                                    0x08000480   Section        0  defsig_rtmem_inner.o(.text)
    .text                                    0x080004d0   Section        0  sys_wrch.o(.text)
    .text                                    0x080004dc   Section        2  use_no_semi.o(.text)
    .text                                    0x080004de   Section        0  indicate_semi.o(.text)
    i.ADC_Cmd                                0x080004de   Section        0  stm32f0xx_adc.o(i.ADC_Cmd)
    i.ADC_DeInit                             0x080004f0   Section        0  stm32f0xx_adc.o(i.ADC_DeInit)
    i.ADC_GetFlagStatus                      0x08000510   Section        0  stm32f0xx_adc.o(i.ADC_GetFlagStatus)
    i.ADC_Init                               0x0800052c   Section        0  stm32f0xx_adc.o(i.ADC_Init)
    i.ADC_StructInit                         0x08000558   Section        0  stm32f0xx_adc.o(i.ADC_StructInit)
    i.ADCx_Init                              0x08000568   Section        0  adc.o(i.ADCx_Init)
    i.Delay_Init                             0x080005c4   Section        0  delay.o(i.Delay_Init)
    i.EXTI0_1_IRQHandler                     0x080005f0   Section        0  exti.o(i.EXTI0_1_IRQHandler)
    i.EXTI2_3_IRQHandler                     0x08000624   Section        0  exti.o(i.EXTI2_3_IRQHandler)
    i.EXTI4_15_IRQHandler                    0x08000658   Section        0  exti.o(i.EXTI4_15_IRQHandler)
    i.EXTI_ClearITPendingBit                 0x08000774   Section        0  stm32f0xx_exti.o(i.EXTI_ClearITPendingBit)
    i.EXTI_GetITStatus                       0x08000780   Section        0  stm32f0xx_exti.o(i.EXTI_GetITStatus)
    i.RCC_APB2PeriphClockCmd                 0x0800079c   Section        0  stm32f0xx_rcc.o(i.RCC_APB2PeriphClockCmd)
    i.RCC_APB2PeriphResetCmd                 0x080007b4   Section        0  stm32f0xx_rcc.o(i.RCC_APB2PeriphResetCmd)
    i.SetSysClock                            0x080007cc   Section        0  system_stm32f0xx.o(i.SetSysClock)
    SetSysClock                              0x080007cd   Thumb Code   142  system_stm32f0xx.o(i.SetSysClock)
    i.SysTick_Handler                        0x08000864   Section        0  delay.o(i.SysTick_Handler)
    i.SystemInit                             0x08000874   Section        0  system_stm32f0xx.o(i.SystemInit)
    i.TIM14_IRQHandler                       0x080008d4   Section        0  time_exti.o(i.TIM14_IRQHandler)
    i.TIM15_IRQHandler                       0x080008fc   Section        0  time_exti.o(i.TIM15_IRQHandler)
    i.TIM16_IRQHandler                       0x08000924   Section        0  time_exti.o(i.TIM16_IRQHandler)
    i.TIM17_IRQHandler                       0x0800094c   Section        0  time_exti.o(i.TIM17_IRQHandler)
    i.TIM1_BRK_UP_TRG_COM_IRQHandler         0x08000974   Section        0  time_exti.o(i.TIM1_BRK_UP_TRG_COM_IRQHandler)
    i.TIM3_IRQHandler                        0x0800099c   Section        0  time_exti.o(i.TIM3_IRQHandler)
    i.TIM_ClearITPendingBit                  0x080009c4   Section        0  stm32f0xx_tim.o(i.TIM_ClearITPendingBit)
    i.TIM_GetITStatus                        0x080009ca   Section        0  stm32f0xx_tim.o(i.TIM_GetITStatus)
    i.USART1_IRQHandler                      0x080009e4   Section        0  usart.o(i.USART1_IRQHandler)
    i.USART2_IRQHandler                      0x08000a44   Section        0  usart.o(i.USART2_IRQHandler)
    i.USART_ClearITPendingBit                0x08000aa4   Section        0  stm32f0xx_usart.o(i.USART_ClearITPendingBit)
    i.USART_GetITStatus                      0x08000aae   Section        0  stm32f0xx_usart.o(i.USART_GetITStatus)
    i.USART_ReceiveData                      0x08000ae6   Section        0  stm32f0xx_usart.o(i.USART_ReceiveData)
    i._ZN14HardwareSerialC1EP13USART_TypeDef 0x08000af0   Section        0  hardwareserial.o(i._ZN14HardwareSerialC1EP13USART_TypeDef)
    i._ZN7TwoWireC1Ehhh                      0x08000b30   Section        0  wire.o(i._ZN7TwoWireC1Ehhh)
    i._ZN7TwoWireD1Ev                        0x08000b48   Section        0  wire.o(i._ZN7TwoWireD1Ev)
    i.__sti___18_HardwareSerial_cpp_cfa1b6a6 0x08000b5c   Section        0  hardwareserial.o(i.__sti___18_HardwareSerial_cpp_cfa1b6a6)
    __sti___18_HardwareSerial_cpp_cfa1b6a6   0x08000b5d   Thumb Code    32  hardwareserial.o(i.__sti___18_HardwareSerial_cpp_cfa1b6a6)
    i.__sti___7_SPI_cpp_ce5662b4             0x08000b8c   Section        0  spi.o(i.__sti___7_SPI_cpp_ce5662b4)
    __sti___7_SPI_cpp_ce5662b4               0x08000b8d   Thumb Code    14  spi.o(i.__sti___7_SPI_cpp_ce5662b4)
    i.__sti___8_Wire_cpp_928ee5ff            0x08000ba8   Section        0  wire.o(i.__sti___8_Wire_cpp_928ee5ff)
    __sti___8_Wire_cpp_928ee5ff              0x08000ba9   Thumb Code    24  wire.o(i.__sti___8_Wire_cpp_928ee5ff)
    i.main                                   0x08000bcc   Section        0  main.o(i.main)
    i.null_func                              0x08000bdc   Section        0  arduino.o(i.null_func)
    .constdata__ZTV14HardwareSerial          0x08000be0   Section       36  hardwareserial.o(.constdata__ZTV14HardwareSerial)
    .constdata__ZTV7TwoWire                  0x08000c04   Section       16  wire.o(.constdata__ZTV7TwoWire)
    .init_array                              0x08000c34   Section        4  hardwareserial.o(.init_array)
    .init_array                              0x08000c38   Section        4  wire.o(.init_array)
    .init_array                              0x08000c3c   Section        4  spi.o(.init_array)
    .init_array                              0x08000c40   Section        0  init_aeabi.o(.init_array)
    .data                                    0x20000000   Section        4  delay.o(.data)
    .data                                    0x20000004   Section       24  usart.o(.data)
    .data                                    0x2000001c   Section       64  exti.o(.data)
    .data                                    0x2000005c   Section       28  time_exti.o(.data)
    .bss                                     0x20000078   Section       72  hardwareserial.o(.bss)
    .bss                                     0x200000c0   Section       88  wire.o(.bss)
    .bss                                     0x20000118   Section       48  spi.o(.bss)
    .bss                                     0x20000148   Section      384  usart.o(.bss)
    .bss                                     0x200002c8   Section       96  libspace.o(.bss)
    HEAP                                     0x20000328   Section      512  startup_stm32f0xx.o(HEAP)
    Heap_Mem                                 0x20000328   Data         512  startup_stm32f0xx.o(HEAP)
    STACK                                    0x20000528   Section     1024  startup_stm32f0xx.o(STACK)
    Stack_Mem                                0x20000528   Data        1024  startup_stm32f0xx.o(STACK)
    __initial_sp                             0x20000928   Data           0  startup_stm32f0xx.o(STACK)

    Global Symbols

    Symbol Name                              Value     Ov Type        Size  Object(Section)

    BuildAttributes$$THM_ISAv3M$S$PE$A:L22$X:L11$S22$IEEE1$IW$USESV6$~STKCKD$USESV7$~SHL$OTIME$ROPI$IEEEX$EBA8$UX$STANDARDLIB$REQ8$PRES8$EABIv2 0x00000000   Number         0  anon$$obj.o ABSOLUTE
    __ARM_use_no_argv                        0x00000000   Number         0  main.o ABSOLUTE
    _printf_flags                            0x00000000   Number         0  printf_stubs.o ABSOLUTE
    _printf_return_value                     0x00000000   Number         0  printf_stubs.o ABSOLUTE
    _printf_sizespec                         0x00000000   Number         0  printf_stubs.o ABSOLUTE
    _printf_widthprec                        0x00000000   Number         0  printf_stubs.o ABSOLUTE
    __ARM::default_unexpected_handler()       - Undefined Weak Reference
    typeinfo for Printable                    - Undefined Weak Reference
    __ARM_exceptions_buffer_required          - Undefined Weak Reference
    __ARM_exceptions_init                     - Undefined Weak Reference
    __alloca_initialize                       - Undefined Weak Reference
    __arm_preinit_                            - Undefined Weak Reference
    __sigvec_lookup                           - Undefined Weak Reference
    __user_heap_extent                        - Undefined Weak Reference
    _atexit_init                              - Undefined Weak Reference
    _call_atexit_fns                          - Undefined Weak Reference
    _clock_init                               - Undefined Weak Reference
    _fp_trap_init                             - Undefined Weak Reference
    _fp_trap_shutdown                         - Undefined Weak Reference
    _get_lc_collate                           - Undefined Weak Reference
    _get_lc_monetary                          - Undefined Weak Reference
    _get_lc_time                              - Undefined Weak Reference
    _getenv_init                              - Undefined Weak Reference
    _handle_redirection                       - Undefined Weak Reference
    _initio                                   - Undefined Weak Reference
    _mutex_acquire                            - Undefined Weak Reference
    _mutex_free                               - Undefined Weak Reference
    _mutex_release                            - Undefined Weak Reference
    _printf_mbtowc                            - Undefined Weak Reference
    _printf_wc                                - Undefined Weak Reference
    _signal_finish                            - Undefined Weak Reference
    _signal_init                              - Undefined Weak Reference
    _terminateio                              - Undefined Weak Reference
    __Vectors_Size                           0x000000c0   Number         0  startup_stm32f0xx.o ABSOLUTE
    __Vectors                                0x08000000   Data           4  startup_stm32f0xx.o(RESET)
    __dso_handle                             0x08000000   Number         0  startup_stm32f0xx.o(RESET)
    __Vectors_End                            0x080000c0   Data           0  startup_stm32f0xx.o(RESET)
    __main                                   0x080000c1   Thumb Code     8  __main.o(!!!main)
    __scatterload                            0x080000c9   Thumb Code     0  __scatter.o(!!!scatter)
    __scatterload_rt2                        0x080000c9   Thumb Code    52  __scatter.o(!!!scatter)
    __scatterload_rt2_thumb_only             0x080000c9   Thumb Code     0  __scatter.o(!!!scatter)
    __scatterload_null                       0x080000d9   Thumb Code     0  __scatter.o(!!!scatter)
    __scatterload_copy                       0x08000105   Thumb Code    26  __scatter_copy.o(!!handler_copy)
    __scatterload_zeroinit                   0x08000121   Thumb Code    28  __scatter_zi.o(!!handler_zi)
    __rt_lib_init                            0x0800013d   Thumb Code     0  libinit.o(.ARM.Collect$$libinit$$00000000)
    __rt_lib_init_fp_1                       0x0800013f   Thumb Code     0  libinit2.o(.ARM.Collect$$libinit$$00000002)
    __rt_lib_init_heap_2                     0x0800013f   Thumb Code     0  libinit2.o(.ARM.Collect$$libinit$$00000005)
    __rt_lib_init_preinit_1                  0x0800013f   Thumb Code     0  libinit2.o(.ARM.Collect$$libinit$$00000004)
    __rt_lib_init_alloca_1                   0x08000147   Thumb Code     0  libinit2.o(.ARM.Collect$$libinit$$0000002E)
    __rt_lib_init_argv_1                     0x08000147   Thumb Code     0  libinit2.o(.ARM.Collect$$libinit$$0000002C)
    __rt_lib_init_atexit_1                   0x08000147   Thumb Code     0  libinit2.o(.ARM.Collect$$libinit$$0000001B)
    __rt_lib_init_clock_1                    0x08000147   Thumb Code     0  libinit2.o(.ARM.Collect$$libinit$$00000021)
    __rt_lib_init_cpp_2                      0x08000147   Thumb Code     0  libinit2.o(.ARM.Collect$$libinit$$00000031)
    __rt_lib_init_exceptions_1               0x08000147   Thumb Code     0  libinit2.o(.ARM.Collect$$libinit$$00000030)
    __rt_lib_init_fp_trap_1                  0x08000147   Thumb Code     0  libinit2.o(.ARM.Collect$$libinit$$0000001F)
    __rt_lib_init_getenv_1                   0x08000147   Thumb Code     0  libinit2.o(.ARM.Collect$$libinit$$00000023)
    __rt_lib_init_heap_1                     0x08000147   Thumb Code     0  libinit2.o(.ARM.Collect$$libinit$$0000000A)
    __rt_lib_init_lc_collate_1               0x08000147   Thumb Code     0  libinit2.o(.ARM.Collect$$libinit$$00000011)
    __rt_lib_init_lc_ctype_1                 0x08000147   Thumb Code     0  libinit2.o(.ARM.Collect$$libinit$$00000013)
    __rt_lib_init_lc_monetary_1              0x08000147   Thumb Code     0  libinit2.o(.ARM.Collect$$libinit$$00000015)
    __rt_lib_init_lc_numeric_1               0x08000147   Thumb Code     0  libinit2.o(.ARM.Collect$$libinit$$00000017)
    __rt_lib_init_lc_time_1                  0x08000147   Thumb Code     0  libinit2.o(.ARM.Collect$$libinit$$00000019)
    __rt_lib_init_rand_1                     0x08000147   Thumb Code     0  libinit2.o(.ARM.Collect$$libinit$$0000000E)
    __rt_lib_init_signal_1                   0x08000147   Thumb Code     0  libinit2.o(.ARM.Collect$$libinit$$0000001D)
    __rt_lib_init_stdio_1                    0x08000147   Thumb Code     0  libinit2.o(.ARM.Collect$$libinit$$00000025)
    __rt_lib_init_user_alloc_1               0x08000147   Thumb Code     0  libinit2.o(.ARM.Collect$$libinit$$0000000C)
    __rt_lib_init_cpp_1                      0x0800014b   Thumb Code     0  libinit2.o(.ARM.Collect$$libinit$$00000032)
    __rt_lib_init_return                     0x0800014b   Thumb Code     0  libinit2.o(.ARM.Collect$$libinit$$00000033)
    __rt_lib_shutdown                        0x0800014d   Thumb Code     0  libshutdown.o(.ARM.Collect$$libshutdown$$00000000)
    __rt_lib_shutdown_cpp_2                  0x0800014f   Thumb Code     0  libshutdown2.o(.ARM.Collect$$libshutdown$$00000001)
    __rt_lib_shutdown_cpp_1                  0x08000155   Thumb Code     0  libshutdown2.o(.ARM.Collect$$libshutdown$$00000002)
    __rt_lib_shutdown_fp_trap_1              0x08000155   Thumb Code     0  libshutdown2.o(.ARM.Collect$$libshutdown$$00000007)
    __rt_lib_shutdown_heap_1                 0x08000155   Thumb Code     0  libshutdown2.o(.ARM.Collect$$libshutdown$$0000000F)
    __rt_lib_shutdown_return                 0x08000155   Thumb Code     0  libshutdown2.o(.ARM.Collect$$libshutdown$$00000010)
    __rt_lib_shutdown_signal_1               0x08000155   Thumb Code     0  libshutdown2.o(.ARM.Collect$$libshutdown$$0000000A)
    __rt_lib_shutdown_stdio_1                0x08000155   Thumb Code     0  libshutdown2.o(.ARM.Collect$$libshutdown$$00000004)
    __rt_lib_shutdown_user_alloc_1           0x08000155   Thumb Code     0  libshutdown2.o(.ARM.Collect$$libshutdown$$0000000C)
    __rt_entry                               0x08000157   Thumb Code     0  __rtentry.o(.ARM.Collect$$rtentry$$00000000)
    __rt_entry_presh_1                       0x08000157   Thumb Code     0  __rtentry2.o(.ARM.Collect$$rtentry$$00000002)
    __rt_entry_sh                            0x08000157   Thumb Code     0  __rtentry4.o(.ARM.Collect$$rtentry$$00000004)
    __rt_entry_li                            0x0800015d   Thumb Code     0  __rtentry2.o(.ARM.Collect$$rtentry$$0000000A)
    __rt_entry_postsh_1                      0x0800015d   Thumb Code     0  __rtentry2.o(.ARM.Collect$$rtentry$$00000009)
    __rt_entry_main                          0x08000161   Thumb Code     0  __rtentry2.o(.ARM.Collect$$rtentry$$0000000D)
    __rt_entry_postli_1                      0x08000161   Thumb Code     0  __rtentry2.o(.ARM.Collect$$rtentry$$0000000C)
    __rt_exit                                0x08000169   Thumb Code     0  rtexit.o(.ARM.Collect$$rtexit$$00000000)
    __rt_exit_ls                             0x0800016b   Thumb Code     0  rtexit2.o(.ARM.Collect$$rtexit$$00000003)
    __rt_exit_prels_1                        0x0800016b   Thumb Code     0  rtexit2.o(.ARM.Collect$$rtexit$$00000002)
    __rt_exit_exit                           0x0800016f   Thumb Code     0  rtexit2.o(.ARM.Collect$$rtexit$$00000004)
    Reset_Handler                            0x08000175   Thumb Code     8  startup_stm32f0xx.o(.text)
    _maybe_terminate_alloc                   0x08000175   Thumb Code     0  maybetermalloc1.o(.emb_text)
    NMI_Handler                              0x0800017d   Thumb Code     2  startup_stm32f0xx.o(.text)
    HardFault_Handler                        0x0800017f   Thumb Code     2  startup_stm32f0xx.o(.text)
    SVC_Handler                              0x08000181   Thumb Code     2  startup_stm32f0xx.o(.text)
    PendSV_Handler                           0x08000183   Thumb Code     2  startup_stm32f0xx.o(.text)
    ADC1_COMP_IRQHandler                     0x08000187   Thumb Code     0  startup_stm32f0xx.o(.text)
    CEC_IRQHandler                           0x08000187   Thumb Code     0  startup_stm32f0xx.o(.text)
    DMA1_Channel1_IRQHandler                 0x08000187   Thumb Code     0  startup_stm32f0xx.o(.text)
    DMA1_Channel2_3_IRQHandler               0x08000187   Thumb Code     0  startup_stm32f0xx.o(.text)
    DMA1_Channel4_5_IRQHandler               0x08000187   Thumb Code     0  startup_stm32f0xx.o(.text)
    FLASH_IRQHandler                         0x08000187   Thumb Code     0  startup_stm32f0xx.o(.text)
    I2C1_IRQHandler                          0x08000187   Thumb Code     0  startup_stm32f0xx.o(.text)
    I2C2_IRQHandler                          0x08000187   Thumb Code     0  startup_stm32f0xx.o(.text)
    PVD_IRQHandler                           0x08000187   Thumb Code     0  startup_stm32f0xx.o(.text)
    RCC_IRQHandler                           0x08000187   Thumb Code     0  startup_stm32f0xx.o(.text)
    RTC_IRQHandler                           0x08000187   Thumb Code     0  startup_stm32f0xx.o(.text)
    SPI1_IRQHandler                          0x08000187   Thumb Code     0  startup_stm32f0xx.o(.text)
    SPI2_IRQHandler                          0x08000187   Thumb Code     0  startup_stm32f0xx.o(.text)
    TIM1_CC_IRQHandler                       0x08000187   Thumb Code     0  startup_stm32f0xx.o(.text)
    TIM2_IRQHandler                          0x08000187   Thumb Code     0  startup_stm32f0xx.o(.text)
    TIM6_DAC_IRQHandler                      0x08000187   Thumb Code     0  startup_stm32f0xx.o(.text)
    TS_IRQHandler                            0x08000187   Thumb Code     0  startup_stm32f0xx.o(.text)
    WWDG_IRQHandler                          0x08000187   Thumb Code     0  startup_stm32f0xx.o(.text)
    __user_initial_stackheap                 0x08000189   Thumb Code     0  startup_stm32f0xx.o(.text)
    free                                     0x080001ad   Thumb Code    76  h1_free.o(.text)
    __aeabi_atexit                           0x080001f9   Thumb Code    42  aeabi_atexit.o(.text)
    __use_two_region_memory                  0x08000223   Thumb Code     2  heapauxi.o(.text)
    __rt_heap_escrow                         0x08000225   Thumb Code     2  heapauxi.o(.text)
    __rt_heap_expand                         0x08000227   Thumb Code     2  heapauxi.o(.text)
    __cpp_initialize__aeabi_                 0x08000229   Thumb Code    26  init_aeabi.o(.text)
    __rt_heap_descriptor                     0x0800024d   Thumb Code     8  rt_heap_descriptor_intlibspace.o(.text)
    __rt_ddtor_pointer_addr                  0x08000255   Thumb Code     8  rt_ddtor_pointer_addr_intlibspace.o(.text)
    __use_no_heap                            0x0800025d   Thumb Code     2  hguard.o(.text)
    __heap$guard                             0x0800025f   Thumb Code     2  hguard.o(.text)
    _terminate_user_alloc                    0x08000261   Thumb Code     2  init_alloc.o(.text)
    _init_user_alloc                         0x08000263   Thumb Code     2  init_alloc.o(.text)
    __Heap_Full                              0x08000265   Thumb Code    32  init_alloc.o(.text)
    __Heap_Broken                            0x08000285   Thumb Code    10  init_alloc.o(.text)
    _init_alloc                              0x0800028f   Thumb Code    90  init_alloc.o(.text)
    malloc                                   0x080002e9   Thumb Code    98  h1_alloc.o(.text)
    __cxa_finalize                           0x0800034b   Thumb Code    66  cxa_finalize.o(.text)
    __user_libspace                          0x0800038d   Thumb Code     8  libspace.o(.text)
    __user_perproc_libspace                  0x0800038d   Thumb Code     0  libspace.o(.text)
    __user_perthread_libspace                0x0800038d   Thumb Code     0  libspace.o(.text)
    __Heap_Initialize                        0x08000395   Thumb Code    10  h1_init.o(.text)
    __Heap_DescSize                          0x0800039f   Thumb Code     4  h1_init.o(.text)
    __Heap_ProvideMemory                     0x080003a3   Thumb Code    52  h1_extend.o(.text)
    __sig_exit                               0x080003d7   Thumb Code    12  defsig_exit.o(.text)
    __rt_SIGRTMEM                            0x080003e3   Thumb Code    12  defsig_rtmem_outer.o(.text)
    _sys_exit                                0x080003f1   Thumb Code     8  sys_exit.o(.text)
    __user_setup_stackheap                   0x080003fd   Thumb Code    62  sys_stackheap_outer.o(.text)
    exit                                     0x0800043b   Thumb Code    16  exit.o(.text)
    __default_signal_display                 0x0800044b   Thumb Code    52  defsig_general.o(.text)
    __rt_SIGRTMEM_inner                      0x08000481   Thumb Code    22  defsig_rtmem_inner.o(.text)
    _ttywrch                                 0x080004d1   Thumb Code    12  sys_wrch.o(.text)
    __I$use$semihosting                      0x080004dd   Thumb Code     0  use_no_semi.o(.text)
    __use_no_semihosting_swi                 0x080004dd   Thumb Code     2  use_no_semi.o(.text)
    ADC_Cmd                                  0x080004df   Thumb Code    18  stm32f0xx_adc.o(i.ADC_Cmd)
    __semihosting_library_function           0x080004df   Thumb Code     0  indicate_semi.o(.text)
    ADC_DeInit                               0x080004f1   Thumb Code    28  stm32f0xx_adc.o(i.ADC_DeInit)
    ADC_GetFlagStatus                        0x08000511   Thumb Code    28  stm32f0xx_adc.o(i.ADC_GetFlagStatus)
    ADC_Init                                 0x0800052d   Thumb Code    38  stm32f0xx_adc.o(i.ADC_Init)
    ADC_StructInit                           0x08000559   Thumb Code    16  stm32f0xx_adc.o(i.ADC_StructInit)
    ADCx_Init                                0x08000569   Thumb Code    84  adc.o(i.ADCx_Init)
    Delay_Init                               0x080005c5   Thumb Code    36  delay.o(i.Delay_Init)
    EXTI0_1_IRQHandler                       0x080005f1   Thumb Code    46  exti.o(i.EXTI0_1_IRQHandler)
    EXTI2_3_IRQHandler                       0x08000625   Thumb Code    46  exti.o(i.EXTI2_3_IRQHandler)
    EXTI4_15_IRQHandler                      0x08000659   Thumb Code   278  exti.o(i.EXTI4_15_IRQHandler)
    EXTI_ClearITPendingBit                   0x08000775   Thumb Code     6  stm32f0xx_exti.o(i.EXTI_ClearITPendingBit)
    EXTI_GetITStatus                         0x08000781   Thumb Code    24  stm32f0xx_exti.o(i.EXTI_GetITStatus)
    RCC_APB2PeriphClockCmd                   0x0800079d   Thumb Code    18  stm32f0xx_rcc.o(i.RCC_APB2PeriphClockCmd)
    RCC_APB2PeriphResetCmd                   0x080007b5   Thumb Code    18  stm32f0xx_rcc.o(i.RCC_APB2PeriphResetCmd)
    SysTick_Handler                          0x08000865   Thumb Code    10  delay.o(i.SysTick_Handler)
    SystemInit                               0x08000875   Thumb Code    84  system_stm32f0xx.o(i.SystemInit)
    TIM14_IRQHandler                         0x080008d5   Thumb Code    32  time_exti.o(i.TIM14_IRQHandler)
    TIM15_IRQHandler                         0x080008fd   Thumb Code    32  time_exti.o(i.TIM15_IRQHandler)
    TIM16_IRQHandler                         0x08000925   Thumb Code    32  time_exti.o(i.TIM16_IRQHandler)
    TIM17_IRQHandler                         0x0800094d   Thumb Code    32  time_exti.o(i.TIM17_IRQHandler)
    TIM1_BRK_UP_TRG_COM_IRQHandler           0x08000975   Thumb Code    32  time_exti.o(i.TIM1_BRK_UP_TRG_COM_IRQHandler)
    TIM3_IRQHandler                          0x0800099d   Thumb Code    32  time_exti.o(i.TIM3_IRQHandler)
    TIM_ClearITPendingBit                    0x080009c5   Thumb Code     6  stm32f0xx_tim.o(i.TIM_ClearITPendingBit)
    TIM_GetITStatus                          0x080009cb   Thumb Code    24  stm32f0xx_tim.o(i.TIM_GetITStatus)
    USART1_IRQHandler                        0x080009e5   Thumb Code    76  usart.o(i.USART1_IRQHandler)
    USART2_IRQHandler                        0x08000a45   Thumb Code    76  usart.o(i.USART2_IRQHandler)
    USART_ClearITPendingBit                  0x08000aa5   Thumb Code    10  stm32f0xx_usart.o(i.USART_ClearITPendingBit)
    USART_GetITStatus                        0x08000aaf   Thumb Code    56  stm32f0xx_usart.o(i.USART_GetITStatus)
    USART_ReceiveData                        0x08000ae7   Thumb Code     8  stm32f0xx_usart.o(i.USART_ReceiveData)
    HardwareSerial::HardwareSerial(USART_TypeDef*) 0x08000af1   Thumb Code    48  hardwareserial.o(i._ZN14HardwareSerialC1EP13USART_TypeDef)
    HardwareSerial::HardwareSerial__sub_object(USART_TypeDef*) 0x08000af1   Thumb Code     0  hardwareserial.o(i._ZN14HardwareSerialC1EP13USART_TypeDef)
    TwoWire::TwoWire(unsigned char, unsigned char, unsigned char) 0x08000b31   Thumb Code    18  wire.o(i._ZN7TwoWireC1Ehhh)
    TwoWire::TwoWire__sub_object(unsigned char, unsigned char, unsigned char) 0x08000b31   Thumb Code     0  wire.o(i._ZN7TwoWireC1Ehhh)
    TwoWire::~TwoWire()                      0x08000b49   Thumb Code    16  wire.o(i._ZN7TwoWireD1Ev)
    TwoWire::~TwoWire__sub_object()          0x08000b49   Thumb Code     0  wire.o(i._ZN7TwoWireD1Ev)
    main                                     0x08000bcd   Thumb Code    12  main.o(i.main)
    null_func                                0x08000bdd   Thumb Code     2  arduino.o(i.null_func)
    vtable for HardwareSerial                0x08000be0   Data          36  hardwareserial.o(.constdata__ZTV14HardwareSerial)
    vtable for TwoWire                       0x08000c04   Data          16  wire.o(.constdata__ZTV7TwoWire)
    Region$$Table$$Base                      0x08000c14   Number         0  anon$$obj.o(Region$$Table)
    Region$$Table$$Limit                     0x08000c34   Number         0  anon$$obj.o(Region$$Table)
    SHT$$INIT_ARRAY$$Base                    0x08000c34   Number         0  hardwareserial.o(.init_array)
    SHT$$INIT_ARRAY$$Limit                   0x08000c40   Number         0  init_aeabi.o(.init_array)
    System_ms                                0x20000000   Data           4  delay.o(.data)
    _rx_buffer_head                          0x20000004   Data           6  usart.o(.data)
    _rx_buffer_tail                          0x2000000a   Data           6  usart.o(.data)
    USART_Function                           0x20000010   Data          12  usart.o(.data)
    EXTI_Function                            0x2000001c   Data          64  exti.o(.data)
    TIM_Function                             0x2000005c   Data          28  time_exti.o(.data)
    Serial                                   0x20000078   Data          24  hardwareserial.o(.bss)
    Serial2                                  0x20000090   Data          24  hardwareserial.o(.bss)
    Serial3                                  0x200000a8   Data          24  hardwareserial.o(.bss)
    Wire                                     0x200000c0   Data          88  wire.o(.bss)
    SPI                                      0x20000118   Data          24  spi.o(.bss)
    SPI_2                                    0x20000130   Data          24  spi.o(.bss)
    _rx_buffer                               0x20000148   Data         384  usart.o(.bss)
    __libspace_start                         0x200002c8   Data          96  libspace.o(.bss)
    __temporary_stack_top$libspace           0x20000328   Data           0  libspace.o(.bss)



==============================================================================

Memory Map of the image

  Image Entry point : 0x080000c1

  Load Region LR_IROM1 (Base: 0x08000000, Size: 0x00000cb8, Max: 0x00004000, ABSOLUTE)

    Execution Region ER_IROM1 (Exec base: 0x08000000, Load base: 0x08000000, Size: 0x00000c40, Max: 0x00004000, ABSOLUTE)

    Exec Addr    Load Addr    Size         Type   Attr      Idx    E Section Name        Object

    0x08000000   0x08000000   0x000000c0   Data   RO         5794    RESET               startup_stm32f0xx.o
    0x080000c0   0x080000c0   0x00000008   Code   RO         5987  * !!!main             c_p.l(__main.o)
    0x080000c8   0x080000c8   0x0000003c   Code   RO         6614    !!!scatter          c_p.l(__scatter.o)
    0x08000104   0x08000104   0x0000001a   Code   RO         6616    !!handler_copy      c_p.l(__scatter_copy.o)
    0x0800011e   0x0800011e   0x00000002   PAD
    0x08000120   0x08000120   0x0000001c   Code   RO         6618    !!handler_zi        c_p.l(__scatter_zi.o)
    0x0800013c   0x0800013c   0x00000002   Code   RO         6505    .ARM.Collect$$libinit$$00000000  c_p.l(libinit.o)
    0x0800013e   0x0800013e   0x00000000   Code   RO         6286    .ARM.Collect$$libinit$$00000002  c_p.l(libinit2.o)
    0x0800013e   0x0800013e   0x00000000   Code   RO         6288    .ARM.Collect$$libinit$$00000004  c_p.l(libinit2.o)
    0x0800013e   0x0800013e   0x00000008   Code   RO         6289    .ARM.Collect$$libinit$$00000005  c_p.l(libinit2.o)
    0x08000146   0x08000146   0x00000000   Code   RO         6291    .ARM.Collect$$libinit$$0000000A  c_p.l(libinit2.o)
    0x08000146   0x08000146   0x00000000   Code   RO         6293    .ARM.Collect$$libinit$$0000000C  c_p.l(libinit2.o)
    0x08000146   0x08000146   0x00000000   Code   RO         6295    .ARM.Collect$$libinit$$0000000E  c_p.l(libinit2.o)
    0x08000146   0x08000146   0x00000000   Code   RO         6298    .ARM.Collect$$libinit$$00000011  c_p.l(libinit2.o)
    0x08000146   0x08000146   0x00000000   Code   RO         6300    .ARM.Collect$$libinit$$00000013  c_p.l(libinit2.o)
    0x08000146   0x08000146   0x00000000   Code   RO         6302    .ARM.Collect$$libinit$$00000015  c_p.l(libinit2.o)
    0x08000146   0x08000146   0x00000000   Code   RO         6304    .ARM.Collect$$libinit$$00000017  c_p.l(libinit2.o)
    0x08000146   0x08000146   0x00000000   Code   RO         6306    .ARM.Collect$$libinit$$00000019  c_p.l(libinit2.o)
    0x08000146   0x08000146   0x00000000   Code   RO         6308    .ARM.Collect$$libinit$$0000001B  c_p.l(libinit2.o)
    0x08000146   0x08000146   0x00000000   Code   RO         6310    .ARM.Collect$$libinit$$0000001D  c_p.l(libinit2.o)
    0x08000146   0x08000146   0x00000000   Code   RO         6312    .ARM.Collect$$libinit$$0000001F  c_p.l(libinit2.o)
    0x08000146   0x08000146   0x00000000   Code   RO         6314    .ARM.Collect$$libinit$$00000021  c_p.l(libinit2.o)
    0x08000146   0x08000146   0x00000000   Code   RO         6316    .ARM.Collect$$libinit$$00000023  c_p.l(libinit2.o)
    0x08000146   0x08000146   0x00000000   Code   RO         6318    .ARM.Collect$$libinit$$00000025  c_p.l(libinit2.o)
    0x08000146   0x08000146   0x00000000   Code   RO         6322    .ARM.Collect$$libinit$$0000002C  c_p.l(libinit2.o)
    0x08000146   0x08000146   0x00000000   Code   RO         6324    .ARM.Collect$$libinit$$0000002E  c_p.l(libinit2.o)
    0x08000146   0x08000146   0x00000000   Code   RO         6326    .ARM.Collect$$libinit$$00000030  c_p.l(libinit2.o)
    0x08000146   0x08000146   0x00000004   Code   RO         6327    .ARM.Collect$$libinit$$00000031  c_p.l(libinit2.o)
    0x0800014a   0x0800014a   0x00000000   Code   RO         6328    .ARM.Collect$$libinit$$00000032  c_p.l(libinit2.o)
    0x0800014a   0x0800014a   0x00000002   Code   RO         6329    .ARM.Collect$$libinit$$00000033  c_p.l(libinit2.o)
    0x0800014c   0x0800014c   0x00000002   Code   RO         6582    .ARM.Collect$$libshutdown$$00000000  c_p.l(libshutdown.o)
    0x0800014e   0x0800014e   0x00000006   Code   RO         6421    .ARM.Collect$$libshutdown$$00000001  c_p.l(libshutdown2.o)
    0x08000154   0x08000154   0x00000000   Code   RO         6422    .ARM.Collect$$libshutdown$$00000002  c_p.l(libshutdown2.o)
    0x08000154   0x08000154   0x00000000   Code   RO         6424    .ARM.Collect$$libshutdown$$00000004  c_p.l(libshutdown2.o)
    0x08000154   0x08000154   0x00000000   Code   RO         6427    .ARM.Collect$$libshutdown$$00000007  c_p.l(libshutdown2.o)
    0x08000154   0x08000154   0x00000000   Code   RO         6430    .ARM.Collect$$libshutdown$$0000000A  c_p.l(libshutdown2.o)
    0x08000154   0x08000154   0x00000000   Code   RO         6432    .ARM.Collect$$libshutdown$$0000000C  c_p.l(libshutdown2.o)
    0x08000154   0x08000154   0x00000000   Code   RO         6435    .ARM.Collect$$libshutdown$$0000000F  c_p.l(libshutdown2.o)
    0x08000154   0x08000154   0x00000002   Code   RO         6436    .ARM.Collect$$libshutdown$$00000010  c_p.l(libshutdown2.o)
    0x08000156   0x08000156   0x00000000   Code   RO         6145    .ARM.Collect$$rtentry$$00000000  c_p.l(__rtentry.o)
    0x08000156   0x08000156   0x00000000   Code   RO         6350    .ARM.Collect$$rtentry$$00000002  c_p.l(__rtentry2.o)
    0x08000156   0x08000156   0x00000006   Code   RO         6362    .ARM.Collect$$rtentry$$00000004  c_p.l(__rtentry4.o)
    0x0800015c   0x0800015c   0x00000000   Code   RO         6352    .ARM.Collect$$rtentry$$00000009  c_p.l(__rtentry2.o)
    0x0800015c   0x0800015c   0x00000004   Code   RO         6353    .ARM.Collect$$rtentry$$0000000A  c_p.l(__rtentry2.o)
    0x08000160   0x08000160   0x00000000   Code   RO         6355    .ARM.Collect$$rtentry$$0000000C  c_p.l(__rtentry2.o)
    0x08000160   0x08000160   0x00000008   Code   RO         6356    .ARM.Collect$$rtentry$$0000000D  c_p.l(__rtentry2.o)
    0x08000168   0x08000168   0x00000002   Code   RO         6517    .ARM.Collect$$rtexit$$00000000  c_p.l(rtexit.o)
    0x0800016a   0x0800016a   0x00000000   Code   RO         6550    .ARM.Collect$$rtexit$$00000002  c_p.l(rtexit2.o)
    0x0800016a   0x0800016a   0x00000004   Code   RO         6551    .ARM.Collect$$rtexit$$00000003  c_p.l(rtexit2.o)
    0x0800016e   0x0800016e   0x00000006   Code   RO         6552    .ARM.Collect$$rtexit$$00000004  c_p.l(rtexit2.o)
    0x08000174   0x08000174   0x00000000   Code   RO         6368    .emb_text           c_p.l(maybetermalloc1.o)
    0x08000174   0x08000174   0x00000038   Code   RO         5795    .text               startup_stm32f0xx.o
    0x080001ac   0x080001ac   0x0000004c   Code   RO         5844    .text               c_p.l(h1_free.o)
    0x080001f8   0x080001f8   0x0000002a   Code   RO         5956    .text               c_p.l(aeabi_atexit.o)
    0x08000222   0x08000222   0x00000006   Code   RO         5985    .text               c_p.l(heapauxi.o)
    0x08000228   0x08000228   0x00000024   Code   RO         5992    .text               c_p.l(init_aeabi.o)
    0x0800024c   0x0800024c   0x00000008   Code   RO         6157    .text               c_p.l(rt_heap_descriptor_intlibspace.o)
    0x08000254   0x08000254   0x00000008   Code   RO         6167    .text               c_p.l(rt_ddtor_pointer_addr_intlibspace.o)
    0x0800025c   0x0800025c   0x00000004   Code   RO         6174    .text               c_p.l(hguard.o)
    0x08000260   0x08000260   0x00000088   Code   RO         6176    .text               c_p.l(init_alloc.o)
    0x080002e8   0x080002e8   0x00000062   Code   RO         6182    .text               c_p.l(h1_alloc.o)
    0x0800034a   0x0800034a   0x00000042   Code   RO         6274    .text               c_p.l(cxa_finalize.o)
    0x0800038c   0x0800038c   0x00000008   Code   RO         6346    .text               c_p.l(libspace.o)
    0x08000394   0x08000394   0x0000000e   Code   RO         6370    .text               c_p.l(h1_init.o)
    0x080003a2   0x080003a2   0x00000034   Code   RO         6372    .text               c_p.l(h1_extend.o)
    0x080003d6   0x080003d6   0x0000000c   Code   RO         6406    .text               c_p.l(defsig_exit.o)
    0x080003e2   0x080003e2   0x0000000c   Code   RO         6408    .text               c_p.l(defsig_rtmem_outer.o)
    0x080003ee   0x080003ee   0x00000002   PAD
    0x080003f0   0x080003f0   0x0000000c   Code   RO         6464    .text               c_p.l(sys_exit.o)
    0x080003fc   0x080003fc   0x0000003e   Code   RO         6466    .text               c_p.l(sys_stackheap_outer.o)
    0x0800043a   0x0800043a   0x00000010   Code   RO         6482    .text               c_p.l(exit.o)
    0x0800044a   0x0800044a   0x00000034   Code   RO         6488    .text               c_p.l(defsig_general.o)
    0x0800047e   0x0800047e   0x00000002   PAD
    0x08000480   0x08000480   0x00000050   Code   RO         6494    .text               c_p.l(defsig_rtmem_inner.o)
    0x080004d0   0x080004d0   0x0000000c   Code   RO         6511    .text               c_p.l(sys_wrch.o)
    0x080004dc   0x080004dc   0x00000002   Code   RO         6513    .text               c_p.l(use_no_semi.o)
    0x080004de   0x080004de   0x00000000   Code   RO         6515    .text               c_p.l(indicate_semi.o)
    0x080004de   0x080004de   0x00000012   Code   RO         2642    i.ADC_Cmd           stm32f0xx_adc.o
    0x080004f0   0x080004f0   0x00000020   Code   RO         2646    i.ADC_DeInit        stm32f0xx_adc.o
    0x08000510   0x08000510   0x0000001c   Code   RO         2650    i.ADC_GetFlagStatus  stm32f0xx_adc.o
    0x0800052c   0x0800052c   0x0000002c   Code   RO         2653    i.ADC_Init          stm32f0xx_adc.o
    0x08000558   0x08000558   0x00000010   Code   RO         2658    i.ADC_StructInit    stm32f0xx_adc.o
    0x08000568   0x08000568   0x0000005c   Code   RO         2285    i.ADCx_Init         adc.o
    0x080005c4   0x080005c4   0x0000002c   Code   RO         2080    i.Delay_Init        delay.o
    0x080005f0   0x080005f0   0x00000034   Code   RO         2400    i.EXTI0_1_IRQHandler  exti.o
    0x08000624   0x08000624   0x00000034   Code   RO         2401    i.EXTI2_3_IRQHandler  exti.o
    0x08000658   0x08000658   0x0000011c   Code   RO         2402    i.EXTI4_15_IRQHandler  exti.o
    0x08000774   0x08000774   0x0000000c   Code   RO         3285    i.EXTI_ClearITPendingBit  stm32f0xx_exti.o
    0x08000780   0x08000780   0x0000001c   Code   RO         3289    i.EXTI_GetITStatus  stm32f0xx_exti.o
    0x0800079c   0x0800079c   0x00000018   Code   RO         4058    i.RCC_APB2PeriphClockCmd  stm32f0xx_rcc.o
    0x080007b4   0x080007b4   0x00000018   Code   RO         4059    i.RCC_APB2PeriphResetCmd  stm32f0xx_rcc.o
    0x080007cc   0x080007cc   0x00000098   Code   RO         5801    i.SetSysClock       system_stm32f0xx.o
    0x08000864   0x08000864   0x00000010   Code   RO         2081    i.SysTick_Handler   delay.o
    0x08000874   0x08000874   0x00000060   Code   RO         5803    i.SystemInit        system_stm32f0xx.o
    0x080008d4   0x080008d4   0x00000028   Code   RO         2450    i.TIM14_IRQHandler  time_exti.o
    0x080008fc   0x080008fc   0x00000028   Code   RO         2451    i.TIM15_IRQHandler  time_exti.o
    0x08000924   0x08000924   0x00000028   Code   RO         2452    i.TIM16_IRQHandler  time_exti.o
    0x0800094c   0x0800094c   0x00000028   Code   RO         2453    i.TIM17_IRQHandler  time_exti.o
    0x08000974   0x08000974   0x00000028   Code   RO         2454    i.TIM1_BRK_UP_TRG_COM_IRQHandler  time_exti.o
    0x0800099c   0x0800099c   0x00000028   Code   RO         2455    i.TIM3_IRQHandler   time_exti.o
    0x080009c4   0x080009c4   0x00000006   Code   RO         4880    i.TIM_ClearITPendingBit  stm32f0xx_tim.o
    0x080009ca   0x080009ca   0x00000018   Code   RO         4906    i.TIM_GetITStatus   stm32f0xx_tim.o
    0x080009e2   0x080009e2   0x00000002   PAD
    0x080009e4   0x080009e4   0x00000060   Code   RO         2225    i.USART1_IRQHandler  usart.o
    0x08000a44   0x08000a44   0x00000060   Code   RO         2226    i.USART2_IRQHandler  usart.o
    0x08000aa4   0x08000aa4   0x0000000a   Code   RO         5428    i.USART_ClearITPendingBit  stm32f0xx_usart.o
    0x08000aae   0x08000aae   0x00000038   Code   RO         5440    i.USART_GetITStatus  stm32f0xx_usart.o
    0x08000ae6   0x08000ae6   0x00000008   Code   RO         5455    i.USART_ReceiveData  stm32f0xx_usart.o
    0x08000aee   0x08000aee   0x00000002   PAD
    0x08000af0   0x08000af0   0x00000040   Code   RO          526    i._ZN14HardwareSerialC1EP13USART_TypeDef  hardwareserial.o
    0x08000b30   0x08000b30   0x00000018   Code   RO         1644    i._ZN7TwoWireC1Ehhh  wire.o
    0x08000b48   0x08000b48   0x00000014   Code   RO         1645    i._ZN7TwoWireD1Ev   wire.o
    0x08000b5c   0x08000b5c   0x00000030   Code   RO          527    i.__sti___18_HardwareSerial_cpp_cfa1b6a6  hardwareserial.o
    0x08000b8c   0x08000b8c   0x0000001c   Code   RO         1896    i.__sti___7_SPI_cpp_ce5662b4  spi.o
    0x08000ba8   0x08000ba8   0x00000024   Code   RO         1646    i.__sti___8_Wire_cpp_928ee5ff  wire.o
    0x08000bcc   0x08000bcc   0x00000010   Code   RO         2520    i.main              main.o
    0x08000bdc   0x08000bdc   0x00000002   Code   RO           10    i.null_func         arduino.o
    0x08000bde   0x08000bde   0x00000002   PAD
    0x08000be0   0x08000be0   0x00000024   Data   RO          590    .constdata__ZTV14HardwareSerial  hardwareserial.o
    0x08000c04   0x08000c04   0x00000010   Data   RO         1728    .constdata__ZTV7TwoWire  wire.o
    0x08000c14   0x08000c14   0x00000020   Data   RO         6612    Region$$Table       anon$$obj.o
    0x08000c34   0x08000c34   0x00000004   Data   RO          539    .init_array         hardwareserial.o
    0x08000c38   0x08000c34   0x00000004   Data   RO         1662    .init_array         wire.o
    0x08000c3c   0x08000c34   0x00000004   Data   RO         1922    .init_array         spi.o
    0x08000c40   0x08000c34   0x00000000   Data   RO         5990    .init_array         c_p.l(init_aeabi.o)


    Execution Region RW_IRAM1 (Exec base: 0x20000000, Load base: 0x08000c40, Size: 0x00000928, Max: 0x00001000, ABSOLUTE)

    Exec Addr    Load Addr    Size         Type   Attr      Idx    E Section Name        Object

    0x20000000   0x08000c40   0x00000004   Data   RW         2086    .data               delay.o
    0x20000004   0x08000c44   0x00000018   Data   RW         2232    .data               usart.o
    0x2000001c   0x08000c5c   0x00000040   Data   RW         2405    .data               exti.o
    0x2000005c   0x08000c9c   0x0000001c   Data   RW         2458    .data               time_exti.o
    0x20000078        -       0x00000048   Zero   RW          538    .bss                hardwareserial.o
    0x200000c0        -       0x00000058   Zero   RW         1661    .bss                wire.o
    0x20000118        -       0x00000030   Zero   RW         1921    .bss                spi.o
    0x20000148        -       0x00000180   Zero   RW         2231    .bss                usart.o
    0x200002c8        -       0x00000060   Zero   RW         6347    .bss                c_p.l(libspace.o)
    0x20000328        -       0x00000200   Zero   RW         5793    HEAP                startup_stm32f0xx.o
    0x20000528        -       0x00000400   Zero   RW         5792    STACK               startup_stm32f0xx.o


==============================================================================

Image component sizes


      Code (inc. data)   RO Data    RW Data    ZI Data      Debug   Object Name

        92          8          0          0          0        852   adc.o
         2          0          0          0          0     186184   arduino.o
        60         14          0          4          0       1343   delay.o
       388         18          0         64          0       2052   exti.o
       112         32         40          0         72     161057   hardwareserial.o
        16          4          0          0          0        395   main.o
         0          0          0          0          0       3080   print.o
        28         14          4          0         48      11876   spi.o
        56         26        192          0       1536        688   startup_stm32f0xx.o
       138         10          0          0          0       3387   stm32f0xx_adc.o
        40         10          0          0          0       1208   stm32f0xx_exti.o
        48         12          0          0          0       1202   stm32f0xx_rcc.o
        30          0          0          0          0       2697   stm32f0xx_tim.o
        74          0          0          0          0       2686   stm32f0xx_usart.o
       248         22          0          0          0       1365   system_stm32f0xx.o
       240         48          0         28          0       3322   time_exti.o
       192         40          0         24        384       1808   usart.o
        80         22         20          0         88       3490   wire.o
         0          0          0          0          0     144700   wirebase.o

    ----------------------------------------------------------------------
      1850        280        288        120       2128     533392   Object Totals
         0          0         32          0          0          0   (incl. Generated)
         6          0          0          0          0          0   (incl. Padding)

    ----------------------------------------------------------------------

      Code (inc. data)   RO Data    RW Data    ZI Data      Debug   Library Member Name

         8          0          0          0          0         68   __main.o
         0          0          0          0          0          0   __rtentry.o
        12          0          0          0          0          0   __rtentry2.o
         6          0          0          0          0          0   __rtentry4.o
        60          8          0          0          0          0   __scatter.o
        26          0          0          0          0          0   __scatter_copy.o
        28          0          0          0          0          0   __scatter_zi.o
        42          0          0          0          0         76   aeabi_atexit.o
        66          0          0          0          0         76   cxa_finalize.o
        12          0          0          0          0         68   defsig_exit.o
        52          0          0          0          0         72   defsig_general.o
        80         58          0          0          0         68   defsig_rtmem_inner.o
        12          0          0          0          0         68   defsig_rtmem_outer.o
        16          0          0          0          0         68   exit.o
        98          0          0          0          0         72   h1_alloc.o
        52          0          0          0          0         68   h1_extend.o
        76          0          0          0          0         72   h1_free.o
        14          0          0          0          0         76   h1_init.o
         6          0          0          0          0        136   heapauxi.o
         4          0          0          0          0        120   hguard.o
         0          0          0          0          0          0   indicate_semi.o
        36         10          0          0          0         72   init_aeabi.o
       136          0          0          0          0        160   init_alloc.o
         2          0          0          0          0          0   libinit.o
        14          0          0          0          0          0   libinit2.o
         2          0          0          0          0          0   libshutdown.o
         8          0          0          0          0          0   libshutdown2.o
         8          4          0          0         96         68   libspace.o
         0          0          0          0          0          0   maybetermalloc1.o
         8          4          0          0          0         68   rt_ddtor_pointer_addr_intlibspace.o
         8          4          0          0          0         68   rt_heap_descriptor_intlibspace.o
         2          0          0          0          0          0   rtexit.o
        10          0          0          0          0          0   rtexit2.o
        12          4          0          0          0         60   sys_exit.o
        62          0          0          0          0         80   sys_stackheap_outer.o
        12          0          0          0          0         68   sys_wrch.o
         2          0          0          0          0         68   use_no_semi.o

    ----------------------------------------------------------------------
       998         92          0          0         96       1820   Library Totals
         6          0          0          0          0          0   (incl. Padding)

    ----------------------------------------------------------------------

      Code (inc. data)   RO Data    RW Data    ZI Data      Debug   Library Name

       992         92          0          0         96       1820   c_p.l

    ----------------------------------------------------------------------
       998         92          0          0         96       1820   Library Totals

    ----------------------------------------------------------------------

==============================================================================


      Code (inc. data)   RO Data    RW Data    ZI Data      Debug   

      2848        372        288        120       2224     532860   Grand Totals
      2848        372        288        120       2224     532860   ELF Image Totals
      2848        372        288        120          0          0   ROM Totals

==============================================================================

    Total RO  Size (Code + RO Data)                 3136 (   3.06kB)
    Total RW  Size (RW Data + ZI Data)              2344 (   2.29kB)
    Total ROM Size (Code + RO Data + RW Data)       3256 (   3.18kB)

==============================================================================

