<!doctype html public "-//w3c//dtd html 4.0 transitional//en">
<html><head>
<title>Static Call Graph - [..\OBJ\Pro.axf]</title></head>
<body><HR>
<H1>Static Call Graph for image ..\OBJ\Pro.axf</H1><HR>
<BR><P>#&#060CALLGRAPH&#062# ARM Linker, 5040049: Last Updated: Sat Dec 02 12:59:45 2017
<BR><P>
<H3>Maximum Stack Usage =        148 bytes + Unknown(Cycles, Untraceable Function Pointers)</H3><H3>
Call chain for Maximum Stack Depth:</H3>
main &rArr; setup() &rArr; Serial::begin(USART_TypeDef*, unsigned) &rArr; uart_init &rArr; USART_Init &rArr; RCC_GetClocksFreq
<P>
<H3>
Mutually Recursive functions
</H3> <LI><a href="#[1]">NMI_Handler</a>&nbsp;&nbsp;&nbsp;&rArr;&nbsp;&nbsp;&nbsp;<a href="#[1]">NMI_Handler</a><BR>
 <LI><a href="#[2]">HardFault_Handler</a>&nbsp;&nbsp;&nbsp;&rArr;&nbsp;&nbsp;&nbsp;<a href="#[2]">HardFault_Handler</a><BR>
 <LI><a href="#[3]">MemManage_Handler</a>&nbsp;&nbsp;&nbsp;&rArr;&nbsp;&nbsp;&nbsp;<a href="#[3]">MemManage_Handler</a><BR>
 <LI><a href="#[4]">BusFault_Handler</a>&nbsp;&nbsp;&nbsp;&rArr;&nbsp;&nbsp;&nbsp;<a href="#[4]">BusFault_Handler</a><BR>
 <LI><a href="#[5]">UsageFault_Handler</a>&nbsp;&nbsp;&nbsp;&rArr;&nbsp;&nbsp;&nbsp;<a href="#[5]">UsageFault_Handler</a><BR>
 <LI><a href="#[6]">SVC_Handler</a>&nbsp;&nbsp;&nbsp;&rArr;&nbsp;&nbsp;&nbsp;<a href="#[6]">SVC_Handler</a><BR>
 <LI><a href="#[7]">DebugMon_Handler</a>&nbsp;&nbsp;&nbsp;&rArr;&nbsp;&nbsp;&nbsp;<a href="#[7]">DebugMon_Handler</a><BR>
 <LI><a href="#[8]">PendSV_Handler</a>&nbsp;&nbsp;&nbsp;&rArr;&nbsp;&nbsp;&nbsp;<a href="#[8]">PendSV_Handler</a><BR>
 <LI><a href="#[1c]">ADC1_2_IRQHandler</a>&nbsp;&nbsp;&nbsp;&rArr;&nbsp;&nbsp;&nbsp;<a href="#[1c]">ADC1_2_IRQHandler</a><BR>
</UL>
<P>
<H3>
Function Pointers
</H3><UL>
 <LI><a href="#[1c]">ADC1_2_IRQHandler</a> from startup_stm32f10x_hd.o(.text) referenced from startup_stm32f10x_hd.o(RESET)
 <LI><a href="#[39]">ADC3_IRQHandler</a> from startup_stm32f10x_hd.o(.text) referenced from startup_stm32f10x_hd.o(RESET)
 <LI><a href="#[4]">BusFault_Handler</a> from startup_stm32f10x_hd.o(.text) referenced from startup_stm32f10x_hd.o(RESET)
 <LI><a href="#[1f]">CAN1_RX1_IRQHandler</a> from startup_stm32f10x_hd.o(.text) referenced from startup_stm32f10x_hd.o(RESET)
 <LI><a href="#[20]">CAN1_SCE_IRQHandler</a> from startup_stm32f10x_hd.o(.text) referenced from startup_stm32f10x_hd.o(RESET)
 <LI><a href="#[15]">DMA1_Channel1_IRQHandler</a> from startup_stm32f10x_hd.o(.text) referenced from startup_stm32f10x_hd.o(RESET)
 <LI><a href="#[16]">DMA1_Channel2_IRQHandler</a> from startup_stm32f10x_hd.o(.text) referenced from startup_stm32f10x_hd.o(RESET)
 <LI><a href="#[17]">DMA1_Channel3_IRQHandler</a> from startup_stm32f10x_hd.o(.text) referenced from startup_stm32f10x_hd.o(RESET)
 <LI><a href="#[18]">DMA1_Channel4_IRQHandler</a> from startup_stm32f10x_hd.o(.text) referenced from startup_stm32f10x_hd.o(RESET)
 <LI><a href="#[19]">DMA1_Channel5_IRQHandler</a> from startup_stm32f10x_hd.o(.text) referenced from startup_stm32f10x_hd.o(RESET)
 <LI><a href="#[1a]">DMA1_Channel6_IRQHandler</a> from startup_stm32f10x_hd.o(.text) referenced from startup_stm32f10x_hd.o(RESET)
 <LI><a href="#[1b]">DMA1_Channel7_IRQHandler</a> from startup_stm32f10x_hd.o(.text) referenced from startup_stm32f10x_hd.o(RESET)
 <LI><a href="#[42]">DMA2_Channel1_IRQHandler</a> from startup_stm32f10x_hd.o(.text) referenced from startup_stm32f10x_hd.o(RESET)
 <LI><a href="#[43]">DMA2_Channel2_IRQHandler</a> from startup_stm32f10x_hd.o(.text) referenced from startup_stm32f10x_hd.o(RESET)
 <LI><a href="#[44]">DMA2_Channel3_IRQHandler</a> from startup_stm32f10x_hd.o(.text) referenced from startup_stm32f10x_hd.o(RESET)
 <LI><a href="#[45]">DMA2_Channel4_5_IRQHandler</a> from startup_stm32f10x_hd.o(.text) referenced from startup_stm32f10x_hd.o(RESET)
 <LI><a href="#[7]">DebugMon_Handler</a> from startup_stm32f10x_hd.o(.text) referenced from startup_stm32f10x_hd.o(RESET)
 <LI><a href="#[10]">EXTI0_IRQHandler</a> from startup_stm32f10x_hd.o(.text) referenced from startup_stm32f10x_hd.o(RESET)
 <LI><a href="#[32]">EXTI15_10_IRQHandler</a> from startup_stm32f10x_hd.o(.text) referenced from startup_stm32f10x_hd.o(RESET)
 <LI><a href="#[11]">EXTI1_IRQHandler</a> from startup_stm32f10x_hd.o(.text) referenced from startup_stm32f10x_hd.o(RESET)
 <LI><a href="#[12]">EXTI2_IRQHandler</a> from startup_stm32f10x_hd.o(.text) referenced from startup_stm32f10x_hd.o(RESET)
 <LI><a href="#[13]">EXTI3_IRQHandler</a> from exit.o(.text) referenced from startup_stm32f10x_hd.o(RESET)
 <LI><a href="#[14]">EXTI4_IRQHandler</a> from startup_stm32f10x_hd.o(.text) referenced from startup_stm32f10x_hd.o(RESET)
 <LI><a href="#[21]">EXTI9_5_IRQHandler</a> from exit.o(.text) referenced from startup_stm32f10x_hd.o(RESET)
 <LI><a href="#[e]">FLASH_IRQHandler</a> from startup_stm32f10x_hd.o(.text) referenced from startup_stm32f10x_hd.o(RESET)
 <LI><a href="#[3a]">FSMC_IRQHandler</a> from startup_stm32f10x_hd.o(.text) referenced from startup_stm32f10x_hd.o(RESET)
 <LI><a href="#[2]">HardFault_Handler</a> from startup_stm32f10x_hd.o(.text) referenced from startup_stm32f10x_hd.o(RESET)
 <LI><a href="#[2a]">I2C1_ER_IRQHandler</a> from startup_stm32f10x_hd.o(.text) referenced from startup_stm32f10x_hd.o(RESET)
 <LI><a href="#[29]">I2C1_EV_IRQHandler</a> from startup_stm32f10x_hd.o(.text) referenced from startup_stm32f10x_hd.o(RESET)
 <LI><a href="#[2c]">I2C2_ER_IRQHandler</a> from startup_stm32f10x_hd.o(.text) referenced from startup_stm32f10x_hd.o(RESET)
 <LI><a href="#[2b]">I2C2_EV_IRQHandler</a> from startup_stm32f10x_hd.o(.text) referenced from startup_stm32f10x_hd.o(RESET)
 <LI><a href="#[3]">MemManage_Handler</a> from startup_stm32f10x_hd.o(.text) referenced from startup_stm32f10x_hd.o(RESET)
 <LI><a href="#[1]">NMI_Handler</a> from startup_stm32f10x_hd.o(.text) referenced from startup_stm32f10x_hd.o(RESET)
 <LI><a href="#[b]">PVD_IRQHandler</a> from startup_stm32f10x_hd.o(.text) referenced from startup_stm32f10x_hd.o(RESET)
 <LI><a href="#[8]">PendSV_Handler</a> from startup_stm32f10x_hd.o(.text) referenced from startup_stm32f10x_hd.o(RESET)
 <LI><a href="#[f]">RCC_IRQHandler</a> from startup_stm32f10x_hd.o(.text) referenced from startup_stm32f10x_hd.o(RESET)
 <LI><a href="#[33]">RTCAlarm_IRQHandler</a> from startup_stm32f10x_hd.o(.text) referenced from startup_stm32f10x_hd.o(RESET)
 <LI><a href="#[d]">RTC_IRQHandler</a> from startup_stm32f10x_hd.o(.text) referenced from startup_stm32f10x_hd.o(RESET)
 <LI><a href="#[0]">Reset_Handler</a> from startup_stm32f10x_hd.o(.text) referenced from startup_stm32f10x_hd.o(RESET)
 <LI><a href="#[3b]">SDIO_IRQHandler</a> from startup_stm32f10x_hd.o(.text) referenced from startup_stm32f10x_hd.o(RESET)
 <LI><a href="#[2d]">SPI1_IRQHandler</a> from startup_stm32f10x_hd.o(.text) referenced from startup_stm32f10x_hd.o(RESET)
 <LI><a href="#[2e]">SPI2_IRQHandler</a> from startup_stm32f10x_hd.o(.text) referenced from startup_stm32f10x_hd.o(RESET)
 <LI><a href="#[3d]">SPI3_IRQHandler</a> from startup_stm32f10x_hd.o(.text) referenced from startup_stm32f10x_hd.o(RESET)
 <LI><a href="#[6]">SVC_Handler</a> from startup_stm32f10x_hd.o(.text) referenced from startup_stm32f10x_hd.o(RESET)
 <LI><a href="#[9]">SysTick_Handler</a> from delay.o(.text) referenced from startup_stm32f10x_hd.o(RESET)
 <LI><a href="#[48]">SystemInit</a> from system_stm32f10x.o(.text) referenced from startup_stm32f10x_hd.o(.text)
 <LI><a href="#[c]">TAMPER_IRQHandler</a> from startup_stm32f10x_hd.o(.text) referenced from startup_stm32f10x_hd.o(RESET)
 <LI><a href="#[22]">TIM1_BRK_IRQHandler</a> from startup_stm32f10x_hd.o(.text) referenced from startup_stm32f10x_hd.o(RESET)
 <LI><a href="#[25]">TIM1_CC_IRQHandler</a> from startup_stm32f10x_hd.o(.text) referenced from startup_stm32f10x_hd.o(RESET)
 <LI><a href="#[24]">TIM1_TRG_COM_IRQHandler</a> from startup_stm32f10x_hd.o(.text) referenced from startup_stm32f10x_hd.o(RESET)
 <LI><a href="#[23]">TIM1_UP_IRQHandler</a> from startup_stm32f10x_hd.o(.text) referenced from startup_stm32f10x_hd.o(RESET)
 <LI><a href="#[26]">TIM2_IRQHandler</a> from startup_stm32f10x_hd.o(.text) referenced from startup_stm32f10x_hd.o(RESET)
 <LI><a href="#[27]">TIM3_IRQHandler</a> from time_exit.o(.text) referenced from startup_stm32f10x_hd.o(RESET)
 <LI><a href="#[28]">TIM4_IRQHandler</a> from startup_stm32f10x_hd.o(.text) referenced from startup_stm32f10x_hd.o(RESET)
 <LI><a href="#[3c]">TIM5_IRQHandler</a> from startup_stm32f10x_hd.o(.text) referenced from startup_stm32f10x_hd.o(RESET)
 <LI><a href="#[40]">TIM6_IRQHandler</a> from startup_stm32f10x_hd.o(.text) referenced from startup_stm32f10x_hd.o(RESET)
 <LI><a href="#[41]">TIM7_IRQHandler</a> from startup_stm32f10x_hd.o(.text) referenced from startup_stm32f10x_hd.o(RESET)
 <LI><a href="#[35]">TIM8_BRK_IRQHandler</a> from startup_stm32f10x_hd.o(.text) referenced from startup_stm32f10x_hd.o(RESET)
 <LI><a href="#[38]">TIM8_CC_IRQHandler</a> from startup_stm32f10x_hd.o(.text) referenced from startup_stm32f10x_hd.o(RESET)
 <LI><a href="#[37]">TIM8_TRG_COM_IRQHandler</a> from startup_stm32f10x_hd.o(.text) referenced from startup_stm32f10x_hd.o(RESET)
 <LI><a href="#[36]">TIM8_UP_IRQHandler</a> from startup_stm32f10x_hd.o(.text) referenced from startup_stm32f10x_hd.o(RESET)
 <LI><a href="#[3e]">UART4_IRQHandler</a> from startup_stm32f10x_hd.o(.text) referenced from startup_stm32f10x_hd.o(RESET)
 <LI><a href="#[3f]">UART5_IRQHandler</a> from startup_stm32f10x_hd.o(.text) referenced from startup_stm32f10x_hd.o(RESET)
 <LI><a href="#[2f]">USART1_IRQHandler</a> from usart.o(.text) referenced from startup_stm32f10x_hd.o(RESET)
 <LI><a href="#[30]">USART2_IRQHandler</a> from startup_stm32f10x_hd.o(.text) referenced from startup_stm32f10x_hd.o(RESET)
 <LI><a href="#[31]">USART3_IRQHandler</a> from startup_stm32f10x_hd.o(.text) referenced from startup_stm32f10x_hd.o(RESET)
 <LI><a href="#[34]">USBWakeUp_IRQHandler</a> from startup_stm32f10x_hd.o(.text) referenced from startup_stm32f10x_hd.o(RESET)
 <LI><a href="#[1d]">USB_HP_CAN1_TX_IRQHandler</a> from startup_stm32f10x_hd.o(.text) referenced from startup_stm32f10x_hd.o(RESET)
 <LI><a href="#[1e]">USB_LP_CAN1_RX0_IRQHandler</a> from startup_stm32f10x_hd.o(.text) referenced from startup_stm32f10x_hd.o(RESET)
 <LI><a href="#[5]">UsageFault_Handler</a> from startup_stm32f10x_hd.o(.text) referenced from startup_stm32f10x_hd.o(RESET)
 <LI><a href="#[a]">WWDG_IRQHandler</a> from startup_stm32f10x_hd.o(.text) referenced from startup_stm32f10x_hd.o(RESET)
 <LI><a href="#[4c]">Print::write(const char*)</a> from print.o(.text) referenced from print.o(.constdata__ZTV5Print)
 <LI><a href="#[4c]">Print::write(const char*)</a> from print.o(.text) referenced from serial.o(.constdata__ZTV6Serial)
 <LI><a href="#[4d]">Print::write(const void*, unsigned)</a> from print.o(.text) referenced from print.o(.constdata__ZTV5Print)
 <LI><a href="#[4d]">Print::write(const void*, unsigned)</a> from print.o(.text) referenced from serial.o(.constdata__ZTV6Serial)
 <LI><a href="#[4e]">Serial::write(unsigned char)</a> from serial.o(.text) referenced from serial.o(.constdata__ZTV6Serial)
 <LI><a href="#[50]">TwoWire::begin(unsigned char)</a> from wire.o(.text) referenced from wire.o(.constdata__ZTV7TwoWire)
 <LI><a href="#[4f]">TwoWire::process()</a> from wire.o(.text) referenced from wire.o(.constdata__ZTV7TwoWire)
 <LI><a href="#[47]">TwoWire::~TwoWire()</a> from wire.o(.text) referenced from main.o(.text)
 <LI><a href="#[51]">WireBase::begin(unsigned char)</a> from wirebase.o(.text) referenced from wirebase.o(.constdata__ZTV8WireBase)
 <LI><a href="#[4b]">__cxa_pure_virtual</a> from pure_virt.o(i.__cxa_pure_virtual) referenced from print.o(.constdata__ZTV5Print)
 <LI><a href="#[4b]">__cxa_pure_virtual</a> from pure_virt.o(i.__cxa_pure_virtual) referenced from wirebase.o(.constdata__ZTV8WireBase)
 <LI><a href="#[49]">__main</a> from entry.o(.ARM.Collect$$$$00000000) referenced from startup_stm32f10x_hd.o(.text)
 <LI><a href="#[52]">__sti___8_main_cpp_Wire</a> from main.o(.text) referenced from main.o(.init_array)
 <LI><a href="#[4a]">fputc</a> from usart.o(.text) referenced from printfa.o(i.__0printf)
 <LI><a href="#[46]">main</a> from main.o(.text) referenced from entry9a.o(.ARM.Collect$$$$0000000B)
</UL>
<P>
<H3>
Global Symbols
</H3>
<P><STRONG><a name="[49]"></a>__main</STRONG> (Thumb, 0 bytes, Stack size unknown bytes, entry.o(.ARM.Collect$$$$00000000))
<BR>[Address Reference Count : 1]<UL><LI> startup_stm32f10x_hd.o(.text)
</UL>
<P><STRONG><a name="[105]"></a>_main_stk</STRONG> (Thumb, 0 bytes, Stack size unknown bytes, entry2.o(.ARM.Collect$$$$00000001))

<P><STRONG><a name="[54]"></a>_main_scatterload</STRONG> (Thumb, 0 bytes, Stack size unknown bytes, entry5.o(.ARM.Collect$$$$00000004))
<BR><BR>[Calls]<UL><LI><a href="#[55]">&gt;&gt;</a>&nbsp;&nbsp;&nbsp;__scatterload
</UL>

<P><STRONG><a name="[f5]"></a>__main_after_scatterload</STRONG> (Thumb, 0 bytes, Stack size unknown bytes, entry5.o(.ARM.Collect$$$$00000004))
<BR><BR>[Called By]<UL><LI><a href="#[55]">&gt;&gt;</a>&nbsp;&nbsp;&nbsp;__scatterload
</UL>

<P><STRONG><a name="[106]"></a>_main_clock</STRONG> (Thumb, 0 bytes, Stack size unknown bytes, entry7b.o(.ARM.Collect$$$$00000008))

<P><STRONG><a name="[56]"></a>_main_cpp_init$empty</STRONG> (Thumb, 0 bytes, Stack size unknown bytes, entry8a.o(.ARM.Collect$$$$00000009))
<BR><BR>[Stack]<UL><LI>Max Depth = 16 + Unknown Stack Size
<LI>Call Chain = _main_cpp_init$empty &rArr; __cpp_initialize__aeabi_
</UL>
<BR>[Calls]<UL><LI><a href="#[53]">&gt;&gt;</a>&nbsp;&nbsp;&nbsp;__cpp_initialize__aeabi_
</UL>

<P><STRONG><a name="[107]"></a>_main_cpp_init</STRONG> (Thumb, 0 bytes, Stack size unknown bytes, entry8b.o(.ARM.Collect$$$$0000000A))

<P><STRONG><a name="[108]"></a>_main_init</STRONG> (Thumb, 0 bytes, Stack size unknown bytes, entry9a.o(.ARM.Collect$$$$0000000B))

<P><STRONG><a name="[109]"></a>__rt_final_cpp</STRONG> (Thumb, 0 bytes, Stack size unknown bytes, entry10a.o(.ARM.Collect$$$$0000000D))

<P><STRONG><a name="[10a]"></a>__rt_final_exit</STRONG> (Thumb, 0 bytes, Stack size unknown bytes, entry11a.o(.ARM.Collect$$$$0000000F))

<P><STRONG><a name="[57]"></a>pinMode</STRONG> (Thumb, 30 bytes, Stack size 16 bytes, arduino.o(.text))
<BR><BR>[Stack]<UL><LI>Max Depth = 64<LI>Call Chain = pinMode &rArr; GPIO_begin &rArr; GPIO_Init
</UL>
<BR>[Calls]<UL><LI><a href="#[58]">&gt;&gt;</a>&nbsp;&nbsp;&nbsp;GPIO_begin
</UL>
<BR>[Called By]<UL><LI><a href="#[50]">&gt;&gt;</a>&nbsp;&nbsp;&nbsp;TwoWire::begin(unsigned char)
</UL>

<P><STRONG><a name="[59]"></a>digitalWrite</STRONG> (Thumb, 48 bytes, Stack size 16 bytes, arduino.o(.text))
<BR><BR>[Stack]<UL><LI>Max Depth = 16<LI>Call Chain = digitalWrite
</UL>
<BR>[Calls]<UL><LI><a href="#[5a]">&gt;&gt;</a>&nbsp;&nbsp;&nbsp;GPIO_SetBits
<LI><a href="#[5b]">&gt;&gt;</a>&nbsp;&nbsp;&nbsp;GPIO_ResetBits
</UL>
<BR>[Called By]<UL><LI><a href="#[ab]">&gt;&gt;</a>&nbsp;&nbsp;&nbsp;TwoWire::set_sda(bool)
<LI><a href="#[a9]">&gt;&gt;</a>&nbsp;&nbsp;&nbsp;TwoWire::set_scl(bool)
<LI><a href="#[60]">&gt;&gt;</a>&nbsp;&nbsp;&nbsp;shiftIn
<LI><a href="#[5e]">&gt;&gt;</a>&nbsp;&nbsp;&nbsp;shiftOut
</UL>

<P><STRONG><a name="[5c]"></a>digitalRead</STRONG> (Thumb, 24 bytes, Stack size 8 bytes, arduino.o(.text))
<BR><BR>[Stack]<UL><LI>Max Depth = 8<LI>Call Chain = digitalRead
</UL>
<BR>[Calls]<UL><LI><a href="#[5d]">&gt;&gt;</a>&nbsp;&nbsp;&nbsp;GPIO_ReadInputDataBit
</UL>
<BR>[Called By]<UL><LI><a href="#[b1]">&gt;&gt;</a>&nbsp;&nbsp;&nbsp;TwoWire::i2c_shift_in()
<LI><a href="#[ae]">&gt;&gt;</a>&nbsp;&nbsp;&nbsp;TwoWire::i2c_get_ack()
<LI><a href="#[a9]">&gt;&gt;</a>&nbsp;&nbsp;&nbsp;TwoWire::set_scl(bool)
<LI><a href="#[60]">&gt;&gt;</a>&nbsp;&nbsp;&nbsp;shiftIn
</UL>

<P><STRONG><a name="[5f]"></a>GPIO_ToggleBits</STRONG> (Thumb, 8 bytes, Stack size 0 bytes, arduino.o(.text), UNUSED)
<BR><BR>[Called By]<UL><LI><a href="#[5e]">&gt;&gt;</a>&nbsp;&nbsp;&nbsp;shiftOut
</UL>

<P><STRONG><a name="[5e]"></a>shiftOut</STRONG> (Thumb, 96 bytes, Stack size 32 bytes, arduino.o(.text), UNUSED)
<BR><BR>[Calls]<UL><LI><a href="#[5f]">&gt;&gt;</a>&nbsp;&nbsp;&nbsp;GPIO_ToggleBits
<LI><a href="#[59]">&gt;&gt;</a>&nbsp;&nbsp;&nbsp;digitalWrite
</UL>

<P><STRONG><a name="[60]"></a>shiftIn</STRONG> (Thumb, 78 bytes, Stack size 24 bytes, arduino.o(.text), UNUSED)
<BR><BR>[Calls]<UL><LI><a href="#[5c]">&gt;&gt;</a>&nbsp;&nbsp;&nbsp;digitalRead
<LI><a href="#[59]">&gt;&gt;</a>&nbsp;&nbsp;&nbsp;digitalWrite
</UL>

<P><STRONG><a name="[10b]"></a>map</STRONG> (Thumb, 22 bytes, Stack size 16 bytes, arduino.o(.text), UNUSED)

<P><STRONG><a name="[61]"></a>fmap</STRONG> (Thumb, 104 bytes, Stack size 72 bytes, arduino.o(.text), UNUSED)
<BR><BR>[Calls]<UL><LI><a href="#[62]">&gt;&gt;</a>&nbsp;&nbsp;&nbsp;__aeabi_dsub
<LI><a href="#[63]">&gt;&gt;</a>&nbsp;&nbsp;&nbsp;__aeabi_dmul
<LI><a href="#[64]">&gt;&gt;</a>&nbsp;&nbsp;&nbsp;__aeabi_ddiv
<LI><a href="#[65]">&gt;&gt;</a>&nbsp;&nbsp;&nbsp;__aeabi_dadd
</UL>

<P><STRONG><a name="[10c]"></a>Limit</STRONG> (Thumb, 22 bytes, Stack size 0 bytes, arduino.o(.text), UNUSED)

<P><STRONG><a name="[66]"></a>fLimit</STRONG> (Thumb, 64 bytes, Stack size 32 bytes, arduino.o(.text), UNUSED)
<BR><BR>[Calls]<UL><LI><a href="#[68]">&gt;&gt;</a>&nbsp;&nbsp;&nbsp;__aeabi_cdrcmple
<LI><a href="#[67]">&gt;&gt;</a>&nbsp;&nbsp;&nbsp;__aeabi_cdcmple
</UL>

<P><STRONG><a name="[69]"></a>setup()</STRONG> (Thumb, 54 bytes, Stack size 8 bytes, main.o(.text))
<BR><BR>[Stack]<UL><LI>Max Depth = 148<LI>Call Chain = setup() &rArr; Serial::begin(USART_TypeDef*, unsigned) &rArr; uart_init &rArr; USART_Init &rArr; RCC_GetClocksFreq
</UL>
<BR>[Calls]<UL><LI><a href="#[50]">&gt;&gt;</a>&nbsp;&nbsp;&nbsp;TwoWire::begin(unsigned char)
<LI><a href="#[6a]">&gt;&gt;</a>&nbsp;&nbsp;&nbsp;Serial::begin(USART_TypeDef*, unsigned)
<LI><a href="#[6c]">&gt;&gt;</a>&nbsp;&nbsp;&nbsp;Print::println(const char*)
<LI><a href="#[6b]">&gt;&gt;</a>&nbsp;&nbsp;&nbsp;L3G::init(L3G::deviceType, L3G::sa0State)
<LI><a href="#[6d]">&gt;&gt;</a>&nbsp;&nbsp;&nbsp;L3G::enableDefault()
</UL>
<BR>[Called By]<UL><LI><a href="#[46]">&gt;&gt;</a>&nbsp;&nbsp;&nbsp;main
</UL>

<P><STRONG><a name="[6e]"></a>loop()</STRONG> (Thumb, 36 bytes, Stack size 8 bytes, main.o(.text))
<BR><BR>[Stack]<UL><LI>Max Depth = 64<LI>Call Chain = loop() &rArr; L3G::read() &rArr; WireBase::endTransmission()
</UL>
<BR>[Calls]<UL><LI><a href="#[71]">&gt;&gt;</a>&nbsp;&nbsp;&nbsp;delay_ms
<LI><a href="#[6f]">&gt;&gt;</a>&nbsp;&nbsp;&nbsp;L3G::read()
<LI><a href="#[70]">&gt;&gt;</a>&nbsp;&nbsp;&nbsp;__2printf
</UL>
<BR>[Called By]<UL><LI><a href="#[46]">&gt;&gt;</a>&nbsp;&nbsp;&nbsp;main
</UL>

<P><STRONG><a name="[46]"></a>main</STRONG> (Thumb, 16 bytes, Stack size 0 bytes, main.o(.text))
<BR><BR>[Stack]<UL><LI>Max Depth = 148<LI>Call Chain = main &rArr; setup() &rArr; Serial::begin(USART_TypeDef*, unsigned) &rArr; uart_init &rArr; USART_Init &rArr; RCC_GetClocksFreq
</UL>
<BR>[Calls]<UL><LI><a href="#[72]">&gt;&gt;</a>&nbsp;&nbsp;&nbsp;delay_init
<LI><a href="#[6e]">&gt;&gt;</a>&nbsp;&nbsp;&nbsp;loop()
<LI><a href="#[69]">&gt;&gt;</a>&nbsp;&nbsp;&nbsp;setup()
</UL>
<BR>[Address Reference Count : 1]<UL><LI> entry9a.o(.ARM.Collect$$$$0000000B)
</UL>
<P><STRONG><a name="[4c]"></a>Print::write(const char*)</STRONG> (Thumb, 34 bytes, Stack size 16 bytes, print.o(.text))
<BR><BR>[Stack]<UL><LI>Max Depth = 16<LI>Call Chain = Print::write(const char*)
</UL>
<BR>[Address Reference Count : 2]<UL><LI> serial.o(.constdata__ZTV6Serial)
<LI> print.o(.constdata__ZTV5Print)
</UL>
<P><STRONG><a name="[4d]"></a>Print::write(const void*, unsigned)</STRONG> (Thumb, 48 bytes, Stack size 24 bytes, print.o(.text))
<BR><BR>[Stack]<UL><LI>Max Depth = 24<LI>Call Chain = Print::write(const void*, unsigned)
</UL>
<BR>[Address Reference Count : 2]<UL><LI> serial.o(.constdata__ZTV6Serial)
<LI> print.o(.constdata__ZTV5Print)
</UL>
<P><STRONG><a name="[8c]"></a>Print::print(const String&)</STRONG> (Thumb, 34 bytes, Stack size 24 bytes, print.o(.text), UNUSED)
<BR><BR>[Called By]<UL><LI><a href="#[8b]">&gt;&gt;</a>&nbsp;&nbsp;&nbsp;Print::println(const String&)
</UL>

<P><STRONG><a name="[78]"></a>Print::print(char)</STRONG> (Thumb, 18 bytes, Stack size 16 bytes, print.o(.text))
<BR><BR>[Stack]<UL><LI>Max Depth = 16<LI>Call Chain = Print::print(char)
</UL>
<BR>[Called By]<UL><LI><a href="#[8d]">&gt;&gt;</a>&nbsp;&nbsp;&nbsp;Print::println(char)
<LI><a href="#[8a]">&gt;&gt;</a>&nbsp;&nbsp;&nbsp;Print::println()
<LI><a href="#[81]">&gt;&gt;</a>&nbsp;&nbsp;&nbsp;Print::printFloat(double, unsigned char)
<LI><a href="#[7c]">&gt;&gt;</a>&nbsp;&nbsp;&nbsp;Print::print(long long, int)
<LI><a href="#[77]">&gt;&gt;</a>&nbsp;&nbsp;&nbsp;Print::printNumber(unsigned long long, unsigned char)
</UL>

<P><STRONG><a name="[82]"></a>Print::print(const char*)</STRONG> (Thumb, 18 bytes, Stack size 16 bytes, print.o(.text))
<BR><BR>[Stack]<UL><LI>Max Depth = 16<LI>Call Chain = Print::print(const char*)
</UL>
<BR>[Called By]<UL><LI><a href="#[89]">&gt;&gt;</a>&nbsp;&nbsp;&nbsp;Print::print(const __FlashStringHelper*)
<LI><a href="#[81]">&gt;&gt;</a>&nbsp;&nbsp;&nbsp;Print::printFloat(double, unsigned char)
<LI><a href="#[6c]">&gt;&gt;</a>&nbsp;&nbsp;&nbsp;Print::println(const char*)
</UL>

<P><STRONG><a name="[77]"></a>Print::printNumber(unsigned long long, unsigned char)</STRONG> (Thumb, 144 bytes, Stack size 96 bytes, print.o(.text), UNUSED)
<BR><BR>[Calls]<UL><LI><a href="#[78]">&gt;&gt;</a>&nbsp;&nbsp;&nbsp;Print::print(char)
<LI><a href="#[79]">&gt;&gt;</a>&nbsp;&nbsp;&nbsp;__aeabi_uldivmod
</UL>
<BR>[Called By]<UL><LI><a href="#[7c]">&gt;&gt;</a>&nbsp;&nbsp;&nbsp;Print::print(long long, int)
<LI><a href="#[7a]">&gt;&gt;</a>&nbsp;&nbsp;&nbsp;Print::print(unsigned long long, int)
</UL>

<P><STRONG><a name="[7a]"></a>Print::print(unsigned long long, int)</STRONG> (Thumb, 54 bytes, Stack size 32 bytes, print.o(.text), UNUSED)
<BR><BR>[Calls]<UL><LI><a href="#[77]">&gt;&gt;</a>&nbsp;&nbsp;&nbsp;Print::printNumber(unsigned long long, unsigned char)
</UL>
<BR>[Called By]<UL><LI><a href="#[94]">&gt;&gt;</a>&nbsp;&nbsp;&nbsp;Print::println(unsigned long long, int)
<LI><a href="#[92]">&gt;&gt;</a>&nbsp;&nbsp;&nbsp;Print::println(unsigned long, int)
<LI><a href="#[80]">&gt;&gt;</a>&nbsp;&nbsp;&nbsp;Print::print(unsigned long, int)
<LI><a href="#[7e]">&gt;&gt;</a>&nbsp;&nbsp;&nbsp;Print::print(unsigned, int)
<LI><a href="#[7b]">&gt;&gt;</a>&nbsp;&nbsp;&nbsp;Print::print(unsigned char, int)
</UL>

<P><STRONG><a name="[7b]"></a>Print::print(unsigned char, int)</STRONG> (Thumb, 22 bytes, Stack size 24 bytes, print.o(.text), UNUSED)
<BR><BR>[Calls]<UL><LI><a href="#[7a]">&gt;&gt;</a>&nbsp;&nbsp;&nbsp;Print::print(unsigned long long, int)
</UL>
<BR>[Called By]<UL><LI><a href="#[8e]">&gt;&gt;</a>&nbsp;&nbsp;&nbsp;Print::println(unsigned char, int)
</UL>

<P><STRONG><a name="[7c]"></a>Print::print(long long, int)</STRONG> (Thumb, 68 bytes, Stack size 24 bytes, print.o(.text), UNUSED)
<BR><BR>[Calls]<UL><LI><a href="#[77]">&gt;&gt;</a>&nbsp;&nbsp;&nbsp;Print::printNumber(unsigned long long, unsigned char)
<LI><a href="#[78]">&gt;&gt;</a>&nbsp;&nbsp;&nbsp;Print::print(char)
</UL>
<BR>[Called By]<UL><LI><a href="#[93]">&gt;&gt;</a>&nbsp;&nbsp;&nbsp;Print::println(long long, int)
<LI><a href="#[91]">&gt;&gt;</a>&nbsp;&nbsp;&nbsp;Print::println(long, int)
<LI><a href="#[81]">&gt;&gt;</a>&nbsp;&nbsp;&nbsp;Print::printFloat(double, unsigned char)
<LI><a href="#[7f]">&gt;&gt;</a>&nbsp;&nbsp;&nbsp;Print::print(long, int)
<LI><a href="#[7d]">&gt;&gt;</a>&nbsp;&nbsp;&nbsp;Print::print(int, int)
</UL>

<P><STRONG><a name="[7d]"></a>Print::print(int, int)</STRONG> (Thumb, 22 bytes, Stack size 24 bytes, print.o(.text), UNUSED)
<BR><BR>[Calls]<UL><LI><a href="#[7c]">&gt;&gt;</a>&nbsp;&nbsp;&nbsp;Print::print(long long, int)
</UL>
<BR>[Called By]<UL><LI><a href="#[8f]">&gt;&gt;</a>&nbsp;&nbsp;&nbsp;Print::println(int, int)
<LI><a href="#[81]">&gt;&gt;</a>&nbsp;&nbsp;&nbsp;Print::printFloat(double, unsigned char)
</UL>

<P><STRONG><a name="[7e]"></a>Print::print(unsigned, int)</STRONG> (Thumb, 22 bytes, Stack size 24 bytes, print.o(.text), UNUSED)
<BR><BR>[Calls]<UL><LI><a href="#[7a]">&gt;&gt;</a>&nbsp;&nbsp;&nbsp;Print::print(unsigned long long, int)
</UL>
<BR>[Called By]<UL><LI><a href="#[90]">&gt;&gt;</a>&nbsp;&nbsp;&nbsp;Print::println(unsigned, int)
</UL>

<P><STRONG><a name="[7f]"></a>Print::print(long, int)</STRONG> (Thumb, 22 bytes, Stack size 24 bytes, print.o(.text), UNUSED)
<BR><BR>[Calls]<UL><LI><a href="#[7c]">&gt;&gt;</a>&nbsp;&nbsp;&nbsp;Print::print(long long, int)
</UL>

<P><STRONG><a name="[80]"></a>Print::print(unsigned long, int)</STRONG> (Thumb, 22 bytes, Stack size 24 bytes, print.o(.text), UNUSED)
<BR><BR>[Calls]<UL><LI><a href="#[7a]">&gt;&gt;</a>&nbsp;&nbsp;&nbsp;Print::print(unsigned long long, int)
</UL>

<P><STRONG><a name="[81]"></a>Print::printFloat(double, unsigned char)</STRONG> (Thumb, 334 bytes, Stack size 80 bytes, print.o(.text), UNUSED)
<BR><BR>[Calls]<UL><LI><a href="#[84]">&gt;&gt;</a>&nbsp;&nbsp;&nbsp;__aeabi_l2d
<LI><a href="#[87]">&gt;&gt;</a>&nbsp;&nbsp;&nbsp;__aeabi_i2d
<LI><a href="#[85]">&gt;&gt;</a>&nbsp;&nbsp;&nbsp;__aeabi_drsub
<LI><a href="#[83]">&gt;&gt;</a>&nbsp;&nbsp;&nbsp;__aeabi_d2lz
<LI><a href="#[86]">&gt;&gt;</a>&nbsp;&nbsp;&nbsp;__aeabi_d2iz
<LI><a href="#[7d]">&gt;&gt;</a>&nbsp;&nbsp;&nbsp;Print::print(int, int)
<LI><a href="#[7c]">&gt;&gt;</a>&nbsp;&nbsp;&nbsp;Print::print(long long, int)
<LI><a href="#[82]">&gt;&gt;</a>&nbsp;&nbsp;&nbsp;Print::print(const char*)
<LI><a href="#[78]">&gt;&gt;</a>&nbsp;&nbsp;&nbsp;Print::print(char)
<LI><a href="#[63]">&gt;&gt;</a>&nbsp;&nbsp;&nbsp;__aeabi_dmul
<LI><a href="#[64]">&gt;&gt;</a>&nbsp;&nbsp;&nbsp;__aeabi_ddiv
<LI><a href="#[65]">&gt;&gt;</a>&nbsp;&nbsp;&nbsp;__aeabi_dadd
<LI><a href="#[68]">&gt;&gt;</a>&nbsp;&nbsp;&nbsp;__aeabi_cdrcmple
<LI><a href="#[67]">&gt;&gt;</a>&nbsp;&nbsp;&nbsp;__aeabi_cdcmple
</UL>
<BR>[Called By]<UL><LI><a href="#[88]">&gt;&gt;</a>&nbsp;&nbsp;&nbsp;Print::print(double, int)
</UL>

<P><STRONG><a name="[88]"></a>Print::print(double, int)</STRONG> (Thumb, 26 bytes, Stack size 24 bytes, print.o(.text), UNUSED)
<BR><BR>[Calls]<UL><LI><a href="#[81]">&gt;&gt;</a>&nbsp;&nbsp;&nbsp;Print::printFloat(double, unsigned char)
</UL>
<BR>[Called By]<UL><LI><a href="#[95]">&gt;&gt;</a>&nbsp;&nbsp;&nbsp;Print::println(double, int)
</UL>

<P><STRONG><a name="[89]"></a>Print::print(const __FlashStringHelper*)</STRONG> (Thumb, 16 bytes, Stack size 16 bytes, print.o(.text), UNUSED)
<BR><BR>[Calls]<UL><LI><a href="#[82]">&gt;&gt;</a>&nbsp;&nbsp;&nbsp;Print::print(const char*)
</UL>
<BR>[Called By]<UL><LI><a href="#[96]">&gt;&gt;</a>&nbsp;&nbsp;&nbsp;Print::println(const __FlashStringHelper*)
</UL>

<P><STRONG><a name="[98]"></a>Print::print(const Printable&)</STRONG> (Thumb, 18 bytes, Stack size 16 bytes, print.o(.text), UNUSED)
<BR><BR>[Called By]<UL><LI><a href="#[97]">&gt;&gt;</a>&nbsp;&nbsp;&nbsp;Print::println(const Printable&)
</UL>

<P><STRONG><a name="[8a]"></a>Print::println()</STRONG> (Thumb, 28 bytes, Stack size 16 bytes, print.o(.text))
<BR><BR>[Stack]<UL><LI>Max Depth = 32<LI>Call Chain = Print::println() &rArr; Print::print(char)
</UL>
<BR>[Calls]<UL><LI><a href="#[78]">&gt;&gt;</a>&nbsp;&nbsp;&nbsp;Print::print(char)
</UL>
<BR>[Called By]<UL><LI><a href="#[97]">&gt;&gt;</a>&nbsp;&nbsp;&nbsp;Print::println(const Printable&)
<LI><a href="#[96]">&gt;&gt;</a>&nbsp;&nbsp;&nbsp;Print::println(const __FlashStringHelper*)
<LI><a href="#[95]">&gt;&gt;</a>&nbsp;&nbsp;&nbsp;Print::println(double, int)
<LI><a href="#[94]">&gt;&gt;</a>&nbsp;&nbsp;&nbsp;Print::println(unsigned long long, int)
<LI><a href="#[93]">&gt;&gt;</a>&nbsp;&nbsp;&nbsp;Print::println(long long, int)
<LI><a href="#[92]">&gt;&gt;</a>&nbsp;&nbsp;&nbsp;Print::println(unsigned long, int)
<LI><a href="#[91]">&gt;&gt;</a>&nbsp;&nbsp;&nbsp;Print::println(long, int)
<LI><a href="#[90]">&gt;&gt;</a>&nbsp;&nbsp;&nbsp;Print::println(unsigned, int)
<LI><a href="#[8f]">&gt;&gt;</a>&nbsp;&nbsp;&nbsp;Print::println(int, int)
<LI><a href="#[8e]">&gt;&gt;</a>&nbsp;&nbsp;&nbsp;Print::println(unsigned char, int)
<LI><a href="#[8d]">&gt;&gt;</a>&nbsp;&nbsp;&nbsp;Print::println(char)
<LI><a href="#[8b]">&gt;&gt;</a>&nbsp;&nbsp;&nbsp;Print::println(const String&)
<LI><a href="#[6c]">&gt;&gt;</a>&nbsp;&nbsp;&nbsp;Print::println(const char*)
</UL>

<P><STRONG><a name="[8b]"></a>Print::println(const String&)</STRONG> (Thumb, 28 bytes, Stack size 16 bytes, print.o(.text), UNUSED)
<BR><BR>[Calls]<UL><LI><a href="#[8a]">&gt;&gt;</a>&nbsp;&nbsp;&nbsp;Print::println()
<LI><a href="#[8c]">&gt;&gt;</a>&nbsp;&nbsp;&nbsp;Print::print(const String&)
</UL>

<P><STRONG><a name="[8d]"></a>Print::println(char)</STRONG> (Thumb, 28 bytes, Stack size 16 bytes, print.o(.text), UNUSED)
<BR><BR>[Calls]<UL><LI><a href="#[8a]">&gt;&gt;</a>&nbsp;&nbsp;&nbsp;Print::println()
<LI><a href="#[78]">&gt;&gt;</a>&nbsp;&nbsp;&nbsp;Print::print(char)
</UL>

<P><STRONG><a name="[6c]"></a>Print::println(const char*)</STRONG> (Thumb, 28 bytes, Stack size 16 bytes, print.o(.text))
<BR><BR>[Stack]<UL><LI>Max Depth = 48<LI>Call Chain = Print::println(const char*) &rArr; Print::println() &rArr; Print::print(char)
</UL>
<BR>[Calls]<UL><LI><a href="#[8a]">&gt;&gt;</a>&nbsp;&nbsp;&nbsp;Print::println()
<LI><a href="#[82]">&gt;&gt;</a>&nbsp;&nbsp;&nbsp;Print::print(const char*)
</UL>
<BR>[Called By]<UL><LI><a href="#[69]">&gt;&gt;</a>&nbsp;&nbsp;&nbsp;setup()
</UL>

<P><STRONG><a name="[8e]"></a>Print::println(unsigned char, int)</STRONG> (Thumb, 36 bytes, Stack size 24 bytes, print.o(.text), UNUSED)
<BR><BR>[Calls]<UL><LI><a href="#[8a]">&gt;&gt;</a>&nbsp;&nbsp;&nbsp;Print::println()
<LI><a href="#[7b]">&gt;&gt;</a>&nbsp;&nbsp;&nbsp;Print::print(unsigned char, int)
</UL>

<P><STRONG><a name="[8f]"></a>Print::println(int, int)</STRONG> (Thumb, 36 bytes, Stack size 24 bytes, print.o(.text), UNUSED)
<BR><BR>[Calls]<UL><LI><a href="#[8a]">&gt;&gt;</a>&nbsp;&nbsp;&nbsp;Print::println()
<LI><a href="#[7d]">&gt;&gt;</a>&nbsp;&nbsp;&nbsp;Print::print(int, int)
</UL>

<P><STRONG><a name="[90]"></a>Print::println(unsigned, int)</STRONG> (Thumb, 36 bytes, Stack size 24 bytes, print.o(.text), UNUSED)
<BR><BR>[Calls]<UL><LI><a href="#[8a]">&gt;&gt;</a>&nbsp;&nbsp;&nbsp;Print::println()
<LI><a href="#[7e]">&gt;&gt;</a>&nbsp;&nbsp;&nbsp;Print::print(unsigned, int)
</UL>

<P><STRONG><a name="[91]"></a>Print::println(long, int)</STRONG> (Thumb, 34 bytes, Stack size 24 bytes, print.o(.text), UNUSED)
<BR><BR>[Calls]<UL><LI><a href="#[8a]">&gt;&gt;</a>&nbsp;&nbsp;&nbsp;Print::println()
<LI><a href="#[7c]">&gt;&gt;</a>&nbsp;&nbsp;&nbsp;Print::print(long long, int)
</UL>

<P><STRONG><a name="[92]"></a>Print::println(unsigned long, int)</STRONG> (Thumb, 34 bytes, Stack size 24 bytes, print.o(.text), UNUSED)
<BR><BR>[Calls]<UL><LI><a href="#[8a]">&gt;&gt;</a>&nbsp;&nbsp;&nbsp;Print::println()
<LI><a href="#[7a]">&gt;&gt;</a>&nbsp;&nbsp;&nbsp;Print::print(unsigned long long, int)
</UL>

<P><STRONG><a name="[93]"></a>Print::println(long long, int)</STRONG> (Thumb, 44 bytes, Stack size 32 bytes, print.o(.text), UNUSED)
<BR><BR>[Calls]<UL><LI><a href="#[8a]">&gt;&gt;</a>&nbsp;&nbsp;&nbsp;Print::println()
<LI><a href="#[7c]">&gt;&gt;</a>&nbsp;&nbsp;&nbsp;Print::print(long long, int)
</UL>

<P><STRONG><a name="[94]"></a>Print::println(unsigned long long, int)</STRONG> (Thumb, 44 bytes, Stack size 32 bytes, print.o(.text), UNUSED)
<BR><BR>[Calls]<UL><LI><a href="#[8a]">&gt;&gt;</a>&nbsp;&nbsp;&nbsp;Print::println()
<LI><a href="#[7a]">&gt;&gt;</a>&nbsp;&nbsp;&nbsp;Print::print(unsigned long long, int)
</UL>

<P><STRONG><a name="[95]"></a>Print::println(double, int)</STRONG> (Thumb, 44 bytes, Stack size 32 bytes, print.o(.text), UNUSED)
<BR><BR>[Calls]<UL><LI><a href="#[8a]">&gt;&gt;</a>&nbsp;&nbsp;&nbsp;Print::println()
<LI><a href="#[88]">&gt;&gt;</a>&nbsp;&nbsp;&nbsp;Print::print(double, int)
</UL>

<P><STRONG><a name="[96]"></a>Print::println(const __FlashStringHelper*)</STRONG> (Thumb, 28 bytes, Stack size 16 bytes, print.o(.text), UNUSED)
<BR><BR>[Calls]<UL><LI><a href="#[8a]">&gt;&gt;</a>&nbsp;&nbsp;&nbsp;Print::println()
<LI><a href="#[89]">&gt;&gt;</a>&nbsp;&nbsp;&nbsp;Print::print(const __FlashStringHelper*)
</UL>

<P><STRONG><a name="[97]"></a>Print::println(const Printable&)</STRONG> (Thumb, 28 bytes, Stack size 16 bytes, print.o(.text), UNUSED)
<BR><BR>[Calls]<UL><LI><a href="#[8a]">&gt;&gt;</a>&nbsp;&nbsp;&nbsp;Print::println()
<LI><a href="#[98]">&gt;&gt;</a>&nbsp;&nbsp;&nbsp;Print::print(const Printable&)
</UL>

<P><STRONG><a name="[75]"></a>Serial::Serial()</STRONG> (Thumb, 16 bytes, Stack size 0 bytes, serial.o(.text))
<BR><BR>[Called By]<UL><LI><a href="#[52]">&gt;&gt;</a>&nbsp;&nbsp;&nbsp;__sti___8_main_cpp_Wire
</UL>

<P><STRONG><a name="[10d]"></a>Serial::Serial__sub_object()</STRONG> (Thumb, 0 bytes, Stack size 0 bytes, serial.o(.text), UNUSED)

<P><STRONG><a name="[6a]"></a>Serial::begin(USART_TypeDef*, unsigned)</STRONG> (Thumb, 18 bytes, Stack size 16 bytes, serial.o(.text))
<BR><BR>[Stack]<UL><LI>Max Depth = 140<LI>Call Chain = Serial::begin(USART_TypeDef*, unsigned) &rArr; uart_init &rArr; USART_Init &rArr; RCC_GetClocksFreq
</UL>
<BR>[Calls]<UL><LI><a href="#[99]">&gt;&gt;</a>&nbsp;&nbsp;&nbsp;uart_init
</UL>
<BR>[Called By]<UL><LI><a href="#[69]">&gt;&gt;</a>&nbsp;&nbsp;&nbsp;setup()
</UL>

<P><STRONG><a name="[4e]"></a>Serial::write(unsigned char)</STRONG> (Thumb, 16 bytes, Stack size 16 bytes, serial.o(.text))
<BR><BR>[Stack]<UL><LI>Max Depth = 16<LI>Call Chain = Serial::write(unsigned char)
</UL>
<BR>[Calls]<UL><LI><a href="#[4a]">&gt;&gt;</a>&nbsp;&nbsp;&nbsp;fputc
</UL>
<BR>[Address Reference Count : 1]<UL><LI> serial.o(.constdata__ZTV6Serial)
</UL>
<P><STRONG><a name="[76]"></a>L3G::L3G()</STRONG> (Thumb, 12 bytes, Stack size 0 bytes, l3g.o(.text))
<BR><BR>[Called By]<UL><LI><a href="#[52]">&gt;&gt;</a>&nbsp;&nbsp;&nbsp;__sti___8_main_cpp_Wire
</UL>

<P><STRONG><a name="[10e]"></a>L3G::L3G__sub_object()</STRONG> (Thumb, 0 bytes, Stack size 0 bytes, l3g.o(.text), UNUSED)

<P><STRONG><a name="[9a]"></a>L3G::testReg(unsigned char, L3G::regAddr)</STRONG> (Thumb, 70 bytes, Stack size 16 bytes, l3g.o(.text))
<BR><BR>[Stack]<UL><LI>Max Depth = 32<LI>Call Chain = L3G::testReg(unsigned char, L3G::regAddr) &rArr; WireBase::endTransmission()
</UL>
<BR>[Calls]<UL><LI><a href="#[9f]">&gt;&gt;</a>&nbsp;&nbsp;&nbsp;WireBase::available()
<LI><a href="#[9c]">&gt;&gt;</a>&nbsp;&nbsp;&nbsp;WireBase::write(unsigned char)
<LI><a href="#[a0]">&gt;&gt;</a>&nbsp;&nbsp;&nbsp;WireBase::read()
<LI><a href="#[9b]">&gt;&gt;</a>&nbsp;&nbsp;&nbsp;WireBase::beginTransmission(unsigned char)
<LI><a href="#[9d]">&gt;&gt;</a>&nbsp;&nbsp;&nbsp;WireBase::endTransmission()
<LI><a href="#[9e]">&gt;&gt;</a>&nbsp;&nbsp;&nbsp;WireBase::requestFrom(unsigned char, int)
</UL>
<BR>[Called By]<UL><LI><a href="#[6b]">&gt;&gt;</a>&nbsp;&nbsp;&nbsp;L3G::init(L3G::deviceType, L3G::sa0State)
</UL>

<P><STRONG><a name="[6b]"></a>L3G::init(L3G::deviceType, L3G::sa0State)</STRONG> (Thumb, 218 bytes, Stack size 24 bytes, l3g.o(.text))
<BR><BR>[Stack]<UL><LI>Max Depth = 56<LI>Call Chain = L3G::init(L3G::deviceType, L3G::sa0State) &rArr; L3G::testReg(unsigned char, L3G::regAddr) &rArr; WireBase::endTransmission()
</UL>
<BR>[Calls]<UL><LI><a href="#[9a]">&gt;&gt;</a>&nbsp;&nbsp;&nbsp;L3G::testReg(unsigned char, L3G::regAddr)
</UL>
<BR>[Called By]<UL><LI><a href="#[69]">&gt;&gt;</a>&nbsp;&nbsp;&nbsp;setup()
</UL>

<P><STRONG><a name="[a1]"></a>L3G::writeReg(unsigned char, unsigned char)</STRONG> (Thumb, 42 bytes, Stack size 16 bytes, l3g.o(.text))
<BR><BR>[Stack]<UL><LI>Max Depth = 32<LI>Call Chain = L3G::writeReg(unsigned char, unsigned char) &rArr; WireBase::endTransmission()
</UL>
<BR>[Calls]<UL><LI><a href="#[9c]">&gt;&gt;</a>&nbsp;&nbsp;&nbsp;WireBase::write(unsigned char)
<LI><a href="#[9b]">&gt;&gt;</a>&nbsp;&nbsp;&nbsp;WireBase::beginTransmission(unsigned char)
<LI><a href="#[9d]">&gt;&gt;</a>&nbsp;&nbsp;&nbsp;WireBase::endTransmission()
</UL>
<BR>[Called By]<UL><LI><a href="#[6d]">&gt;&gt;</a>&nbsp;&nbsp;&nbsp;L3G::enableDefault()
</UL>

<P><STRONG><a name="[6d]"></a>L3G::enableDefault()</STRONG> (Thumb, 42 bytes, Stack size 8 bytes, l3g.o(.text))
<BR><BR>[Stack]<UL><LI>Max Depth = 40<LI>Call Chain = L3G::enableDefault() &rArr; L3G::writeReg(unsigned char, unsigned char) &rArr; WireBase::endTransmission()
</UL>
<BR>[Calls]<UL><LI><a href="#[a1]">&gt;&gt;</a>&nbsp;&nbsp;&nbsp;L3G::writeReg(unsigned char, unsigned char)
</UL>
<BR>[Called By]<UL><LI><a href="#[69]">&gt;&gt;</a>&nbsp;&nbsp;&nbsp;setup()
</UL>

<P><STRONG><a name="[a2]"></a>L3G::readReg(unsigned char)</STRONG> (Thumb, 58 bytes, Stack size 16 bytes, l3g.o(.text), UNUSED)
<BR><BR>[Calls]<UL><LI><a href="#[9c]">&gt;&gt;</a>&nbsp;&nbsp;&nbsp;WireBase::write(unsigned char)
<LI><a href="#[a0]">&gt;&gt;</a>&nbsp;&nbsp;&nbsp;WireBase::read()
<LI><a href="#[9b]">&gt;&gt;</a>&nbsp;&nbsp;&nbsp;WireBase::beginTransmission(unsigned char)
<LI><a href="#[9d]">&gt;&gt;</a>&nbsp;&nbsp;&nbsp;WireBase::endTransmission()
<LI><a href="#[9e]">&gt;&gt;</a>&nbsp;&nbsp;&nbsp;WireBase::requestFrom(unsigned char, int)
</UL>

<P><STRONG><a name="[6f]"></a>L3G::read()</STRONG> (Thumb, 158 bytes, Stack size 40 bytes, l3g.o(.text))
<BR><BR>[Stack]<UL><LI>Max Depth = 56<LI>Call Chain = L3G::read() &rArr; WireBase::endTransmission()
</UL>
<BR>[Calls]<UL><LI><a href="#[9f]">&gt;&gt;</a>&nbsp;&nbsp;&nbsp;WireBase::available()
<LI><a href="#[a3]">&gt;&gt;</a>&nbsp;&nbsp;&nbsp;WireBase::write(int)
<LI><a href="#[a0]">&gt;&gt;</a>&nbsp;&nbsp;&nbsp;WireBase::read()
<LI><a href="#[9b]">&gt;&gt;</a>&nbsp;&nbsp;&nbsp;WireBase::beginTransmission(unsigned char)
<LI><a href="#[9d]">&gt;&gt;</a>&nbsp;&nbsp;&nbsp;WireBase::endTransmission()
<LI><a href="#[9e]">&gt;&gt;</a>&nbsp;&nbsp;&nbsp;WireBase::requestFrom(unsigned char, int)
<LI><a href="#[a4]">&gt;&gt;</a>&nbsp;&nbsp;&nbsp;millis
</UL>
<BR>[Called By]<UL><LI><a href="#[6e]">&gt;&gt;</a>&nbsp;&nbsp;&nbsp;loop()
</UL>

<P><STRONG><a name="[10f]"></a>L3G::setTimeout(unsigned)</STRONG> (Thumb, 4 bytes, Stack size 0 bytes, l3g.o(.text), UNUSED)

<P><STRONG><a name="[110]"></a>L3G::getTimeout()</STRONG> (Thumb, 6 bytes, Stack size 0 bytes, l3g.o(.text), UNUSED)

<P><STRONG><a name="[111]"></a>L3G::timeoutOccurred()</STRONG> (Thumb, 10 bytes, Stack size 0 bytes, l3g.o(.text), UNUSED)

<P><STRONG><a name="[a5]"></a>L3G::vector_normalize(L3G::vector&lang;float&rang;*)</STRONG> (Thumb, 54 bytes, Stack size 16 bytes, l3g.o(.text), UNUSED)
<BR><BR>[Calls]<UL><LI><a href="#[a8]">&gt;&gt;</a>&nbsp;&nbsp;&nbsp;__aeabi_fdiv
<LI><a href="#[a6]">&gt;&gt;</a>&nbsp;&nbsp;&nbsp;L3G::vector_dot&lang;float, float&rang;(const L3G::vector&lang;T1&rang;*, const L3G::vector&lang;T2&rang;*)
<LI><a href="#[a7]">&gt;&gt;</a>&nbsp;&nbsp;&nbsp;sqrtf
</UL>

<P><STRONG><a name="[a9]"></a>TwoWire::set_scl(bool)</STRONG> (Thumb, 40 bytes, Stack size 16 bytes, wire.o(.text))
<BR><BR>[Stack]<UL><LI>Max Depth = 32<LI>Call Chain = TwoWire::set_scl(bool) &rArr; digitalWrite
</UL>
<BR>[Calls]<UL><LI><a href="#[aa]">&gt;&gt;</a>&nbsp;&nbsp;&nbsp;delay_us
<LI><a href="#[5c]">&gt;&gt;</a>&nbsp;&nbsp;&nbsp;digitalRead
<LI><a href="#[59]">&gt;&gt;</a>&nbsp;&nbsp;&nbsp;digitalWrite
</UL>
<BR>[Called By]<UL><LI><a href="#[b2]">&gt;&gt;</a>&nbsp;&nbsp;&nbsp;TwoWire::i2c_shift_out(unsigned char)
<LI><a href="#[b1]">&gt;&gt;</a>&nbsp;&nbsp;&nbsp;TwoWire::i2c_shift_in()
<LI><a href="#[b0]">&gt;&gt;</a>&nbsp;&nbsp;&nbsp;TwoWire::i2c_send_nack()
<LI><a href="#[af]">&gt;&gt;</a>&nbsp;&nbsp;&nbsp;TwoWire::i2c_send_ack()
<LI><a href="#[ae]">&gt;&gt;</a>&nbsp;&nbsp;&nbsp;TwoWire::i2c_get_ack()
<LI><a href="#[ad]">&gt;&gt;</a>&nbsp;&nbsp;&nbsp;TwoWire::i2c_stop()
<LI><a href="#[ac]">&gt;&gt;</a>&nbsp;&nbsp;&nbsp;TwoWire::i2c_start()
<LI><a href="#[50]">&gt;&gt;</a>&nbsp;&nbsp;&nbsp;TwoWire::begin(unsigned char)
</UL>

<P><STRONG><a name="[ab]"></a>TwoWire::set_sda(bool)</STRONG> (Thumb, 24 bytes, Stack size 16 bytes, wire.o(.text))
<BR><BR>[Stack]<UL><LI>Max Depth = 32<LI>Call Chain = TwoWire::set_sda(bool) &rArr; digitalWrite
</UL>
<BR>[Calls]<UL><LI><a href="#[aa]">&gt;&gt;</a>&nbsp;&nbsp;&nbsp;delay_us
<LI><a href="#[59]">&gt;&gt;</a>&nbsp;&nbsp;&nbsp;digitalWrite
</UL>
<BR>[Called By]<UL><LI><a href="#[b2]">&gt;&gt;</a>&nbsp;&nbsp;&nbsp;TwoWire::i2c_shift_out(unsigned char)
<LI><a href="#[b1]">&gt;&gt;</a>&nbsp;&nbsp;&nbsp;TwoWire::i2c_shift_in()
<LI><a href="#[b0]">&gt;&gt;</a>&nbsp;&nbsp;&nbsp;TwoWire::i2c_send_nack()
<LI><a href="#[af]">&gt;&gt;</a>&nbsp;&nbsp;&nbsp;TwoWire::i2c_send_ack()
<LI><a href="#[ae]">&gt;&gt;</a>&nbsp;&nbsp;&nbsp;TwoWire::i2c_get_ack()
<LI><a href="#[ad]">&gt;&gt;</a>&nbsp;&nbsp;&nbsp;TwoWire::i2c_stop()
<LI><a href="#[ac]">&gt;&gt;</a>&nbsp;&nbsp;&nbsp;TwoWire::i2c_start()
<LI><a href="#[50]">&gt;&gt;</a>&nbsp;&nbsp;&nbsp;TwoWire::begin(unsigned char)
</UL>

<P><STRONG><a name="[ac]"></a>TwoWire::i2c_start()</STRONG> (Thumb, 22 bytes, Stack size 8 bytes, wire.o(.text))
<BR><BR>[Stack]<UL><LI>Max Depth = 40<LI>Call Chain = TwoWire::i2c_start() &rArr; TwoWire::set_sda(bool) &rArr; digitalWrite
</UL>
<BR>[Calls]<UL><LI><a href="#[ab]">&gt;&gt;</a>&nbsp;&nbsp;&nbsp;TwoWire::set_sda(bool)
<LI><a href="#[a9]">&gt;&gt;</a>&nbsp;&nbsp;&nbsp;TwoWire::set_scl(bool)
</UL>
<BR>[Called By]<UL><LI><a href="#[4f]">&gt;&gt;</a>&nbsp;&nbsp;&nbsp;TwoWire::process()
</UL>

<P><STRONG><a name="[ad]"></a>TwoWire::i2c_stop()</STRONG> (Thumb, 30 bytes, Stack size 8 bytes, wire.o(.text))
<BR><BR>[Stack]<UL><LI>Max Depth = 40<LI>Call Chain = TwoWire::i2c_stop() &rArr; TwoWire::set_sda(bool) &rArr; digitalWrite
</UL>
<BR>[Calls]<UL><LI><a href="#[ab]">&gt;&gt;</a>&nbsp;&nbsp;&nbsp;TwoWire::set_sda(bool)
<LI><a href="#[a9]">&gt;&gt;</a>&nbsp;&nbsp;&nbsp;TwoWire::set_scl(bool)
</UL>
<BR>[Called By]<UL><LI><a href="#[4f]">&gt;&gt;</a>&nbsp;&nbsp;&nbsp;TwoWire::process()
</UL>

<P><STRONG><a name="[ae]"></a>TwoWire::i2c_get_ack()</STRONG> (Thumb, 56 bytes, Stack size 16 bytes, wire.o(.text))
<BR><BR>[Stack]<UL><LI>Max Depth = 48<LI>Call Chain = TwoWire::i2c_get_ack() &rArr; TwoWire::set_sda(bool) &rArr; digitalWrite
</UL>
<BR>[Calls]<UL><LI><a href="#[ab]">&gt;&gt;</a>&nbsp;&nbsp;&nbsp;TwoWire::set_sda(bool)
<LI><a href="#[a9]">&gt;&gt;</a>&nbsp;&nbsp;&nbsp;TwoWire::set_scl(bool)
<LI><a href="#[5c]">&gt;&gt;</a>&nbsp;&nbsp;&nbsp;digitalRead
</UL>
<BR>[Called By]<UL><LI><a href="#[4f]">&gt;&gt;</a>&nbsp;&nbsp;&nbsp;TwoWire::process()
</UL>

<P><STRONG><a name="[af]"></a>TwoWire::i2c_send_ack()</STRONG> (Thumb, 30 bytes, Stack size 8 bytes, wire.o(.text))
<BR><BR>[Stack]<UL><LI>Max Depth = 40<LI>Call Chain = TwoWire::i2c_send_ack() &rArr; TwoWire::set_sda(bool) &rArr; digitalWrite
</UL>
<BR>[Calls]<UL><LI><a href="#[ab]">&gt;&gt;</a>&nbsp;&nbsp;&nbsp;TwoWire::set_sda(bool)
<LI><a href="#[a9]">&gt;&gt;</a>&nbsp;&nbsp;&nbsp;TwoWire::set_scl(bool)
</UL>
<BR>[Called By]<UL><LI><a href="#[4f]">&gt;&gt;</a>&nbsp;&nbsp;&nbsp;TwoWire::process()
</UL>

<P><STRONG><a name="[b0]"></a>TwoWire::i2c_send_nack()</STRONG> (Thumb, 30 bytes, Stack size 8 bytes, wire.o(.text))
<BR><BR>[Stack]<UL><LI>Max Depth = 40<LI>Call Chain = TwoWire::i2c_send_nack() &rArr; TwoWire::set_sda(bool) &rArr; digitalWrite
</UL>
<BR>[Calls]<UL><LI><a href="#[ab]">&gt;&gt;</a>&nbsp;&nbsp;&nbsp;TwoWire::set_sda(bool)
<LI><a href="#[a9]">&gt;&gt;</a>&nbsp;&nbsp;&nbsp;TwoWire::set_scl(bool)
</UL>
<BR>[Called By]<UL><LI><a href="#[4f]">&gt;&gt;</a>&nbsp;&nbsp;&nbsp;TwoWire::process()
</UL>

<P><STRONG><a name="[b1]"></a>TwoWire::i2c_shift_in()</STRONG> (Thumb, 60 bytes, Stack size 16 bytes, wire.o(.text))
<BR><BR>[Stack]<UL><LI>Max Depth = 48<LI>Call Chain = TwoWire::i2c_shift_in() &rArr; TwoWire::set_sda(bool) &rArr; digitalWrite
</UL>
<BR>[Calls]<UL><LI><a href="#[ab]">&gt;&gt;</a>&nbsp;&nbsp;&nbsp;TwoWire::set_sda(bool)
<LI><a href="#[a9]">&gt;&gt;</a>&nbsp;&nbsp;&nbsp;TwoWire::set_scl(bool)
<LI><a href="#[5c]">&gt;&gt;</a>&nbsp;&nbsp;&nbsp;digitalRead
</UL>
<BR>[Called By]<UL><LI><a href="#[4f]">&gt;&gt;</a>&nbsp;&nbsp;&nbsp;TwoWire::process()
</UL>

<P><STRONG><a name="[b2]"></a>TwoWire::i2c_shift_out(unsigned char)</STRONG> (Thumb, 60 bytes, Stack size 16 bytes, wire.o(.text))
<BR><BR>[Stack]<UL><LI>Max Depth = 48<LI>Call Chain = TwoWire::i2c_shift_out(unsigned char) &rArr; TwoWire::set_sda(bool) &rArr; digitalWrite
</UL>
<BR>[Calls]<UL><LI><a href="#[ab]">&gt;&gt;</a>&nbsp;&nbsp;&nbsp;TwoWire::set_sda(bool)
<LI><a href="#[a9]">&gt;&gt;</a>&nbsp;&nbsp;&nbsp;TwoWire::set_scl(bool)
</UL>
<BR>[Called By]<UL><LI><a href="#[4f]">&gt;&gt;</a>&nbsp;&nbsp;&nbsp;TwoWire::process()
</UL>

<P><STRONG><a name="[4f]"></a>TwoWire::process()</STRONG> (Thumb, 170 bytes, Stack size 16 bytes, wire.o(.text))
<BR><BR>[Stack]<UL><LI>Max Depth = 64<LI>Call Chain = TwoWire::process() &rArr; TwoWire::i2c_shift_out(unsigned char) &rArr; TwoWire::set_sda(bool) &rArr; digitalWrite
</UL>
<BR>[Calls]<UL><LI><a href="#[b2]">&gt;&gt;</a>&nbsp;&nbsp;&nbsp;TwoWire::i2c_shift_out(unsigned char)
<LI><a href="#[b1]">&gt;&gt;</a>&nbsp;&nbsp;&nbsp;TwoWire::i2c_shift_in()
<LI><a href="#[b0]">&gt;&gt;</a>&nbsp;&nbsp;&nbsp;TwoWire::i2c_send_nack()
<LI><a href="#[af]">&gt;&gt;</a>&nbsp;&nbsp;&nbsp;TwoWire::i2c_send_ack()
<LI><a href="#[ae]">&gt;&gt;</a>&nbsp;&nbsp;&nbsp;TwoWire::i2c_get_ack()
<LI><a href="#[ad]">&gt;&gt;</a>&nbsp;&nbsp;&nbsp;TwoWire::i2c_stop()
<LI><a href="#[ac]">&gt;&gt;</a>&nbsp;&nbsp;&nbsp;TwoWire::i2c_start()
</UL>
<BR>[Address Reference Count : 1]<UL><LI> wire.o(.constdata__ZTV7TwoWire)
</UL>
<P><STRONG><a name="[73]"></a>TwoWire::TwoWire(int, int, unsigned char)</STRONG> (Thumb, 22 bytes, Stack size 8 bytes, wire.o(.text))
<BR><BR>[Stack]<UL><LI>Max Depth = 8<LI>Call Chain = TwoWire::TwoWire(int, int, unsigned char)
</UL>
<BR>[Called By]<UL><LI><a href="#[52]">&gt;&gt;</a>&nbsp;&nbsp;&nbsp;__sti___8_main_cpp_Wire
</UL>

<P><STRONG><a name="[112]"></a>TwoWire::TwoWire__sub_object(int, int, unsigned char)</STRONG> (Thumb, 0 bytes, Stack size 8 bytes, wire.o(.text), UNUSED)

<P><STRONG><a name="[50]"></a>TwoWire::begin(unsigned char)</STRONG> (Thumb, 58 bytes, Stack size 16 bytes, wire.o(.text))
<BR><BR>[Stack]<UL><LI>Max Depth = 80<LI>Call Chain = TwoWire::begin(unsigned char) &rArr; pinMode &rArr; GPIO_begin &rArr; GPIO_Init
</UL>
<BR>[Calls]<UL><LI><a href="#[ab]">&gt;&gt;</a>&nbsp;&nbsp;&nbsp;TwoWire::set_sda(bool)
<LI><a href="#[a9]">&gt;&gt;</a>&nbsp;&nbsp;&nbsp;TwoWire::set_scl(bool)
<LI><a href="#[57]">&gt;&gt;</a>&nbsp;&nbsp;&nbsp;pinMode
</UL>
<BR>[Called By]<UL><LI><a href="#[69]">&gt;&gt;</a>&nbsp;&nbsp;&nbsp;setup()
</UL>
<BR>[Address Reference Count : 1]<UL><LI> wire.o(.constdata__ZTV7TwoWire)
</UL>
<P><STRONG><a name="[47]"></a>TwoWire::~TwoWire()</STRONG> (Thumb, 18 bytes, Stack size 0 bytes, wire.o(.text))
<BR>[Address Reference Count : 1]<UL><LI> main.o(.text)
</UL>
<P><STRONG><a name="[113]"></a>TwoWire::~TwoWire__sub_object()</STRONG> (Thumb, 0 bytes, Stack size 0 bytes, wire.o(.text), UNUSED)

<P><STRONG><a name="[51]"></a>WireBase::begin(unsigned char)</STRONG> (Thumb, 20 bytes, Stack size 0 bytes, wirebase.o(.text))
<BR>[Address Reference Count : 1]<UL><LI> wirebase.o(.constdata__ZTV8WireBase)
</UL>
<P><STRONG><a name="[9b]"></a>WireBase::beginTransmission(unsigned char)</STRONG> (Thumb, 22 bytes, Stack size 0 bytes, wirebase.o(.text))
<BR><BR>[Called By]<UL><LI><a href="#[b3]">&gt;&gt;</a>&nbsp;&nbsp;&nbsp;WireBase::beginTransmission(int)
<LI><a href="#[a2]">&gt;&gt;</a>&nbsp;&nbsp;&nbsp;L3G::readReg(unsigned char)
<LI><a href="#[a1]">&gt;&gt;</a>&nbsp;&nbsp;&nbsp;L3G::writeReg(unsigned char, unsigned char)
<LI><a href="#[9a]">&gt;&gt;</a>&nbsp;&nbsp;&nbsp;L3G::testReg(unsigned char, L3G::regAddr)
<LI><a href="#[6f]">&gt;&gt;</a>&nbsp;&nbsp;&nbsp;L3G::read()
</UL>

<P><STRONG><a name="[b3]"></a>WireBase::beginTransmission(int)</STRONG> (Thumb, 16 bytes, Stack size 12 bytes, wirebase.o(.text), UNUSED)
<BR><BR>[Calls]<UL><LI><a href="#[9b]">&gt;&gt;</a>&nbsp;&nbsp;&nbsp;WireBase::beginTransmission(unsigned char)
</UL>

<P><STRONG><a name="[9d]"></a>WireBase::endTransmission()</STRONG> (Thumb, 38 bytes, Stack size 16 bytes, wirebase.o(.text))
<BR><BR>[Stack]<UL><LI>Max Depth = 16<LI>Call Chain = WireBase::endTransmission()
</UL>
<BR>[Called By]<UL><LI><a href="#[a2]">&gt;&gt;</a>&nbsp;&nbsp;&nbsp;L3G::readReg(unsigned char)
<LI><a href="#[a1]">&gt;&gt;</a>&nbsp;&nbsp;&nbsp;L3G::writeReg(unsigned char, unsigned char)
<LI><a href="#[9a]">&gt;&gt;</a>&nbsp;&nbsp;&nbsp;L3G::testReg(unsigned char, L3G::regAddr)
<LI><a href="#[6f]">&gt;&gt;</a>&nbsp;&nbsp;&nbsp;L3G::read()
</UL>

<P><STRONG><a name="[9e]"></a>WireBase::requestFrom(unsigned char, int)</STRONG> (Thumb, 64 bytes, Stack size 16 bytes, wirebase.o(.text))
<BR><BR>[Stack]<UL><LI>Max Depth = 16<LI>Call Chain = WireBase::requestFrom(unsigned char, int)
</UL>
<BR>[Called By]<UL><LI><a href="#[b4]">&gt;&gt;</a>&nbsp;&nbsp;&nbsp;WireBase::requestFrom(int, int)
<LI><a href="#[a2]">&gt;&gt;</a>&nbsp;&nbsp;&nbsp;L3G::readReg(unsigned char)
<LI><a href="#[9a]">&gt;&gt;</a>&nbsp;&nbsp;&nbsp;L3G::testReg(unsigned char, L3G::regAddr)
<LI><a href="#[6f]">&gt;&gt;</a>&nbsp;&nbsp;&nbsp;L3G::read()
</UL>

<P><STRONG><a name="[b4]"></a>WireBase::requestFrom(int, int)</STRONG> (Thumb, 20 bytes, Stack size 16 bytes, wirebase.o(.text), UNUSED)
<BR><BR>[Calls]<UL><LI><a href="#[9e]">&gt;&gt;</a>&nbsp;&nbsp;&nbsp;WireBase::requestFrom(unsigned char, int)
</UL>

<P><STRONG><a name="[9c]"></a>WireBase::write(unsigned char)</STRONG> (Thumb, 44 bytes, Stack size 0 bytes, wirebase.o(.text))
<BR><BR>[Called By]<UL><LI><a href="#[b7]">&gt;&gt;</a>&nbsp;&nbsp;&nbsp;WireBase::write(char*)
<LI><a href="#[b5]">&gt;&gt;</a>&nbsp;&nbsp;&nbsp;WireBase::write(unsigned char*, int)
<LI><a href="#[a3]">&gt;&gt;</a>&nbsp;&nbsp;&nbsp;WireBase::write(int)
<LI><a href="#[a2]">&gt;&gt;</a>&nbsp;&nbsp;&nbsp;L3G::readReg(unsigned char)
<LI><a href="#[a1]">&gt;&gt;</a>&nbsp;&nbsp;&nbsp;L3G::writeReg(unsigned char, unsigned char)
<LI><a href="#[9a]">&gt;&gt;</a>&nbsp;&nbsp;&nbsp;L3G::testReg(unsigned char, L3G::regAddr)
</UL>

<P><STRONG><a name="[b5]"></a>WireBase::write(unsigned char*, int)</STRONG> (Thumb, 30 bytes, Stack size 20 bytes, wirebase.o(.text), UNUSED)
<BR><BR>[Calls]<UL><LI><a href="#[9c]">&gt;&gt;</a>&nbsp;&nbsp;&nbsp;WireBase::write(unsigned char)
</UL>
<BR>[Called By]<UL><LI><a href="#[b6]">&gt;&gt;</a>&nbsp;&nbsp;&nbsp;WireBase::write(int*, int)
</UL>

<P><STRONG><a name="[a3]"></a>WireBase::write(int)</STRONG> (Thumb, 16 bytes, Stack size 12 bytes, wirebase.o(.text))
<BR><BR>[Stack]<UL><LI>Max Depth = 12<LI>Call Chain = WireBase::write(int)
</UL>
<BR>[Calls]<UL><LI><a href="#[9c]">&gt;&gt;</a>&nbsp;&nbsp;&nbsp;WireBase::write(unsigned char)
</UL>
<BR>[Called By]<UL><LI><a href="#[6f]">&gt;&gt;</a>&nbsp;&nbsp;&nbsp;L3G::read()
</UL>

<P><STRONG><a name="[b6]"></a>WireBase::write(int*, int)</STRONG> (Thumb, 20 bytes, Stack size 16 bytes, wirebase.o(.text), UNUSED)
<BR><BR>[Calls]<UL><LI><a href="#[b5]">&gt;&gt;</a>&nbsp;&nbsp;&nbsp;WireBase::write(unsigned char*, int)
</UL>

<P><STRONG><a name="[b7]"></a>WireBase::write(char*)</STRONG> (Thumb, 28 bytes, Stack size 16 bytes, wirebase.o(.text), UNUSED)
<BR><BR>[Calls]<UL><LI><a href="#[9c]">&gt;&gt;</a>&nbsp;&nbsp;&nbsp;WireBase::write(unsigned char)
</UL>

<P><STRONG><a name="[9f]"></a>WireBase::available()</STRONG> (Thumb, 16 bytes, Stack size 0 bytes, wirebase.o(.text))
<BR><BR>[Called By]<UL><LI><a href="#[9a]">&gt;&gt;</a>&nbsp;&nbsp;&nbsp;L3G::testReg(unsigned char, L3G::regAddr)
<LI><a href="#[6f]">&gt;&gt;</a>&nbsp;&nbsp;&nbsp;L3G::read()
</UL>

<P><STRONG><a name="[a0]"></a>WireBase::read()</STRONG> (Thumb, 84 bytes, Stack size 0 bytes, wirebase.o(.text))
<BR><BR>[Called By]<UL><LI><a href="#[a2]">&gt;&gt;</a>&nbsp;&nbsp;&nbsp;L3G::readReg(unsigned char)
<LI><a href="#[9a]">&gt;&gt;</a>&nbsp;&nbsp;&nbsp;L3G::testReg(unsigned char, L3G::regAddr)
<LI><a href="#[6f]">&gt;&gt;</a>&nbsp;&nbsp;&nbsp;L3G::read()
</UL>

<P><STRONG><a name="[72]"></a>delay_init</STRONG> (Thumb, 44 bytes, Stack size 0 bytes, delay.o(.text))
<BR><BR>[Called By]<UL><LI><a href="#[46]">&gt;&gt;</a>&nbsp;&nbsp;&nbsp;main
</UL>

<P><STRONG><a name="[9]"></a>SysTick_Handler</STRONG> (Thumb, 12 bytes, Stack size 0 bytes, delay.o(.text))
<BR>[Address Reference Count : 1]<UL><LI> startup_stm32f10x_hd.o(RESET)
</UL>
<P><STRONG><a name="[a4]"></a>millis</STRONG> (Thumb, 34 bytes, Stack size 0 bytes, delay.o(.text))
<BR><BR>[Called By]<UL><LI><a href="#[aa]">&gt;&gt;</a>&nbsp;&nbsp;&nbsp;delay_us
<LI><a href="#[71]">&gt;&gt;</a>&nbsp;&nbsp;&nbsp;delay_ms
<LI><a href="#[6f]">&gt;&gt;</a>&nbsp;&nbsp;&nbsp;L3G::read()
<LI><a href="#[b8]">&gt;&gt;</a>&nbsp;&nbsp;&nbsp;micros
</UL>

<P><STRONG><a name="[b8]"></a>micros</STRONG> (Thumb, 26 bytes, Stack size 4 bytes, delay.o(.text))
<BR><BR>[Stack]<UL><LI>Max Depth = 4<LI>Call Chain = micros
</UL>
<BR>[Calls]<UL><LI><a href="#[a4]">&gt;&gt;</a>&nbsp;&nbsp;&nbsp;millis
</UL>
<BR>[Called By]<UL><LI><a href="#[aa]">&gt;&gt;</a>&nbsp;&nbsp;&nbsp;delay_us
</UL>

<P><STRONG><a name="[71]"></a>delay_ms</STRONG> (Thumb, 24 bytes, Stack size 4 bytes, delay.o(.text))
<BR><BR>[Stack]<UL><LI>Max Depth = 4<LI>Call Chain = delay_ms
</UL>
<BR>[Calls]<UL><LI><a href="#[a4]">&gt;&gt;</a>&nbsp;&nbsp;&nbsp;millis
</UL>
<BR>[Called By]<UL><LI><a href="#[6e]">&gt;&gt;</a>&nbsp;&nbsp;&nbsp;loop()
<LI><a href="#[21]">&gt;&gt;</a>&nbsp;&nbsp;&nbsp;EXTI9_5_IRQHandler
<LI><a href="#[13]">&gt;&gt;</a>&nbsp;&nbsp;&nbsp;EXTI3_IRQHandler
</UL>

<P><STRONG><a name="[aa]"></a>delay_us</STRONG> (Thumb, 52 bytes, Stack size 4 bytes, delay.o(.text))
<BR><BR>[Stack]<UL><LI>Max Depth = 8<LI>Call Chain = delay_us &rArr; micros
</UL>
<BR>[Calls]<UL><LI><a href="#[a4]">&gt;&gt;</a>&nbsp;&nbsp;&nbsp;millis
<LI><a href="#[b8]">&gt;&gt;</a>&nbsp;&nbsp;&nbsp;micros
</UL>
<BR>[Called By]<UL><LI><a href="#[ab]">&gt;&gt;</a>&nbsp;&nbsp;&nbsp;TwoWire::set_sda(bool)
<LI><a href="#[a9]">&gt;&gt;</a>&nbsp;&nbsp;&nbsp;TwoWire::set_scl(bool)
</UL>

<P><STRONG><a name="[b9]"></a>GPIO_Config</STRONG> (Thumb, 64 bytes, Stack size 8 bytes, gpio.o(.text), UNUSED)
<BR><BR>[Calls]<UL><LI><a href="#[ba]">&gt;&gt;</a>&nbsp;&nbsp;&nbsp;RCC_APB2PeriphClockCmd
<LI><a href="#[bb]">&gt;&gt;</a>&nbsp;&nbsp;&nbsp;GPIO_Init
</UL>

<P><STRONG><a name="[58]"></a>GPIO_begin</STRONG> (Thumb, 148 bytes, Stack size 24 bytes, gpio.o(.text))
<BR><BR>[Stack]<UL><LI>Max Depth = 48<LI>Call Chain = GPIO_begin &rArr; GPIO_Init
</UL>
<BR>[Calls]<UL><LI><a href="#[ba]">&gt;&gt;</a>&nbsp;&nbsp;&nbsp;RCC_APB2PeriphClockCmd
<LI><a href="#[bb]">&gt;&gt;</a>&nbsp;&nbsp;&nbsp;GPIO_Init
</UL>
<BR>[Called By]<UL><LI><a href="#[57]">&gt;&gt;</a>&nbsp;&nbsp;&nbsp;pinMode
</UL>

<P><STRONG><a name="[114]"></a>_sys_exit</STRONG> (Thumb, 4 bytes, Stack size 0 bytes, usart.o(.text), UNUSED)

<P><STRONG><a name="[4a]"></a>fputc</STRONG> (Thumb, 24 bytes, Stack size 0 bytes, usart.o(.text))
<BR><BR>[Called By]<UL><LI><a href="#[4e]">&gt;&gt;</a>&nbsp;&nbsp;&nbsp;Serial::write(unsigned char)
</UL>
<BR>[Address Reference Count : 1]<UL><LI> printfa.o(i.__0printf)
</UL>
<P><STRONG><a name="[99]"></a>uart_init</STRONG> (Thumb, 226 bytes, Stack size 56 bytes, usart.o(.text))
<BR><BR>[Stack]<UL><LI>Max Depth = 124<LI>Call Chain = uart_init &rArr; USART_Init &rArr; RCC_GetClocksFreq
</UL>
<BR>[Calls]<UL><LI><a href="#[bd]">&gt;&gt;</a>&nbsp;&nbsp;&nbsp;USART_Init
<LI><a href="#[be]">&gt;&gt;</a>&nbsp;&nbsp;&nbsp;USART_ITConfig
<LI><a href="#[bf]">&gt;&gt;</a>&nbsp;&nbsp;&nbsp;USART_Cmd
<LI><a href="#[bc]">&gt;&gt;</a>&nbsp;&nbsp;&nbsp;NVIC_Init
<LI><a href="#[ba]">&gt;&gt;</a>&nbsp;&nbsp;&nbsp;RCC_APB2PeriphClockCmd
<LI><a href="#[bb]">&gt;&gt;</a>&nbsp;&nbsp;&nbsp;GPIO_Init
</UL>
<BR>[Called By]<UL><LI><a href="#[6a]">&gt;&gt;</a>&nbsp;&nbsp;&nbsp;Serial::begin(USART_TypeDef*, unsigned)
</UL>

<P><STRONG><a name="[2f]"></a>USART1_IRQHandler</STRONG> (Thumb, 122 bytes, Stack size 8 bytes, usart.o(.text))
<BR><BR>[Stack]<UL><LI>Max Depth = 24<LI>Call Chain = USART1_IRQHandler &rArr; USART_GetITStatus
</UL>
<BR>[Calls]<UL><LI><a href="#[c1]">&gt;&gt;</a>&nbsp;&nbsp;&nbsp;USART_ReceiveData
<LI><a href="#[c0]">&gt;&gt;</a>&nbsp;&nbsp;&nbsp;USART_GetITStatus
</UL>
<BR>[Address Reference Count : 1]<UL><LI> startup_stm32f10x_hd.o(RESET)
</UL>
<P><STRONG><a name="[c2]"></a>EXTIX_Init</STRONG> (Thumb, 140 bytes, Stack size 16 bytes, exit.o(.text), UNUSED)
<BR><BR>[Calls]<UL><LI><a href="#[c3]">&gt;&gt;</a>&nbsp;&nbsp;&nbsp;GPIO_EXTILineConfig
<LI><a href="#[c4]">&gt;&gt;</a>&nbsp;&nbsp;&nbsp;EXTI_Init
<LI><a href="#[bc]">&gt;&gt;</a>&nbsp;&nbsp;&nbsp;NVIC_Init
<LI><a href="#[ba]">&gt;&gt;</a>&nbsp;&nbsp;&nbsp;RCC_APB2PeriphClockCmd
</UL>

<P><STRONG><a name="[13]"></a>EXTI3_IRQHandler</STRONG> (Thumb, 50 bytes, Stack size 8 bytes, exit.o(.text))
<BR><BR>[Stack]<UL><LI>Max Depth = 12<LI>Call Chain = EXTI3_IRQHandler &rArr; delay_ms
</UL>
<BR>[Calls]<UL><LI><a href="#[71]">&gt;&gt;</a>&nbsp;&nbsp;&nbsp;delay_ms
<LI><a href="#[c5]">&gt;&gt;</a>&nbsp;&nbsp;&nbsp;EXTI_GetITStatus
<LI><a href="#[c6]">&gt;&gt;</a>&nbsp;&nbsp;&nbsp;EXTI_ClearITPendingBit
</UL>
<BR>[Address Reference Count : 1]<UL><LI> startup_stm32f10x_hd.o(RESET)
</UL>
<P><STRONG><a name="[21]"></a>EXTI9_5_IRQHandler</STRONG> (Thumb, 60 bytes, Stack size 8 bytes, exit.o(.text))
<BR><BR>[Stack]<UL><LI>Max Depth = 12<LI>Call Chain = EXTI9_5_IRQHandler &rArr; delay_ms
</UL>
<BR>[Calls]<UL><LI><a href="#[71]">&gt;&gt;</a>&nbsp;&nbsp;&nbsp;delay_ms
<LI><a href="#[c5]">&gt;&gt;</a>&nbsp;&nbsp;&nbsp;EXTI_GetITStatus
<LI><a href="#[c6]">&gt;&gt;</a>&nbsp;&nbsp;&nbsp;EXTI_ClearITPendingBit
</UL>
<BR>[Address Reference Count : 1]<UL><LI> startup_stm32f10x_hd.o(RESET)
</UL>
<P><STRONG><a name="[c7]"></a>TIM3_Int_Init</STRONG> (Thumb, 98 bytes, Stack size 32 bytes, time_exit.o(.text), UNUSED)
<BR><BR>[Calls]<UL><LI><a href="#[c9]">&gt;&gt;</a>&nbsp;&nbsp;&nbsp;TIM_TimeBaseInit
<LI><a href="#[ca]">&gt;&gt;</a>&nbsp;&nbsp;&nbsp;TIM_ITConfig
<LI><a href="#[cb]">&gt;&gt;</a>&nbsp;&nbsp;&nbsp;TIM_Cmd
<LI><a href="#[c8]">&gt;&gt;</a>&nbsp;&nbsp;&nbsp;RCC_APB1PeriphClockCmd
<LI><a href="#[bc]">&gt;&gt;</a>&nbsp;&nbsp;&nbsp;NVIC_Init
</UL>

<P><STRONG><a name="[27]"></a>TIM3_IRQHandler</STRONG> (Thumb, 34 bytes, Stack size 8 bytes, time_exit.o(.text))
<BR><BR>[Stack]<UL><LI>Max Depth = 20<LI>Call Chain = TIM3_IRQHandler &rArr; TIM_GetITStatus
</UL>
<BR>[Calls]<UL><LI><a href="#[cc]">&gt;&gt;</a>&nbsp;&nbsp;&nbsp;TIM_GetITStatus
<LI><a href="#[cd]">&gt;&gt;</a>&nbsp;&nbsp;&nbsp;TIM_ClearITPendingBit
</UL>
<BR>[Address Reference Count : 1]<UL><LI> startup_stm32f10x_hd.o(RESET)
</UL>
<P><STRONG><a name="[115]"></a>NVIC_PriorityGroupConfig</STRONG> (Thumb, 10 bytes, Stack size 0 bytes, misc.o(.text), UNUSED)

<P><STRONG><a name="[bc]"></a>NVIC_Init</STRONG> (Thumb, 100 bytes, Stack size 16 bytes, misc.o(.text))
<BR><BR>[Stack]<UL><LI>Max Depth = 16<LI>Call Chain = NVIC_Init
</UL>
<BR>[Called By]<UL><LI><a href="#[99]">&gt;&gt;</a>&nbsp;&nbsp;&nbsp;uart_init
<LI><a href="#[c7]">&gt;&gt;</a>&nbsp;&nbsp;&nbsp;TIM3_Int_Init
<LI><a href="#[c2]">&gt;&gt;</a>&nbsp;&nbsp;&nbsp;EXTIX_Init
</UL>

<P><STRONG><a name="[116]"></a>NVIC_SetVectorTable</STRONG> (Thumb, 14 bytes, Stack size 0 bytes, misc.o(.text), UNUSED)

<P><STRONG><a name="[117]"></a>NVIC_SystemLPConfig</STRONG> (Thumb, 34 bytes, Stack size 0 bytes, misc.o(.text), UNUSED)

<P><STRONG><a name="[118]"></a>SysTick_CLKSourceConfig</STRONG> (Thumb, 40 bytes, Stack size 0 bytes, misc.o(.text), UNUSED)

<P><STRONG><a name="[ce]"></a>GPIO_DeInit</STRONG> (Thumb, 172 bytes, Stack size 8 bytes, stm32f10x_gpio.o(.text), UNUSED)
<BR><BR>[Calls]<UL><LI><a href="#[cf]">&gt;&gt;</a>&nbsp;&nbsp;&nbsp;RCC_APB2PeriphResetCmd
</UL>

<P><STRONG><a name="[d0]"></a>GPIO_AFIODeInit</STRONG> (Thumb, 20 bytes, Stack size 8 bytes, stm32f10x_gpio.o(.text), UNUSED)
<BR><BR>[Calls]<UL><LI><a href="#[cf]">&gt;&gt;</a>&nbsp;&nbsp;&nbsp;RCC_APB2PeriphResetCmd
</UL>

<P><STRONG><a name="[bb]"></a>GPIO_Init</STRONG> (Thumb, 278 bytes, Stack size 24 bytes, stm32f10x_gpio.o(.text))
<BR><BR>[Stack]<UL><LI>Max Depth = 24<LI>Call Chain = GPIO_Init
</UL>
<BR>[Called By]<UL><LI><a href="#[99]">&gt;&gt;</a>&nbsp;&nbsp;&nbsp;uart_init
<LI><a href="#[58]">&gt;&gt;</a>&nbsp;&nbsp;&nbsp;GPIO_begin
<LI><a href="#[b9]">&gt;&gt;</a>&nbsp;&nbsp;&nbsp;GPIO_Config
</UL>

<P><STRONG><a name="[119]"></a>GPIO_StructInit</STRONG> (Thumb, 16 bytes, Stack size 0 bytes, stm32f10x_gpio.o(.text), UNUSED)

<P><STRONG><a name="[5d]"></a>GPIO_ReadInputDataBit</STRONG> (Thumb, 18 bytes, Stack size 0 bytes, stm32f10x_gpio.o(.text))
<BR><BR>[Called By]<UL><LI><a href="#[5c]">&gt;&gt;</a>&nbsp;&nbsp;&nbsp;digitalRead
</UL>

<P><STRONG><a name="[11a]"></a>GPIO_ReadInputData</STRONG> (Thumb, 8 bytes, Stack size 0 bytes, stm32f10x_gpio.o(.text), UNUSED)

<P><STRONG><a name="[11b]"></a>GPIO_ReadOutputDataBit</STRONG> (Thumb, 18 bytes, Stack size 0 bytes, stm32f10x_gpio.o(.text), UNUSED)

<P><STRONG><a name="[11c]"></a>GPIO_ReadOutputData</STRONG> (Thumb, 8 bytes, Stack size 0 bytes, stm32f10x_gpio.o(.text), UNUSED)

<P><STRONG><a name="[5a]"></a>GPIO_SetBits</STRONG> (Thumb, 4 bytes, Stack size 0 bytes, stm32f10x_gpio.o(.text))
<BR><BR>[Called By]<UL><LI><a href="#[59]">&gt;&gt;</a>&nbsp;&nbsp;&nbsp;digitalWrite
</UL>

<P><STRONG><a name="[5b]"></a>GPIO_ResetBits</STRONG> (Thumb, 4 bytes, Stack size 0 bytes, stm32f10x_gpio.o(.text))
<BR><BR>[Called By]<UL><LI><a href="#[59]">&gt;&gt;</a>&nbsp;&nbsp;&nbsp;digitalWrite
</UL>

<P><STRONG><a name="[11d]"></a>GPIO_WriteBit</STRONG> (Thumb, 10 bytes, Stack size 0 bytes, stm32f10x_gpio.o(.text), UNUSED)

<P><STRONG><a name="[11e]"></a>GPIO_Write</STRONG> (Thumb, 4 bytes, Stack size 0 bytes, stm32f10x_gpio.o(.text), UNUSED)

<P><STRONG><a name="[11f]"></a>GPIO_PinLockConfig</STRONG> (Thumb, 18 bytes, Stack size 0 bytes, stm32f10x_gpio.o(.text), UNUSED)

<P><STRONG><a name="[120]"></a>GPIO_EventOutputConfig</STRONG> (Thumb, 26 bytes, Stack size 0 bytes, stm32f10x_gpio.o(.text), UNUSED)

<P><STRONG><a name="[121]"></a>GPIO_EventOutputCmd</STRONG> (Thumb, 6 bytes, Stack size 0 bytes, stm32f10x_gpio.o(.text), UNUSED)

<P><STRONG><a name="[122]"></a>GPIO_PinRemapConfig</STRONG> (Thumb, 138 bytes, Stack size 20 bytes, stm32f10x_gpio.o(.text), UNUSED)

<P><STRONG><a name="[c3]"></a>GPIO_EXTILineConfig</STRONG> (Thumb, 66 bytes, Stack size 12 bytes, stm32f10x_gpio.o(.text), UNUSED)
<BR><BR>[Called By]<UL><LI><a href="#[c2]">&gt;&gt;</a>&nbsp;&nbsp;&nbsp;EXTIX_Init
</UL>

<P><STRONG><a name="[123]"></a>GPIO_ETH_MediaInterfaceConfig</STRONG> (Thumb, 8 bytes, Stack size 0 bytes, stm32f10x_gpio.o(.text), UNUSED)

<P><STRONG><a name="[124]"></a>RCC_DeInit</STRONG> (Thumb, 64 bytes, Stack size 0 bytes, stm32f10x_rcc.o(.text), UNUSED)

<P><STRONG><a name="[125]"></a>RCC_HSEConfig</STRONG> (Thumb, 70 bytes, Stack size 0 bytes, stm32f10x_rcc.o(.text), UNUSED)

<P><STRONG><a name="[d2]"></a>RCC_GetFlagStatus</STRONG> (Thumb, 56 bytes, Stack size 8 bytes, stm32f10x_rcc.o(.text), UNUSED)
<BR><BR>[Called By]<UL><LI><a href="#[d1]">&gt;&gt;</a>&nbsp;&nbsp;&nbsp;RCC_WaitForHSEStartUp
</UL>

<P><STRONG><a name="[d1]"></a>RCC_WaitForHSEStartUp</STRONG> (Thumb, 56 bytes, Stack size 16 bytes, stm32f10x_rcc.o(.text), UNUSED)
<BR><BR>[Calls]<UL><LI><a href="#[d2]">&gt;&gt;</a>&nbsp;&nbsp;&nbsp;RCC_GetFlagStatus
</UL>

<P><STRONG><a name="[126]"></a>RCC_AdjustHSICalibrationValue</STRONG> (Thumb, 20 bytes, Stack size 0 bytes, stm32f10x_rcc.o(.text), UNUSED)

<P><STRONG><a name="[127]"></a>RCC_HSICmd</STRONG> (Thumb, 6 bytes, Stack size 0 bytes, stm32f10x_rcc.o(.text), UNUSED)

<P><STRONG><a name="[128]"></a>RCC_PLLConfig</STRONG> (Thumb, 24 bytes, Stack size 0 bytes, stm32f10x_rcc.o(.text), UNUSED)

<P><STRONG><a name="[129]"></a>RCC_PLLCmd</STRONG> (Thumb, 6 bytes, Stack size 0 bytes, stm32f10x_rcc.o(.text), UNUSED)

<P><STRONG><a name="[12a]"></a>RCC_SYSCLKConfig</STRONG> (Thumb, 18 bytes, Stack size 0 bytes, stm32f10x_rcc.o(.text), UNUSED)

<P><STRONG><a name="[12b]"></a>RCC_GetSYSCLKSource</STRONG> (Thumb, 10 bytes, Stack size 0 bytes, stm32f10x_rcc.o(.text), UNUSED)

<P><STRONG><a name="[12c]"></a>RCC_HCLKConfig</STRONG> (Thumb, 18 bytes, Stack size 0 bytes, stm32f10x_rcc.o(.text), UNUSED)

<P><STRONG><a name="[12d]"></a>RCC_PCLK1Config</STRONG> (Thumb, 18 bytes, Stack size 0 bytes, stm32f10x_rcc.o(.text), UNUSED)

<P><STRONG><a name="[12e]"></a>RCC_PCLK2Config</STRONG> (Thumb, 20 bytes, Stack size 0 bytes, stm32f10x_rcc.o(.text), UNUSED)

<P><STRONG><a name="[12f]"></a>RCC_ITConfig</STRONG> (Thumb, 26 bytes, Stack size 0 bytes, stm32f10x_rcc.o(.text), UNUSED)

<P><STRONG><a name="[130]"></a>RCC_USBCLKConfig</STRONG> (Thumb, 8 bytes, Stack size 0 bytes, stm32f10x_rcc.o(.text), UNUSED)

<P><STRONG><a name="[131]"></a>RCC_ADCCLKConfig</STRONG> (Thumb, 18 bytes, Stack size 0 bytes, stm32f10x_rcc.o(.text), UNUSED)

<P><STRONG><a name="[132]"></a>RCC_LSEConfig</STRONG> (Thumb, 50 bytes, Stack size 0 bytes, stm32f10x_rcc.o(.text), UNUSED)

<P><STRONG><a name="[133]"></a>RCC_LSICmd</STRONG> (Thumb, 6 bytes, Stack size 0 bytes, stm32f10x_rcc.o(.text), UNUSED)

<P><STRONG><a name="[134]"></a>RCC_RTCCLKConfig</STRONG> (Thumb, 12 bytes, Stack size 0 bytes, stm32f10x_rcc.o(.text), UNUSED)

<P><STRONG><a name="[135]"></a>RCC_RTCCLKCmd</STRONG> (Thumb, 8 bytes, Stack size 0 bytes, stm32f10x_rcc.o(.text), UNUSED)

<P><STRONG><a name="[d5]"></a>RCC_GetClocksFreq</STRONG> (Thumb, 192 bytes, Stack size 12 bytes, stm32f10x_rcc.o(.text))
<BR><BR>[Stack]<UL><LI>Max Depth = 12<LI>Call Chain = RCC_GetClocksFreq
</UL>
<BR>[Called By]<UL><LI><a href="#[bd]">&gt;&gt;</a>&nbsp;&nbsp;&nbsp;USART_Init
</UL>

<P><STRONG><a name="[136]"></a>RCC_AHBPeriphClockCmd</STRONG> (Thumb, 26 bytes, Stack size 0 bytes, stm32f10x_rcc.o(.text), UNUSED)

<P><STRONG><a name="[ba]"></a>RCC_APB2PeriphClockCmd</STRONG> (Thumb, 26 bytes, Stack size 0 bytes, stm32f10x_rcc.o(.text))
<BR><BR>[Called By]<UL><LI><a href="#[99]">&gt;&gt;</a>&nbsp;&nbsp;&nbsp;uart_init
<LI><a href="#[58]">&gt;&gt;</a>&nbsp;&nbsp;&nbsp;GPIO_begin
<LI><a href="#[c2]">&gt;&gt;</a>&nbsp;&nbsp;&nbsp;EXTIX_Init
<LI><a href="#[b9]">&gt;&gt;</a>&nbsp;&nbsp;&nbsp;GPIO_Config
</UL>

<P><STRONG><a name="[c8]"></a>RCC_APB1PeriphClockCmd</STRONG> (Thumb, 26 bytes, Stack size 0 bytes, stm32f10x_rcc.o(.text), UNUSED)
<BR><BR>[Called By]<UL><LI><a href="#[c7]">&gt;&gt;</a>&nbsp;&nbsp;&nbsp;TIM3_Int_Init
</UL>

<P><STRONG><a name="[cf]"></a>RCC_APB2PeriphResetCmd</STRONG> (Thumb, 26 bytes, Stack size 0 bytes, stm32f10x_rcc.o(.text), UNUSED)
<BR><BR>[Called By]<UL><LI><a href="#[d6]">&gt;&gt;</a>&nbsp;&nbsp;&nbsp;TIM_DeInit
<LI><a href="#[d3]">&gt;&gt;</a>&nbsp;&nbsp;&nbsp;USART_DeInit
<LI><a href="#[d0]">&gt;&gt;</a>&nbsp;&nbsp;&nbsp;GPIO_AFIODeInit
<LI><a href="#[ce]">&gt;&gt;</a>&nbsp;&nbsp;&nbsp;GPIO_DeInit
</UL>

<P><STRONG><a name="[d4]"></a>RCC_APB1PeriphResetCmd</STRONG> (Thumb, 26 bytes, Stack size 0 bytes, stm32f10x_rcc.o(.text), UNUSED)
<BR><BR>[Called By]<UL><LI><a href="#[d6]">&gt;&gt;</a>&nbsp;&nbsp;&nbsp;TIM_DeInit
<LI><a href="#[d3]">&gt;&gt;</a>&nbsp;&nbsp;&nbsp;USART_DeInit
</UL>

<P><STRONG><a name="[137]"></a>RCC_BackupResetCmd</STRONG> (Thumb, 8 bytes, Stack size 0 bytes, stm32f10x_rcc.o(.text), UNUSED)

<P><STRONG><a name="[138]"></a>RCC_ClockSecuritySystemCmd</STRONG> (Thumb, 6 bytes, Stack size 0 bytes, stm32f10x_rcc.o(.text), UNUSED)

<P><STRONG><a name="[139]"></a>RCC_MCOConfig</STRONG> (Thumb, 6 bytes, Stack size 0 bytes, stm32f10x_rcc.o(.text), UNUSED)

<P><STRONG><a name="[13a]"></a>RCC_ClearFlag</STRONG> (Thumb, 14 bytes, Stack size 0 bytes, stm32f10x_rcc.o(.text), UNUSED)

<P><STRONG><a name="[13b]"></a>RCC_GetITStatus</STRONG> (Thumb, 20 bytes, Stack size 0 bytes, stm32f10x_rcc.o(.text), UNUSED)

<P><STRONG><a name="[13c]"></a>RCC_ClearITPendingBit</STRONG> (Thumb, 6 bytes, Stack size 0 bytes, stm32f10x_rcc.o(.text), UNUSED)

<P><STRONG><a name="[13d]"></a>EXTI_DeInit</STRONG> (Thumb, 28 bytes, Stack size 0 bytes, stm32f10x_exti.o(.text), UNUSED)

<P><STRONG><a name="[c4]"></a>EXTI_Init</STRONG> (Thumb, 142 bytes, Stack size 0 bytes, stm32f10x_exti.o(.text), UNUSED)
<BR><BR>[Called By]<UL><LI><a href="#[c2]">&gt;&gt;</a>&nbsp;&nbsp;&nbsp;EXTIX_Init
</UL>

<P><STRONG><a name="[13e]"></a>EXTI_StructInit</STRONG> (Thumb, 16 bytes, Stack size 0 bytes, stm32f10x_exti.o(.text), UNUSED)

<P><STRONG><a name="[13f]"></a>EXTI_GenerateSWInterrupt</STRONG> (Thumb, 16 bytes, Stack size 0 bytes, stm32f10x_exti.o(.text), UNUSED)

<P><STRONG><a name="[140]"></a>EXTI_GetFlagStatus</STRONG> (Thumb, 22 bytes, Stack size 0 bytes, stm32f10x_exti.o(.text), UNUSED)

<P><STRONG><a name="[141]"></a>EXTI_ClearFlag</STRONG> (Thumb, 8 bytes, Stack size 0 bytes, stm32f10x_exti.o(.text), UNUSED)

<P><STRONG><a name="[c5]"></a>EXTI_GetITStatus</STRONG> (Thumb, 34 bytes, Stack size 0 bytes, stm32f10x_exti.o(.text))
<BR><BR>[Called By]<UL><LI><a href="#[21]">&gt;&gt;</a>&nbsp;&nbsp;&nbsp;EXTI9_5_IRQHandler
<LI><a href="#[13]">&gt;&gt;</a>&nbsp;&nbsp;&nbsp;EXTI3_IRQHandler
</UL>

<P><STRONG><a name="[c6]"></a>EXTI_ClearITPendingBit</STRONG> (Thumb, 8 bytes, Stack size 0 bytes, stm32f10x_exti.o(.text))
<BR><BR>[Called By]<UL><LI><a href="#[21]">&gt;&gt;</a>&nbsp;&nbsp;&nbsp;EXTI9_5_IRQHandler
<LI><a href="#[13]">&gt;&gt;</a>&nbsp;&nbsp;&nbsp;EXTI3_IRQHandler
</UL>

<P><STRONG><a name="[d3]"></a>USART_DeInit</STRONG> (Thumb, 134 bytes, Stack size 8 bytes, stm32f10x_usart.o(.text), UNUSED)
<BR><BR>[Calls]<UL><LI><a href="#[d4]">&gt;&gt;</a>&nbsp;&nbsp;&nbsp;RCC_APB1PeriphResetCmd
<LI><a href="#[cf]">&gt;&gt;</a>&nbsp;&nbsp;&nbsp;RCC_APB2PeriphResetCmd
</UL>

<P><STRONG><a name="[bd]"></a>USART_Init</STRONG> (Thumb, 210 bytes, Stack size 56 bytes, stm32f10x_usart.o(.text))
<BR><BR>[Stack]<UL><LI>Max Depth = 68<LI>Call Chain = USART_Init &rArr; RCC_GetClocksFreq
</UL>
<BR>[Calls]<UL><LI><a href="#[d5]">&gt;&gt;</a>&nbsp;&nbsp;&nbsp;RCC_GetClocksFreq
</UL>
<BR>[Called By]<UL><LI><a href="#[99]">&gt;&gt;</a>&nbsp;&nbsp;&nbsp;uart_init
</UL>

<P><STRONG><a name="[142]"></a>USART_StructInit</STRONG> (Thumb, 24 bytes, Stack size 0 bytes, stm32f10x_usart.o(.text), UNUSED)

<P><STRONG><a name="[143]"></a>USART_ClockInit</STRONG> (Thumb, 34 bytes, Stack size 8 bytes, stm32f10x_usart.o(.text), UNUSED)

<P><STRONG><a name="[144]"></a>USART_ClockStructInit</STRONG> (Thumb, 12 bytes, Stack size 0 bytes, stm32f10x_usart.o(.text), UNUSED)

<P><STRONG><a name="[bf]"></a>USART_Cmd</STRONG> (Thumb, 24 bytes, Stack size 0 bytes, stm32f10x_usart.o(.text))
<BR><BR>[Called By]<UL><LI><a href="#[99]">&gt;&gt;</a>&nbsp;&nbsp;&nbsp;uart_init
</UL>

<P><STRONG><a name="[be]"></a>USART_ITConfig</STRONG> (Thumb, 74 bytes, Stack size 20 bytes, stm32f10x_usart.o(.text))
<BR><BR>[Stack]<UL><LI>Max Depth = 20<LI>Call Chain = USART_ITConfig
</UL>
<BR>[Called By]<UL><LI><a href="#[99]">&gt;&gt;</a>&nbsp;&nbsp;&nbsp;uart_init
</UL>

<P><STRONG><a name="[145]"></a>USART_DMACmd</STRONG> (Thumb, 18 bytes, Stack size 0 bytes, stm32f10x_usart.o(.text), UNUSED)

<P><STRONG><a name="[146]"></a>USART_SetAddress</STRONG> (Thumb, 18 bytes, Stack size 0 bytes, stm32f10x_usart.o(.text), UNUSED)

<P><STRONG><a name="[147]"></a>USART_WakeUpConfig</STRONG> (Thumb, 18 bytes, Stack size 0 bytes, stm32f10x_usart.o(.text), UNUSED)

<P><STRONG><a name="[148]"></a>USART_ReceiverWakeUpCmd</STRONG> (Thumb, 24 bytes, Stack size 0 bytes, stm32f10x_usart.o(.text), UNUSED)

<P><STRONG><a name="[149]"></a>USART_LINBreakDetectLengthConfig</STRONG> (Thumb, 18 bytes, Stack size 0 bytes, stm32f10x_usart.o(.text), UNUSED)

<P><STRONG><a name="[14a]"></a>USART_LINCmd</STRONG> (Thumb, 24 bytes, Stack size 0 bytes, stm32f10x_usart.o(.text), UNUSED)

<P><STRONG><a name="[14b]"></a>USART_SendData</STRONG> (Thumb, 8 bytes, Stack size 0 bytes, stm32f10x_usart.o(.text), UNUSED)

<P><STRONG><a name="[c1]"></a>USART_ReceiveData</STRONG> (Thumb, 10 bytes, Stack size 0 bytes, stm32f10x_usart.o(.text))
<BR><BR>[Called By]<UL><LI><a href="#[2f]">&gt;&gt;</a>&nbsp;&nbsp;&nbsp;USART1_IRQHandler
</UL>

<P><STRONG><a name="[14c]"></a>USART_SendBreak</STRONG> (Thumb, 10 bytes, Stack size 0 bytes, stm32f10x_usart.o(.text), UNUSED)

<P><STRONG><a name="[14d]"></a>USART_SetGuardTime</STRONG> (Thumb, 16 bytes, Stack size 0 bytes, stm32f10x_usart.o(.text), UNUSED)

<P><STRONG><a name="[14e]"></a>USART_SetPrescaler</STRONG> (Thumb, 16 bytes, Stack size 0 bytes, stm32f10x_usart.o(.text), UNUSED)

<P><STRONG><a name="[14f]"></a>USART_SmartCardCmd</STRONG> (Thumb, 24 bytes, Stack size 0 bytes, stm32f10x_usart.o(.text), UNUSED)

<P><STRONG><a name="[150]"></a>USART_SmartCardNACKCmd</STRONG> (Thumb, 24 bytes, Stack size 0 bytes, stm32f10x_usart.o(.text), UNUSED)

<P><STRONG><a name="[151]"></a>USART_HalfDuplexCmd</STRONG> (Thumb, 24 bytes, Stack size 0 bytes, stm32f10x_usart.o(.text), UNUSED)

<P><STRONG><a name="[152]"></a>USART_OverSampling8Cmd</STRONG> (Thumb, 22 bytes, Stack size 0 bytes, stm32f10x_usart.o(.text), UNUSED)

<P><STRONG><a name="[153]"></a>USART_OneBitMethodCmd</STRONG> (Thumb, 24 bytes, Stack size 0 bytes, stm32f10x_usart.o(.text), UNUSED)

<P><STRONG><a name="[154]"></a>USART_IrDAConfig</STRONG> (Thumb, 18 bytes, Stack size 0 bytes, stm32f10x_usart.o(.text), UNUSED)

<P><STRONG><a name="[155]"></a>USART_IrDACmd</STRONG> (Thumb, 24 bytes, Stack size 0 bytes, stm32f10x_usart.o(.text), UNUSED)

<P><STRONG><a name="[156]"></a>USART_GetFlagStatus</STRONG> (Thumb, 26 bytes, Stack size 0 bytes, stm32f10x_usart.o(.text), UNUSED)

<P><STRONG><a name="[157]"></a>USART_ClearFlag</STRONG> (Thumb, 18 bytes, Stack size 0 bytes, stm32f10x_usart.o(.text), UNUSED)

<P><STRONG><a name="[c0]"></a>USART_GetITStatus</STRONG> (Thumb, 84 bytes, Stack size 16 bytes, stm32f10x_usart.o(.text))
<BR><BR>[Stack]<UL><LI>Max Depth = 16<LI>Call Chain = USART_GetITStatus
</UL>
<BR>[Called By]<UL><LI><a href="#[2f]">&gt;&gt;</a>&nbsp;&nbsp;&nbsp;USART1_IRQHandler
</UL>

<P><STRONG><a name="[158]"></a>USART_ClearITPendingBit</STRONG> (Thumb, 52 bytes, Stack size 8 bytes, stm32f10x_usart.o(.text), UNUSED)

<P><STRONG><a name="[d6]"></a>TIM_DeInit</STRONG> (Thumb, 424 bytes, Stack size 8 bytes, stm32f10x_tim.o(.text), UNUSED)
<BR><BR>[Calls]<UL><LI><a href="#[d4]">&gt;&gt;</a>&nbsp;&nbsp;&nbsp;RCC_APB1PeriphResetCmd
<LI><a href="#[cf]">&gt;&gt;</a>&nbsp;&nbsp;&nbsp;RCC_APB2PeriphResetCmd
</UL>

<P><STRONG><a name="[c9]"></a>TIM_TimeBaseInit</STRONG> (Thumb, 122 bytes, Stack size 0 bytes, stm32f10x_tim.o(.text), UNUSED)
<BR><BR>[Called By]<UL><LI><a href="#[c7]">&gt;&gt;</a>&nbsp;&nbsp;&nbsp;TIM3_Int_Init
</UL>

<P><STRONG><a name="[159]"></a>TIM_OC1Init</STRONG> (Thumb, 132 bytes, Stack size 16 bytes, stm32f10x_tim.o(.text), UNUSED)

<P><STRONG><a name="[15a]"></a>TIM_OC2Init</STRONG> (Thumb, 154 bytes, Stack size 16 bytes, stm32f10x_tim.o(.text), UNUSED)

<P><STRONG><a name="[15b]"></a>TIM_OC3Init</STRONG> (Thumb, 150 bytes, Stack size 16 bytes, stm32f10x_tim.o(.text), UNUSED)

<P><STRONG><a name="[15c]"></a>TIM_OC4Init</STRONG> (Thumb, 182 bytes, Stack size 16 bytes, stm32f10x_tim.o(.text), UNUSED)

<P><STRONG><a name="[df]"></a>TIM_SetIC4Prescaler</STRONG> (Thumb, 26 bytes, Stack size 0 bytes, stm32f10x_tim.o(.text), UNUSED)
<BR><BR>[Called By]<UL><LI><a href="#[d7]">&gt;&gt;</a>&nbsp;&nbsp;&nbsp;TIM_ICInit
</UL>

<P><STRONG><a name="[dd]"></a>TIM_SetIC3Prescaler</STRONG> (Thumb, 18 bytes, Stack size 0 bytes, stm32f10x_tim.o(.text), UNUSED)
<BR><BR>[Called By]<UL><LI><a href="#[d7]">&gt;&gt;</a>&nbsp;&nbsp;&nbsp;TIM_ICInit
</UL>

<P><STRONG><a name="[db]"></a>TIM_SetIC2Prescaler</STRONG> (Thumb, 26 bytes, Stack size 0 bytes, stm32f10x_tim.o(.text), UNUSED)
<BR><BR>[Called By]<UL><LI><a href="#[e0]">&gt;&gt;</a>&nbsp;&nbsp;&nbsp;TIM_PWMIConfig
<LI><a href="#[d7]">&gt;&gt;</a>&nbsp;&nbsp;&nbsp;TIM_ICInit
</UL>

<P><STRONG><a name="[d9]"></a>TIM_SetIC1Prescaler</STRONG> (Thumb, 18 bytes, Stack size 0 bytes, stm32f10x_tim.o(.text), UNUSED)
<BR><BR>[Called By]<UL><LI><a href="#[e0]">&gt;&gt;</a>&nbsp;&nbsp;&nbsp;TIM_PWMIConfig
<LI><a href="#[d7]">&gt;&gt;</a>&nbsp;&nbsp;&nbsp;TIM_ICInit
</UL>

<P><STRONG><a name="[d7]"></a>TIM_ICInit</STRONG> (Thumb, 150 bytes, Stack size 16 bytes, stm32f10x_tim.o(.text), UNUSED)
<BR><BR>[Calls]<UL><LI><a href="#[d9]">&gt;&gt;</a>&nbsp;&nbsp;&nbsp;TIM_SetIC1Prescaler
<LI><a href="#[db]">&gt;&gt;</a>&nbsp;&nbsp;&nbsp;TIM_SetIC2Prescaler
<LI><a href="#[dd]">&gt;&gt;</a>&nbsp;&nbsp;&nbsp;TIM_SetIC3Prescaler
<LI><a href="#[df]">&gt;&gt;</a>&nbsp;&nbsp;&nbsp;TIM_SetIC4Prescaler
<LI><a href="#[d8]">&gt;&gt;</a>&nbsp;&nbsp;&nbsp;TI1_Config
<LI><a href="#[da]">&gt;&gt;</a>&nbsp;&nbsp;&nbsp;TI2_Config
<LI><a href="#[dc]">&gt;&gt;</a>&nbsp;&nbsp;&nbsp;TI3_Config
<LI><a href="#[de]">&gt;&gt;</a>&nbsp;&nbsp;&nbsp;TI4_Config
</UL>

<P><STRONG><a name="[e0]"></a>TIM_PWMIConfig</STRONG> (Thumb, 124 bytes, Stack size 24 bytes, stm32f10x_tim.o(.text), UNUSED)
<BR><BR>[Calls]<UL><LI><a href="#[d9]">&gt;&gt;</a>&nbsp;&nbsp;&nbsp;TIM_SetIC1Prescaler
<LI><a href="#[db]">&gt;&gt;</a>&nbsp;&nbsp;&nbsp;TIM_SetIC2Prescaler
<LI><a href="#[d8]">&gt;&gt;</a>&nbsp;&nbsp;&nbsp;TI1_Config
<LI><a href="#[da]">&gt;&gt;</a>&nbsp;&nbsp;&nbsp;TI2_Config
</UL>

<P><STRONG><a name="[15d]"></a>TIM_BDTRConfig</STRONG> (Thumb, 32 bytes, Stack size 0 bytes, stm32f10x_tim.o(.text), UNUSED)

<P><STRONG><a name="[15e]"></a>TIM_TimeBaseStructInit</STRONG> (Thumb, 18 bytes, Stack size 0 bytes, stm32f10x_tim.o(.text), UNUSED)

<P><STRONG><a name="[15f]"></a>TIM_OCStructInit</STRONG> (Thumb, 20 bytes, Stack size 0 bytes, stm32f10x_tim.o(.text), UNUSED)

<P><STRONG><a name="[160]"></a>TIM_ICStructInit</STRONG> (Thumb, 18 bytes, Stack size 0 bytes, stm32f10x_tim.o(.text), UNUSED)

<P><STRONG><a name="[161]"></a>TIM_BDTRStructInit</STRONG> (Thumb, 40 bytes, Stack size 0 bytes, stm32f10x_tim.o(.text), UNUSED)

<P><STRONG><a name="[cb]"></a>TIM_Cmd</STRONG> (Thumb, 24 bytes, Stack size 0 bytes, stm32f10x_tim.o(.text), UNUSED)
<BR><BR>[Called By]<UL><LI><a href="#[c7]">&gt;&gt;</a>&nbsp;&nbsp;&nbsp;TIM3_Int_Init
</UL>

<P><STRONG><a name="[162]"></a>TIM_CtrlPWMOutputs</STRONG> (Thumb, 30 bytes, Stack size 0 bytes, stm32f10x_tim.o(.text), UNUSED)

<P><STRONG><a name="[ca]"></a>TIM_ITConfig</STRONG> (Thumb, 18 bytes, Stack size 0 bytes, stm32f10x_tim.o(.text), UNUSED)
<BR><BR>[Called By]<UL><LI><a href="#[c7]">&gt;&gt;</a>&nbsp;&nbsp;&nbsp;TIM3_Int_Init
</UL>

<P><STRONG><a name="[163]"></a>TIM_GenerateEvent</STRONG> (Thumb, 4 bytes, Stack size 0 bytes, stm32f10x_tim.o(.text), UNUSED)

<P><STRONG><a name="[164]"></a>TIM_DMAConfig</STRONG> (Thumb, 10 bytes, Stack size 0 bytes, stm32f10x_tim.o(.text), UNUSED)

<P><STRONG><a name="[165]"></a>TIM_DMACmd</STRONG> (Thumb, 18 bytes, Stack size 0 bytes, stm32f10x_tim.o(.text), UNUSED)

<P><STRONG><a name="[166]"></a>TIM_InternalClockConfig</STRONG> (Thumb, 12 bytes, Stack size 0 bytes, stm32f10x_tim.o(.text), UNUSED)

<P><STRONG><a name="[e2]"></a>TIM_SelectInputTrigger</STRONG> (Thumb, 18 bytes, Stack size 0 bytes, stm32f10x_tim.o(.text), UNUSED)
<BR><BR>[Called By]<UL><LI><a href="#[e3]">&gt;&gt;</a>&nbsp;&nbsp;&nbsp;TIM_TIxExternalClockConfig
<LI><a href="#[e1]">&gt;&gt;</a>&nbsp;&nbsp;&nbsp;TIM_ITRxExternalClockConfig
</UL>

<P><STRONG><a name="[e1]"></a>TIM_ITRxExternalClockConfig</STRONG> (Thumb, 24 bytes, Stack size 12 bytes, stm32f10x_tim.o(.text), UNUSED)
<BR><BR>[Calls]<UL><LI><a href="#[e2]">&gt;&gt;</a>&nbsp;&nbsp;&nbsp;TIM_SelectInputTrigger
</UL>

<P><STRONG><a name="[e3]"></a>TIM_TIxExternalClockConfig</STRONG> (Thumb, 62 bytes, Stack size 24 bytes, stm32f10x_tim.o(.text), UNUSED)
<BR><BR>[Calls]<UL><LI><a href="#[e2]">&gt;&gt;</a>&nbsp;&nbsp;&nbsp;TIM_SelectInputTrigger
<LI><a href="#[d8]">&gt;&gt;</a>&nbsp;&nbsp;&nbsp;TI1_Config
<LI><a href="#[da]">&gt;&gt;</a>&nbsp;&nbsp;&nbsp;TI2_Config
</UL>

<P><STRONG><a name="[e5]"></a>TIM_ETRConfig</STRONG> (Thumb, 28 bytes, Stack size 12 bytes, stm32f10x_tim.o(.text), UNUSED)
<BR><BR>[Called By]<UL><LI><a href="#[e6]">&gt;&gt;</a>&nbsp;&nbsp;&nbsp;TIM_ETRClockMode2Config
[...]
</UL>
<BR>[Called By]<UL><LI><a href="#[56]">&gt;&gt;</a>&nbsp;&nbsp;&nbsp;_main_cpp_init$empty
</UL>

<P><STRONG><a name="[eb]"></a>__aeabi_fadd</STRONG> (Thumb, 164 bytes, Stack size 16 bytes, fadd.o(.text), UNUSED)
<BR><BR>[Calls]<UL><LI><a href="#[ed]">&gt;&gt;</a>&nbsp;&nbsp;&nbsp;_float_round
<LI><a href="#[ec]">&gt;&gt;</a>&nbsp;&nbsp;&nbsp;_float_epilogue
</UL>
<BR>[Called By]<UL><LI><a href="#[a6]">&gt;&gt;</a>&nbsp;&nbsp;&nbsp;L3G::vector_dot&lang;float, float&rang;(const L3G::vector&lang;T1&rang;*, const L3G::vector&lang;T2&rang;*)
<LI><a href="#[ef]">&gt;&gt;</a>&nbsp;&nbsp;&nbsp;__aeabi_frsub
<LI><a href="#[ee]">&gt;&gt;</a>&nbsp;&nbsp;&nbsp;__aeabi_fsub
</UL>

<P><STRONG><a name="[ee]"></a>__aeabi_fsub</STRONG> (Thumb, 6 bytes, Stack size 0 bytes, fadd.o(.text), UNUSED)
<BR><BR>[Calls]<UL><LI><a href="#[eb]">&gt;&gt;</a>&nbsp;&nbsp;&nbsp;__aeabi_fadd
</UL>

<P><STRONG><a name="[ef]"></a>__aeabi_frsub</STRONG> (Thumb, 6 bytes, Stack size 0 bytes, fadd.o(.text), UNUSED)
<BR><BR>[Calls]<UL><LI><a href="#[eb]">&gt;&gt;</a>&nbsp;&nbsp;&nbsp;__aeabi_fadd
</UL>

<P><STRONG><a name="[104]"></a>__aeabi_fmul</STRONG> (Thumb, 100 bytes, Stack size 8 bytes, fmul.o(.text), UNUSED)
<BR><BR>[Called By]<UL><LI><a href="#[a6]">&gt;&gt;</a>&nbsp;&nbsp;&nbsp;L3G::vector_dot&lang;float, float&rang;(const L3G::vector&lang;T1&rang;*, const L3G::vector&lang;T2&rang;*)
</UL>

<P><STRONG><a name="[a8]"></a>__aeabi_fdiv</STRONG> (Thumb, 124 bytes, Stack size 8 bytes, fdiv.o(.text), UNUSED)
<BR><BR>[Calls]<UL><LI><a href="#[ed]">&gt;&gt;</a>&nbsp;&nbsp;&nbsp;_float_round
</UL>
<BR>[Called By]<UL><LI><a href="#[a5]">&gt;&gt;</a>&nbsp;&nbsp;&nbsp;L3G::vector_normalize(L3G::vector&lang;float&rang;*)
</UL>

<P><STRONG><a name="[65]"></a>__aeabi_dadd</STRONG> (Thumb, 322 bytes, Stack size 48 bytes, dadd.o(.text), UNUSED)
<BR><BR>[Calls]<UL><LI><a href="#[f0]">&gt;&gt;</a>&nbsp;&nbsp;&nbsp;__aeabi_lasr
<LI><a href="#[ea]">&gt;&gt;</a>&nbsp;&nbsp;&nbsp;__aeabi_llsl
<LI><a href="#[f2]">&gt;&gt;</a>&nbsp;&nbsp;&nbsp;_double_round
<LI><a href="#[f1]">&gt;&gt;</a>&nbsp;&nbsp;&nbsp;_double_epilogue
</UL>
<BR>[Called By]<UL><LI><a href="#[85]">&gt;&gt;</a>&nbsp;&nbsp;&nbsp;__aeabi_drsub
<LI><a href="#[81]">&gt;&gt;</a>&nbsp;&nbsp;&nbsp;Print::printFloat(double, unsigned char)
<LI><a href="#[62]">&gt;&gt;</a>&nbsp;&nbsp;&nbsp;__aeabi_dsub
<LI><a href="#[61]">&gt;&gt;</a>&nbsp;&nbsp;&nbsp;fmap
<LI><a href="#[fe]">&gt;&gt;</a>&nbsp;&nbsp;&nbsp;_fp_digits
</UL>

<P><STRONG><a name="[62]"></a>__aeabi_dsub</STRONG> (Thumb, 6 bytes, Stack size 0 bytes, dadd.o(.text), UNUSED)
<BR><BR>[Calls]<UL><LI><a href="#[65]">&gt;&gt;</a>&nbsp;&nbsp;&nbsp;__aeabi_dadd
</UL>
<BR>[Called By]<UL><LI><a href="#[61]">&gt;&gt;</a>&nbsp;&nbsp;&nbsp;fmap
</UL>

<P><STRONG><a name="[85]"></a>__aeabi_drsub</STRONG> (Thumb, 6 bytes, Stack size 0 bytes, dadd.o(.text), UNUSED)
<BR><BR>[Calls]<UL><LI><a href="#[65]">&gt;&gt;</a>&nbsp;&nbsp;&nbsp;__aeabi_dadd
</UL>
<BR>[Called By]<UL><LI><a href="#[81]">&gt;&gt;</a>&nbsp;&nbsp;&nbsp;Print::printFloat(double, unsigned char)
</UL>

<P><STRONG><a name="[63]"></a>__aeabi_dmul</STRONG> (Thumb, 228 bytes, Stack size 48 bytes, dmul.o(.text), UNUSED)
<BR><BR>[Calls]<UL><LI><a href="#[f1]">&gt;&gt;</a>&nbsp;&nbsp;&nbsp;_double_epilogue
</UL>
<BR>[Called By]<UL><LI><a href="#[81]">&gt;&gt;</a>&nbsp;&nbsp;&nbsp;Print::printFloat(double, unsigned char)
<LI><a href="#[61]">&gt;&gt;</a>&nbsp;&nbsp;&nbsp;fmap
<LI><a href="#[fe]">&gt;&gt;</a>&nbsp;&nbsp;&nbsp;_fp_digits
</UL>

<P><STRONG><a name="[64]"></a>__aeabi_ddiv</STRONG> (Thumb, 222 bytes, Stack size 32 bytes, ddiv.o(.text), UNUSED)
<BR><BR>[Calls]<UL><LI><a href="#[f2]">&gt;&gt;</a>&nbsp;&nbsp;&nbsp;_double_round
</UL>
<BR>[Called By]<UL><LI><a href="#[81]">&gt;&gt;</a>&nbsp;&nbsp;&nbsp;Print::printFloat(double, unsigned char)
<LI><a href="#[61]">&gt;&gt;</a>&nbsp;&nbsp;&nbsp;fmap
<LI><a href="#[fe]">&gt;&gt;</a>&nbsp;&nbsp;&nbsp;_fp_digits
</UL>

<P><STRONG><a name="[87]"></a>__aeabi_i2d</STRONG> (Thumb, 34 bytes, Stack size 16 bytes, dflti.o(.text), UNUSED)
<BR><BR>[Calls]<UL><LI><a href="#[f1]">&gt;&gt;</a>&nbsp;&nbsp;&nbsp;_double_epilogue
</UL>
<BR>[Called By]<UL><LI><a href="#[81]">&gt;&gt;</a>&nbsp;&nbsp;&nbsp;Print::printFloat(double, unsigned char)
</UL>

<P><STRONG><a name="[84]"></a>__aeabi_l2d</STRONG> (Thumb, 40 bytes, Stack size 24 bytes, dfltl.o(.text), UNUSED)
<BR><BR>[Calls]<UL><LI><a href="#[f1]">&gt;&gt;</a>&nbsp;&nbsp;&nbsp;_double_epilogue
</UL>
<BR>[Called By]<UL><LI><a href="#[81]">&gt;&gt;</a>&nbsp;&nbsp;&nbsp;Print::printFloat(double, unsigned char)
</UL>

<P><STRONG><a name="[86]"></a>__aeabi_d2iz</STRONG> (Thumb, 62 bytes, Stack size 16 bytes, dfixi.o(.text), UNUSED)
<BR><BR>[Calls]<UL><LI><a href="#[e9]">&gt;&gt;</a>&nbsp;&nbsp;&nbsp;__aeabi_llsr
</UL>
<BR>[Called By]<UL><LI><a href="#[81]">&gt;&gt;</a>&nbsp;&nbsp;&nbsp;Print::printFloat(double, unsigned char)
</UL>

<P><STRONG><a name="[83]"></a>__aeabi_d2lz</STRONG> (Thumb, 74 bytes, Stack size 16 bytes, dfixl.o(.text), UNUSED)
<BR><BR>[Calls]<UL><LI><a href="#[e9]">&gt;&gt;</a>&nbsp;&nbsp;&nbsp;__aeabi_llsr
<LI><a href="#[ea]">&gt;&gt;</a>&nbsp;&nbsp;&nbsp;__aeabi_llsl
</UL>
<BR>[Called By]<UL><LI><a href="#[81]">&gt;&gt;</a>&nbsp;&nbsp;&nbsp;Print::printFloat(double, unsigned char)
</UL>

<P><STRONG><a name="[1a4]"></a>__aeabi_cdcmpeq</STRONG> (Thumb, 0 bytes, Stack size 0 bytes, cdcmple.o(.text), UNUSED)

<P><STRONG><a name="[67]"></a>__aeabi_cdcmple</STRONG> (Thumb, 38 bytes, Stack size 0 bytes, cdcmple.o(.text), UNUSED)
<BR><BR>[Called By]<UL><LI><a href="#[81]">&gt;&gt;</a>&nbsp;&nbsp;&nbsp;Print::printFloat(double, unsigned char)
<LI><a href="#[66]">&gt;&gt;</a>&nbsp;&nbsp;&nbsp;fLimit
</UL>

<P><STRONG><a name="[68]"></a>__aeabi_cdrcmple</STRONG> (Thumb, 38 bytes, Stack size 0 bytes, cdrcmple.o(.text), UNUSED)
<BR><BR>[Called By]<UL><LI><a href="#[81]">&gt;&gt;</a>&nbsp;&nbsp;&nbsp;Print::printFloat(double, unsigned char)
<LI><a href="#[66]">&gt;&gt;</a>&nbsp;&nbsp;&nbsp;fLimit
<LI><a href="#[fe]">&gt;&gt;</a>&nbsp;&nbsp;&nbsp;_fp_digits
</UL>

<P><STRONG><a name="[1a5]"></a>__aeabi_uidiv</STRONG> (Thumb, 0 bytes, Stack size 12 bytes, uidiv.o(.text), UNUSED)

<P><STRONG><a name="[101]"></a>__aeabi_uidivmod</STRONG> (Thumb, 44 bytes, Stack size 12 bytes, uidiv.o(.text), UNUSED)
<BR><BR>[Called By]<UL><LI><a href="#[f7]">&gt;&gt;</a>&nbsp;&nbsp;&nbsp;_printf_core
</UL>

<P><STRONG><a name="[ea]"></a>__aeabi_llsl</STRONG> (Thumb, 30 bytes, Stack size 0 bytes, llshl.o(.text), UNUSED)
<BR><BR>[Called By]<UL><LI><a href="#[83]">&gt;&gt;</a>&nbsp;&nbsp;&nbsp;__aeabi_d2lz
<LI><a href="#[65]">&gt;&gt;</a>&nbsp;&nbsp;&nbsp;__aeabi_dadd
<LI><a href="#[f4]">&gt;&gt;</a>&nbsp;&nbsp;&nbsp;__aeabi_d2ulz
<LI><a href="#[79]">&gt;&gt;</a>&nbsp;&nbsp;&nbsp;__aeabi_uldivmod
<LI><a href="#[f1]">&gt;&gt;</a>&nbsp;&nbsp;&nbsp;_double_epilogue
</UL>

<P><STRONG><a name="[1a6]"></a>_ll_shift_l</STRONG> (Thumb, 0 bytes, Stack size 0 bytes, llshl.o(.text), UNUSED)

<P><STRONG><a name="[e9]"></a>__aeabi_llsr</STRONG> (Thumb, 32 bytes, Stack size 0 bytes, llushr.o(.text), UNUSED)
<BR><BR>[Called By]<UL><LI><a href="#[83]">&gt;&gt;</a>&nbsp;&nbsp;&nbsp;__aeabi_d2lz
<LI><a href="#[86]">&gt;&gt;</a>&nbsp;&nbsp;&nbsp;__aeabi_d2iz
<LI><a href="#[f4]">&gt;&gt;</a>&nbsp;&nbsp;&nbsp;__aeabi_d2ulz
<LI><a href="#[79]">&gt;&gt;</a>&nbsp;&nbsp;&nbsp;__aeabi_uldivmod
<LI><a href="#[f1]">&gt;&gt;</a>&nbsp;&nbsp;&nbsp;_double_epilogue
</UL>

<P><STRONG><a name="[1a7]"></a>_ll_ushift_r</STRONG> (Thumb, 0 bytes, Stack size 0 bytes, llushr.o(.text), UNUSED)

<P><STRONG><a name="[f0]"></a>__aeabi_lasr</STRONG> (Thumb, 36 bytes, Stack size 0 bytes, llsshr.o(.text), UNUSED)
<BR><BR>[Called By]<UL><LI><a href="#[65]">&gt;&gt;</a>&nbsp;&nbsp;&nbsp;__aeabi_dadd
</UL>

<P><STRONG><a name="[1a8]"></a>_ll_sshift_r</STRONG> (Thumb, 0 bytes, Stack size 0 bytes, llsshr.o(.text), UNUSED)

<P><STRONG><a name="[1a9]"></a>__I$use$fp</STRONG> (Thumb, 0 bytes, Stack size unknown bytes, iusefp.o(.text), UNUSED)

<P><STRONG><a name="[f9]"></a>__rt_ddtor_pointer_addr</STRONG> (Thumb, 4 bytes, Stack size 0 bytes, cpp_dtor.o(.text))
<BR><BR>[Called By]<UL><LI><a href="#[74]">&gt;&gt;</a>&nbsp;&nbsp;&nbsp;__aeabi_atexit
<LI><a href="#[fa]">&gt;&gt;</a>&nbsp;&nbsp;&nbsp;__cxa_finalize
</UL>

<P><STRONG><a name="[1aa]"></a>__rt_lib_shutdown_cpp_1</STRONG> (Thumb, 2 bytes, Stack size 0 bytes, cpp_final.o(.text), UNUSED)

<P><STRONG><a name="[fc]"></a>__rt_SIGPVFN</STRONG> (Thumb, 2 bytes, Stack size 0 bytes, cpp_signal.o(.text))
<BR><BR>[Called By]<UL><LI><a href="#[4b]">&gt;&gt;</a>&nbsp;&nbsp;&nbsp;__cxa_pure_virtual
</UL>

<P><STRONG><a name="[ed]"></a>_float_round</STRONG> (Thumb, 18 bytes, Stack size 0 bytes, fepilogue.o(.text), UNUSED)
<BR><BR>[Called By]<UL><LI><a href="#[a8]">&gt;&gt;</a>&nbsp;&nbsp;&nbsp;__aeabi_fdiv
<LI><a href="#[eb]">&gt;&gt;</a>&nbsp;&nbsp;&nbsp;__aeabi_fadd
<LI><a href="#[f3]">&gt;&gt;</a>&nbsp;&nbsp;&nbsp;_fsqrt
</UL>

<P><STRONG><a name="[ec]"></a>_float_epilogue</STRONG> (Thumb, 92 bytes, Stack size 4 bytes, fepilogue.o(.text), UNUSED)
<BR><BR>[Called By]<UL><LI><a href="#[eb]">&gt;&gt;</a>&nbsp;&nbsp;&nbsp;__aeabi_fadd
</UL>

<P><STRONG><a name="[f3]"></a>_fsqrt</STRONG> (Thumb, 94 bytes, Stack size 16 bytes, fsqrt.o(.text), UNUSED)
<BR><BR>[Calls]<UL><LI><a href="#[ed]">&gt;&gt;</a>&nbsp;&nbsp;&nbsp;_float_round
</UL>
<BR>[Called By]<UL><LI><a href="#[a7]">&gt;&gt;</a>&nbsp;&nbsp;&nbsp;sqrtf
</UL>

<P><STRONG><a name="[f2]"></a>_double_round</STRONG> (Thumb, 26 bytes, Stack size 8 bytes, depilogue.o(.text), UNUSED)
<BR><BR>[Called By]<UL><LI><a href="#[64]">&gt;&gt;</a>&nbsp;&nbsp;&nbsp;__aeabi_ddiv
<LI><a href="#[65]">&gt;&gt;</a>&nbsp;&nbsp;&nbsp;__aeabi_dadd
<LI><a href="#[f1]">&gt;&gt;</a>&nbsp;&nbsp;&nbsp;_double_epilogue
</UL>

<P><STRONG><a name="[f1]"></a>_double_epilogue</STRONG> (Thumb, 156 bytes, Stack size 32 bytes, depilogue.o(.text), UNUSED)
<BR><BR>[Calls]<UL><LI><a href="#[e9]">&gt;&gt;</a>&nbsp;&nbsp;&nbsp;__aeabi_llsr
<LI><a href="#[ea]">&gt;&gt;</a>&nbsp;&nbsp;&nbsp;__aeabi_llsl
<LI><a href="#[f2]">&gt;&gt;</a>&nbsp;&nbsp;&nbsp;_double_round
</UL>
<BR>[Called By]<UL><LI><a href="#[84]">&gt;&gt;</a>&nbsp;&nbsp;&nbsp;__aeabi_l2d
<LI><a href="#[87]">&gt;&gt;</a>&nbsp;&nbsp;&nbsp;__aeabi_i2d
<LI><a href="#[63]">&gt;&gt;</a>&nbsp;&nbsp;&nbsp;__aeabi_dmul
<LI><a href="#[65]">&gt;&gt;</a>&nbsp;&nbsp;&nbsp;__aeabi_dadd
</UL>

<P><STRONG><a name="[f4]"></a>__aeabi_d2ulz</STRONG> (Thumb, 48 bytes, Stack size 0 bytes, dfixul.o(.text), UNUSED)
<BR><BR>[Calls]<UL><LI><a href="#[e9]">&gt;&gt;</a>&nbsp;&nbsp;&nbsp;__aeabi_llsr
<LI><a href="#[ea]">&gt;&gt;</a>&nbsp;&nbsp;&nbsp;__aeabi_llsl
</UL>
<BR>[Called By]<UL><LI><a href="#[fe]">&gt;&gt;</a>&nbsp;&nbsp;&nbsp;_fp_digits
</UL>

<P><STRONG><a name="[55]"></a>__scatterload</STRONG> (Thumb, 28 bytes, Stack size 0 bytes, init.o(.text))
<BR><BR>[Calls]<UL><LI><a href="#[f5]">&gt;&gt;</a>&nbsp;&nbsp;&nbsp;__main_after_scatterload
</UL>
<BR>[Called By]<UL><LI><a href="#[54]">&gt;&gt;</a>&nbsp;&nbsp;&nbsp;_main_scatterload
</UL>

<P><STRONG><a name="[1ab]"></a>__scatterload_rt2</STRONG> (Thumb, 0 bytes, Stack size 0 bytes, init.o(.text), UNUSED)

<P><STRONG><a name="[f6]"></a>__0printf</STRONG> (Thumb, 22 bytes, Stack size 24 bytes, printfa.o(i.__0printf), UNUSED)
<BR><BR>[Calls]<UL><LI><a href="#[f7]">&gt;&gt;</a>&nbsp;&nbsp;&nbsp;_printf_core
</UL>

<P><STRONG><a name="[1ac]"></a>__1printf</STRONG> (Thumb, 0 bytes, Stack size 24 bytes, printfa.o(i.__0printf), UNUSED)

<P><STRONG><a name="[70]"></a>__2printf</STRONG> (Thumb, 0 bytes, Stack size 24 bytes, printfa.o(i.__0printf))
<BR><BR>[Stack]<UL><LI>Max Depth = 24<LI>Call Chain = __2printf
</UL>
<BR>[Called By]<UL><LI><a href="#[6e]">&gt;&gt;</a>&nbsp;&nbsp;&nbsp;loop()
</UL>

<P><STRONG><a name="[1ad]"></a>__c89printf</STRONG> (Thumb, 0 bytes, Stack size 24 bytes, printfa.o(i.__0printf), UNUSED)

<P><STRONG><a name="[1ae]"></a>printf</STRONG> (Thumb, 0 bytes, Stack size 24 bytes, printfa.o(i.__0printf), UNUSED)

<P><STRONG><a name="[74]"></a>__aeabi_atexit</STRONG> (Thumb, 50 bytes, Stack size 24 bytes, aeabi_atexit.o(i.__aeabi_atexit))
<BR><BR>[Stack]<UL><LI>Max Depth = 88<LI>Call Chain = __aeabi_atexit &rArr; malloc &rArr; internal_alloc &rArr; __aeabi_memcpy
</UL>
<BR>[Calls]<UL><LI><a href="#[f9]">&gt;&gt;</a>&nbsp;&nbsp;&nbsp;__rt_ddtor_pointer_addr
<LI><a href="#[f8]">&gt;&gt;</a>&nbsp;&nbsp;&nbsp;malloc
</UL>
<BR>[Called By]<UL><LI><a href="#[52]">&gt;&gt;</a>&nbsp;&nbsp;&nbsp;__sti___8_main_cpp_Wire
</UL>

<P><STRONG><a name="[fa]"></a>__cxa_finalize</STRONG> (Thumb, 66 bytes, Stack size 24 bytes, cxa_finalize.o(i.__cxa_finalize), UNUSED)
<BR><BR>[Calls]<UL><LI><a href="#[f9]">&gt;&gt;</a>&nbsp;&nbsp;&nbsp;__rt_ddtor_pointer_addr
<LI><a href="#[fb]">&gt;&gt;</a>&nbsp;&nbsp;&nbsp;free
</UL>

<P><STRONG><a name="[4b]"></a>__cxa_pure_virtual</STRONG> (Thumb, 6 bytes, Stack size 0 bytes, pure_virt.o(i.__cxa_pure_virtual))
<BR><BR>[Calls]<UL><LI><a href="#[fc]">&gt;&gt;</a>&nbsp;&nbsp;&nbsp;__rt_SIGPVFN
</UL>
<BR>[Address Reference Count : 2]<UL><LI> wirebase.o(.constdata__ZTV8WireBase)
<LI> print.o(.constdata__ZTV5Print)
</UL>
<P><STRONG><a name="[fb]"></a>free</STRONG> (Thumb, 88 bytes, Stack size 12 bytes, mallocr.o(i.__free$realloc), UNUSED)
<BR><BR>[Called By]<UL><LI><a href="#[fa]">&gt;&gt;</a>&nbsp;&nbsp;&nbsp;__cxa_finalize
</UL>

<P><STRONG><a name="[f8]"></a>malloc</STRONG> (Thumb, 64 bytes, Stack size 32 bytes, mallocr.o(i.__malloc$realloc))
<BR><BR>[Stack]<UL><LI>Max Depth = 64<LI>Call Chain = malloc &rArr; internal_alloc &rArr; __aeabi_memcpy
</UL>
<BR>[Calls]<UL><LI><a href="#[fd]">&gt;&gt;</a>&nbsp;&nbsp;&nbsp;internal_alloc
</UL>
<BR>[Called By]<UL><LI><a href="#[74]">&gt;&gt;</a>&nbsp;&nbsp;&nbsp;__aeabi_atexit
</UL>

<P><STRONG><a name="[1af]"></a>__scatterload_copy</STRONG> (Thumb, 14 bytes, Stack size unknown bytes, handlers.o(i.__scatterload_copy), UNUSED)

<P><STRONG><a name="[1b0]"></a>__scatterload_null</STRONG> (Thumb, 2 bytes, Stack size unknown bytes, handlers.o(i.__scatterload_null), UNUSED)

<P><STRONG><a name="[1b1]"></a>__scatterload_zeroinit</STRONG> (Thumb, 14 bytes, Stack size unknown bytes, handlers.o(i.__scatterload_zeroinit), UNUSED)

<P><STRONG><a name="[103]"></a>__set_errno</STRONG> (Thumb, 6 bytes, Stack size 0 bytes, errno.o(i.__set_errno), UNUSED)
<BR><BR>[Called By]<UL><LI><a href="#[a7]">&gt;&gt;</a>&nbsp;&nbsp;&nbsp;sqrtf
</UL>

<P><STRONG><a name="[a7]"></a>sqrtf</STRONG> (Thumb, 44 bytes, Stack size 16 bytes, sqrtf.o(i.sqrtf), UNUSED)
<BR><BR>[Calls]<UL><LI><a href="#[f3]">&gt;&gt;</a>&nbsp;&nbsp;&nbsp;_fsqrt
<LI><a href="#[103]">&gt;&gt;</a>&nbsp;&nbsp;&nbsp;__set_errno
</UL>
<BR>[Called By]<UL><LI><a href="#[a5]">&gt;&gt;</a>&nbsp;&nbsp;&nbsp;L3G::vector_normalize(L3G::vector&lang;float&rang;*)
</UL>

<P><STRONG><a name="[a6]"></a>L3G::vector_dot&lang;float, float&rang;(const L3G::vector&lang;T1&rang;*, const L3G::vector&lang;T2&rang;*)</STRONG> (Thumb, 56 bytes, Stack size 32 bytes, l3g.o(t._ZN3L3G10vector_dotIffEEfPKNS_6vectorIT_EEPKNS1_IT0_EE), UNUSED)
<BR><BR>[Calls]<UL><LI><a href="#[eb]">&gt;&gt;</a>&nbsp;&nbsp;&nbsp;__aeabi_fadd
<LI><a href="#[104]">&gt;&gt;</a>&nbsp;&nbsp;&nbsp;__aeabi_fmul
</UL>
<BR>[Called By]<UL><LI><a href="#[a5]">&gt;&gt;</a>&nbsp;&nbsp;&nbsp;L3G::vector_normalize(L3G::vector&lang;float&rang;*)
</UL>
<P>
<H3>
Local Symbols
</H3>
<P><STRONG><a name="[52]"></a>__sti___8_main_cpp_Wire</STRONG> (Thumb, 38 bytes, Stack size 8 bytes, main.o(.text))
<BR><BR>[Stack]<UL><LI>Max Depth = 96<LI>Call Chain = __sti___8_main_cpp_Wire &rArr; __aeabi_atexit &rArr; malloc &rArr; internal_alloc &rArr; __aeabi_memcpy
</UL>
<BR>[Calls]<UL><LI><a href="#[73]">&gt;&gt;</a>&nbsp;&nbsp;&nbsp;TwoWire::TwoWire(int, int, unsigned char)
<LI><a href="#[75]">&gt;&gt;</a>&nbsp;&nbsp;&nbsp;Serial::Serial()
<LI><a href="#[76]">&gt;&gt;</a>&nbsp;&nbsp;&nbsp;L3G::L3G()
<LI><a href="#[74]">&gt;&gt;</a>&nbsp;&nbsp;&nbsp;__aeabi_atexit
</UL>
<BR>[Address Reference Count : 1]<UL><LI> main.o(.init_array)
</UL>
<P><STRONG><a name="[de]"></a>TI4_Config</STRONG> (Thumb, 130 bytes, Stack size 20 bytes, stm32f10x_tim.o(.text), UNUSED)
<BR><BR>[Called By]<UL><LI><a href="#[d7]">&gt;&gt;</a>&nbsp;&nbsp;&nbsp;TIM_ICInit
</UL>

<P><STRONG><a name="[dc]"></a>TI3_Config</STRONG> (Thumb, 122 bytes, Stack size 20 bytes, stm32f10x_tim.o(.text), UNUSED)
<BR><BR>[Called By]<UL><LI><a href="#[d7]">&gt;&gt;</a>&nbsp;&nbsp;&nbsp;TIM_ICInit
</UL>

<P><STRONG><a name="[da]"></a>TI2_Config</STRONG> (Thumb, 130 bytes, Stack size 20 bytes, stm32f10x_tim.o(.text), UNUSED)
<BR><BR>[Called By]<UL><LI><a href="#[e3]">&gt;&gt;</a>&nbsp;&nbsp;&nbsp;TIM_TIxExternalClockConfig
<LI><a href="#[e0]">&gt;&gt;</a>&nbsp;&nbsp;&nbsp;TIM_PWMIConfig
<LI><a href="#[d7]">&gt;&gt;</a>&nbsp;&nbsp;&nbsp;TIM_ICInit
</UL>

<P><STRONG><a name="[d8]"></a>TI1_Config</STRONG> (Thumb, 108 bytes, Stack size 20 bytes, stm32f10x_tim.o(.text), UNUSED)
<BR><BR>[Called By]<UL><LI><a href="#[e3]">&gt;&gt;</a>&nbsp;&nbsp;&nbsp;TIM_TIxExternalClockConfig
<LI><a href="#[e0]">&gt;&gt;</a>&nbsp;&nbsp;&nbsp;TIM_PWMIConfig
<LI><a href="#[d7]">&gt;&gt;</a>&nbsp;&nbsp;&nbsp;TIM_ICInit
</UL>

<P><STRONG><a name="[e8]"></a>SetSysClockTo72</STRONG> (Thumb, 214 bytes, Stack size 12 bytes, system_stm32f10x.o(.text))
<BR><BR>[Stack]<UL><LI>Max Depth = 12<LI>Call Chain = SetSysClockTo72
</UL>
<BR>[Called By]<UL><LI><a href="#[e7]">&gt;&gt;</a>&nbsp;&nbsp;&nbsp;SetSysClock
</UL>

<P><STRONG><a name="[e7]"></a>SetSysClock</STRONG> (Thumb, 8 bytes, Stack size 8 bytes, system_stm32f10x.o(.text))
<BR><BR>[Stack]<UL><LI>Max Depth = 20<LI>Call Chain = SetSysClock &rArr; SetSysClockTo72
</UL>
<BR>[Calls]<UL><LI><a href="#[e8]">&gt;&gt;</a>&nbsp;&nbsp;&nbsp;SetSysClockTo72
</UL>
<BR>[Called By]<UL><LI><a href="#[48]">&gt;&gt;</a>&nbsp;&nbsp;&nbsp;SystemInit
</UL>

<P><STRONG><a name="[fe]"></a>_fp_digits</STRONG> (Thumb, 334 bytes, Stack size 56 bytes, printfa.o(i._fp_digits), UNUSED)
<BR><BR>[Calls]<UL><LI><a href="#[63]">&gt;&gt;</a>&nbsp;&nbsp;&nbsp;__aeabi_dmul
<LI><a href="#[64]">&gt;&gt;</a>&nbsp;&nbsp;&nbsp;__aeabi_ddiv
<LI><a href="#[65]">&gt;&gt;</a>&nbsp;&nbsp;&nbsp;__aeabi_dadd
<LI><a href="#[68]">&gt;&gt;</a>&nbsp;&nbsp;&nbsp;__aeabi_cdrcmple
<LI><a href="#[f4]">&gt;&gt;</a>&nbsp;&nbsp;&nbsp;__aeabi_d2ulz
<LI><a href="#[79]">&gt;&gt;</a>&nbsp;&nbsp;&nbsp;__aeabi_uldivmod
</UL>
<BR>[Called By]<UL><LI><a href="#[f7]">&gt;&gt;</a>&nbsp;&nbsp;&nbsp;_printf_core
</UL>

<P><STRONG><a name="[f7]"></a>_printf_core</STRONG> (Thumb, 1744 bytes, Stack size 136 bytes, printfa.o(i._printf_core), UNUSED)
<BR><BR>[Calls]<UL><LI><a href="#[ff]">&gt;&gt;</a>&nbsp;&nbsp;&nbsp;_printf_pre_padding
<LI><a href="#[100]">&gt;&gt;</a>&nbsp;&nbsp;&nbsp;_printf_post_padding
<LI><a href="#[fe]">&gt;&gt;</a>&nbsp;&nbsp;&nbsp;_fp_digits
<LI><a href="#[79]">&gt;&gt;</a>&nbsp;&nbsp;&nbsp;__aeabi_uldivmod
<LI><a href="#[101]">&gt;&gt;</a>&nbsp;&nbsp;&nbsp;__aeabi_uidivmod
</UL>
<BR>[Called By]<UL><LI><a href="#[f6]">&gt;&gt;</a>&nbsp;&nbsp;&nbsp;__0printf
</UL>

<P><STRONG><a name="[100]"></a>_printf_post_padding</STRONG> (Thumb, 36 bytes, Stack size 24 bytes, printfa.o(i._printf_post_padding), UNUSED)
<BR><BR>[Called By]<UL><LI><a href="#[f7]">&gt;&gt;</a>&nbsp;&nbsp;&nbsp;_printf_core
</UL>

<P><STRONG><a name="[ff]"></a>_printf_pre_padding</STRONG> (Thumb, 46 bytes, Stack size 24 bytes, printfa.o(i._printf_pre_padding), UNUSED)
<BR><BR>[Called By]<UL><LI><a href="#[f7]">&gt;&gt;</a>&nbsp;&nbsp;&nbsp;_printf_core
</UL>

<P><STRONG><a name="[fd]"></a>internal_alloc</STRONG> (Thumb, 76 bytes, Stack size 24 bytes, mallocr.o(i.internal_alloc))
<BR><BR>[Stack]<UL><LI>Max Depth = 32<LI>Call Chain = internal_alloc &rArr; __aeabi_memcpy
</UL>
<BR>[Calls]<UL><LI><a href="#[102]">&gt;&gt;</a>&nbsp;&nbsp;&nbsp;__aeabi_memcpy
</UL>
<BR>[Called By]<UL><LI><a href="#[f8]">&gt;&gt;</a>&nbsp;&nbsp;&nbsp;malloc
</UL>
<P>
<H3>
Undefined Global Symbols
</H3><HR></body></html>
