Component: ARM Compiler 5.06 update 6 (build 750) Tool: armlink [4d35ed]

==============================================================================

Section Cross References

    arduino.o(i.analogRead) refers to adc.o(i.Get_ADC) for Get_ADC
    arduino.o(i.analogRead) refers to gpio.o(.constdata) for PIN_MAP
    arduino.o(i.analogWrite) refers to pwm.o(i.pwmWrite) for pwmWrite
    arduino.o(i.analogWrite) refers to gpio.o(.constdata) for PIN_MAP
    arduino.o(i.digitalRead) refers to gpio.o(.constdata) for PIN_MAP
    arduino.o(i.digitalWrite) refers to gpio.o(.constdata) for PIN_MAP
    arduino.o(i.fmap) refers to daddsub_clz.o(x$fpl$dsub) for __aeabi_dsub
    arduino.o(i.fmap) refers to dmul.o(x$fpl$dmul) for __aeabi_dmul
    arduino.o(i.fmap) refers to ddiv.o(x$fpl$ddiv) for __aeabi_ddiv
    arduino.o(i.fmap) refers to daddsub_clz.o(x$fpl$dadd) for __aeabi_dadd
    arduino.o(i.pinMode) refers to gpio.o(i.GPIO_begin) for GPIO_begin
    arduino.o(i.pinMode) refers to pwm.o(i.PWM_Init) for PWM_Init
    arduino.o(i.pinMode) refers to gpio.o(.constdata) for PIN_MAP
    arduino.o(i.pulseIn) refers to delay.o(i.micros) for micros
    arduino.o(i.pulseIn) refers to gpio.o(.constdata) for PIN_MAP
    arduino.o(i.shiftIn) refers to gpio.o(.constdata) for PIN_MAP
    arduino.o(i.shiftOut) refers to gpio.o(.constdata) for PIN_MAP
    dtostrf.o(i.dtostrf) refers to _printf_percent.o(.ARM.Collect$$_printf_percent$$00000000) for _printf_percent
    dtostrf.o(i.dtostrf) refers to _printf_d.o(.ARM.Collect$$_printf_percent$$00000009) for _printf_d
    dtostrf.o(i.dtostrf) refers to _printf_dec.o(.text) for _printf_int_dec
    dtostrf.o(i.dtostrf) refers to _printf_pad.o(.text) for _printf_pre_padding
    dtostrf.o(i.dtostrf) refers to _printf_f.o(.ARM.Collect$$_printf_percent$$00000003) for _printf_f
    dtostrf.o(i.dtostrf) refers to _printf_e.o(.ARM.Collect$$_printf_percent$$00000004) for _printf_e
    dtostrf.o(i.dtostrf) refers to _printf_g.o(.ARM.Collect$$_printf_percent$$00000005) for _printf_g
    dtostrf.o(i.dtostrf) refers to _printf_a.o(.ARM.Collect$$_printf_percent$$00000006) for _printf_a
    dtostrf.o(i.dtostrf) refers to printf2.o(x$fpl$printf2) for _printf_fp_hex
    dtostrf.o(i.dtostrf) refers to printf1.o(x$fpl$printf1) for _printf_fp_dec
    dtostrf.o(i.dtostrf) refers to __2sprintf.o(.text) for __2sprintf
    print.o(i._ZN5Print10printFloatEdh) refers to drleqf.o(x$fpl$drleqf) for __aeabi_cdrcmple
    print.o(i._ZN5Print10printFloatEdh) refers to basic.o(x$fpl$basic) for __aeabi_dneg
    print.o(i._ZN5Print10printFloatEdh) refers to dleqf.o(x$fpl$dleqf) for __aeabi_cdcmple
    print.o(i._ZN5Print10printFloatEdh) refers to dmul.o(x$fpl$dmul) for __aeabi_dmul
    print.o(i._ZN5Print10printFloatEdh) refers to daddsub_clz.o(x$fpl$dadd) for __aeabi_dadd
    print.o(i._ZN5Print10printFloatEdh) refers to dfixll.o(x$fpl$llsfromd) for __aeabi_d2lz
    print.o(i._ZN5Print10printFloatEdh) refers to dfltll_clz.o(x$fpl$dfltll) for __aeabi_l2d
    print.o(i._ZN5Print10printFloatEdh) refers to daddsub_clz.o(x$fpl$drsb) for __aeabi_drsub
    print.o(i._ZN5Print10printFloatEdh) refers to print.o(i._ZN5Print5printExi) for Print::print(long long, int)
    print.o(i._ZN5Print10printFloatEdh) refers to dfix.o(x$fpl$dfix) for __aeabi_d2iz
    print.o(i._ZN5Print10printFloatEdh) refers to dflt_clz.o(x$fpl$dflt) for __aeabi_i2d
    print.o(i._ZN5Print11printNumberEyh) refers to lludivv7m.o(.text) for __aeabi_uldivmod
    print.o(i._ZN5Print5printEdi) refers to print.o(i._ZN5Print10printFloatEdh) for Print::printFloat(double, unsigned char)
    print.o(i._ZN5Print5printEhi) refers to print.o(i._ZN5Print11printNumberEyh) for Print::printNumber(unsigned long long, unsigned char)
    print.o(i._ZN5Print5printEii) refers to print.o(i._ZN5Print5printExi) for Print::print(long long, int)
    print.o(i._ZN5Print5printEji) refers to print.o(i._ZN5Print11printNumberEyh) for Print::printNumber(unsigned long long, unsigned char)
    print.o(i._ZN5Print5printEli) refers to print.o(i._ZN5Print5printExi) for Print::print(long long, int)
    print.o(i._ZN5Print5printEmi) refers to print.o(i._ZN5Print11printNumberEyh) for Print::printNumber(unsigned long long, unsigned char)
    print.o(i._ZN5Print5printExi) refers to print.o(i._ZN5Print11printNumberEyh) for Print::printNumber(unsigned long long, unsigned char)
    print.o(i._ZN5Print5printEyi) refers to print.o(i._ZN5Print11printNumberEyh) for Print::printNumber(unsigned long long, unsigned char)
    print.o(i._ZN5Print6printfEPKcz) refers to c89vsnprintf.o(.text) for __c89vsnprintf
    print.o(i._ZN5Print7printlnEdi) refers to print.o(i._ZN5Print10printFloatEdh) for Print::printFloat(double, unsigned char)
    print.o(i._ZN5Print7printlnEhi) refers to print.o(i._ZN5Print11printNumberEyh) for Print::printNumber(unsigned long long, unsigned char)
[...]
    ../clib/heap1.c                          0x00000000   Number         0  h1_realloc_mt.o ABSOLUTE
    ../clib/heap1.c                          0x00000000   Number         0  h1_alloc.o ABSOLUTE
    ../clib/heap2.c                          0x00000000   Number         0  fdtree.o ABSOLUTE
    ../clib/heap2.c                          0x00000000   Number         0  heap2.o ABSOLUTE
    ../clib/heap2.c                          0x00000000   Number         0  heap2mt.o ABSOLUTE
    ../clib/heapalloc.c                      0x00000000   Number         0  init_alloc.o ABSOLUTE
    ../clib/heapalloc.c                      0x00000000   Number         0  heapstubs.o ABSOLUTE
    ../clib/heapalloc.c                      0x00000000   Number         0  hguard.o ABSOLUTE
    ../clib/heapalloc.c                      0x00000000   Number         0  realloc.o ABSOLUTE
    ../clib/heapalloc.c                      0x00000000   Number         0  free.o ABSOLUTE
    ../clib/heapalloc.c                      0x00000000   Number         0  malloc.o ABSOLUTE
    ../clib/heapalloc.c                      0x00000000   Number         0  maybetermalloc2.o ABSOLUTE
    ../clib/heapalloc.c                      0x00000000   Number         0  maybetermalloc2.o ABSOLUTE
    ../clib/heapalloc.c                      0x00000000   Number         0  maybetermalloc1.o ABSOLUTE
    ../clib/heapalloc.c                      0x00000000   Number         0  maybetermalloc1.o ABSOLUTE
    ../clib/heapalloc.c                      0x00000000   Number         0  term_alloc.o ABSOLUTE
    ../clib/heapalloc.c                      0x00000000   Number         0  hrguard.o ABSOLUTE
    ../clib/heapaux.c                        0x00000000   Number         0  heapauxa.o ABSOLUTE
    ../clib/heapaux.c                        0x00000000   Number         0  heapauxi.o ABSOLUTE
    ../clib/libinit.s                        0x00000000   Number         0  libshutdown2.o ABSOLUTE
    ../clib/libinit.s                        0x00000000   Number         0  libinit2.o ABSOLUTE
    ../clib/libinit.s                        0x00000000   Number         0  libshutdown.o ABSOLUTE
    ../clib/libinit.s                        0x00000000   Number         0  libinit.o ABSOLUTE
    ../clib/locale.c                         0x00000000   Number         0  _wcrtomb.o ABSOLUTE
    ../clib/locale.s                         0x00000000   Number         0  lc_numeric_c.o ABSOLUTE
    ../clib/locale.s                         0x00000000   Number         0  lc_ctype_c.o ABSOLUTE
    ../clib/longlong.s                       0x00000000   Number         0  lludivv7m.o ABSOLUTE
    ../clib/longlong.s                       0x00000000   Number         0  llshl.o ABSOLUTE
    ../clib/longlong.s                       0x00000000   Number         0  lludiv10.o ABSOLUTE
    ../clib/memcpset.s                       0x00000000   Number         0  rt_memclr.o ABSOLUTE
    ../clib/memcpset.s                       0x00000000   Number         0  rt_memmove_w.o ABSOLUTE
    ../clib/memcpset.s                       0x00000000   Number         0  rt_memcpy_w.o ABSOLUTE
    ../clib/memcpset.s                       0x00000000   Number         0  strcmpv7m.o ABSOLUTE
    ../clib/memcpset.s                       0x00000000   Number         0  strncpy.o ABSOLUTE
    ../clib/memcpset.s                       0x00000000   Number         0  rt_memmove_v6.o ABSOLUTE
    ../clib/memcpset.s                       0x00000000   Number         0  rt_memcpy_v6.o ABSOLUTE
    ../clib/memcpset.s                       0x00000000   Number         0  rt_memclr_w.o ABSOLUTE
    ../clib/misc.s                           0x00000000   Number         0  printf_stubs.o ABSOLUTE
    ../clib/printf.c                         0x00000000   Number         0  _printf_intcommon.o ABSOLUTE
    ../clib/printf.c                         0x00000000   Number         0  __printf_nopercent.o ABSOLUTE
    ../clib/printf.c                         0x00000000   Number         0  _printf_truncate.o ABSOLUTE
    ../clib/printf.c                         0x00000000   Number         0  _printf_wchar.o ABSOLUTE
    ../clib/printf.c                         0x00000000   Number         0  c89vsnprintf.o ABSOLUTE
    ../clib/printf.c                         0x00000000   Number         0  _printf_dec.o ABSOLUTE
    ../clib/printf.c                         0x00000000   Number         0  __2sprintf.o ABSOLUTE
    ../clib/printf.c                         0x00000000   Number         0  noretval__2sprintf.o ABSOLUTE
    ../clib/printf.c                         0x00000000   Number         0  _printf_char.o ABSOLUTE
    ../clib/printf.c                         0x00000000   Number         0  __printf_flags_ss_wp.o ABSOLUTE
    ../clib/printf.c                         0x00000000   Number         0  __printf_flags.o ABSOLUTE
    ../clib/printf.c                         0x00000000   Number         0  __printf_ss_wp.o ABSOLUTE
    ../clib/printf.c                         0x00000000   Number         0  __printf_ss.o ABSOLUTE
    ../clib/printf.c                         0x00000000   Number         0  __printf_flags_ss.o ABSOLUTE
    ../clib/printf.c                         0x00000000   Number         0  __printf_wp.o ABSOLUTE
    ../clib/printf.c                         0x00000000   Number         0  __printf_flags_wp.o ABSOLUTE
    ../clib/printf.c                         0x00000000   Number         0  _printf_hex_int_ll_ptr.o ABSOLUTE
    ../clib/printf.c                         0x00000000   Number         0  _printf_hex_ll_ptr.o ABSOLUTE
    ../clib/printf.c                         0x00000000   Number         0  _printf_hex_int_ptr.o ABSOLUTE
    ../clib/printf.c                         0x00000000   Number         0  _printf_charcount.o ABSOLUTE
    ../clib/printf.c                         0x00000000   Number         0  _printf_hex_int_ll.o ABSOLUTE
    ../clib/printf.c                         0x00000000   Number         0  _printf_hex_int.o ABSOLUTE
    ../clib/printf.c                         0x00000000   Number         0  _printf_hex_ll.o ABSOLUTE
    ../clib/printf.c                         0x00000000   Number         0  _printf_oct_int_ll.o ABSOLUTE
    ../clib/printf.c                         0x00000000   Number         0  _printf_oct_int.o ABSOLUTE
    ../clib/printf.c                         0x00000000   Number         0  _printf_oct_ll.o ABSOLUTE
    ../clib/printf.c                         0x00000000   Number         0  _printf_longlong_dec.o ABSOLUTE
    ../clib/printf.c                         0x00000000   Number         0  _printf_wctomb.o ABSOLUTE
    ../clib/printf.c                         0x00000000   Number         0  _snputc.o ABSOLUTE
    ../clib/printf.c                         0x00000000   Number         0  _sputc.o ABSOLUTE
    ../clib/printf.c                         0x00000000   Number         0  _printf_char_common.o ABSOLUTE
    ../clib/printf.c                         0x00000000   Number         0  _printf_fp_hex.o ABSOLUTE
    ../clib/printf.c                         0x00000000   Number         0  __printf.o ABSOLUTE
    ../clib/printf.c                         0x00000000   Number         0  _printf_pad.o ABSOLUTE
    ../clib/printf.c                         0x00000000   Number         0  _printf_str.o ABSOLUTE
    ../clib/printf.c                         0x00000000   Number         0  _printf_fp_infnan.o ABSOLUTE
    ../clib/printf.c                         0x00000000   Number         0  _printf_fp_dec.o ABSOLUTE
    ../clib/printf.c                         0x00000000   Number         0  _printf_hex_ptr.o ABSOLUTE
    ../clib/printf_percent.s                 0x00000000   Number         0  _printf_llo.o ABSOLUTE
    ../clib/printf_percent.s                 0x00000000   Number         0  _printf_ls.o ABSOLUTE
    ../clib/printf_percent.s                 0x00000000   Number         0  _printf_lc.o ABSOLUTE
    ../clib/printf_percent.s                 0x00000000   Number         0  _printf_l.o ABSOLUTE
    ../clib/printf_percent.s                 0x00000000   Number         0  _printf_ll.o ABSOLUTE
    ../clib/printf_percent.s                 0x00000000   Number         0  _printf_llu.o ABSOLUTE
    ../clib/printf_percent.s                 0x00000000   Number         0  _printf_lld.o ABSOLUTE
    ../clib/printf_percent.s                 0x00000000   Number         0  _printf_lli.o ABSOLUTE
    ../clib/printf_percent.s                 0x00000000   Number         0  _printf_percent_end.o ABSOLUTE
    ../clib/printf_percent.s                 0x00000000   Number         0  _printf_u.o ABSOLUTE
    ../clib/printf_percent.s                 0x00000000   Number         0  _printf_i.o ABSOLUTE
    ../clib/printf_percent.s                 0x00000000   Number         0  _printf_o.o ABSOLUTE
    ../clib/printf_percent.s                 0x00000000   Number         0  _printf_p.o ABSOLUTE
    ../clib/printf_percent.s                 0x00000000   Number         0  _printf_x.o ABSOLUTE
    ../clib/printf_percent.s                 0x00000000   Number         0  _printf_n.o ABSOLUTE
    ../clib/printf_percent.s                 0x00000000   Number         0  _printf_s.o ABSOLUTE
    ../clib/printf_percent.s                 0x00000000   Number         0  _printf_c.o ABSOLUTE
    ../clib/printf_percent.s                 0x00000000   Number         0  _printf_d.o ABSOLUTE
    ../clib/printf_percent.s                 0x00000000   Number         0  _printf_f.o ABSOLUTE
    ../clib/printf_percent.s                 0x00000000   Number         0  _printf_e.o ABSOLUTE
    ../clib/printf_percent.s                 0x00000000   Number         0  _printf_g.o ABSOLUTE
    ../clib/printf_percent.s                 0x00000000   Number         0  _printf_a.o ABSOLUTE
    ../clib/printf_percent.s                 0x00000000   Number         0  _printf_percent.o ABSOLUTE
    ../clib/printf_percent.s                 0x00000000   Number         0  _printf_llx.o ABSOLUTE
    ../clib/scanf.c                          0x00000000   Number         0  _strtoul.o ABSOLUTE
    ../clib/scanf.c                          0x00000000   Number         0  strtol.o ABSOLUTE
    ../clib/scanf.c                          0x00000000   Number         0  atol.o ABSOLUTE
    ../clib/scanf.c                          0x00000000   Number         0  scanf_hexfp.o ABSOLUTE
    ../clib/scanf.c                          0x00000000   Number         0  _chval.o ABSOLUTE
    ../clib/scanf.c                          0x00000000   Number         0  _sgetc.o ABSOLUTE
    ../clib/scanf.c                          0x00000000   Number         0  scanf_fp.o ABSOLUTE
    ../clib/scanf.c                          0x00000000   Number         0  strtod.o ABSOLUTE
    ../clib/scanf.c                          0x00000000   Number         0  scanf_infnan.o ABSOLUTE
    ../clib/signal.c                         0x00000000   Number         0  defsig_abrt_outer.o ABSOLUTE
    ../clib/signal.c                         0x00000000   Number         0  defsig_stak_inner.o ABSOLUTE
    ../clib/signal.c                         0x00000000   Number         0  defsig_rtmem_formal.o ABSOLUTE
    ../clib/signal.c                         0x00000000   Number         0  defsig_exit.o ABSOLUTE
    ../clib/signal.c                         0x00000000   Number         0  defsig_fpe_formal.o ABSOLUTE
    ../clib/signal.c                         0x00000000   Number         0  defsig_abrt_inner.o ABSOLUTE
    ../clib/signal.c                         0x00000000   Number         0  defsig_pvfn_outer.o ABSOLUTE
    ../clib/signal.c                         0x00000000   Number         0  defsig_pvfn_formal.o ABSOLUTE
    ../clib/signal.c                         0x00000000   Number         0  defsig_rtred_inner.o ABSOLUTE
    ../clib/signal.c                         0x00000000   Number         0  defsig_cppl_inner.o ABSOLUTE
    ../clib/signal.c                         0x00000000   Number         0  defsig_segv_inner.o ABSOLUTE
    ../clib/signal.c                         0x00000000   Number         0  defsig_other.o ABSOLUTE
    ../clib/signal.c                         0x00000000   Number         0  defsig_rtmem_inner.o ABSOLUTE
    ../clib/signal.c                         0x00000000   Number         0  defsig_fpe_outer.o ABSOLUTE
    ../clib/signal.c                         0x00000000   Number         0  defsig_general.o ABSOLUTE
    ../clib/signal.c                         0x00000000   Number         0  __raise.o ABSOLUTE
    ../clib/signal.c                         0x00000000   Number         0  defsig_fpe_inner.o ABSOLUTE
    ../clib/signal.c                         0x00000000   Number         0  defsig_pvfn_inner.o ABSOLUTE
    ../clib/signal.c                         0x00000000   Number         0  defsig_rtmem_outer.o ABSOLUTE
    ../clib/signal.c                         0x00000000   Number         0  defsig_abrt_formal.o ABSOLUTE
    ../clib/signal.s                         0x00000000   Number         0  defsig.o ABSOLUTE
    ../clib/stdlib.c                         0x00000000   Number         0  abort.o ABSOLUTE
    ../clib/stdlib.c                         0x00000000   Number         0  rand.o ABSOLUTE
    ../clib/stdlib.c                         0x00000000   Number         0  rand.o ABSOLUTE
    ../clib/stdlib.c                         0x00000000   Number         0  atexit_aeabi.o ABSOLUTE
    ../clib/stdlib.c                         0x00000000   Number         0  cxa_finalize.o ABSOLUTE
    ../clib/stdlib.c                         0x00000000   Number         0  aeabi_atexit.o ABSOLUTE
    ../clib/stdlib.c                         0x00000000   Number         0  exit.o ABSOLUTE
    ../clib/string.c                         0x00000000   Number         0  strchr.o ABSOLUTE
    ../clib/string.c                         0x00000000   Number         0  strstr.o ABSOLUTE
    ../clib/string.c                         0x00000000   Number         0  strcpy.o ABSOLUTE
    ../clib/string.c                         0x00000000   Number         0  strrchr.o ABSOLUTE
    ../clib/string.c                         0x00000000   Number         0  strlen.o ABSOLUTE
    ../clib/string.c                         0x00000000   Number         0  strncmp.o ABSOLUTE
    ../fplib/basic.s                         0x00000000   Number         0  basic.o ABSOLUTE
    ../fplib/d2f.s                           0x00000000   Number         0  d2f.o ABSOLUTE
    ../fplib/daddsub.s                       0x00000000   Number         0  daddsub_clz.o ABSOLUTE
    ../fplib/dcheck1.s                       0x00000000   Number         0  dcheck1.o ABSOLUTE
    ../fplib/dcmpi.s                         0x00000000   Number         0  dcmpi.o ABSOLUTE
    ../fplib/ddiv.s                          0x00000000   Number         0  ddiv.o ABSOLUTE
    ../fplib/deqf.s                          0x00000000   Number         0  deqf.o ABSOLUTE
    ../fplib/dfix.s                          0x00000000   Number         0  dfix.o ABSOLUTE
    ../fplib/dfixll.s                        0x00000000   Number         0  dfixll.o ABSOLUTE
    ../fplib/dflt.s                          0x00000000   Number         0  dflt_clz.o ABSOLUTE
    ../fplib/dfltll.s                        0x00000000   Number         0  dfltll_clz.o ABSOLUTE
    ../fplib/dleqf.s                         0x00000000   Number         0  dleqf.o ABSOLUTE
    ../fplib/dmul.s                          0x00000000   Number         0  dmul.o ABSOLUTE
    ../fplib/dnaninf.s                       0x00000000   Number         0  dnaninf.o ABSOLUTE
    ../fplib/dretinf.s                       0x00000000   Number         0  dretinf.o ABSOLUTE
    ../fplib/drleqf.s                        0x00000000   Number         0  drleqf.o ABSOLUTE
    ../fplib/f2d.s                           0x00000000   Number         0  f2d.o ABSOLUTE
    ../fplib/fnaninf.s                       0x00000000   Number         0  fnaninf.o ABSOLUTE
    ../fplib/fpconst.s                       0x00000000   Number         0  fpconst.o ABSOLUTE
    ../fplib/fpinit.s                        0x00000000   Number         0  fpinit.o ABSOLUTE
    ../fplib/fretinf.s                       0x00000000   Number         0  fretinf.o ABSOLUTE
    ../fplib/istatus.s                       0x00000000   Number         0  istatus.o ABSOLUTE
    ../fplib/printf1.s                       0x00000000   Number         0  printf1.o ABSOLUTE
    ../fplib/printf2.s                       0x00000000   Number         0  printf2.o ABSOLUTE
    ../fplib/printf2a.s                      0x00000000   Number         0  printf2a.o ABSOLUTE
    ../fplib/printf2b.s                      0x00000000   Number         0  printf2b.o ABSOLUTE
    ../fplib/retnan.s                        0x00000000   Number         0  retnan.o ABSOLUTE
    ../fplib/scalbn.s                        0x00000000   Number         0  scalbn.o ABSOLUTE
    ../fplib/scanf1.s                        0x00000000   Number         0  scanf1.o ABSOLUTE
    ../fplib/scanf2.s                        0x00000000   Number         0  scanf2.o ABSOLUTE
    ../fplib/scanf2a.s                       0x00000000   Number         0  scanf2a.o ABSOLUTE
    ../fplib/scanf2b.s                       0x00000000   Number         0  scanf2b.o ABSOLUTE
    ../fplib/trapv.s                         0x00000000   Number         0  trapv.o ABSOLUTE
    ../fplib/usenofp.s                       0x00000000   Number         0  usenofp.o ABSOLUTE
    ../mathlib/atof.c                        0x00000000   Number         0  atof.o ABSOLUTE
    ../mathlib/dunder.c                      0x00000000   Number         0  dunder.o ABSOLUTE
    ../mathlib/fpclassify.c                  0x00000000   Number         0  fpclassify.o ABSOLUTE
    ../mathlib/frexp.c                       0x00000000   Number         0  frexp.o ABSOLUTE
    ../mathlib/ldexp.c                       0x00000000   Number         0  ldexp.o ABSOLUTE
    ../mathlib/ldexp.c                       0x00000000   Number         0  ldexp_x.o ABSOLUTE
    ../mathlib/narrow.c                      0x00000000   Number         0  narrow.o ABSOLUTE
    ../mathlib/qnan.c                        0x00000000   Number         0  qnan.o ABSOLUTE
    ..\ArduinoAPI\Arduino.c                  0x00000000   Number         0  arduino.o ABSOLUTE
    ..\ArduinoAPI\HardwareSerial.cpp         0x00000000   Number         0  hardwareserial.o ABSOLUTE
    ..\ArduinoAPI\Print.cpp                  0x00000000   Number         0  print.o ABSOLUTE
    ..\ArduinoAPI\SPI.cpp                    0x00000000   Number         0  spi.o ABSOLUTE
    ..\ArduinoAPI\Stream.cpp                 0x00000000   Number         0  stream.o ABSOLUTE
    ..\ArduinoAPI\WMath.cpp                  0x00000000   Number         0  wmath.o ABSOLUTE
    ..\ArduinoAPI\WString.cpp                0x00000000   Number         0  wstring.o ABSOLUTE
    ..\ArduinoAPI\Wire.cpp                   0x00000000   Number         0  wire.o ABSOLUTE
    ..\ArduinoAPI\WireBase.cpp               0x00000000   Number         0  wirebase.o ABSOLUTE
    ..\ArduinoAPI\dtostrf.c                  0x00000000   Number         0  dtostrf.o ABSOLUTE
    ..\ArduinoAPI\itoa.c                     0x00000000   Number         0  itoa.o ABSOLUTE
    ..\CORE\delay.c                          0x00000000   Number         0  delay.o ABSOLUTE
    ..\Core\adc.c                            0x00000000   Number         0  adc.o ABSOLUTE
    ..\Core\exti.c                           0x00000000   Number         0  exti.o ABSOLUTE
    ..\Core\gpio.c                           0x00000000   Number         0  gpio.o ABSOLUTE
    ..\Core\pwm.c                            0x00000000   Number         0  pwm.o ABSOLUTE
    ..\Core\time_exti.c                      0x00000000   Number         0  time_exti.o ABSOLUTE
    ..\Core\usart.c                          0x00000000   Number         0  usart.o ABSOLUTE
    ..\Libraries\STM32F429_Discovery\STM32F429I-Discovery\stm32f429i_discovery.c 0x00000000   Number         0  stm32f429i_discovery.o ABSOLUTE
    ..\Libraries\STM32F429_Discovery\STM32F429I-Discovery\stm32f429i_discovery_lcd.c 0x00000000   Number         0  stm32f429i_discovery_lcd.o ABSOLUTE
    ..\Libraries\STM32F429_Discovery\STM32F429I-Discovery\stm32f429i_discovery_sdram.c 0x00000000   Number         0  stm32f429i_discovery_sdram.o ABSOLUTE
    ..\\ArduinoAPI\\Arduino.c                0x00000000   Number         0  arduino.o ABSOLUTE
    ..\\ArduinoAPI\\HardwareSerial.cpp       0x00000000   Number         0  hardwareserial.o ABSOLUTE
    ..\\ArduinoAPI\\SPI.cpp                  0x00000000   Number         0  spi.o ABSOLUTE
    ..\\ArduinoAPI\\Stream.cpp               0x00000000   Number         0  stream.o ABSOLUTE
    ..\\ArduinoAPI\\Wire.cpp                 0x00000000   Number         0  wire.o ABSOLUTE
    ..\\ArduinoAPI\\WireBase.cpp             0x00000000   Number         0  wirebase.o ABSOLUTE
    ..\\CORE\\delay.c                        0x00000000   Number         0  delay.o ABSOLUTE
    ..\\Core\\adc.c                          0x00000000   Number         0  adc.o ABSOLUTE
    ..\\Core\\exti.c                         0x00000000   Number         0  exti.o ABSOLUTE
    ..\\Core\\gpio.c                         0x00000000   Number         0  gpio.o ABSOLUTE
    ..\\Core\\pwm.c                          0x00000000   Number         0  pwm.o ABSOLUTE
    ..\\Core\\time_exti.c                    0x00000000   Number         0  time_exti.o ABSOLUTE
    ..\\Core\\usart.c                        0x00000000   Number         0  usart.o ABSOLUTE
    ..\\Libraries\\STM32F429_Discovery\\STM32F429I-Discovery\\stm32f429i_discovery.c 0x00000000   Number         0  stm32f429i_discovery.o ABSOLUTE
    ..\\Libraries\\STM32F429_Discovery\\STM32F429I-Discovery\\stm32f429i_discovery_lcd.c 0x00000000   Number         0  stm32f429i_discovery_lcd.o ABSOLUTE
    ..\\Libraries\\STM32F429_Discovery\\STM32F429I-Discovery\\stm32f429i_discovery_sdram.c 0x00000000   Number         0  stm32f429i_discovery_sdram.o ABSOLUTE
    D:\Keil_v5\ARM\PACK\Keil\STM32F4xx_DFP\1.0.8\Device\StdPeriph_Driver\src\misc.c 0x00000000   Number         0  misc.o ABSOLUTE
    D:\Keil_v5\ARM\PACK\Keil\STM32F4xx_DFP\1.0.8\Device\StdPeriph_Driver\src\stm32f4xx_adc.c 0x00000000   Number         0  stm32f4xx_adc.o ABSOLUTE
    D:\Keil_v5\ARM\PACK\Keil\STM32F4xx_DFP\1.0.8\Device\StdPeriph_Driver\src\stm32f4xx_dcmi.c 0x00000000   Number         0  stm32f4xx_dcmi.o ABSOLUTE
    D:\Keil_v5\ARM\PACK\Keil\STM32F4xx_DFP\1.0.8\Device\StdPeriph_Driver\src\stm32f4xx_dma.c 0x00000000   Number         0  stm32f4xx_dma.o ABSOLUTE
    D:\Keil_v5\ARM\PACK\Keil\STM32F4xx_DFP\1.0.8\Device\StdPeriph_Driver\src\stm32f4xx_dma2d.c 0x00000000   Number         0  stm32f4xx_dma2d.o ABSOLUTE
    D:\Keil_v5\ARM\PACK\Keil\STM32F4xx_DFP\1.0.8\Device\StdPeriph_Driver\src\stm32f4xx_exti.c 0x00000000   Number         0  stm32f4xx_exti.o ABSOLUTE
    D:\Keil_v5\ARM\PACK\Keil\STM32F4xx_DFP\1.0.8\Device\StdPeriph_Driver\src\stm32f4xx_flash.c 0x00000000   Number         0  stm32f4xx_flash.o ABSOLUTE
    D:\Keil_v5\ARM\PACK\Keil\STM32F4xx_DFP\1.0.8\Device\StdPeriph_Driver\src\stm32f4xx_fmc.c 0x00000000   Number         0  stm32f4xx_fmc.o ABSOLUTE
    D:\Keil_v5\ARM\PACK\Keil\STM32F4xx_DFP\1.0.8\Device\StdPeriph_Driver\src\stm32f4xx_gpio.c 0x00000000   Number         0  stm32f4xx_gpio.o ABSOLUTE
    D:\Keil_v5\ARM\PACK\Keil\STM32F4xx_DFP\1.0.8\Device\StdPeriph_Driver\src\stm32f4xx_i2c.c 0x00000000   Number         0  stm32f4xx_i2c.o ABSOLUTE
    D:\Keil_v5\ARM\PACK\Keil\STM32F4xx_DFP\1.0.8\Device\StdPeriph_Driver\src\stm32f4xx_ltdc.c 0x00000000   Number         0  stm32f4xx_ltdc.o ABSOLUTE
    D:\Keil_v5\ARM\PACK\Keil\STM32F4xx_DFP\1.0.8\Device\StdPeriph_Driver\src\stm32f4xx_rcc.c 0x00000000   Number         0  stm32f4xx_rcc.o ABSOLUTE
    D:\Keil_v5\ARM\PACK\Keil\STM32F4xx_DFP\1.0.8\Device\StdPeriph_Driver\src\stm32f4xx_spi.c 0x00000000   Number         0  stm32f4xx_spi.o ABSOLUTE
    D:\Keil_v5\ARM\PACK\Keil\STM32F4xx_DFP\1.0.8\Device\StdPeriph_Driver\src\stm32f4xx_syscfg.c 0x00000000   Number         0  stm32f4xx_syscfg.o ABSOLUTE
    D:\Keil_v5\ARM\PACK\Keil\STM32F4xx_DFP\1.0.8\Device\StdPeriph_Driver\src\stm32f4xx_tim.c 0x00000000   Number         0  stm32f4xx_tim.o ABSOLUTE
    D:\Keil_v5\ARM\PACK\Keil\STM32F4xx_DFP\1.0.8\Device\StdPeriph_Driver\src\stm32f4xx_usart.c 0x00000000   Number         0  stm32f4xx_usart.o ABSOLUTE
    D:\\Keil_v5\\ARM\\PACK\\Keil\\STM32F4xx_DFP\\1.0.8\\Device\\StdPeriph_Driver\\src\\misc.c 0x00000000   Number         0  misc.o ABSOLUTE
    D:\\Keil_v5\\ARM\\PACK\\Keil\\STM32F4xx_DFP\\1.0.8\\Device\\StdPeriph_Driver\\src\\stm32f4xx_adc.c 0x00000000   Number         0  stm32f4xx_adc.o ABSOLUTE
    D:\\Keil_v5\\ARM\\PACK\\Keil\\STM32F4xx_DFP\\1.0.8\\Device\\StdPeriph_Driver\\src\\stm32f4xx_dcmi.c 0x00000000   Number         0  stm32f4xx_dcmi.o ABSOLUTE
    D:\\Keil_v5\\ARM\\PACK\\Keil\\STM32F4xx_DFP\\1.0.8\\Device\\StdPeriph_Driver\\src\\stm32f4xx_dma.c 0x00000000   Number         0  stm32f4xx_dma.o ABSOLUTE
    D:\\Keil_v5\\ARM\\PACK\\Keil\\STM32F4xx_DFP\\1.0.8\\Device\\StdPeriph_Driver\\src\\stm32f4xx_dma2d.c 0x00000000   Number         0  stm32f4xx_dma2d.o ABSOLUTE
    D:\\Keil_v5\\ARM\\PACK\\Keil\\STM32F4xx_DFP\\1.0.8\\Device\\StdPeriph_Driver\\src\\stm32f4xx_exti.c 0x00000000   Number         0  stm32f4xx_exti.o ABSOLUTE
    D:\\Keil_v5\\ARM\\PACK\\Keil\\STM32F4xx_DFP\\1.0.8\\Device\\StdPeriph_Driver\\src\\stm32f4xx_flash.c 0x00000000   Number         0  stm32f4xx_flash.o ABSOLUTE
    D:\\Keil_v5\\ARM\\PACK\\Keil\\STM32F4xx_DFP\\1.0.8\\Device\\StdPeriph_Driver\\src\\stm32f4xx_fmc.c 0x00000000   Number         0  stm32f4xx_fmc.o ABSOLUTE
    D:\\Keil_v5\\ARM\\PACK\\Keil\\STM32F4xx_DFP\\1.0.8\\Device\\StdPeriph_Driver\\src\\stm32f4xx_gpio.c 0x00000000   Number         0  stm32f4xx_gpio.o ABSOLUTE
    D:\\Keil_v5\\ARM\\PACK\\Keil\\STM32F4xx_DFP\\1.0.8\\Device\\StdPeriph_Driver\\src\\stm32f4xx_i2c.c 0x00000000   Number         0  stm32f4xx_i2c.o ABSOLUTE
    D:\\Keil_v5\\ARM\\PACK\\Keil\\STM32F4xx_DFP\\1.0.8\\Device\\StdPeriph_Driver\\src\\stm32f4xx_ltdc.c 0x00000000   Number         0  stm32f4xx_ltdc.o ABSOLUTE
    D:\\Keil_v5\\ARM\\PACK\\Keil\\STM32F4xx_DFP\\1.0.8\\Device\\StdPeriph_Driver\\src\\stm32f4xx_rcc.c 0x00000000   Number         0  stm32f4xx_rcc.o ABSOLUTE
    D:\\Keil_v5\\ARM\\PACK\\Keil\\STM32F4xx_DFP\\1.0.8\\Device\\StdPeriph_Driver\\src\\stm32f4xx_spi.c 0x00000000   Number         0  stm32f4xx_spi.o ABSOLUTE
    D:\\Keil_v5\\ARM\\PACK\\Keil\\STM32F4xx_DFP\\1.0.8\\Device\\StdPeriph_Driver\\src\\stm32f4xx_syscfg.c 0x00000000   Number         0  stm32f4xx_syscfg.o ABSOLUTE
    D:\\Keil_v5\\ARM\\PACK\\Keil\\STM32F4xx_DFP\\1.0.8\\Device\\StdPeriph_Driver\\src\\stm32f4xx_tim.c 0x00000000   Number         0  stm32f4xx_tim.o ABSOLUTE
    D:\\Keil_v5\\ARM\\PACK\\Keil\\STM32F4xx_DFP\\1.0.8\\Device\\StdPeriph_Driver\\src\\stm32f4xx_usart.c 0x00000000   Number         0  stm32f4xx_usart.o ABSOLUTE
    RTE\Device\STM32F429ZI\startup_stm32f429_439xx.s 0x00000000   Number         0  startup_stm32f429_439xx.o ABSOLUTE
    RTE\Device\STM32F429ZI\system_stm32f4xx.c 0x00000000   Number         0  system_stm32f4xx.o ABSOLUTE
    RTE\\Device\\STM32F429ZI\\system_stm32f4xx.c 0x00000000   Number         0  system_stm32f4xx.o ABSOLUTE
    dc.s                                     0x00000000   Number         0  dc.o ABSOLUTE
    main.cpp                                 0x00000000   Number         0  main.o ABSOLUTE
    main.cpp                                 0x00000000   Number         0  main.o ABSOLUTE
    RESET                                    0x08000000   Section      428  startup_stm32f429_439xx.o(RESET)
    !!!main                                  0x080001ac   Section        8  __main.o(!!!main)
    !!!scatter                               0x080001b4   Section       52  __scatter.o(!!!scatter)
    !!handler_copy                           0x080001e8   Section       26  __scatter_copy.o(!!handler_copy)
    !!handler_zi                             0x08000204   Section       28  __scatter_zi.o(!!handler_zi)
    .ARM.Collect$$libinit$$00000000          0x08000220   Section        2  libinit.o(.ARM.Collect$$libinit$$00000000)
    .ARM.Collect$$libinit$$00000001          0x08000222   Section        4  libinit2.o(.ARM.Collect$$libinit$$00000001)
    .ARM.Collect$$libinit$$00000004          0x08000226   Section        0  libinit2.o(.ARM.Collect$$libinit$$00000004)
    .ARM.Collect$$libinit$$00000005          0x08000226   Section        8  libinit2.o(.ARM.Collect$$libinit$$00000005)
    .ARM.Collect$$libinit$$0000000A          0x0800022e   Section        0  libinit2.o(.ARM.Collect$$libinit$$0000000A)
    .ARM.Collect$$libinit$$0000000C          0x0800022e   Section        0  libinit2.o(.ARM.Collect$$libinit$$0000000C)
    .ARM.Collect$$libinit$$0000000E          0x0800022e   Section        0  libinit2.o(.ARM.Collect$$libinit$$0000000E)
    .ARM.Collect$$libinit$$00000011          0x0800022e   Section        0  libinit2.o(.ARM.Collect$$libinit$$00000011)
    .ARM.Collect$$libinit$$00000013          0x0800022e   Section        0  libinit2.o(.ARM.Collect$$libinit$$00000013)
    .ARM.Collect$$libinit$$00000015          0x0800022e   Section        0  libinit2.o(.ARM.Collect$$libinit$$00000015)
    .ARM.Collect$$libinit$$00000017          0x0800022e   Section        0  libinit2.o(.ARM.Collect$$libinit$$00000017)
    .ARM.Collect$$libinit$$00000019          0x0800022e   Section        0  libinit2.o(.ARM.Collect$$libinit$$00000019)
    .ARM.Collect$$libinit$$0000001B          0x0800022e   Section        0  libinit2.o(.ARM.Collect$$libinit$$0000001B)
    .ARM.Collect$$libinit$$0000001D          0x0800022e   Section        0  libinit2.o(.ARM.Collect$$libinit$$0000001D)
    .ARM.Collect$$libinit$$0000001F          0x0800022e   Section        0  libinit2.o(.ARM.Collect$$libinit$$0000001F)
    .ARM.Collect$$libinit$$00000021          0x0800022e   Section        0  libinit2.o(.ARM.Collect$$libinit$$00000021)
    .ARM.Collect$$libinit$$00000023          0x0800022e   Section        0  libinit2.o(.ARM.Collect$$libinit$$00000023)
    .ARM.Collect$$libinit$$00000025          0x0800022e   Section        0  libinit2.o(.ARM.Collect$$libinit$$00000025)
    .ARM.Collect$$libinit$$0000002C          0x0800022e   Section        0  libinit2.o(.ARM.Collect$$libinit$$0000002C)
    .ARM.Collect$$libinit$$0000002E          0x0800022e   Section        0  libinit2.o(.ARM.Collect$$libinit$$0000002E)
    .ARM.Collect$$libinit$$00000030          0x0800022e   Section        0  libinit2.o(.ARM.Collect$$libinit$$00000030)
    .ARM.Collect$$libinit$$00000031          0x0800022e   Section        4  libinit2.o(.ARM.Collect$$libinit$$00000031)
    .ARM.Collect$$libinit$$00000032          0x08000232   Section        0  libinit2.o(.ARM.Collect$$libinit$$00000032)
    .ARM.Collect$$libinit$$00000033          0x08000232   Section        2  libinit2.o(.ARM.Collect$$libinit$$00000033)
    .ARM.Collect$$libshutdown$$00000000      0x08000234   Section        2  libshutdown.o(.ARM.Collect$$libshutdown$$00000000)
    .ARM.Collect$$libshutdown$$00000001      0x08000236   Section        6  libshutdown2.o(.ARM.Collect$$libshutdown$$00000001)
    .ARM.Collect$$libshutdown$$00000002      0x0800023c   Section        0  libshutdown2.o(.ARM.Collect$$libshutdown$$00000002)
    .ARM.Collect$$libshutdown$$00000004      0x0800023c   Section        0  libshutdown2.o(.ARM.Collect$$libshutdown$$00000004)
    .ARM.Collect$$libshutdown$$00000007      0x0800023c   Section        0  libshutdown2.o(.ARM.Collect$$libshutdown$$00000007)
    .ARM.Collect$$libshutdown$$0000000A      0x0800023c   Section        0  libshutdown2.o(.ARM.Collect$$libshutdown$$0000000A)
    .ARM.Collect$$libshutdown$$0000000C      0x0800023c   Section        0  libshutdown2.o(.ARM.Collect$$libshutdown$$0000000C)
    .ARM.Collect$$libshutdown$$0000000F      0x0800023c   Section        0  libshutdown2.o(.ARM.Collect$$libshutdown$$0000000F)
    .ARM.Collect$$libshutdown$$00000010      0x0800023c   Section        2  libshutdown2.o(.ARM.Collect$$libshutdown$$00000010)
    .ARM.Collect$$rtentry$$00000000          0x0800023e   Section        0  __rtentry.o(.ARM.Collect$$rtentry$$00000000)
    .ARM.Collect$$rtentry$$00000002          0x0800023e   Section        0  __rtentry2.o(.ARM.Collect$$rtentry$$00000002)
    .ARM.Collect$$rtentry$$00000004          0x0800023e   Section        6  __rtentry4.o(.ARM.Collect$$rtentry$$00000004)
    .ARM.Collect$$rtentry$$00000009          0x08000244   Section        0  __rtentry2.o(.ARM.Collect$$rtentry$$00000009)
    .ARM.Collect$$rtentry$$0000000A          0x08000244   Section        4  __rtentry2.o(.ARM.Collect$$rtentry$$0000000A)
    .ARM.Collect$$rtentry$$0000000C          0x08000248   Section        0  __rtentry2.o(.ARM.Collect$$rtentry$$0000000C)
    .ARM.Collect$$rtentry$$0000000D          0x08000248   Section        8  __rtentry2.o(.ARM.Collect$$rtentry$$0000000D)
    .ARM.Collect$$rtexit$$00000000           0x08000250   Section        2  rtexit.o(.ARM.Collect$$rtexit$$00000000)
    .ARM.Collect$$rtexit$$00000002           0x08000252   Section        0  rtexit2.o(.ARM.Collect$$rtexit$$00000002)
    .ARM.Collect$$rtexit$$00000003           0x08000252   Section        4  rtexit2.o(.ARM.Collect$$rtexit$$00000003)
    .ARM.Collect$$rtexit$$00000004           0x08000256   Section        6  rtexit2.o(.ARM.Collect$$rtexit$$00000004)
    .emb_text                                0x0800025c   Section        0  maybetermalloc1.o(.emb_text)
    .text                                    0x0800025c   Section       64  startup_stm32f429_439xx.o(.text)
    $v0                                      0x0800025c   Number         0  startup_stm32f429_439xx.o(.text)
    .text                                    0x0800029c   Section        0  h1_free.o(.text)
    .text                                    0x080002ea   Section        0  aeabi_atexit.o(.text)
    .text                                    0x08000318   Section        0  heapauxi.o(.text)
    .text                                    0x08000320   Section        0  init_aeabi.o(.text)
    .text                                    0x08000344   Section        8  rt_heap_descriptor_intlibspace.o(.text)
    .text                                    0x0800034c   Section        8  rt_ddtor_pointer_addr_intlibspace.o(.text)
    .text                                    0x08000354   Section        0  hguard.o(.text)
    .text                                    0x08000358   Section        0  init_alloc.o(.text)
    .text                                    0x080003e2   Section        0  h1_alloc.o(.text)
    .text                                    0x08000440   Section        0  cxa_finalize.o(.text)
    .text                                    0x08000484   Section        8  libspace.o(.text)
    .text                                    0x0800048c   Section        0  h1_init.o(.text)
    .text                                    0x0800049a   Section        0  h1_extend.o(.text)
    .text                                    0x080004ce   Section        0  defsig_exit.o(.text)
    .text                                    0x080004d8   Section        0  defsig_rtmem_outer.o(.text)
    .text                                    0x080004e8   Section        0  sys_exit.o(.text)
    .text                                    0x080004f4   Section       74  sys_stackheap_outer.o(.text)
    .text                                    0x0800053e   Section        0  exit.o(.text)
    .text                                    0x08000550   Section        0  defsig_general.o(.text)
    .text                                    0x08000584   Section        0  defsig_rtmem_inner.o(.text)
    .text                                    0x080005d4   Section        0  sys_wrch.o(.text)
    .text                                    0x080005e2   Section        2  use_no_semi.o(.text)
    .text                                    0x080005e4   Section        0  indicate_semi.o(.text)
    i.ADC_Cmd                                0x080005e4   Section        0  stm32f4xx_adc.o(i.ADC_Cmd)
    i.ADC_CommonInit                         0x080005f8   Section        0  stm32f4xx_adc.o(i.ADC_CommonInit)
    i.ADC_Init                               0x08000624   Section        0  stm32f4xx_adc.o(i.ADC_Init)
    i.ADCx_Init                              0x08000678   Section        0  adc.o(i.ADCx_Init)
    i.Delay_Init                             0x080006f8   Section        0  delay.o(i.Delay_Init)
    i.EXTI0_IRQHandler                       0x08000720   Section        0  exti.o(i.EXTI0_IRQHandler)
    i.EXTI15_10_IRQHandler                   0x08000744   Section        0  exti.o(i.EXTI15_10_IRQHandler)
    i.EXTI1_IRQHandler                       0x080007d8   Section        0  exti.o(i.EXTI1_IRQHandler)
    i.EXTI2_IRQHandler                       0x080007fc   Section        0  exti.o(i.EXTI2_IRQHandler)
    i.EXTI3_IRQHandler                       0x08000820   Section        0  exti.o(i.EXTI3_IRQHandler)
    i.EXTI4_IRQHandler                       0x08000844   Section        0  exti.o(i.EXTI4_IRQHandler)
    i.EXTI9_5_IRQHandler                     0x08000868   Section        0  exti.o(i.EXTI9_5_IRQHandler)
    i.EXTI_ClearITPendingBit                 0x080008dc   Section        0  stm32f4xx_exti.o(i.EXTI_ClearITPendingBit)
    i.EXTI_GetITStatus                       0x080008e8   Section        0  stm32f4xx_exti.o(i.EXTI_GetITStatus)
    i.RCC_APB2PeriphClockCmd                 0x080008fc   Section        0  stm32f4xx_rcc.o(i.RCC_APB2PeriphClockCmd)
    i.SysTick_CLKSourceConfig                0x08000914   Section        0  misc.o(i.SysTick_CLKSourceConfig)
    i.SysTick_Handler                        0x0800092c   Section        0  delay.o(i.SysTick_Handler)
    i.SystemInit                             0x0800093c   Section        0  system_stm32f4xx.o(i.SystemInit)
    i.TIM1_UP_TIM10_IRQHandler               0x08000a80   Section        0  time_exti.o(i.TIM1_UP_TIM10_IRQHandler)
    i.TIM2_IRQHandler                        0x08000aac   Section        0  time_exti.o(i.TIM2_IRQHandler)
    i.TIM3_IRQHandler                        0x08000ad4   Section        0  time_exti.o(i.TIM3_IRQHandler)
    i.TIM4_IRQHandler                        0x08000b00   Section        0  time_exti.o(i.TIM4_IRQHandler)
    i.TIM5_IRQHandler                        0x08000b2c   Section        0  time_exti.o(i.TIM5_IRQHandler)
    i.TIM7_IRQHandler                        0x08000b58   Section        0  time_exti.o(i.TIM7_IRQHandler)
    i.TIM8_UP_TIM13_IRQHandler               0x08000b84   Section        0  time_exti.o(i.TIM8_UP_TIM13_IRQHandler)
    i.TIM_ClearITPendingBit                  0x08000bb0   Section        0  stm32f4xx_tim.o(i.TIM_ClearITPendingBit)
    i.TIM_GetITStatus                        0x08000bb6   Section        0  stm32f4xx_tim.o(i.TIM_GetITStatus)
    i.USART1_IRQHandler                      0x08000bcc   Section        0  usart.o(i.USART1_IRQHandler)
    i.USART2_IRQHandler                      0x08000c34   Section        0  usart.o(i.USART2_IRQHandler)
    i.USART3_IRQHandler                      0x08000c9c   Section        0  usart.o(i.USART3_IRQHandler)
    i.USART_ClearITPendingBit                0x08000d04   Section        0  stm32f4xx_usart.o(i.USART_ClearITPendingBit)
    i.USART_GetITStatus                      0x08000d12   Section        0  stm32f4xx_usart.o(i.USART_GetITStatus)
    i.USART_ReceiveData                      0x08000d5e   Section        0  stm32f4xx_usart.o(i.USART_ReceiveData)
    i._ZN7TwoWireD1Ev                        0x08000d68   Section        0  wire.o(i._ZN7TwoWireD1Ev)
    i.__sti___18_HardwareSerial_cpp_cfa1b6a6 0x08000d7c   Section        0  hardwareserial.o(i.__sti___18_HardwareSerial_cpp_cfa1b6a6)
    __sti___18_HardwareSerial_cpp_cfa1b6a6   0x08000d7d   Thumb Code    72  hardwareserial.o(i.__sti___18_HardwareSerial_cpp_cfa1b6a6)
    i.__sti___7_SPI_cpp_ce5662b4             0x08000dd8   Section        0  spi.o(i.__sti___7_SPI_cpp_ce5662b4)
    __sti___7_SPI_cpp_ce5662b4               0x08000dd9   Thumb Code    14  spi.o(i.__sti___7_SPI_cpp_ce5662b4)
    i.__sti___8_Wire_cpp_928ee5ff            0x08000df4   Section        0  wire.o(i.__sti___8_Wire_cpp_928ee5ff)
    __sti___8_Wire_cpp_928ee5ff              0x08000df5   Thumb Code    36  wire.o(i.__sti___8_Wire_cpp_928ee5ff)
    i.main                                   0x08000e28   Section        0  main.o(i.main)
    i.null_func                              0x08000e38   Section        0  arduino.o(i.null_func)
    x$fpl$fpinit                             0x08000e3a   Section       10  fpinit.o(x$fpl$fpinit)
    $v0                                      0x08000e3a   Number         0  fpinit.o(x$fpl$fpinit)
    .constdata__ZTV14HardwareSerial          0x08000e44   Section       36  hardwareserial.o(.constdata__ZTV14HardwareSerial)
    .constdata__ZTV7TwoWire                  0x08000e68   Section       16  wire.o(.constdata__ZTV7TwoWire)
    .init_array                              0x08000e98   Section        4  hardwareserial.o(.init_array)
    .init_array                              0x08000e9c   Section        4  wire.o(.init_array)
    .init_array                              0x08000ea0   Section        4  spi.o(.init_array)
    .init_array                              0x08000ea4   Section        0  init_aeabi.o(.init_array)
    .data                                    0x20000000   Section        4  delay.o(.data)
    .data                                    0x20000004   Section       24  usart.o(.data)
    .data                                    0x2000001c   Section       32  time_exti.o(.data)
    .data                                    0x2000003c   Section       64  exti.o(.data)
    .bss                                     0x2000007c   Section       72  hardwareserial.o(.bss)
    .bss                                     0x200000c4   Section       88  wire.o(.bss)
    .bss                                     0x2000011c   Section       48  spi.o(.bss)
    .bss                                     0x2000014c   Section      384  usart.o(.bss)
    .bss                                     0x200002cc   Section       96  libspace.o(.bss)
    HEAP                                     0x20000330   Section      512  startup_stm32f429_439xx.o(HEAP)
    Heap_Mem                                 0x20000330   Data         512  startup_stm32f429_439xx.o(HEAP)
    STACK                                    0x20000530   Section     1024  startup_stm32f429_439xx.o(STACK)
    Stack_Mem                                0x20000530   Data        1024  startup_stm32f429_439xx.o(STACK)
    __initial_sp                             0x20000930   Data           0  startup_stm32f429_439xx.o(STACK)

    Global Symbols

    Symbol Name                              Value     Ov Type        Size  Object(Section)

    BuildAttributes$$THM_ISAv4$E$P$D$K$B$S$7EM$VFPi3$EXTD16$VFPS$VFMA$PE$A:L22UL41UL21$X:L11$S22US41US21$IEEE1$IW$USESV6$~STKCKD$USESV7$~SHL$OTIME$ROPI$IEEEX$EBA8$UX$STANDARDLIB$REQ8$PRES8$EABIv2 0x00000000   Number         0  anon$$obj.o ABSOLUTE
    __ARM_use_no_argv                        0x00000000   Number         0  main.o ABSOLUTE
    _printf_flags                            0x00000000   Number         0  printf_stubs.o ABSOLUTE
    _printf_return_value                     0x00000000   Number         0  printf_stubs.o ABSOLUTE
    _printf_sizespec                         0x00000000   Number         0  printf_stubs.o ABSOLUTE
    _printf_widthprec                        0x00000000   Number         0  printf_stubs.o ABSOLUTE
    __ARM::default_unexpected_handler()       - Undefined Weak Reference
    typeinfo for Printable                    - Undefined Weak Reference
    __ARM_exceptions_buffer_required          - Undefined Weak Reference
    __ARM_exceptions_init                     - Undefined Weak Reference
    __alloca_initialize                       - Undefined Weak Reference
    __arm_preinit_                            - Undefined Weak Reference
    __sigvec_lookup                           - Undefined Weak Reference
    __user_heap_extent                        - Undefined Weak Reference
    _atexit_init                              - Undefined Weak Reference
    _call_atexit_fns                          - Undefined Weak Reference
    _clock_init                               - Undefined Weak Reference
    _fp_trap_init                             - Undefined Weak Reference
    _fp_trap_shutdown                         - Undefined Weak Reference
    _get_lc_collate                           - Undefined Weak Reference
    _get_lc_monetary                          - Undefined Weak Reference
    _get_lc_time                              - Undefined Weak Reference
    _getenv_init                              - Undefined Weak Reference
    _handle_redirection                       - Undefined Weak Reference
    _initio                                   - Undefined Weak Reference
    _mutex_acquire                            - Undefined Weak Reference
    _mutex_free                               - Undefined Weak Reference
    _mutex_release                            - Undefined Weak Reference
    _printf_mbtowc                            - Undefined Weak Reference
    _printf_wc                                - Undefined Weak Reference
    _signal_finish                            - Undefined Weak Reference
    _signal_init                              - Undefined Weak Reference
    _terminateio                              - Undefined Weak Reference
    __Vectors_Size                           0x000001ac   Number         0  startup_stm32f429_439xx.o ABSOLUTE
    __Vectors                                0x08000000   Data           4  startup_stm32f429_439xx.o(RESET)
    __dso_handle                             0x08000000   Number         0  startup_stm32f429_439xx.o(RESET)
    __Vectors_End                            0x080001ac   Data           0  startup_stm32f429_439xx.o(RESET)
    __main                                   0x080001ad   Thumb Code     8  __main.o(!!!main)
    __scatterload                            0x080001b5   Thumb Code     0  __scatter.o(!!!scatter)
    __scatterload_rt2                        0x080001b5   Thumb Code    44  __scatter.o(!!!scatter)
    __scatterload_rt2_thumb_only             0x080001b5   Thumb Code     0  __scatter.o(!!!scatter)
    __scatterload_null                       0x080001c3   Thumb Code     0  __scatter.o(!!!scatter)
    __scatterload_copy                       0x080001e9   Thumb Code    26  __scatter_copy.o(!!handler_copy)
    __scatterload_zeroinit                   0x08000205   Thumb Code    28  __scatter_zi.o(!!handler_zi)
    __rt_lib_init                            0x08000221   Thumb Code     0  libinit.o(.ARM.Collect$$libinit$$00000000)
    __rt_lib_init_fp_1                       0x08000223   Thumb Code     0  libinit2.o(.ARM.Collect$$libinit$$00000001)
    __rt_lib_init_heap_2                     0x08000227   Thumb Code     0  libinit2.o(.ARM.Collect$$libinit$$00000005)
    __rt_lib_init_preinit_1                  0x08000227   Thumb Code     0  libinit2.o(.ARM.Collect$$libinit$$00000004)
    __rt_lib_init_alloca_1                   0x0800022f   Thumb Code     0  libinit2.o(.ARM.Collect$$libinit$$0000002E)
    __rt_lib_init_argv_1                     0x0800022f   Thumb Code     0  libinit2.o(.ARM.Collect$$libinit$$0000002C)
    __rt_lib_init_atexit_1                   0x0800022f   Thumb Code     0  libinit2.o(.ARM.Collect$$libinit$$0000001B)
    __rt_lib_init_clock_1                    0x0800022f   Thumb Code     0  libinit2.o(.ARM.Collect$$libinit$$00000021)
    __rt_lib_init_cpp_2                      0x0800022f   Thumb Code     0  libinit2.o(.ARM.Collect$$libinit$$00000031)
    __rt_lib_init_exceptions_1               0x0800022f   Thumb Code     0  libinit2.o(.ARM.Collect$$libinit$$00000030)
    __rt_lib_init_fp_trap_1                  0x0800022f   Thumb Code     0  libinit2.o(.ARM.Collect$$libinit$$0000001F)
    __rt_lib_init_getenv_1                   0x0800022f   Thumb Code     0  libinit2.o(.ARM.Collect$$libinit$$00000023)
    __rt_lib_init_heap_1                     0x0800022f   Thumb Code     0  libinit2.o(.ARM.Collect$$libinit$$0000000A)
    __rt_lib_init_lc_collate_1               0x0800022f   Thumb Code     0  libinit2.o(.ARM.Collect$$libinit$$00000011)
    __rt_lib_init_lc_ctype_1                 0x0800022f   Thumb Code     0  libinit2.o(.ARM.Collect$$libinit$$00000013)
    __rt_lib_init_lc_monetary_1              0x0800022f   Thumb Code     0  libinit2.o(.ARM.Collect$$libinit$$00000015)
    __rt_lib_init_lc_numeric_1               0x0800022f   Thumb Code     0  libinit2.o(.ARM.Collect$$libinit$$00000017)
    __rt_lib_init_lc_time_1                  0x0800022f   Thumb Code     0  libinit2.o(.ARM.Collect$$libinit$$00000019)
    __rt_lib_init_rand_1                     0x0800022f   Thumb Code     0  libinit2.o(.ARM.Collect$$libinit$$0000000E)
    __rt_lib_init_signal_1                   0x0800022f   Thumb Code     0  libinit2.o(.ARM.Collect$$libinit$$0000001D)
    __rt_lib_init_stdio_1                    0x0800022f   Thumb Code     0  libinit2.o(.ARM.Collect$$libinit$$00000025)
    __rt_lib_init_user_alloc_1               0x0800022f   Thumb Code     0  libinit2.o(.ARM.Collect$$libinit$$0000000C)
    __rt_lib_init_cpp_1                      0x08000233   Thumb Code     0  libinit2.o(.ARM.Collect$$libinit$$00000032)
    __rt_lib_init_return                     0x08000233   Thumb Code     0  libinit2.o(.ARM.Collect$$libinit$$00000033)
    __rt_lib_shutdown                        0x08000235   Thumb Code     0  libshutdown.o(.ARM.Collect$$libshutdown$$00000000)
    __rt_lib_shutdown_cpp_2                  0x08000237   Thumb Code     0  libshutdown2.o(.ARM.Collect$$libshutdown$$00000001)
    __rt_lib_shutdown_cpp_1                  0x0800023d   Thumb Code     0  libshutdown2.o(.ARM.Collect$$libshutdown$$00000002)
    __rt_lib_shutdown_fp_trap_1              0x0800023d   Thumb Code     0  libshutdown2.o(.ARM.Collect$$libshutdown$$00000007)
    __rt_lib_shutdown_heap_1                 0x0800023d   Thumb Code     0  libshutdown2.o(.ARM.Collect$$libshutdown$$0000000F)
    __rt_lib_shutdown_return                 0x0800023d   Thumb Code     0  libshutdown2.o(.ARM.Collect$$libshutdown$$00000010)
    __rt_lib_shutdown_signal_1               0x0800023d   Thumb Code     0  libshutdown2.o(.ARM.Collect$$libshutdown$$0000000A)
    __rt_lib_shutdown_stdio_1                0x0800023d   Thumb Code     0  libshutdown2.o(.ARM.Collect$$libshutdown$$00000004)
    __rt_lib_shutdown_user_alloc_1           0x0800023d   Thumb Code     0  libshutdown2.o(.ARM.Collect$$libshutdown$$0000000C)
    __rt_entry                               0x0800023f   Thumb Code     0  __rtentry.o(.ARM.Collect$$rtentry$$00000000)
    __rt_entry_presh_1                       0x0800023f   Thumb Code     0  __rtentry2.o(.ARM.Collect$$rtentry$$00000002)
    __rt_entry_sh                            0x0800023f   Thumb Code     0  __rtentry4.o(.ARM.Collect$$rtentry$$00000004)
    __rt_entry_li                            0x08000245   Thumb Code     0  __rtentry2.o(.ARM.Collect$$rtentry$$0000000A)
    __rt_entry_postsh_1                      0x08000245   Thumb Code     0  __rtentry2.o(.ARM.Collect$$rtentry$$00000009)
    __rt_entry_main                          0x08000249   Thumb Code     0  __rtentry2.o(.ARM.Collect$$rtentry$$0000000D)
    __rt_entry_postli_1                      0x08000249   Thumb Code     0  __rtentry2.o(.ARM.Collect$$rtentry$$0000000C)
    __rt_exit                                0x08000251   Thumb Code     0  rtexit.o(.ARM.Collect$$rtexit$$00000000)
    __rt_exit_ls                             0x08000253   Thumb Code     0  rtexit2.o(.ARM.Collect$$rtexit$$00000003)
    __rt_exit_prels_1                        0x08000253   Thumb Code     0  rtexit2.o(.ARM.Collect$$rtexit$$00000002)
    __rt_exit_exit                           0x08000257   Thumb Code     0  rtexit2.o(.ARM.Collect$$rtexit$$00000004)
    Reset_Handler                            0x0800025d   Thumb Code     8  startup_stm32f429_439xx.o(.text)
    _maybe_terminate_alloc                   0x0800025d   Thumb Code     0  maybetermalloc1.o(.emb_text)
    NMI_Handler                              0x08000265   Thumb Code     2  startup_stm32f429_439xx.o(.text)
    HardFault_Handler                        0x08000267   Thumb Code     2  startup_stm32f429_439xx.o(.text)
    MemManage_Handler                        0x08000269   Thumb Code     2  startup_stm32f429_439xx.o(.text)
    BusFault_Handler                         0x0800026b   Thumb Code     2  startup_stm32f429_439xx.o(.text)
    UsageFault_Handler                       0x0800026d   Thumb Code     2  startup_stm32f429_439xx.o(.text)
    SVC_Handler                              0x0800026f   Thumb Code     2  startup_stm32f429_439xx.o(.text)
    DebugMon_Handler                         0x08000271   Thumb Code     2  startup_stm32f429_439xx.o(.text)
    PendSV_Handler                           0x08000273   Thumb Code     2  startup_stm32f429_439xx.o(.text)
    ADC_IRQHandler                           0x08000277   Thumb Code     0  startup_stm32f429_439xx.o(.text)
    CAN1_RX0_IRQHandler                      0x08000277   Thumb Code     0  startup_stm32f429_439xx.o(.text)
    CAN1_RX1_IRQHandler                      0x08000277   Thumb Code     0  startup_stm32f429_439xx.o(.text)
    CAN1_SCE_IRQHandler                      0x08000277   Thumb Code     0  startup_stm32f429_439xx.o(.text)
    CAN1_TX_IRQHandler                       0x08000277   Thumb Code     0  startup_stm32f429_439xx.o(.text)
    CAN2_RX0_IRQHandler                      0x08000277   Thumb Code     0  startup_stm32f429_439xx.o(.text)
    CAN2_RX1_IRQHandler                      0x08000277   Thumb Code     0  startup_stm32f429_439xx.o(.text)
    CAN2_SCE_IRQHandler                      0x08000277   Thumb Code     0  startup_stm32f429_439xx.o(.text)
    CAN2_TX_IRQHandler                       0x08000277   Thumb Code     0  startup_stm32f429_439xx.o(.text)
    CRYP_IRQHandler                          0x08000277   Thumb Code     0  startup_stm32f429_439xx.o(.text)
    DCMI_IRQHandler                          0x08000277   Thumb Code     0  startup_stm32f429_439xx.o(.text)
    DMA1_Stream0_IRQHandler                  0x08000277   Thumb Code     0  startup_stm32f429_439xx.o(.text)
    DMA1_Stream1_IRQHandler                  0x08000277   Thumb Code     0  startup_stm32f429_439xx.o(.text)
    DMA1_Stream2_IRQHandler                  0x08000277   Thumb Code     0  startup_stm32f429_439xx.o(.text)
    DMA1_Stream3_IRQHandler                  0x08000277   Thumb Code     0  startup_stm32f429_439xx.o(.text)
    DMA1_Stream4_IRQHandler                  0x08000277   Thumb Code     0  startup_stm32f429_439xx.o(.text)
    DMA1_Stream5_IRQHandler                  0x08000277   Thumb Code     0  startup_stm32f429_439xx.o(.text)
    DMA1_Stream6_IRQHandler                  0x08000277   Thumb Code     0  startup_stm32f429_439xx.o(.text)
    DMA1_Stream7_IRQHandler                  0x08000277   Thumb Code     0  startup_stm32f429_439xx.o(.text)
    DMA2D_IRQHandler                         0x08000277   Thumb Code     0  startup_stm32f429_439xx.o(.text)
    DMA2_Stream0_IRQHandler                  0x08000277   Thumb Code     0  startup_stm32f429_439xx.o(.text)
    DMA2_Stream1_IRQHandler                  0x08000277   Thumb Code     0  startup_stm32f429_439xx.o(.text)
    DMA2_Stream2_IRQHandler                  0x08000277   Thumb Code     0  startup_stm32f429_439xx.o(.text)
    DMA2_Stream3_IRQHandler                  0x08000277   Thumb Code     0  startup_stm32f429_439xx.o(.text)
    DMA2_Stream4_IRQHandler                  0x08000277   Thumb Code     0  startup_stm32f429_439xx.o(.text)
    DMA2_Stream5_IRQHandler                  0x08000277   Thumb Code     0  startup_stm32f429_439xx.o(.text)
    DMA2_Stream6_IRQHandler                  0x08000277   Thumb Code     0  startup_stm32f429_439xx.o(.text)
    DMA2_Stream7_IRQHandler                  0x08000277   Thumb Code     0  startup_stm32f429_439xx.o(.text)
    ETH_IRQHandler                           0x08000277   Thumb Code     0  startup_stm32f429_439xx.o(.text)
    ETH_WKUP_IRQHandler                      0x08000277   Thumb Code     0  startup_stm32f429_439xx.o(.text)
    FLASH_IRQHandler                         0x08000277   Thumb Code     0  startup_stm32f429_439xx.o(.text)
    FMC_IRQHandler                           0x08000277   Thumb Code     0  startup_stm32f429_439xx.o(.text)
    FPU_IRQHandler                           0x08000277   Thumb Code     0  startup_stm32f429_439xx.o(.text)
    HASH_RNG_IRQHandler                      0x08000277   Thumb Code     0  startup_stm32f429_439xx.o(.text)
    I2C1_ER_IRQHandler                       0x08000277   Thumb Code     0  startup_stm32f429_439xx.o(.text)
    I2C1_EV_IRQHandler                       0x08000277   Thumb Code     0  startup_stm32f429_439xx.o(.text)
    I2C2_ER_IRQHandler                       0x08000277   Thumb Code     0  startup_stm32f429_439xx.o(.text)
    I2C2_EV_IRQHandler                       0x08000277   Thumb Code     0  startup_stm32f429_439xx.o(.text)
    I2C3_ER_IRQHandler                       0x08000277   Thumb Code     0  startup_stm32f429_439xx.o(.text)
    I2C3_EV_IRQHandler                       0x08000277   Thumb Code     0  startup_stm32f429_439xx.o(.text)
    LTDC_ER_IRQHandler                       0x08000277   Thumb Code     0  startup_stm32f429_439xx.o(.text)
    LTDC_IRQHandler                          0x08000277   Thumb Code     0  startup_stm32f429_439xx.o(.text)
    OTG_FS_IRQHandler                        0x08000277   Thumb Code     0  startup_stm32f429_439xx.o(.text)
    OTG_FS_WKUP_IRQHandler                   0x08000277   Thumb Code     0  startup_stm32f429_439xx.o(.text)
    OTG_HS_EP1_IN_IRQHandler                 0x08000277   Thumb Code     0  startup_stm32f429_439xx.o(.text)
    OTG_HS_EP1_OUT_IRQHandler                0x08000277   Thumb Code     0  startup_stm32f429_439xx.o(.text)
    OTG_HS_IRQHandler                        0x08000277   Thumb Code     0  startup_stm32f429_439xx.o(.text)
    OTG_HS_WKUP_IRQHandler                   0x08000277   Thumb Code     0  startup_stm32f429_439xx.o(.text)
    PVD_IRQHandler                           0x08000277   Thumb Code     0  startup_stm32f429_439xx.o(.text)
    RCC_IRQHandler                           0x08000277   Thumb Code     0  startup_stm32f429_439xx.o(.text)
    RTC_Alarm_IRQHandler                     0x08000277   Thumb Code     0  startup_stm32f429_439xx.o(.text)
    RTC_WKUP_IRQHandler                      0x08000277   Thumb Code     0  startup_stm32f429_439xx.o(.text)
    SAI1_IRQHandler                          0x08000277   Thumb Code     0  startup_stm32f429_439xx.o(.text)
    SDIO_IRQHandler                          0x08000277   Thumb Code     0  startup_stm32f429_439xx.o(.text)
    SPI1_IRQHandler                          0x08000277   Thumb Code     0  startup_stm32f429_439xx.o(.text)
    SPI2_IRQHandler                          0x08000277   Thumb Code     0  startup_stm32f429_439xx.o(.text)
    SPI3_IRQHandler                          0x08000277   Thumb Code     0  startup_stm32f429_439xx.o(.text)
    SPI4_IRQHandler                          0x08000277   Thumb Code     0  startup_stm32f429_439xx.o(.text)
    SPI5_IRQHandler                          0x08000277   Thumb Code     0  startup_stm32f429_439xx.o(.text)
    SPI6_IRQHandler                          0x08000277   Thumb Code     0  startup_stm32f429_439xx.o(.text)
    TAMP_STAMP_IRQHandler                    0x08000277   Thumb Code     0  startup_stm32f429_439xx.o(.text)
    TIM1_BRK_TIM9_IRQHandler                 0x08000277   Thumb Code     0  startup_stm32f429_439xx.o(.text)
    TIM1_CC_IRQHandler                       0x08000277   Thumb Code     0  startup_stm32f429_439xx.o(.text)
    TIM1_TRG_COM_TIM11_IRQHandler            0x08000277   Thumb Code     0  startup_stm32f429_439xx.o(.text)
    TIM6_DAC_IRQHandler                      0x08000277   Thumb Code     0  startup_stm32f429_439xx.o(.text)
    TIM8_BRK_TIM12_IRQHandler                0x08000277   Thumb Code     0  startup_stm32f429_439xx.o(.text)
    TIM8_CC_IRQHandler                       0x08000277   Thumb Code     0  startup_stm32f429_439xx.o(.text)
    TIM8_TRG_COM_TIM14_IRQHandler            0x08000277   Thumb Code     0  startup_stm32f429_439xx.o(.text)
    UART4_IRQHandler                         0x08000277   Thumb Code     0  startup_stm32f429_439xx.o(.text)
    UART5_IRQHandler                         0x08000277   Thumb Code     0  startup_stm32f429_439xx.o(.text)
    UART7_IRQHandler                         0x08000277   Thumb Code     0  startup_stm32f429_439xx.o(.text)
    UART8_IRQHandler                         0x08000277   Thumb Code     0  startup_stm32f429_439xx.o(.text)
    USART6_IRQHandler                        0x08000277   Thumb Code     0  startup_stm32f429_439xx.o(.text)
    WWDG_IRQHandler                          0x08000277   Thumb Code     0  startup_stm32f429_439xx.o(.text)
    __user_initial_stackheap                 0x08000279   Thumb Code     0  startup_stm32f429_439xx.o(.text)
    free                                     0x0800029d   Thumb Code    78  h1_free.o(.text)
    __aeabi_atexit                           0x080002eb   Thumb Code    46  aeabi_atexit.o(.text)
    __use_two_region_memory                  0x08000319   Thumb Code     2  heapauxi.o(.text)
    __rt_heap_escrow                         0x0800031b   Thumb Code     2  heapauxi.o(.text)
    __rt_heap_expand                         0x0800031d   Thumb Code     2  heapauxi.o(.text)
    __cpp_initialize__aeabi_                 0x08000321   Thumb Code    26  init_aeabi.o(.text)
    __rt_heap_descriptor                     0x08000345   Thumb Code     8  rt_heap_descriptor_intlibspace.o(.text)
    __rt_ddtor_pointer_addr                  0x0800034d   Thumb Code     8  rt_ddtor_pointer_addr_intlibspace.o(.text)
    __use_no_heap                            0x08000355   Thumb Code     2  hguard.o(.text)
    __heap$guard                             0x08000357   Thumb Code     2  hguard.o(.text)
    _terminate_user_alloc                    0x08000359   Thumb Code     2  init_alloc.o(.text)
    _init_user_alloc                         0x0800035b   Thumb Code     2  init_alloc.o(.text)
    __Heap_Full                              0x0800035d   Thumb Code    34  init_alloc.o(.text)
    __Heap_Broken                            0x0800037f   Thumb Code     6  init_alloc.o(.text)
    _init_alloc                              0x08000385   Thumb Code    94  init_alloc.o(.text)
    malloc                                   0x080003e3   Thumb Code    94  h1_alloc.o(.text)
    __cxa_finalize                           0x08000441   Thumb Code    66  cxa_finalize.o(.text)
    __user_libspace                          0x08000485   Thumb Code     8  libspace.o(.text)
    __user_perproc_libspace                  0x08000485   Thumb Code     0  libspace.o(.text)
    __user_perthread_libspace                0x08000485   Thumb Code     0  libspace.o(.text)
    __Heap_Initialize                        0x0800048d   Thumb Code    10  h1_init.o(.text)
    __Heap_DescSize                          0x08000497   Thumb Code     4  h1_init.o(.text)
    __Heap_ProvideMemory                     0x0800049b   Thumb Code    52  h1_extend.o(.text)
    __sig_exit                               0x080004cf   Thumb Code    10  defsig_exit.o(.text)
    __rt_SIGRTMEM                            0x080004d9   Thumb Code    14  defsig_rtmem_outer.o(.text)
    _sys_exit                                0x080004e9   Thumb Code     8  sys_exit.o(.text)
    __user_setup_stackheap                   0x080004f5   Thumb Code    74  sys_stackheap_outer.o(.text)
    exit                                     0x0800053f   Thumb Code    18  exit.o(.text)
    __default_signal_display                 0x08000551   Thumb Code    50  defsig_general.o(.text)
    __rt_SIGRTMEM_inner                      0x08000585   Thumb Code    22  defsig_rtmem_inner.o(.text)
    _ttywrch                                 0x080005d5   Thumb Code    14  sys_wrch.o(.text)
    __I$use$semihosting                      0x080005e3   Thumb Code     0  use_no_semi.o(.text)
    __use_no_semihosting_swi                 0x080005e3   Thumb Code     2  use_no_semi.o(.text)
    ADC_Cmd                                  0x080005e5   Thumb Code    18  stm32f4xx_adc.o(i.ADC_Cmd)
    __semihosting_library_function           0x080005e5   Thumb Code     0  indicate_semi.o(.text)
    ADC_CommonInit                           0x080005f9   Thumb Code    36  stm32f4xx_adc.o(i.ADC_CommonInit)
    ADC_Init                                 0x08000625   Thumb Code    80  stm32f4xx_adc.o(i.ADC_Init)
    ADCx_Init                                0x08000679   Thumb Code   124  adc.o(i.ADCx_Init)
    Delay_Init                               0x080006f9   Thumb Code    30  delay.o(i.Delay_Init)
    EXTI0_IRQHandler                         0x08000721   Thumb Code    30  exti.o(i.EXTI0_IRQHandler)
    EXTI15_10_IRQHandler                     0x08000745   Thumb Code   144  exti.o(i.EXTI15_10_IRQHandler)
    EXTI1_IRQHandler                         0x080007d9   Thumb Code    30  exti.o(i.EXTI1_IRQHandler)
    EXTI2_IRQHandler                         0x080007fd   Thumb Code    30  exti.o(i.EXTI2_IRQHandler)
    EXTI3_IRQHandler                         0x08000821   Thumb Code    30  exti.o(i.EXTI3_IRQHandler)
    EXTI4_IRQHandler                         0x08000845   Thumb Code    30  exti.o(i.EXTI4_IRQHandler)
    EXTI9_5_IRQHandler                       0x08000869   Thumb Code   110  exti.o(i.EXTI9_5_IRQHandler)
    EXTI_ClearITPendingBit                   0x080008dd   Thumb Code     6  stm32f4xx_exti.o(i.EXTI_ClearITPendingBit)
    EXTI_GetITStatus                         0x080008e9   Thumb Code    16  stm32f4xx_exti.o(i.EXTI_GetITStatus)
    RCC_APB2PeriphClockCmd                   0x080008fd   Thumb Code    18  stm32f4xx_rcc.o(i.RCC_APB2PeriphClockCmd)
    SysTick_CLKSourceConfig                  0x08000915   Thumb Code    22  misc.o(i.SysTick_CLKSourceConfig)
    SysTick_Handler                          0x0800092d   Thumb Code    10  delay.o(i.SysTick_Handler)
    SystemInit                               0x0800093d   Thumb Code   286  system_stm32f4xx.o(i.SystemInit)
    TIM1_UP_TIM10_IRQHandler                 0x08000a81   Thumb Code    36  time_exti.o(i.TIM1_UP_TIM10_IRQHandler)
    TIM2_IRQHandler                          0x08000aad   Thumb Code    34  time_exti.o(i.TIM2_IRQHandler)
    TIM3_IRQHandler                          0x08000ad5   Thumb Code    36  time_exti.o(i.TIM3_IRQHandler)
    TIM4_IRQHandler                          0x08000b01   Thumb Code    36  time_exti.o(i.TIM4_IRQHandler)
    TIM5_IRQHandler                          0x08000b2d   Thumb Code    36  time_exti.o(i.TIM5_IRQHandler)
    TIM7_IRQHandler                          0x08000b59   Thumb Code    36  time_exti.o(i.TIM7_IRQHandler)
    TIM8_UP_TIM13_IRQHandler                 0x08000b85   Thumb Code    36  time_exti.o(i.TIM8_UP_TIM13_IRQHandler)
    TIM_ClearITPendingBit                    0x08000bb1   Thumb Code     6  stm32f4xx_tim.o(i.TIM_ClearITPendingBit)
    TIM_GetITStatus                          0x08000bb7   Thumb Code    22  stm32f4xx_tim.o(i.TIM_GetITStatus)
    USART1_IRQHandler                        0x08000bcd   Thumb Code    84  usart.o(i.USART1_IRQHandler)
    USART2_IRQHandler                        0x08000c35   Thumb Code    84  usart.o(i.USART2_IRQHandler)
    USART3_IRQHandler                        0x08000c9d   Thumb Code    84  usart.o(i.USART3_IRQHandler)
    USART_ClearITPendingBit                  0x08000d05   Thumb Code    14  stm32f4xx_usart.o(i.USART_ClearITPendingBit)
    USART_GetITStatus                        0x08000d13   Thumb Code    76  stm32f4xx_usart.o(i.USART_GetITStatus)
    USART_ReceiveData                        0x08000d5f   Thumb Code     8  stm32f4xx_usart.o(i.USART_ReceiveData)
    TwoWire::~TwoWire()                      0x08000d69   Thumb Code    16  wire.o(i._ZN7TwoWireD1Ev)
    TwoWire::~TwoWire__sub_object()          0x08000d69   Thumb Code     0  wire.o(i._ZN7TwoWireD1Ev)
    main                                     0x08000e29   Thumb Code    12  main.o(i.main)
    null_func                                0x08000e39   Thumb Code     2  arduino.o(i.null_func)
    _fp_init                                 0x08000e3b   Thumb Code    10  fpinit.o(x$fpl$fpinit)
    __fplib_config_fpu_vfp                   0x08000e43   Thumb Code     0  fpinit.o(x$fpl$fpinit)
    __fplib_config_pureend_doubles           0x08000e43   Thumb Code     0  fpinit.o(x$fpl$fpinit)
    vtable for HardwareSerial                0x08000e44   Data          36  hardwareserial.o(.constdata__ZTV14HardwareSerial)
    vtable for TwoWire                       0x08000e68   Data          16  wire.o(.constdata__ZTV7TwoWire)
    Region$$Table$$Base                      0x08000e78   Number         0  anon$$obj.o(Region$$Table)
    Region$$Table$$Limit                     0x08000e98   Number         0  anon$$obj.o(Region$$Table)
    SHT$$INIT_ARRAY$$Base                    0x08000e98   Number         0  hardwareserial.o(.init_array)
    SHT$$INIT_ARRAY$$Limit                   0x08000ea4   Number         0  init_aeabi.o(.init_array)
    System_ms                                0x20000000   Data           4  delay.o(.data)
    _rx_buffer_head                          0x20000004   Data           6  usart.o(.data)
    _rx_buffer_tail                          0x2000000a   Data           6  usart.o(.data)
    USART_Function                           0x20000010   Data          12  usart.o(.data)
    TIM_func                                 0x2000001c   Data          32  time_exti.o(.data)
    EXIT_func                                0x2000003c   Data          64  exti.o(.data)
    Serial                                   0x2000007c   Data          24  hardwareserial.o(.bss)
    Serial2                                  0x20000094   Data          24  hardwareserial.o(.bss)
    Serial3                                  0x200000ac   Data          24  hardwareserial.o(.bss)
    Wire                                     0x200000c4   Data          88  wire.o(.bss)
    SPI                                      0x2000011c   Data          24  spi.o(.bss)
    SPI_2                                    0x20000134   Data          24  spi.o(.bss)
    _rx_buffer                               0x2000014c   Data         384  usart.o(.bss)
    __libspace_start                         0x200002cc   Data          96  libspace.o(.bss)
    __temporary_stack_top$libspace           0x2000032c   Data           0  libspace.o(.bss)



==============================================================================

Memory Map of the image

  Image Entry point : 0x080001ad

  Load Region LR_IROM1 (Base: 0x08000000, Size: 0x00000f20, Max: 0x00200000, ABSOLUTE)

    Execution Region ER_IROM1 (Exec base: 0x08000000, Load base: 0x08000000, Size: 0x00000ea4, Max: 0x00200000, ABSOLUTE)

    Exec Addr    Load Addr    Size         Type   Attr      Idx    E Section Name        Object

    0x08000000   0x08000000   0x000001ac   Data   RO         5873    RESET               startup_stm32f429_439xx.o
    0x080001ac   0x080001ac   0x00000008   Code   RO         6059  * !!!main             c_w.l(__main.o)
    0x080001b4   0x080001b4   0x00000034   Code   RO         6731    !!!scatter          c_w.l(__scatter.o)
    0x080001e8   0x080001e8   0x0000001a   Code   RO         6733    !!handler_copy      c_w.l(__scatter_copy.o)
    0x08000202   0x08000202   0x00000002   PAD
    0x08000204   0x08000204   0x0000001c   Code   RO         6735    !!handler_zi        c_w.l(__scatter_zi.o)
    0x08000220   0x08000220   0x00000002   Code   RO         6613    .ARM.Collect$$libinit$$00000000  c_w.l(libinit.o)
    0x08000222   0x08000222   0x00000004   Code   RO         6370    .ARM.Collect$$libinit$$00000001  c_w.l(libinit2.o)
    0x08000226   0x08000226   0x00000000   Code   RO         6373    .ARM.Collect$$libinit$$00000004  c_w.l(libinit2.o)
    0x08000226   0x08000226   0x00000008   Code   RO         6374    .ARM.Collect$$libinit$$00000005  c_w.l(libinit2.o)
    0x0800022e   0x0800022e   0x00000000   Code   RO         6376    .ARM.Collect$$libinit$$0000000A  c_w.l(libinit2.o)
    0x0800022e   0x0800022e   0x00000000   Code   RO         6378    .ARM.Collect$$libinit$$0000000C  c_w.l(libinit2.o)
    0x0800022e   0x0800022e   0x00000000   Code   RO         6380    .ARM.Collect$$libinit$$0000000E  c_w.l(libinit2.o)
    0x0800022e   0x0800022e   0x00000000   Code   RO         6383    .ARM.Collect$$libinit$$00000011  c_w.l(libinit2.o)
    0x0800022e   0x0800022e   0x00000000   Code   RO         6385    .ARM.Collect$$libinit$$00000013  c_w.l(libinit2.o)
    0x0800022e   0x0800022e   0x00000000   Code   RO         6387    .ARM.Collect$$libinit$$00000015  c_w.l(libinit2.o)
    0x0800022e   0x0800022e   0x00000000   Code   RO         6389    .ARM.Collect$$libinit$$00000017  c_w.l(libinit2.o)
    0x0800022e   0x0800022e   0x00000000   Code   RO         6391    .ARM.Collect$$libinit$$00000019  c_w.l(libinit2.o)
    0x0800022e   0x0800022e   0x00000000   Code   RO         6393    .ARM.Collect$$libinit$$0000001B  c_w.l(libinit2.o)
    0x0800022e   0x0800022e   0x00000000   Code   RO         6395    .ARM.Collect$$libinit$$0000001D  c_w.l(libinit2.o)
    0x0800022e   0x0800022e   0x00000000   Code   RO         6397    .ARM.Collect$$libinit$$0000001F  c_w.l(libinit2.o)
    0x0800022e   0x0800022e   0x00000000   Code   RO         6399    .ARM.Collect$$libinit$$00000021  c_w.l(libinit2.o)
    0x0800022e   0x0800022e   0x00000000   Code   RO         6401    .ARM.Collect$$libinit$$00000023  c_w.l(libinit2.o)
    0x0800022e   0x0800022e   0x00000000   Code   RO         6403    .ARM.Collect$$libinit$$00000025  c_w.l(libinit2.o)
    0x0800022e   0x0800022e   0x00000000   Code   RO         6407    .ARM.Collect$$libinit$$0000002C  c_w.l(libinit2.o)
    0x0800022e   0x0800022e   0x00000000   Code   RO         6409    .ARM.Collect$$libinit$$0000002E  c_w.l(libinit2.o)
    0x0800022e   0x0800022e   0x00000000   Code   RO         6411    .ARM.Collect$$libinit$$00000030  c_w.l(libinit2.o)
    0x0800022e   0x0800022e   0x00000004   Code   RO         6412    .ARM.Collect$$libinit$$00000031  c_w.l(libinit2.o)
    0x08000232   0x08000232   0x00000000   Code   RO         6413    .ARM.Collect$$libinit$$00000032  c_w.l(libinit2.o)
    0x08000232   0x08000232   0x00000002   Code   RO         6414    .ARM.Collect$$libinit$$00000033  c_w.l(libinit2.o)
    0x08000234   0x08000234   0x00000002   Code   RO         6689    .ARM.Collect$$libshutdown$$00000000  c_w.l(libshutdown.o)
    0x08000236   0x08000236   0x00000006   Code   RO         6534    .ARM.Collect$$libshutdown$$00000001  c_w.l(libshutdown2.o)
    0x0800023c   0x0800023c   0x00000000   Code   RO         6535    .ARM.Collect$$libshutdown$$00000002  c_w.l(libshutdown2.o)
    0x0800023c   0x0800023c   0x00000000   Code   RO         6537    .ARM.Collect$$libshutdown$$00000004  c_w.l(libshutdown2.o)
    0x0800023c   0x0800023c   0x00000000   Code   RO         6540    .ARM.Collect$$libshutdown$$00000007  c_w.l(libshutdown2.o)
    0x0800023c   0x0800023c   0x00000000   Code   RO         6543    .ARM.Collect$$libshutdown$$0000000A  c_w.l(libshutdown2.o)
    0x0800023c   0x0800023c   0x00000000   Code   RO         6545    .ARM.Collect$$libshutdown$$0000000C  c_w.l(libshutdown2.o)
    0x0800023c   0x0800023c   0x00000000   Code   RO         6548    .ARM.Collect$$libshutdown$$0000000F  c_w.l(libshutdown2.o)
    0x0800023c   0x0800023c   0x00000002   Code   RO         6549    .ARM.Collect$$libshutdown$$00000010  c_w.l(libshutdown2.o)
    0x0800023e   0x0800023e   0x00000000   Code   RO         6232    .ARM.Collect$$rtentry$$00000000  c_w.l(__rtentry.o)
    0x0800023e   0x0800023e   0x00000000   Code   RO         6443    .ARM.Collect$$rtentry$$00000002  c_w.l(__rtentry2.o)
    0x0800023e   0x0800023e   0x00000006   Code   RO         6455    .ARM.Collect$$rtentry$$00000004  c_w.l(__rtentry4.o)
    0x08000244   0x08000244   0x00000000   Code   RO         6445    .ARM.Collect$$rtentry$$00000009  c_w.l(__rtentry2.o)
    0x08000244   0x08000244   0x00000004   Code   RO         6446    .ARM.Collect$$rtentry$$0000000A  c_w.l(__rtentry2.o)
    0x08000248   0x08000248   0x00000000   Code   RO         6448    .ARM.Collect$$rtentry$$0000000C  c_w.l(__rtentry2.o)
    0x08000248   0x08000248   0x00000008   Code   RO         6449    .ARM.Collect$$rtentry$$0000000D  c_w.l(__rtentry2.o)
    0x08000250   0x08000250   0x00000002   Code   RO         6622    .ARM.Collect$$rtexit$$00000000  c_w.l(rtexit.o)
    0x08000252   0x08000252   0x00000000   Code   RO         6655    .ARM.Collect$$rtexit$$00000002  c_w.l(rtexit2.o)
    0x08000252   0x08000252   0x00000004   Code   RO         6656    .ARM.Collect$$rtexit$$00000003  c_w.l(rtexit2.o)
    0x08000256   0x08000256   0x00000006   Code   RO         6657    .ARM.Collect$$rtexit$$00000004  c_w.l(rtexit2.o)
    0x0800025c   0x0800025c   0x00000000   Code   RO         6461    .emb_text           c_w.l(maybetermalloc1.o)
    0x0800025c   0x0800025c   0x00000040   Code   RO         5874    .text               startup_stm32f429_439xx.o
    0x0800029c   0x0800029c   0x0000004e   Code   RO         5922    .text               c_w.l(h1_free.o)
    0x080002ea   0x080002ea   0x0000002e   Code   RO         6034    .text               c_w.l(aeabi_atexit.o)
    0x08000318   0x08000318   0x00000006   Code   RO         6057    .text               c_w.l(heapauxi.o)
    0x0800031e   0x0800031e   0x00000002   PAD
    0x08000320   0x08000320   0x00000024   Code   RO         6064    .text               c_w.l(init_aeabi.o)
    0x08000344   0x08000344   0x00000008   Code   RO         6240    .text               c_w.l(rt_heap_descriptor_intlibspace.o)
    0x0800034c   0x0800034c   0x00000008   Code   RO         6250    .text               c_w.l(rt_ddtor_pointer_addr_intlibspace.o)
    0x08000354   0x08000354   0x00000004   Code   RO         6257    .text               c_w.l(hguard.o)
    0x08000358   0x08000358   0x0000008a   Code   RO         6259    .text               c_w.l(init_alloc.o)
    0x080003e2   0x080003e2   0x0000005e   Code   RO         6265    .text               c_w.l(h1_alloc.o)
    0x08000440   0x08000440   0x00000042   Code   RO         6357    .text               c_w.l(cxa_finalize.o)
    0x08000482   0x08000482   0x00000002   PAD
    0x08000484   0x08000484   0x00000008   Code   RO         6439    .text               c_w.l(libspace.o)
    0x0800048c   0x0800048c   0x0000000e   Code   RO         6463    .text               c_w.l(h1_init.o)
    0x0800049a   0x0800049a   0x00000034   Code   RO         6465    .text               c_w.l(h1_extend.o)
    0x080004ce   0x080004ce   0x0000000a   Code   RO         6517    .text               c_w.l(defsig_exit.o)
    0x080004d8   0x080004d8   0x0000000e   Code   RO         6519    .text               c_w.l(defsig_rtmem_outer.o)
    0x080004e6   0x080004e6   0x00000002   PAD
    0x080004e8   0x080004e8   0x0000000c   Code   RO         6573    .text               c_w.l(sys_exit.o)
    0x080004f4   0x080004f4   0x0000004a   Code   RO         6575    .text               c_w.l(sys_stackheap_outer.o)
    0x0800053e   0x0800053e   0x00000012   Code   RO         6590    .text               c_w.l(exit.o)
    0x08000550   0x08000550   0x00000032   Code   RO         6596    .text               c_w.l(defsig_general.o)
    0x08000582   0x08000582   0x00000002   PAD
    0x08000584   0x08000584   0x00000050   Code   RO         6602    .text               c_w.l(defsig_rtmem_inner.o)
    0x080005d4   0x080005d4   0x0000000e   Code   RO         6617    .text               c_w.l(sys_wrch.o)
    0x080005e2   0x080005e2   0x00000002   Code   RO         6619    .text               c_w.l(use_no_semi.o)
    0x080005e4   0x080005e4   0x00000000   Code   RO         6621    .text               c_w.l(indicate_semi.o)
    0x080005e4   0x080005e4   0x00000012   Code   RO         2937    i.ADC_Cmd           stm32f4xx_adc.o
    0x080005f6   0x080005f6   0x00000002   PAD
    0x080005f8   0x080005f8   0x0000002c   Code   RO         2938    i.ADC_CommonInit    stm32f4xx_adc.o
    0x08000624   0x08000624   0x00000054   Code   RO         2957    i.ADC_Init          stm32f4xx_adc.o
    0x08000678   0x08000678   0x00000080   Code   RO         2323    i.ADCx_Init         adc.o
    0x080006f8   0x080006f8   0x00000028   Code   RO         1922    i.Delay_Init        delay.o
    0x08000720   0x08000720   0x00000024   Code   RO         2244    i.EXTI0_IRQHandler  exti.o
    0x08000744   0x08000744   0x00000094   Code   RO         2245    i.EXTI15_10_IRQHandler  exti.o
    0x080007d8   0x080007d8   0x00000024   Code   RO         2246    i.EXTI1_IRQHandler  exti.o
    0x080007fc   0x080007fc   0x00000024   Code   RO         2247    i.EXTI2_IRQHandler  exti.o
    0x08000820   0x08000820   0x00000024   Code   RO         2248    i.EXTI3_IRQHandler  exti.o
    0x08000844   0x08000844   0x00000024   Code   RO         2249    i.EXTI4_IRQHandler  exti.o
    0x08000868   0x08000868   0x00000074   Code   RO         2250    i.EXTI9_5_IRQHandler  exti.o
    0x080008dc   0x080008dc   0x0000000c   Code   RO         3550    i.EXTI_ClearITPendingBit  stm32f4xx_exti.o
    0x080008e8   0x080008e8   0x00000014   Code   RO         3554    i.EXTI_GetITStatus  stm32f4xx_exti.o
    0x080008fc   0x080008fc   0x00000018   Code   RO         4593    i.RCC_APB2PeriphClockCmd  stm32f4xx_rcc.o
    0x08000914   0x08000914   0x00000016   Code   RO         2887    i.SysTick_CLKSourceConfig  misc.o
    0x0800092a   0x0800092a   0x00000002   PAD
    0x0800092c   0x0800092c   0x00000010   Code   RO         1923    i.SysTick_Handler   delay.o
    0x0800093c   0x0800093c   0x00000144   Code   RO         5882    i.SystemInit        system_stm32f4xx.o
    0x08000a80   0x08000a80   0x0000002c   Code   RO         2160    i.TIM1_UP_TIM10_IRQHandler  time_exti.o
    0x08000aac   0x08000aac   0x00000028   Code   RO         2161    i.TIM2_IRQHandler   time_exti.o
    0x08000ad4   0x08000ad4   0x0000002c   Code   RO         2162    i.TIM3_IRQHandler   time_exti.o
    0x08000b00   0x08000b00   0x0000002c   Code   RO         2163    i.TIM4_IRQHandler   time_exti.o
    0x08000b2c   0x08000b2c   0x0000002c   Code   RO         2164    i.TIM5_IRQHandler   time_exti.o
    0x08000b58   0x08000b58   0x0000002c   Code   RO         2166    i.TIM7_IRQHandler   time_exti.o
    0x08000b84   0x08000b84   0x0000002c   Code   RO         2167    i.TIM8_UP_TIM13_IRQHandler  time_exti.o
    0x08000bb0   0x08000bb0   0x00000006   Code   RO         5148    i.TIM_ClearITPendingBit  stm32f4xx_tim.o
    0x08000bb6   0x08000bb6   0x00000016   Code   RO         5174    i.TIM_GetITStatus   stm32f4xx_tim.o
    0x08000bcc   0x08000bcc   0x00000068   Code   RO         2034    i.USART1_IRQHandler  usart.o
    0x08000c34   0x08000c34   0x00000068   Code   RO         2035    i.USART2_IRQHandler  usart.o
    0x08000c9c   0x08000c9c   0x00000068   Code   RO         2036    i.USART3_IRQHandler  usart.o
    0x08000d04   0x08000d04   0x0000000e   Code   RO         5683    i.USART_ClearITPendingBit  stm32f4xx_usart.o
    0x08000d12   0x08000d12   0x0000004c   Code   RO         5690    i.USART_GetITStatus  stm32f4xx_usart.o
    0x08000d5e   0x08000d5e   0x00000008   Code   RO         5700    i.USART_ReceiveData  stm32f4xx_usart.o
    0x08000d66   0x08000d66   0x00000002   PAD
    0x08000d68   0x08000d68   0x00000014   Code   RO         1657    i._ZN7TwoWireD1Ev   wire.o
    0x08000d7c   0x08000d7c   0x0000005c   Code   RO         1351    i.__sti___18_HardwareSerial_cpp_cfa1b6a6  hardwareserial.o
    0x08000dd8   0x08000dd8   0x0000001c   Code   RO         1779    i.__sti___7_SPI_cpp_ce5662b4  spi.o
    0x08000df4   0x08000df4   0x00000034   Code   RO         1658    i.__sti___8_Wire_cpp_928ee5ff  wire.o
    0x08000e28   0x08000e28   0x00000010   Code   RO         2372    i.main              main.o
    0x08000e38   0x08000e38   0x00000002   Code   RO           11    i.null_func         arduino.o
    0x08000e3a   0x08000e3a   0x0000000a   Code   RO         6563    x$fpl$fpinit        fz_wm.l(fpinit.o)
    0x08000e44   0x08000e44   0x00000024   Data   RO         1417    .constdata__ZTV14HardwareSerial  hardwareserial.o
    0x08000e68   0x08000e68   0x00000010   Data   RO         1743    .constdata__ZTV7TwoWire  wire.o
    0x08000e78   0x08000e78   0x00000020   Data   RO         6729    Region$$Table       anon$$obj.o
    0x08000e98   0x08000e98   0x00000004   Data   RO         1363    .init_array         hardwareserial.o
    0x08000e9c   0x08000e98   0x00000004   Data   RO         1674    .init_array         wire.o
    0x08000ea0   0x08000e98   0x00000004   Data   RO         1805    .init_array         spi.o
    0x08000ea4   0x08000e98   0x00000000   Data   RO         6062    .init_array         c_w.l(init_aeabi.o)


    Execution Region RW_IRAM2 (Exec base: 0x10000000, Load base: 0x08000f20, Size: 0x00000000, Max: 0x00010000, ABSOLUTE)

    **** No section assigned to this execution region ****


    Execution Region RW_IRAM1 (Exec base: 0x20000000, Load base: 0x08000ea4, Size: 0x00000930, Max: 0x00030000, ABSOLUTE)

    Exec Addr    Load Addr    Size         Type   Attr      Idx    E Section Name        Object

    0x20000000   0x08000ea4   0x00000004   Data   RW         1928    .data               delay.o
    0x20000004   0x08000ea8   0x00000018   Data   RW         2041    .data               usart.o
    0x2000001c   0x08000ec0   0x00000020   Data   RW         2170    .data               time_exti.o
    0x2000003c   0x08000ee0   0x00000040   Data   RW         2253    .data               exti.o
    0x2000007c        -       0x00000048   Zero   RW         1362    .bss                hardwareserial.o
    0x200000c4        -       0x00000058   Zero   RW         1673    .bss                wire.o
    0x2000011c        -       0x00000030   Zero   RW         1804    .bss                spi.o
    0x2000014c        -       0x00000180   Zero   RW         2040    .bss                usart.o
    0x200002cc        -       0x00000060   Zero   RW         6440    .bss                c_w.l(libspace.o)
    0x2000032c   0x08000f20   0x00000004   PAD
    0x20000330        -       0x00000200   Zero   RW         5872    HEAP                startup_stm32f429_439xx.o
    0x20000530        -       0x00000400   Zero   RW         5871    STACK               startup_stm32f429_439xx.o


==============================================================================

Image component sizes


      Code (inc. data)   RO Data    RW Data    ZI Data      Debug   Object Name

       128          4          0          0          0       1056   adc.o
         2          0          0          0          0     302552   arduino.o
        56         16          0          4          0      31422   delay.o
       444         40          0         64          0       4417   exti.o
        92         20         40          0         72     267717   hardwareserial.o
        16          4          0          0          0        451   main.o
        22          0          0          0          0        614   misc.o
         0          0          0          0          0       3080   print.o
        28         14          4          0         48       3024   spi.o
        64         26        428          0       1536        872   startup_stm32f429_439xx.o
       146         12          0          0          0       3234   stm32f4xx_adc.o
        32         10          0          0          0       1292   stm32f4xx_exti.o
        24          6          0          0          0        661   stm32f4xx_rcc.o
        28          0          0          0          0       3137   stm32f4xx_tim.o
        98          0          0          0          0       2918   stm32f4xx_usart.o
         0          0          0          0          0       1973   stream.o
       324         38          0          0          0       1289   system_stm32f4xx.o
       304         54          0         32          0       4519   time_exti.o
       312         60          0         24        384       2624   usart.o
        72         20         20          0         88       1759   wire.o
         0          0          0          0          0       1344   wirebase.o
         0          0          0          0          0       5628   wstring.o

    ----------------------------------------------------------------------
      2198        324        524        124       2128     645583   Object Totals
         0          0         32          0          0          0   (incl. Generated)
         6          0          0          0          0          0   (incl. Padding)

    ----------------------------------------------------------------------

      Code (inc. data)   RO Data    RW Data    ZI Data      Debug   Library Member Name

         8          0          0          0          0         68   __main.o
         0          0          0          0          0          0   __rtentry.o
        12          0          0          0          0          0   __rtentry2.o
         6          0          0          0          0          0   __rtentry4.o
        52          8          0          0          0          0   __scatter.o
        26          0          0          0          0          0   __scatter_copy.o
        28          0          0          0          0          0   __scatter_zi.o
        46          0          0          0          0         84   aeabi_atexit.o
        66          0          0          0          0         84   cxa_finalize.o
        10          0          0          0          0         68   defsig_exit.o
        50          0          0          0          0         88   defsig_general.o
        80         58          0          0          0         76   defsig_rtmem_inner.o
        14          0          0          0          0         80   defsig_rtmem_outer.o
        18          0          0          0          0         80   exit.o
        94          0          0          0          0         80   h1_alloc.o
        52          0          0          0          0         68   h1_extend.o
        78          0          0          0          0         80   h1_free.o
        14          0          0          0          0         84   h1_init.o
         6          0          0          0          0        152   heapauxi.o
         4          0          0          0          0        136   hguard.o
         0          0          0          0          0          0   indicate_semi.o
        36         10          0          0          0         80   init_aeabi.o
       138          0          0          0          0        168   init_alloc.o
         2          0          0          0          0          0   libinit.o
        18          0          0          0          0          0   libinit2.o
         2          0          0          0          0          0   libshutdown.o
         8          0          0          0          0          0   libshutdown2.o
         8          4          0          0         96         68   libspace.o
         0          0          0          0          0          0   maybetermalloc1.o
         8          4          0          0          0         68   rt_ddtor_pointer_addr_intlibspace.o
         8          4          0          0          0         68   rt_heap_descriptor_intlibspace.o
         2          0          0          0          0          0   rtexit.o
        10          0          0          0          0          0   rtexit2.o
        12          4          0          0          0         68   sys_exit.o
        74          0          0          0          0         80   sys_stackheap_outer.o
        14          0          0          0          0         76   sys_wrch.o
         2          0          0          0          0         68   use_no_semi.o
        10          0          0          0          0        116   fpinit.o

    ----------------------------------------------------------------------
      1026         92          0          0        100       2088   Library Totals
        10          0          0          0          4          0   (incl. Padding)

    ----------------------------------------------------------------------

      Code (inc. data)   RO Data    RW Data    ZI Data      Debug   Library Name

      1006         92          0          0         96       1972   c_w.l
        10          0          0          0          0        116   fz_wm.l

    ----------------------------------------------------------------------
      1026         92          0          0        100       2088   Library Totals

    ----------------------------------------------------------------------

==============================================================================


      Code (inc. data)   RO Data    RW Data    ZI Data      Debug   

      3224        416        524        124       2228     643431   Grand Totals
      3224        416        524        124       2228     643431   ELF Image Totals
      3224        416        524        124          0          0   ROM Totals

==============================================================================

    Total RO  Size (Code + RO Data)                 3748 (   3.66kB)
    Total RW  Size (RW Data + ZI Data)              2352 (   2.30kB)
    Total ROM Size (Code + RO Data + RW Data)       3872 (   3.78kB)

==============================================================================

